***ERROR:弗利平 (阿肯色州),Flippin,United States of America
***ERROR:麥吉 (阿肯色州),McGehee,United States of America
***ERROR:阿什弗拉特 (阿肯色州),Ash Flat,United States of America
***ERROR:比蒂格海姆-比辛根,Bietigheim-Bissingen,Germany
***ERROR:福雷斯特城 (阿肯色州),Forrest City,United States of America
***ERROR:戈爾諾-阿爾泰斯克,Gorno-Altaysk,Russia
***ERROR:汉特-曼西斯克,Khanty-Mansiysk,Russia
***ERROR:康登 (阿肯色州),Camden,United States of America
***ERROR:萨莫拉-德伊达尔戈,Zamora,Mexico
***ERROR:曾斯維爾 (俄亥俄州),Zanesville,United States of America
***ERROR:卡緬斯克-沙赫京斯基,Kamensk-Shakhtinsky,Russia
***ERROR:埃爾多拉多 (阿肯色州),El Dorado,United States of America
***ERROR:羅森菲爾德 (德國),Rosenfeld,Germany
***ERROR:赫雷斯-德拉弗龙特拉,Jerez de la Frontera,Spain
***ERROR:漢考克 (密歇根州),Hancock,United States of America
***ERROR:阿古拉山 (加利福尼亚州),Agoura Hills,United States of America
***ERROR:阿瓦伊 (圣保罗州),Avaí,Brazil
***ERROR:阿德里安 (密歇根州),Adrian,United States of America
***ERROR:圣克鲁斯-德特内里费,Santa Cruz de Tenerife,Spain
***ERROR:圣地亚哥－德孔波斯特拉,Santiago de Compostela,Spain
***ERROR:埃斯特維爾 (艾奧瓦州),Estherville,United States of America
***ERROR:弗羅斯特堡 (馬里蘭州),Frostburg,United States of America
***ERROR:多贝尔卢格-基尔夏因,Doberlug-Kirchhain,Germany
***ERROR:克林頓 (俄克拉荷馬州),Clinton,United States of America
***ERROR:Américo Brasiliense,Américo Brasiliense,Brazil
***ERROR:Poá,Poá,Brazil
***ERROR:巴登-巴登,Baden-Baden,Germany
***ERROR:Mirante do Paranapanema,Mirante do Paranapanema,Brazil
***ERROR:Serrana,"Serrana, São Paulo"
***ERROR:布塔-布泰,Butha-Buthe,Lesotho
***ERROR:阿拉德 (伊朗),"Arad, Iran"
***ERROR:塞萊納 (俄亥俄州),Celina,United States of America
***ERROR:艾肯 (南卡罗来纳州),Aiken,United States of America
***ERROR:查塔姆-肯特,Chatham-Kent,Canada
***ERROR:诺伊-伊森堡,Neu-Isenburg,Germany
***ERROR:美國瀑布 (愛達荷州),American Falls,United States of America
***ERROR:勞勒 (內布拉斯加州),Laurel,United States of America
***ERROR:卡斯特利翁-德拉普拉納,Castelló de la Plana,Spain
***ERROR:格倫代爾 (密蘇里州),Glendale,United States of America
***ERROR:錫代利亞 (密蘇里州),Sedalia,United States of America
***ERROR:圣地亚哥-德古巴,Santiago de Cuba,Cuba
***ERROR:斯里福克斯 (蒙大拿州),Three Forks,United States of America
***ERROR:滑鐵盧 (艾奧瓦州),Waterloo,United States of America
***ERROR:卡斯特罗-乌尔迪亚莱斯,Castro Urdiales,Spain
***ERROR:科達倫 (愛達荷州),Coeur d'Alene,United States of America
***ERROR:沃伦 (密歇根州),Warren,United States of America
***ERROR:São João de Iracema,São João de Iracema,Brazil
***ERROR:莫亞 (古巴),Moa,Cuba
***ERROR:默弗里斯伯勒 (田纳西州),Murfreesboro,United States of America
***ERROR:圣海伦娜 (加利福尼亚州),St. Helena,United States of America
***ERROR:加维奥-培肖特,Gavião Peixoto,Brazil
***ERROR:科赫特拉-耶爾韋,Kohtla-Järve,Estonia
***ERROR:克林頓 (艾奧瓦州),Clinton,United States of America
***ERROR:圣地亚哥-德贝拉瓜斯,Santiago de Veraguas,Panama
***ERROR:Oriente,"Oriente, São Paulo"
***ERROR:赫拉德茨-克拉洛韦,Hradec Králové,Czech Republic
***ERROR:布劳利 (加利福尼亚州),Brawley,United States of America
***ERROR:希尔斯伯勒 (俄勒冈州),Hillsboro,United States of America
***ERROR:鮑靈格林 (俄亥俄州),Bowling Green,United States of America
***ERROR:圣贝尔纳多-杜坎普,São Bernardo do Campo,Brazil
***ERROR:布蘭森 (密蘇里州),Branson,United States of America
***ERROR:博因顿海滩 (佛罗里达州),Boynton Beach,United States of America
***ERROR:白普理 (加利福尼亚州),Bradbury,United States of America
***ERROR:布拉干薩-保利斯塔,Bragança Paulista,Brazil
***ERROR:布拉佐里亞 (德克薩斯州),Brazoria,United States of America
***ERROR:贝纳迪努-迪坎普斯,Bernardino de Campos,Brazil
***ERROR:布里奇頓 (新澤西州),Bridgeton,United States of America
***ERROR:Santa Cruz da Conceição,Santa Cruz da Conceição,Brazil
***ERROR:布里斯托爾 (田納西州),Bristol,United States of America
***ERROR:Pedro de Toledo,Pedro de Toledo,Brazil
***ERROR:庫斯灣 (俄勒岡州),Coos Bay,United States of America
***ERROR:伊塔贝拉 (巴西),Itaberá,Brazil
***ERROR:黑澤爾頓 (堪薩斯州),"Hazelton, Kansas"
***ERROR:堺市,Sakai City,Japan
***ERROR:安索尼亚 (康涅狄格州),Ansonia,United States of America
***ERROR:南安博伊 (新澤西州),South Amboy,United States of America
***ERROR:埃尔多拉多 (圣保罗州),"Eldorado, São Paulo"
***ERROR:布斯托-阿西齊奧,Busto Arsizio,Italy
***ERROR:哈卡 (缅甸),Hakha,Myanmar
***ERROR:普拉諾(伊利諾伊州),Plano,United States of America
***ERROR:阿瓜斯-迪圣巴巴拉,Águas de Santa Bárbara,Brazil
***ERROR:森特勒利亞 (伊利諾伊州),Centralia,United States of America
***ERROR:姆拉達-博萊斯拉夫,Mladá Boleslav,Czech Republic
***ERROR:Ubá,Ubá,Brazil
***ERROR:約克維爾 (伊利諾伊州),Yorkville,United States of America
***ERROR:自由港 (伊利諾伊州),Freeport,United States of America
***ERROR:克羅塞特 (阿肯色州),Crossett,United States of America
***ERROR:休森市 (加利福尼亚州),Suisun City,United States of America
***ERROR:海得拉巴 (巴基斯坦),Hyderabad,Pakistan
***ERROR:貝茨維爾 (阿肯色州),Batesville,United States of America
***ERROR:安德鲁斯 (得克萨斯州),Andrews,United States of America
***ERROR:奥林达 (加利福尼亚州),Orinda,United States of America
***ERROR:瑟西 (阿肯色州),Searcy,United States of America
***ERROR:乌埃比高-瓦伦布吕克,Uebigau-Wahrenbrück,Germany
***ERROR:Sete Barras,Sete Barras,Brazil
***ERROR:伊万诺-弗兰科夫斯克,Ivano-Frankivsk,Ukraine
***ERROR:比亞瓦-波德拉斯卡,Biała Podlaska,Poland
***ERROR:克爾維爾 (德克薩斯州),Kerrville,United States of America
***ERROR:图斯特拉－古铁雷斯,Tuxtla Gutiérrez,Mexico
***ERROR:比里蒂巴-米里姆,Biritiba-Mirim,Brazil
***ERROR:大西洋鎮 (艾奧瓦州),Atlantic,United States of America
***ERROR:奧本 (緬因州),"Auburn, Maine"
***ERROR:Santana de Parnaíba,Santana de Parnaíba,Brazil
***ERROR:奥本 (加利福尼亚州),Auburn,United States of America
***ERROR:亚特兰蒂斯 (佛罗里达州),Atlantis,United States of America
***ERROR:布朗斯威克（Brunswick）,Brunswick,United States of America
***ERROR:奧古斯塔 (堪薩斯州),Augusta,United States of America
***ERROR:富爾頓戴爾 (阿拉巴馬州),Fultondale,United States of America
***ERROR:菲尔·坎贝尔,Phil Campbell,United States of America
***ERROR:聖查爾斯 (密蘇里州),St. Charles,United States of America
***ERROR:弗雷德里克 (俄克拉荷馬州),Frederick,United States of America
***ERROR:劳达-克尼格斯霍芬,Lauda-Königshofen,Germany
***ERROR:阿爾泰 (蒙古),Altai,Mongolia
***ERROR:塞莱比-皮奎,Selebi-Phikwe,Botswana
***ERROR:费尔南多-普雷斯特斯,Fernando Prestes,Brazil
***ERROR:卡斯珀 (怀俄明州),Casper,United States of America
***ERROR:Mogi Mirim,Moji-Mirim,Brazil
***ERROR:巴朗-迪安东尼娜,Barão de Antonina,Brazil
***ERROR:阿尔塔蒙特斯普林斯 (佛罗里达州),Altamonte Springs,United States of America
***ERROR:Sandovalina,Sandovalina,Brazil
***ERROR:馬里昂 (佛羅里達州),Marion,United States of America
***ERROR:阿尔图纳 (艾奥瓦州),Altoona,United States of America
***ERROR:阿爾特斯 (俄克拉荷馬州),Altus,United States of America
***ERROR:拉勒米 (怀俄明州),Laramie,United States of America
***ERROR:阿拉莫戈多 (新墨西哥州),Alamogordo,United States of America
***ERROR:阿比林 (堪萨斯州),Abilene,United States of America
***ERROR:恩茲韋斯 (內布拉斯加州),Ainsworth,United States of America
***ERROR:羅克維爾 (馬里蘭州),Rockville,United States of America
***ERROR:阿尔图拉斯 (加利福尼亚州),Alturas,United States of America
***ERROR:Promissão,Promissão,Brazil
***ERROR:克拉克斯维尔 (田纳西州),Clarksville,United States of America
***ERROR:卡缅涅茨-波多利斯基,Kamianets-Podilskyi,Ukraine
***ERROR:Rubiácea,Rubiácea,Brazil
***ERROR:美国福克 (犹他州),American Fork,United States of America
***ERROR:Pongaí,Pongaí,Brazil
***ERROR:阿什塔比拉 (俄亥俄州),Ashtabula,United States of America
***ERROR:日內瓦 (伊利諾伊州),Geneva,United States of America
***ERROR:特洛伊 (俄亥俄州),Troy,United States of America
***ERROR:渥太華 (伊利諾州),Ottawa,United States of America
***ERROR:阿什伯勒 (北卡罗来纳州),Asheboro,United States of America
***ERROR:阿什利 (北达科他州),Ashley,United States of America
***ERROR:伯米吉 (明尼蘇達州),Bemidji,United States of America
***ERROR:阿卡 (芬蘭),Akaa,Finland
***ERROR:基奧卡克 (艾奧瓦州),Keokuk,United States of America
***ERROR:基諾沙 (威斯康辛州),Kenosha,United States of America
***ERROR:迦太基 (密蘇里州),Carthage,United States of America
***ERROR:阿什蘭 (俄亥俄州),Ashland,United States of America
***ERROR:亨德森維爾 (田納西州),Hendersonville,United States of America
***ERROR:坎迪杜-罗德里格斯,Cândido Rodrigues,Brazil
***ERROR:邦苏塞苏-迪伊塔拉雷,Bom Sucesso de Itararé,Brazil
***ERROR:阿德兰托 (加利福尼亚州),Adelanto,United States of America
***ERROR:埃達 (奧克拉荷馬州),Ada,United States of America
***ERROR:鮑德溫市 (堪薩斯州),Baldwin City,United States of America
***ERROR:馬尼托沃克 (威斯康辛州),Manitowoc,United States of America
***ERROR:Ribeirão Branco,Ribeirão Branco,Brazil
***ERROR:艾爾敦 (密蘇里州),Eldon,United States of America
***ERROR:斯圖加特 (阿肯色州),Stuttgart,United States of America
***ERROR:康納斯維爾 (印地安納州),Connersville,United States of America
***ERROR:聖米格爾-德-圖庫曼,San Miguel de Tucumán,Argentina
***ERROR:貝爾維爾 (伊利諾伊州),Belleville,United States of America
***ERROR:布韋爾 (內布拉斯加州),Burwell,United States of America
***ERROR:查爾斯城 (艾奧瓦州),Charles City,United States of America
***ERROR:洛爾卡 (西班牙),Lorca,Spain
***ERROR:阿文 (加利福尼亚州),Arvin,United States of America
***ERROR:Reginópolis,Reginópolis,Brazil
***ERROR:大阿罗约 (加利福尼亚州),Arroyo Grande,United States of America
***ERROR:阿蒂西亞 (新墨西哥州),Artesia,United States of America
***ERROR:圣萨尔瓦多-德胡胡伊,San Salvador de Jujuy,Argentina
***ERROR:卡梅尔 (印第安纳州),Carmel,United States of America
***ERROR:多寶 (新南威爾士州),Dubbo,Australia
***ERROR:弗里代克-米斯泰克,Frýdek-Místek,Czech Republic
***ERROR:聖路易斯-奧比斯保,San Luis Obispo,United States of America
***ERROR:西孟菲斯 (阿肯色州),West Memphis,United States of America
***ERROR:哈欽森 (堪薩斯州),Hutchinson,United States of America
***ERROR:Paulínia,Paulínia,Brazil
***ERROR:阿拉珀霍 (內布拉斯加州),Arapahoe,United States of America
***ERROR:拉辛 (威斯康星州),Racine,United States of America
***ERROR:温斯顿-塞勒姆,Winston-Salem,United States of America
***ERROR:海波因特 (北卡罗来纳州),High Point,United States of America
***ERROR:阿卡迪亚 (佛罗里达州),Arcadia,United States of America
***ERROR:阿克塔 (加利福尼亚州),Arcata,United States of America
***ERROR:阿切尔 (佛罗里达州),Archer,United States of America
***ERROR:圣拉菲尔 (加利福尼亚州),San Rafael,United States of America
***ERROR:阿彻城 (得克萨斯州),Archer City,United States of America
***ERROR:阿纳科特斯 (华盛顿州),Anacortes,United States of America
***ERROR:弗洛里森特 (密蘇里州),Florissant,United States of America
***ERROR:阿爾戈納 (艾奧瓦州),Algona,United States of America
***ERROR:安达卢西亚 (阿拉巴马州),Andalusia,United States of America
***ERROR:阿德摩爾 (奧克拉荷馬州),Ardmore,United States of America
***ERROR:克里斯多福 (伊利諾伊州),Christopher,United States of America
***ERROR:里奧蘭河市 (新墨西哥州),Rio Rancho,United States of America
***ERROR:阿斯托利亞 (俄勒岡州),Astoria,United States of America
***ERROR:安德森 (印第安納州),Anderson,United States of America
***ERROR:伯灵顿 (安大略省),Burlington,Canada
***ERROR:大急流城 (明尼蘇達州),Grand Rapids,United States of America
***ERROR:尤里卡 (密蘇里州),Eureka,United States of America
***ERROR:道奇城 (堪薩斯州),Dodge City,United States of America
***ERROR:森特勒利亞 (密蘇里州),Centralia,United States of America
***ERROR:Pontes Gestal,Pontes Gestal,Brazil
***ERROR:高爾 (納拉亞尼專區),"Gaur, Nepal"
***ERROR:安德森 (加利福尼亚州),Anderson,United States of America
***ERROR:Rincão,Rincão,Brazil
***ERROR:圣安东尼奥-迪热苏斯,Santo Antônio de Jesus,Brazil
***ERROR:Monte Mor,Monte Mor,Brazil
***ERROR:奧斯汀 (明尼蘇達州),Austin,United States of America
***ERROR:欧克利迪斯-达库尼亚-保利斯塔,Euclides da Cunha Paulista,Brazil
***ERROR:里贝朗-杜斯因迪奥斯,Ribeirão dos Índios,Brazil
***ERROR:阿维纳尔 (加利福尼亚州),Avenal,United States of America
***ERROR:馬凱特 (堪薩斯州),"Marquette, Kansas"
***ERROR:克里斯頓 (艾奧瓦州),Creston,United States of America
***ERROR:切斯特菲爾德 (密蘇里州),Chesterfield,United States of America
***ERROR:莫隆 (古巴),Morón,Cuba
***ERROR:阿文图拉 (佛罗里达州),Aventura,United States of America
***ERROR:碧湖花园 (佛罗里达州),Avon Park,United States of America
***ERROR:內華達 (密蘇里州),Nevada,United States of America
***ERROR:佛羅倫斯 (俄勒岡州),Florence,United States of America
***ERROR:班布里奇岛 (华盛顿州),Bainbridge Island,United States of America
***ERROR:貝特福德 (印第安納州),Bedford,United States of America
***ERROR:蒙夕(印地安納州),Muncie,United States of America
***ERROR:Pardinho,Pardinho,Brazil
***ERROR:帕匹利恩 (內布拉斯加州),Papillion,United States of America
***ERROR:伊根 (明尼蘇達州),Eagan,United States of America
***ERROR:贝城 (密歇根州),Bay City,United States of America
***ERROR:贝克 (路易斯安那州),Baker,United States of America
***ERROR:佛罗里达-保利斯塔,Flórida Paulista,Brazil
***ERROR:契利科提 (密蘇里州),Chillicothe,United States of America
***ERROR:阿苏萨 (加利福尼亚州),Azusa,United States of America
***ERROR:奥斯瓦尔杜-克鲁斯,Osvaldo Cruz,Brazil
***ERROR:克利夫頓 (康涅狄格州),Winsted,United States of America
***ERROR:帕爾馬 (俄亥俄州),Parma,United States of America
***ERROR:鲍德温公园 (加利福尼亚州),Baldwin Park,United States of America
***ERROR:艾奇逊 (堪萨斯州),Atchison,United States of America
***ERROR:斯托克頓堡 (德克薩斯州),Fort Stockton,United States of America
***ERROR:溫伯利 (德州),Wimberley,United States of America
***ERROR:霍內爾 (紐約州),Hornell,United States of America
***ERROR:默特爾克里克 (俄勒岡州),Myrtle Creek,United States of America
***ERROR:聖貝尼塔 (科恰班巴省),"San Benito, Cochabamba"
***ERROR:羅澤爾 (堪薩斯州),Rozel,United States of America
***ERROR:凱特林 (俄亥俄州),Kettering,United States of America
***ERROR:宾根 (华盛顿州),Bingen,United States of America
***ERROR:萊文沃思 (堪薩斯州),Leavenworth,United States of America
***ERROR:杜蘭特 (俄克拉荷馬州),Durant,United States of America
***ERROR:阿科拉 (得克薩斯州),Arcola,United States of America
***ERROR:內華達 (愛荷華州),Nevada,United States of America
***ERROR:科爾曼 (德克薩斯州),Coleman,United States of America
***ERROR:蓋恩斯維爾 (德克薩斯州),Gainesville,United States of America
***ERROR:伊格爾湖 (德克薩斯州),Eagle Lake,United States of America
***ERROR:德爾里奧 (德克薩斯州),Del Rio,United States of America
***ERROR:Pratânia,Pratânia,Brazil
***ERROR:華頓 (德州),Wharton,United States of America
***ERROR:坦森 (尼泊爾),Tansen,Nepal
***ERROR:佩列斯拉夫尔-扎列斯基,Pereslavl-Zalessky,Russia
***ERROR:邦基 (路易斯安那州),Bunkie,United States of America
***ERROR:卡爾斯巴德 (新墨西哥州),Carlsbad,United States of America
***ERROR:世德羅-伍利,Sedro-Woolley,United States of America
***ERROR:埃爾克城 (俄克拉荷馬州),Elk City,United States of America
***ERROR:伊斯特蘭 (德克薩斯州),Eastland,United States of America
***ERROR:匹兹堡 (加利福尼亚州),Pittsburg,United States of America
***ERROR:科爾孫-舍甫琴柯夫斯基,Korsun-Shevchenkivskyi,Ukraine
***ERROR:杜魯斯 (喬治亞州),Duluth,United States of America
***ERROR:拉肯亚达─弗林楚奇,La Cañada Flintridge,United States of America
***ERROR:克拉克点 (阿拉斯加州),Clark's Point,United States of America
***ERROR:Gatlinburg (田納西州),Gatlinburg,United States of America
***ERROR:坎普斯-杜若尔当,Campos do Jordão,Brazil
***ERROR:阿伯特 (得克萨斯州),Abbott,United States of America
***ERROR:普拉茨堡 (纽约州),Plattsburgh,United States of America
***ERROR:法爾明頓 (新墨西哥州),Farmington,United States of America
***ERROR:阿瓜斯-迪圣佩德罗,Águas de São Pedro,Brazil
***ERROR:克雷尼察-茲德魯伊,Krynica-Zdrój,Poland
***ERROR:Águas de Lindóia,Águas de Lindóia,Brazil
***ERROR:黎巴嫩 (堪薩斯州),Lebanon,United States of America
***ERROR:藍星 (堪薩斯州),Lansing,United States of America
***ERROR:沃索 (威斯康星州),Wausau,United States of America
***ERROR:貝佛利 (麻薩諸塞州),Beverly,United States of America
***ERROR:阿比维尔 (佐治亚州),Abbeville,United States of America
***ERROR:多爾頓 (佐治亞州),Dalton,United States of America
***ERROR:馬爾堡 (麻薩諸塞州),Marlborough,United States of America
***ERROR:科菲維爾 (堪薩斯州),Coffeyville,United States of America
***ERROR:阿布维尔 (路易斯安那州),Abbeville,United States of America
***ERROR:克林頓 (北卡羅來納州),Clinton,United States of America
***ERROR:歐斯維格 (紐約州),Oswego,United States of America
***ERROR:埃爾里諾 (奧克拉荷馬州),El Reno,United States of America
***ERROR:巴黎 (田納西州),Paris,United States of America
***ERROR:伯靈頓 (北卡羅萊納州),Burlington,United States of America
***ERROR:别尔斯科-比亚瓦,Bielsko-Biała,Poland
***ERROR:貝爾普萊恩 (堪薩斯州),Belle Plaine,United States of America
***ERROR:Tietê,Tietê,Brazil
***ERROR:東利物浦 (俄亥俄州),East Liverpool,United States of America
***ERROR:Dumont,Dumont,Brazil
***ERROR:西芝加哥 (伊利諾伊州),West Chicago,United States of America
***ERROR:東克里夫蘭 (俄亥俄州),East Cleveland,United States of America
***ERROR:Rafard,Rafard,Brazil
***ERROR:尼歐肖 (密蘇里州),Neosho,United States of America
***ERROR:門泰-維爾普拉,Mänttä-Vilppula,Finland
***ERROR:埃斯帕尼奧拉 (新墨西哥州),Española,United States of America
***ERROR:埃弗萊斯 (明尼蘇達州),Eveleth,United States of America
***ERROR:Santo Antônio da Alegria,Santo Antônio da Alegria,Brazil
***ERROR:聖塔芭芭拉-山美納,Samaná,Dominican Republic
***ERROR:加德納 (麻薩諸塞州),Gardner,United States of America
***ERROR:莱米 (巴西),Leme,Brazil
***ERROR:凱爾 (德克薩斯州),Kyle,United States of America
***ERROR:里奇菲爾德 (堪薩斯州),"Richfield, Kansas"
***ERROR:Sales,Sales,Brazil
***ERROR:門羅 (北卡羅萊納州),Monroe,United States of America
***ERROR:阿瑟爾 (堪薩斯州),Athol,United States of America
***ERROR:圣洛伦索-达塞拉,São Lourenço da Serra,Brazil
***ERROR:邦納斯普林斯 (堪薩斯州),Bonner Springs,United States of America
***ERROR:不倫瑞克 (喬治亞州),Brunswick,United States of America
***ERROR:謝南多亞（德州）,Shenandoah,United States of America
***ERROR:布莱斯 (加利福尼亚州),Blythe,United States of America
***ERROR:皮卡尤恩 (密西西比州),Picayune,United States of America
***ERROR:Saltinho,Saltinho,Brazil
***ERROR:奧格登 (愛荷華州),Ogden,United States of America
***ERROR:黑鹰 (科罗拉多州),Black Hawk,United States of America
***ERROR:布拉什 (科罗拉多州),Brush,United States of America
***ERROR:法明頓 (密蘇里州),Farmington,United States of America
***ERROR:不確定 (德克薩斯州),Uncertain,United States of America
***ERROR:威平水 (內布拉斯加州),Weeping Water,United States of America
***ERROR:黑河 (牙買加),Black River,Jamaica
***ERROR:博尼塔温泉 (佛罗里达州),Bonita Springs,United States of America
***ERROR:安娜玛丽亚 (佛罗里达州),Anna Maria,United States of America
***ERROR:巴德索登-阿伦多尔夫,Bad Sooden-Allendorf,Germany
***ERROR:普拉特 (堪薩斯州),Pratt,United States of America
***ERROR:São Caetano do Sul,São Caetano do Sul,Brazil
***ERROR:伊森 (巴西),Icém,Brazil
***ERROR:史蒂芬斯角 (南達科他州),Stevens Point,United States of America
***ERROR:Creve Coeur市,Creve Coeur,United States of America
***ERROR:拉布卡-茲德魯伊,Rabka-Zdrój,Poland
***ERROR:利馬 (俄亥俄州),Lima,United States of America
***ERROR:桑當鎮 (德克薩斯州),Sundown,United States of America
***ERROR:拉克斯珀 (加利福尼亚州),Larkspur,United States of America
***ERROR:傑克遜 (密歇根州),Jackson,United States of America
***ERROR:圣巴勃罗 (加利福尼亚州),San Pablo,United States of America
***ERROR:Tambaú,Tambaú,Brazil
***ERROR:科爾德沃特 (堪薩斯州),Coldwater,United States of America
***ERROR:費爾維尤帕克 (俄亥俄州),Fairview Park,United States of America
***ERROR:布朗伍德 (德克薩斯州),Brownwood,United States of America
***ERROR:Óleo,Óleo,Brazil
***ERROR:卡斯蒂略 (巴西),Castilho,Brazil
***ERROR:諾米榙,Lomita,United States of America
***ERROR:迪法恩斯 (俄亥俄州),Defiance,United States of America
***ERROR:圣安塞尔莫 (加利福尼亚州),San Anselmo,United States of America
***ERROR:伊尼德 (俄克拉荷馬州),Enid,United States of America
***ERROR:貝克城 (俄勒岡州),Baker City,United States of America
***ERROR:弗朗库-达罗沙,Franco da Rocha,Brazil
***ERROR:拉頓 (新墨西哥州),Raton,United States of America
***ERROR:斯特里特 (伊利諾伊州),Streator,United States of America
***ERROR:希斯 (德克薩斯州),Heath,United States of America
***ERROR:泰勒 (密歇根州),Taylor,United States of America
***ERROR:萬達利亞 (伊利諾伊州),Vandalia,United States of America
***ERROR:格林斯堡 (堪薩斯州),Greensburg,United States of America
***ERROR:伊加拉苏-杜铁特,Igaraçu do Tietê,Brazil
***ERROR:斯皮維 (堪薩斯州),Spivey,United States of America
***ERROR:比德爾 (巴格馬蒂專區),Bidur,Nepal
***ERROR:Rio Grande da Serra,Rio Grande da Serra,Brazil
***ERROR:科尔德沃特 (密歇根州),Coldwater,United States of America
***ERROR:斯泰茨伯勒（佐治亚州）,Statesboro,United States of America
***ERROR:紹斯菲爾德 (密西根州),Southfield,United States of America
***ERROR:科尔曼 (南达科他州),Colman,United States of America
***ERROR:阿爾派恩 (德克薩斯州),Alpine,United States of America
***ERROR:愛麗斯 (德克薩斯州),Alice,United States of America
***ERROR:格林維爾 (密西西比州),Greenville,United States of America
***ERROR:Weitra,Weitra,Austria
***ERROR:東奧蘭治 (新澤西州),East Orange,United States of America
***ERROR:伍斯特 (俄亥俄州),Wooster,United States of America
***ERROR:巴斯 (緬因州),Bath,United States of America
***ERROR:林肯市 (奧勒岡州),Lincoln City,United States of America
***ERROR:巴恩斯特布尔 (马萨诸塞州),Barnstable,United States of America
***ERROR:貝城 (德克薩斯州),Bay City,United States of America
***ERROR:班宁 (加利福尼亚州),Banning,United States of America
***ERROR:巴特爾斯維爾 (俄克拉荷馬州),Bartlesville,United States of America
***ERROR:巴特爾格朗德 (華盛頓州),Battle Ground,United States of America
***ERROR:普利茅斯（印第安納州）,Plymouth,United States of America
***ERROR:巴托 (佛羅里達州),Bartow,United States of America
***ERROR:Benton港,Benton Harbor,United States of America
***ERROR:密西根市 (印地安納州),Michigan City,United States of America
***ERROR:嘉連那 (伊利諾州),Galena,United States of America
***ERROR:查爾斯頓 (伊利諾州),Charleston,United States of America
***ERROR:班贝格 (南卡罗来纳州),Bamberg,United States of America
***ERROR:紐波特 (奧勒岡州),Newport,United States of America
***ERROR:希爾斯伯勒 (堪薩斯州),Hillsboro,United States of America
***ERROR:巴斯特罗普 (路易斯安那州),Bastrop,United States of America
***ERROR:克拉克斯代爾 (密西西比州),Clarksdale,United States of America
***ERROR:特洛伊 (密歇根州),Troy,United States of America
***ERROR:都柏林 (俄亥俄州),Dublin,United States of America
***ERROR:貝敦 (德克薩斯州),Baytown,United States of America
***ERROR:贝尔维尤 (佛罗里达州),Belleview,United States of America
***ERROR:伊塔佩塞里卡-达塞拉,Itapecerica da Serra,Brazil
***ERROR:Ribeirão Pires,Ribeirão Pires,Brazil
***ERROR:贝尔弗劳尔 (加利福尼亚州),Bellflower,United States of America
***ERROR:英格塞德 (德州),Ingleside,United States of America
***ERROR:博蒙特 (加利福尼亚州),Beaumont,United States of America
***ERROR:費耶特維爾 (田納西州),Fayetteville,United States of America
***ERROR:贝尔格莱德 (佛罗里达州),Belle Glade,United States of America
***ERROR:比阿特麗斯 (內布拉斯加州),Beatrice,United States of America
***ERROR:Tanabi,Tanabi,Brazil
***ERROR:布罗多夫斯基 (圣保罗州),"Brodowski, São Paulo"
***ERROR:麥迪遜 (印第安納州),Madison,United States of America
***ERROR:科圖拉 (德克薩斯州),Cotulla,United States of America
***ERROR:柏林 (新罕布什爾州),Berlin,United States of America
***ERROR:普雷里村 (堪薩斯州),Prairie Village,United States of America
***ERROR:奥克利 (加利福尼亚州),Oakley,United States of America
***ERROR:Santana da Ponte Pensa,Santana da Ponte Pensa,Brazil
***ERROR:費爾蒙特 (明尼蘇達州),Fairmont,United States of America
***ERROR:米沙沃卡 (印第安納州),Mishawaka,United States of America
***ERROR:普莱森特希尔 (加利福尼亚州),Pleasant Hill,United States of America
***ERROR:柏林 (北达科他州),Berlin,United States of America
***ERROR:貝爾維尤 (德薩斯州),Bellevue,United States of America
***ERROR:博福特 (南卡罗来纳州),Beaufort,United States of America
***ERROR:布羅肯鮑 (內布拉斯加州),Broken Bow,United States of America
***ERROR:克莱顿 (加利福尼亚州),Clayton,United States of America
***ERROR:塞瓦斯托波尔 (加利福尼亚州),Sebastopol,United States of America
***ERROR:克罗弗戴尔 (加利福尼亚州),Cloverdale,United States of America
***ERROR:布魯克菲爾德 (威斯康辛州),Brookfield,United States of America
***ERROR:泰比島 (喬治亞州),Tybee Island,United States of America
***ERROR:斯特靈海茨 (密西根州),Sterling Heights,United States of America
***ERROR:沙德倫 (內布拉斯加州),Chadron,United States of America
***ERROR:克利夫頓 (堪薩斯州),Clifton,United States of America
***ERROR:埃爾金斯 (西維珍尼亞州),Elkins,United States of America
***ERROR:龐托托克 (密西西比州),Pontotoc,United States of America
***ERROR:Pereira Barreto,Pereira Barreto,Brazil
***ERROR:達爾斯 (俄勒岡州),The Dalles,United States of America
***ERROR:富蘭克林 (內布拉斯加州),Franklin,United States of America
***ERROR:Pedranópolis,Pedranópolis,Brazil
***ERROR:布魯克林 (俄亥俄州),Brooklyn,United States of America
***ERROR:Quintana,Quintana,Brazil
***ERROR:哥倫布 (內布拉斯加州),Columbus,United States of America
***ERROR:麥迪森 (密西西比州),Madison,United States of America
***ERROR:佛羅倫斯 (德克薩斯州),Florence,United States of America
***ERROR:皮丘利爾 (密蘇里州),Peculiar,United States of America
***ERROR:圣若昂-杜保达柳,São João do Pau d'Alho,Brazil
***ERROR:米内鲁斯-杜铁特,Mineiros do Tietê,Brazil
***ERROR:利伯勒爾 (堪薩斯州),Liberal,United States of America
***ERROR:圣安东尼奥-杜皮尼亚尔,Santo Antônio do Pinhal,Brazil
***ERROR:圣安东尼奥-迪波西,Santo Antônio de Posse,Brazil
***ERROR:若阿金-达巴拉,São Joaquim da Barra,Brazil
***ERROR:勞恩代爾 (加利福尼亞州),Lawndale,United States of America
***ERROR:哈姆特拉米克，密歇根州,Hamtramck,United States of America
***ERROR:新伯恩 (北卡羅萊納州),New Bern,United States of America
***ERROR:卡農城 (科羅拉多州),Cañon City,United States of America
***ERROR:Salto Grande,Salto Grande,Brazil
***ERROR:茹利乌-梅斯基塔,Júlio Mesquita,Brazil
***ERROR:惠灵 (西弗吉尼亚州),Wheeling,United States of America
***ERROR:卡西亚-杜斯科凯鲁斯,Cássia dos Coqueiros,Brazil
***ERROR:帕尔马里斯-保利斯塔,Palmares Paulista,Brazil
***ERROR:帕里克拉-阿苏,Pariquera-Açu,Brazil
***ERROR:Monteiro Lobato,"Monteiro Lobato, São Paulo"
***ERROR:沙利文 (密蘇里州),Sullivan,United States of America
***ERROR:巴黎 (德克薩斯州),Paris,United States of America
***ERROR:皮拉波拉-杜邦热苏斯,Pirapora do Bom Jesus,Brazil
***ERROR:克里斯泰斯-保利斯塔,Cristais Paulista,Brazil
***ERROR:圣埃斯皮里图－杜图尔武,Espírito Santo do Turvo,Brazil
***ERROR:圣克鲁斯-达埃斯佩兰萨,Santa Cruz da Esperança,Brazil
***ERROR:達爾哈特 (德克薩斯州),Dalhart,United States of America
***ERROR:奧蘭治 (德克薩斯州),Orange,United States of America
***ERROR:柴爾德里斯 (德克薩斯州),Childress,United States of America
***ERROR:馬爾法 (美國),Marfa,United States of America
***ERROR:阿普爾頓 (威斯康辛州),Appleton,United States of America
***ERROR:Itanhaém,Itanhaém,Brazil
***ERROR:圣若泽-达贝拉维斯塔,São José da Bela Vista,Brazil
***ERROR:希爾斯伯勒 (德克薩斯州),Hillsboro,United States of America
***ERROR:圣玛丽亚-达塞拉,Santa Maria da Serra,Brazil
***ERROR:庫埃羅 (德克薩斯州),Cuero,United States of America
***ERROR:Jaci,"Jaci, São Paulo"
***ERROR:圣佩德罗-杜图尔武,São Pedro do Turvo,Brazil
***ERROR:克倫 (德克薩斯州),Crane,United States of America
***ERROR:伊格爾帕斯 (德克薩斯州),Eagle Pass,United States of America
***ERROR:贝滕多夫 (艾奥瓦州),Bettendorf,United States of America
***ERROR:塔博昂-达塞拉,Taboão da Serra,Brazil
***ERROR:Mirassolândia,Mirassolândia,Brazil
***ERROR:聖伊格納西奧 (聖克魯斯省),San Ignacio de Velasco,Bolivia
***ERROR:伯利 (愛達荷州),Burley,United States of America
***ERROR:圣本图-杜萨普卡伊,São Bento do Sapucaí,Brazil
***ERROR:沙瓦納 (田納西州),Savannah,United States of America
***ERROR:歐幾里德 (俄亥俄州),Euclid,United States of America
***ERROR:克利夫頓 (得克薩斯州),Clifton,United States of America
***ERROR:西温多弗 (内华达州),West Wendover,United States of America
***ERROR:布伦特伍德 (加利福尼亚州),Brentwood,United States of America
***ERROR:獨立城 (堪薩斯州),Independence,United States of America
***ERROR:安東尼 (堪薩斯州),Anthony,United States of America
***ERROR:卡利斯托加 (加利福尼亚州),Calistoga,United States of America
***ERROR:丹维尔 (加利福尼亚州),Danville,United States of America
***ERROR:道奇堡 (艾奧瓦州),Fort Dodge,United States of America
***ERROR:霍金斯 (德克薩斯州),Hawkins,United States of America
***ERROR:萨尔图-迪皮拉波拉,Salto de Pirapora,Brazil
***ERROR:曼徹斯特 (愛荷華州),Manchester,United States of America
***ERROR:本森 (明尼蘇達州),Benson,United States of America
***ERROR:珀斯安博伊 (新澤西州),Perth Amboy,United States of America
***ERROR:伯德特 (堪薩斯州),Burdett,United States of America
***ERROR:沙努特 (堪薩斯州),Chanute,United States of America
***ERROR:圣安东尼奥-杜雅尔丁,Santo Antônio do Jardim,Brazil
***ERROR:薩利納 (堪薩斯州),Salina,United States of America
***ERROR:豐迪拉克 (威斯康星州),Fond du Lac,United States of America
***ERROR:布福德 (喬治亞州),Buford,United States of America
***ERROR:圣安东尼奥-杜阿拉坎瓜,Santo Antônio do Aracanguá,Brazil
***ERROR:阿尔瓦鲁-迪卡瓦柳,Álvaro de Carvalho,Brazil
***ERROR:布恩 (艾奧瓦州),Boone,United States of America
***ERROR:安哥拉 (印第安納州),Angola,United States of America
***ERROR:惠靈頓 (堪薩斯州),Wellington,United States of America
***ERROR:辛辛那提 (艾奧瓦州),Cincinnati,United States of America
***ERROR:克奇 (堪薩斯州),Kechi,United States of America
***ERROR:卡洛爾 (艾奧瓦州),Carroll,United States of America
***ERROR:塞基耶拉塞-萨尔,Cerqueira César,Brazil
***ERROR:卡勒富爾 (海地),Carrefour,Haiti
***ERROR:丹尼森 (艾奧瓦州),Denison,United States of America
***ERROR:德拉瓦 (俄亥俄州),Delaware,United States of America
***ERROR:伊甸草原 (明尼蘇達州),Eden Prairie,United States of America
***ERROR:拉克夫由 (俄勒岡州),Lakeview,United States of America
***ERROR:迪凱特 (喬治亞州),Decatur,United States of America
***ERROR:格林菲爾德 (印第安納州),Greenfield,United States of America
***ERROR:阿尔科-伊里斯,Arco-Íris,Brazil
***ERROR:阿巴拉契科拉 (佛罗里达州),Apalachicola,United States of America
***ERROR:尼德蘭 (美國),Nederland,United States of America
***ERROR:傑克遜維爾 (北卡羅來納州),Jacksonville,United States of America
***ERROR:蘭開斯特 (俄亥俄州),Lancaster,United States of America
***ERROR:Pontalinda,Pontalinda,Brazil
***ERROR:洛斯特斯普林斯 (堪薩斯州),Lost Springs,United States of America
***ERROR:克羅斯維爾 (田納西州),Crossville,United States of America
***ERROR:克洛維斯 (新墨西哥州),Clovis,United States of America
***ERROR:阿克蘇 (哈薩克),Aksu,Kazakhstan
***ERROR:格林伍德 (密西西比州),Greenwood,United States of America
***ERROR:阿勃卡 (佛罗里达州),Apopka,United States of America
***ERROR:韋克羅斯 (喬治亞州),Waycross,United States of America
***ERROR:巴特勒 (密蘇里州),Butler,United States of America
***ERROR:柯林頓 (密西根州),"Clinton, Mississippi"
***ERROR:圣若昂-达斯杜阿斯蓬蒂斯,São João das Duas Pontes,Brazil
***ERROR:雷德奧克 (艾奧瓦州),Red Oak,United States of America
***ERROR:費柏立 (內布拉斯加州),Fairbury,United States of America
***ERROR:奈安瓜 (密蘇里州),Niangua,United States of America
***ERROR:蒙特維多 (明尼蘇達州),Montevideo,United States of America
***ERROR:維吉尼亞 (明尼蘇達州）,Virginia,United States of America
***ERROR:卡森城 (密歇根州),Carson City,United States of America
***ERROR:剑桥 (安大略省),Cambridge,Canada
***ERROR:大本德 (堪薩斯州),Great Bend,United States of America
***ERROR:皮诺尔 (加利福尼亚州),Pinole,United States of America
***ERROR:麥迪遜堡 (艾奧瓦州),Fort Madison,United States of America
***ERROR:黎巴嫩市 (俄亥俄州),Lebanon,United States of America
***ERROR:肖尼 (堪薩斯州),Shawnee,United States of America
***ERROR:加菲爾德 (新澤西州),"Garfield, New Jersey"
***ERROR:皮拉茹 (巴西),Piraju,Brazil
***ERROR:湖城 (明尼蘇達州),Lake City,United States of America
***ERROR:紐堡 (紐約州),"Newburgh (city), New York"
***ERROR:亞拉拉特 (維多利亞州),Ararat,Australia
***ERROR:塞勒姆 (新澤西州),Salem,United States of America
***ERROR:迪科拉 (艾奧瓦州),Decorah,United States of America
***ERROR:哈德納 (堪薩斯州),Hardtner,United States of America
***ERROR:博登鎮 (新澤西州),Bordentown,United States of America
***ERROR:康宁 (加利福尼亚州),Corning,United States of America
***ERROR:溫德爾 (愛達荷州),Wendell,United States of America
***ERROR:埃爾多拉多 (堪薩斯州),El Dorado,United States of America
***ERROR:弗洛倫斯 (堪薩斯州),Florence,United States of America
***ERROR:石嶺 (喬治亞州),Stone Mountain,United States of America
***ERROR:里弗代爾 (喬治亞州),Riverdale,United States of America
***ERROR:馬里維爾 (田納西州),Maryville,United States of America
***ERROR:Torrinha,Torrinha,Brazil
***ERROR:諾斯菲爾德 (新澤西州),Northfield,United States of America
***ERROR:戴維斯 (奧克拉荷馬州),Davis,United States of America
***ERROR:Potim,Potim,Brazil
***ERROR:阿肯色城 (堪薩斯州),Arkansas City,United States of America
***ERROR:圣罗莎-迪维特布,Santa Rosa de Viterbo,Brazil
***ERROR:海斯 (堪薩斯州),Hays,United States of America
***ERROR:Santos Dumont,"Santos Dumont, Minas Gerais"
***ERROR:东谷 (加利福尼亚州),Eastvale,United States of America
***ERROR:布萊克韋爾 (俄克拉荷馬州),Blackwell,United States of America
***ERROR:埃斯卡隆 (加利福尼亚州),Escalon,United States of America
***ERROR:鄧肯 (俄克拉荷馬州),Duncan,United States of America
***ERROR:纳蒂维达迪-达塞拉,Natividade da Serra,Brazil
***ERROR:费拉斯－迪瓦斯孔塞卢斯,Ferraz de Vasconcelos,Brazil
***ERROR:伊莎貝爾 (堪薩斯州),Isabel,United States of America
***ERROR:拉兰雅尔-保利斯塔,Laranjal Paulista,Brazil
***ERROR:巴特勒 (印地安那州),Butler,United States of America
***ERROR:克利夫頓 (愛達荷州),Clifton,United States of America
***ERROR:東托瓦斯 (密歇根州),East Tawas,United States of America
***ERROR:格拉德溫 (密歇根州),Gladwin,United States of America
***ERROR:霍克西 (堪薩斯州),Hoxie,United States of America
***ERROR:圣克鲁斯-达斯帕尔梅拉斯,Santa Cruz das Palmeiras,Brazil
***ERROR:謝菲爾德湖 (俄亥俄州),Sheffield Lake,United States of America
***ERROR:上阿靈頓 (俄亥俄州),Upper Arlington,United States of America
***ERROR:克利夫頓 (田納西州),Clifton,United States of America
***ERROR:里普利 (密西西比州),Ripley,United States of America
***ERROR:森特勒利亞 (堪薩斯州),Centralia,United States of America
***ERROR:古丁 (愛達荷州),Gooding,United States of America
***ERROR:卡諾雷多 (堪薩斯州),Kanorado,United States of America
***ERROR:巴特勒 (賓夕法尼亞州),Butler,United States of America
***ERROR:芬頓 (密歇根州),Fenton,United States of America
***ERROR:塔納萬 (八打雁省),Tanauan,Philippines
***ERROR:韋厄拉 (堪薩斯州),Viola,United States of America
***ERROR:沃帕卡 (威斯康辛州),Waupaca,United States of America
***ERROR:米德維爾 (賓夕法尼亞州),Meadville,United States of America
***ERROR:芬代尔 (加利福尼亚州),Ferndale,United States of America
***ERROR:利巴 (八打雁省),Lipa,Philippines
***ERROR:米德尔斯堡 (肯塔基州),Middlesboro,United States of America
***ERROR:查利斯 (愛達荷州),Challis,United States of America
***ERROR:米林頓 (田納西州),Millington,United States of America
***ERROR:伯德城 (堪薩斯州),Bird City,United States of America
***ERROR:Fouad港,Port Fuad,Egypt
***ERROR:杜波伊斯 (愛達荷州),Dubois,United States of America
***ERROR:格倫維爾 (格林納達),Grenville,Grenada
***ERROR:斯巴達 (威斯康星州),Sparta,United States of America
***ERROR:科林斯 (密西西比州),Corinth,United States of America
***ERROR:拉尼德 (堪薩斯州),Larned,United States of America
***ERROR:伊格爾河 (威斯康星州),Eagle River,United States of America
***ERROR:索耶 (堪薩斯州),Sawyer,United States of America
***ERROR:鹅溪 (南卡罗来纳州),Goose Creek,United States of America
***ERROR:科爾比 (堪薩斯州),Colby,United States of America
***ERROR:克萊德 (堪薩斯州),Clyde,United States of America
***ERROR:巴西 (印第安納州),Brazil,United States of America
***ERROR:布魯金斯 (俄勒岡州),Brookings,United States of America
***ERROR:佩里 (奧克拉荷馬州),Perry,United States of America
***ERROR:羅繆勒斯 (密歇根州),Romulus,United States of America
***ERROR:麥克弗森 (堪薩斯州),McPherson,United States of America
***ERROR:伊什珀明 (密西根州),Ishpeming,United States of America
***ERROR:恩波里亞 (堪薩斯州),Emporia,United States of America
***ERROR:格雷莫尔-德王戴尔,Graymoor-Devondale,United States of America
***ERROR:伯靈頓 (紐澤西州),Burlington,United States of America
***ERROR:圣米格尔-阿尔坎茹,São Miguel Arcanjo,Brazil
***ERROR:匹茲堡 (堪薩斯州),Pittsburg,United States of America
***ERROR:森林城 (艾奧瓦州),Forest City,United States of America
***ERROR:圣路易斯-杜帕赖廷加,São Luiz do Paraitinga,Brazil
***ERROR:弗朗西斯科-莫拉图,Francisco Morato,Brazil
***ERROR:濱海 (奧勒岡州),Seaside,United States of America
***ERROR:韋寧 (堪薩斯州),Vining,United States of America
***ERROR:伯恩斯 (堪薩斯州),Burns,United States of America
***ERROR:考德威爾 (堪薩斯州),Caldwell,United States of America
***ERROR:哈珀 (堪薩斯州),Harper,United States of America
***ERROR:聖博爾哈 (玻利維亞),San Borja,Bolivia
***ERROR:費爾菲爾德 (艾奧瓦州),Fairfield,United States of America
***ERROR:布赖顿-霍夫,Brighton and Hove,United Kingdom
***ERROR:埃斯卡諾巴 (密歇根州),Escanaba,United States of America
***ERROR:古德蘭 (堪薩斯州),Goodland,United States of America
***ERROR:懷特沃特 (堪薩斯州),Whitewater,United States of America
***ERROR:比佛利 (堪薩斯州),Beverly,United States of America
***ERROR:菲利普斯堡 (堪薩斯州),Phillipsburg,United States of America
***ERROR:赫普勒 (堪薩斯州),Hepler,United States of America
***ERROR:盧文 (明尼蘇達州),Luverne,United States of America
***ERROR:基奧瓦 (堪薩斯州),Kiowa,United States of America
***ERROR:戈瑟爾 (堪薩斯州),Goessel,United States of America
***ERROR:普林斯頓 (明尼蘇達州),Princeton,United States of America
***ERROR:尤寧敦 (堪薩斯州),Uniontown,United States of America
***ERROR:渥太華 (堪薩斯州),Ottawa,United States of America
***ERROR:阿爾比恩 (密西根州),Albion,United States of America
***ERROR:格拉夫頓 (新南威爾士州),Grafton,Australia
***ERROR:羅賓斯德 (明尼蘇達州),Robbinsdale,United States of America
***ERROR:萊昂斯 (堪薩斯州),Lyons,United States of America
***ERROR:埃爾賓 (堪薩斯州),Elbing,United States of America
***ERROR:塞維爾維爾 (田納西州),Sevierville,United States of America
***ERROR:圣若泽-杜巴雷鲁,São José do Barreiro,Brazil
***ERROR:洛克斯特格羅夫 (喬治亞州),Locust Grove,United States of America
***ERROR:森特勒利亞 (艾奧瓦州),Centralia,United States of America
***ERROR:哈里斯維爾 (密歇根州),Harrisville,United States of America
***ERROR:波默羅伊 (愛荷華州),Pomeroy,United States of America
***ERROR:埃利亚斯－福斯图,Elias Fausto,Brazil
***ERROR:橡樹 (俄亥俄州),Oakwood,United States of America
***ERROR:阿靈頓 (明尼蘇達州),Arlington,United States of America
***ERROR:皮博迪 (堪薩斯州),Peabody,United States of America
***ERROR:Santa Albertina,Santa Albertina,Brazil
***ERROR:圣丽塔-杜帕萨夸特鲁,Santa Rita do Passa Quatro,Brazil
***ERROR:霍亨斯泰因-埃尔恩斯塔尔,Hohenstein-Ernstthal,Germany
***ERROR:布兰德-埃尔比斯多夫,Brand-Erbisdorf,Germany
***ERROR:米爾頓韋爾 (堪薩斯州),Miltonvale,United States of America
***ERROR:阿纳贝尔格-布霍尔茨,Annaberg-Buchholz,Germany
***ERROR:帕特森 (喬治亞州),Patterson,United States of America
***ERROR:林巴-奥贝尔夫罗纳,Limbach-Oberfrohna,Germany
***ERROR:澤達 (堪薩斯州),Zenda,United States of America
***ERROR:圣塞巴斯蒂昂-达格拉马,São Sebastião da Grama,Brazil
***ERROR:米切爾維爾 (愛荷華州),Mitchellville,United States of America
***ERROR:伦索伊斯-保利斯塔,Lençóis Paulista,Brazil
***ERROR:新哈特福德 (艾奧瓦州),New Hartford,United States of America
***ERROR:路易斯堡 (堪薩斯州),Louisburg,United States of America
***ERROR:普萊恩維爾 (堪薩斯州),Plainville,United States of America
***ERROR:康科迪亞 (堪薩斯州),Concordia,United States of America
***ERROR:拉克羅斯 (堪薩斯州),La Crosse,United States of America
***ERROR:韋伯斯特城 (艾奧瓦州),Webster City,United States of America
***ERROR:圣埃斯皮里图－皮尼亚尔,Espírito Santo do Pinhal,Brazil
***ERROR:林肯維爾 (堪薩斯州),Lincolnville,United States of America
***ERROR:克雷斯科 (愛荷華州),Cresco,United States of America
***ERROR:諾克羅斯 (喬治亞州),Norcross,United States of America
***ERROR:阿尔-塞奈迈因,Al-Sanamayn,Syria
***ERROR:齊尼亞 (俄亥俄州),Xenia,United States of America
***ERROR:圣克鲁斯-杜辛古,Santa Cruz do Xingu,Brazil
***ERROR:華盛頓 (堪薩斯州),Washington,United States of America
***ERROR:斯特朗城 (堪薩斯州),Strong City,United States of America
***ERROR:布盧芒德 (堪薩斯州),Blue Mound,United States of America
***ERROR:蓋洛德 (密歇根州),Gaylord,United States of America
***ERROR:奥克戴尔 (路易斯安那州),Oakdale,United States of America
***ERROR:開羅 (喬治亞州),Cairo,United States of America
***ERROR:班登 (俄勒岡州),Bandon,United States of America
***ERROR:Tombos,Tombos,Brazil
***ERROR:諾威奇 (堪薩斯州),Norwich,United States of America
***ERROR:Jeffersontown (肯塔基州),Jeffersontown,United States of America
***ERROR:安特勒斯 (俄克拉荷馬州),Antlers,United States of America
***ERROR:切羅基 (俄克拉荷馬州),Cherokee,United States of America
***ERROR:錫蘭 (明尼蘇達州),Ceylon,United States of America
***ERROR:艾克塞西爾 (明尼蘇達州),Excelsior,United States of America
***ERROR:都柏林 (佐治亞州),Dublin,United States of America
***ERROR:聖何塞-德爾蒙特,San Jose del Monte,Philippines
***ERROR:弗蘭特納克 (堪薩斯州),Frontenac,United States of America
***ERROR:拉什森特 (堪薩斯州),Rush Center,United States of America
***ERROR:奧斯特 (喬治亞州),Austell,United States of America
***ERROR:奇洛昆 (俄勒岡州),Chiloquin,United States of America
***ERROR:布朗森 (堪薩斯州),Bronson,United States of America
***ERROR:比格斯 (加利福尼亚州),Biggs,United States of America
***ERROR:蓝湖 (加利福尼亚州),Blue Lake,United States of America
***ERROR:布兰登 (南达科他州),Brandon,United States of America
***ERROR:布雷 (埃塞俄比亞),"Bure (Gojjam), Ethiopia"
***ERROR:卡斯特罗普-劳克塞尔,Castrop-Rauxel,Germany
***ERROR:納什維爾 (堪薩斯州),Nashville,United States of America
***ERROR:聖地牙哥 (菲律賓),Santiago,Philippines
***ERROR:聖卡洛斯 (邦阿西楠省),San Carlos,Philippines
***ERROR:阿拉米諾斯 (邦阿西楠省),Alaminos,Philippines
***ERROR:索勒爾-特拉西,Sorel‐Tracy,Canada
***ERROR:路易斯維爾 (魁北克),Louiseville,Canada
***ERROR:沃德勒伊-多里翁,Vaudreuil-Dorion,Canada
***ERROR:埃默斯 (魁北克省),Amos,Canada
***ERROR:亨德森 (北卡羅萊納州),Henderson,United States of America
***ERROR:葛瑞菲斯 (新南威爾士州),Griffith,Australia
***ERROR:訥維爾 (魁北克),Neuville,Canada
***ERROR:姶良市,Aira,Japan
***ERROR:阿萊恩斯 (內布拉斯加州),Alliance,United States of America
***ERROR:曼斯菲爾 (俄亥俄州),Mansfield,United States of America
***ERROR:德绍-罗斯劳,Dessau-Roßlau,Germany
***ERROR:圣地亚哥－德智利,Santiago,Chile
***ERROR:比克 (匈牙利),Bük,Hungary
***ERROR:维多利亚-德拉斯图纳斯,Las Tunas,Cuba
***ERROR:格倫戴爾 (西維吉尼亞州),Glen Dale,United States of America
***ERROR:塞康第─塔科拉迪,Sekondi-Takoradi,Ghana
***ERROR:亞士蘭 (威斯康辛州),Ashland,United States of America
***ERROR:阿马多尔市 (加利福尼亚州),Amador City,United States of America
***ERROR:巴克斯特斯普林斯 (堪薩斯州),Baxter Springs,United States of America
***ERROR:斯托克頓 (堪薩斯州),Stockton,United States of America
***ERROR:埃利斯 (堪薩斯州),Ellis,United States of America
***ERROR:道格拉斯 (堪薩斯州),Douglass,United States of America
***ERROR:皮亞特拉-奧爾特,Piatra-Olt,Romania
***ERROR:西峰 (魁北克),Westmount,Canada
***ERROR:吉拉德 (堪薩斯州),Girard,United States of America
***ERROR:牛津 (北卡羅萊納州),Oxford,United States of America
***ERROR:馬里恩 (堪薩斯州),Marion,United States of America
***ERROR:赫靈頓 (堪薩斯州),Herington,United States of America
***ERROR:維多利亞 (布拉索夫縣),Victoria,Romania
***ERROR:金斯利 (堪薩斯州),Kinsley,United States of America
***ERROR:波佩什蒂-萊奧爾代尼,Popești-Leordeni,Romania
***ERROR:勒諾 (北卡羅萊納州),Lenoir,United States of America
***ERROR:布羅什泰尼 (蘇恰瓦縣),Broșteni,Romania
***ERROR:聖佩德羅 (內湖省),San Pedro,Philippines
***ERROR:聖羅莎 (內湖省),Santa Rosa,Philippines
***ERROR:聖巴勃羅 (內湖省),San Pablo,Philippines
***ERROR:阿瓜尔瓦-卡森,Agualva-Cacém,Portugal
***ERROR:狛江市,Komae,Japan
***ERROR:比尼揚 (菲律賓),Biñan,Philippines
***ERROR:傑斯納 (捷克共和國),Desná,Czech Republic
***ERROR:馬爾科-德卡納維澤斯,Marco de Canaveses Municipality,Portugal
***ERROR:斯科特城 (堪薩斯州),Scott City,United States of America
***ERROR:奧爾頓 (堪薩斯州),Alton,United States of America
***ERROR:內斯城 (堪薩斯州),Ness City,United States of America
***ERROR:塞德萊茨-普爾奇采,Sedlec-Prčice,Czech Republic
***ERROR:博爾 (捷克),Bor,Czech Republic
***ERROR:拉耶茨-耶斯特熱比,Rájec-Jestřebí,Czech Republic
***ERROR:戴利水域 (北領地),Daly Waters,Australia
***ERROR:Kulgera車站,Kulgera,Australia
***ERROR:戴利河 (北領地),Daly River,Australia
***ERROR:森特勒利亞 (安大略),South Huron,Canada
***ERROR:瓦赫寧恩 (蘇里南),Wageningen,Suriname
***ERROR:沃特福德 (赫特福德郡),Watford,United Kingdom
***ERROR:苏珊·摩尔,Susan Moore,United States of America
***ERROR:查德 (英國城市),Chard,United Kingdom
***ERROR:阿梅利亚 (特尔尼省),Amelia,Italy
***ERROR:安達穆卡 (南澳洲),Andamooka,Australia
***ERROR:科爾瑪-柏格,Colmar-Berg,Luxembourg
***ERROR:皮爾 (曼島),Peel,Isle of Man
***ERROR:安杜弗鎮 (罕布夏郡),Andover,United Kingdom
***ERROR:森特勒利亞 (德克薩斯州),Centralia,United States of America
***ERROR:科伦-萨利斯,Kohren-Sahlis,Germany
***ERROR:卡斯維爾 (喬治亞州),Cassville,United States of America
***ERROR:米德爾堡 (普馬蘭加省),Middelburg,South Africa
***ERROR:沃爾斯利 (薩克其萬),Wolseley,Canada
***ERROR:哈蒙頓 (紐澤西州),"Hammonton, New Jersey"
***ERROR:波莫納 (紐澤西州),Pomona,United States of America
***ERROR:诺伊-伊森堡,Neu-Isenburg,Germany
***ERROR:米爾斯通 (新澤西州),Millstone,United States of America
***ERROR:米爾鎮 (紐澤西州),Milltown,United States of America
***ERROR:彦陽邑 (蔚州郡),Eonyang,South Korea
***ERROR:Australia’s Best Kept SecretisOut,Mission Beach,Australia
***ERROR:克里斯蒂安娜 (西北省),"Christiana, North West"
***ERROR:哈靈頓柏克 (新澤西州),"Harrington Park, New Jersey"
***ERROR:貝爾維爾 (西開普省),Bellville,South Africa
***ERROR:波法德爾 (北開普省),Pofadder,South Africa
***ERROR:新格拉斯哥 (新斯科舍),New Glasgow,Canada
***ERROR:穆爾斯維爾 (北卡羅萊納州),Mooresville,United States of America
***ERROR:西野鎮 (新澤西州),Westfield,United States of America
***ERROR:貝爾維迪爾 (新澤西州),Belvidere,United States of America
***ERROR:天使火 (新墨西哥州),Angel Fire,United States of America
***ERROR:貝杜里 (昆士蘭州),Bedourie,Australia
***ERROR:伊斯頓 (康涅狄格州),Easton,United States of America
***ERROR:比斯頓 (諾丁漢郡),"Beeston, Nottinghamshire"
***ERROR:卡西諾 (新南威爾士州),Casino,Australia
***ERROR:罕林 (西維吉尼亞州),Hamlin,United States of America
***ERROR:德納姆 (西澳洲),Denham,Australia
***ERROR:布洛頓 (弗林特郡),Broughton,United Kingdom
***ERROR:克利夫 (南澳洲),Cleve,Australia
***ERROR:苹果谷 (加利福尼亚州),Apple Valley,United States of America
***ERROR:伯諾尼 (豪登省),Benoni,South Africa
***ERROR:拉普拉塔 (馬里蘭州),La Plata,United States of America
***ERROR:艾士伯頓 (紐西蘭),Ashburton,New Zealand
***ERROR:大梅勒 (魁北克),"Grand-Mère, Quebec"
***ERROR:考德威爾 (新澤西州),Caldwell,United States of America
***ERROR:貝爾法斯特 (普馬蘭加省),"Belfast, Mpumalanga"
***ERROR:阿什福德 (薩里),Ashford,United Kingdom
***ERROR:新碼頭 (錫爾迪金),New Quay,United Kingdom
***ERROR:Wainwright,Wainwright,Canada
***ERROR:伯利恆 (自由邦),Bethlehem,South Africa
***ERROR:法爾茅斯 (牙買加),Falmouth,Jamaica
***ERROR:福尔瑟姆 (路易斯安那州),"Folsom, Louisiana"
***ERROR:喬治鎮 (塔斯曼尼亞州),George Town,Australia
***ERROR:沙拉 (斯洛伐克),Šaľa,Slovakia
***ERROR:巴德索登-阿伦多尔夫,Bad Sooden-Allendorf,Germany
***ERROR:福雷斯特 (西澳洲),Forrest,Australia
***ERROR:米德蘭 (南非),Midrand,South Africa
***ERROR:阿什比-德-拉-祖什,Ashby-de-la-Zouch,United Kingdom
***ERROR:阿卡 (芬蘭),Akaa,Finland
***ERROR:蒙綽斯 (安格斯),Montrose,United Kingdom
***ERROR:卡利登 (安大略省),Caledon,Canada
***ERROR:大瀑布城 (新不倫瑞克),"Grand Falls, New Brunswick"
***ERROR:西新伯里 (麻薩諸塞州),West Newbury,United States of America
***ERROR:格雷鎮 (夸祖魯-納塔爾省),Greytown,South Africa
***ERROR:諾里治獲克鎮 (緬因州),Norridgewock,United States of America
***ERROR:墨圖根 (新澤西州),Metuchen,United States of America
***ERROR:福爾斯特 (新南威爾士州),Forster,Australia
***ERROR:迪蘭班代 (昆士蘭州),Dirranbandi,Australia
***ERROR:奧茨胡恩 (西開普省),Oudtshoorn,South Africa
***ERROR:克林頓 (紐約州),Clinton,United States of America
***ERROR:艾文內爾（維多利亞省）,Avenel,Australia
***ERROR:莫里斯敦 (新澤西州),Morristown,United States of America
***ERROR:羅克維爾中心 (紐約州),Rockville Centre,United States of America
***ERROR:海斯城(Hythe),Hythe,United Kingdom
***ERROR:布萊克伍德 (卡菲利),Blackwood,United Kingdom
***ERROR:布兰太尔 (南拉纳克郡),"Blantyre, South Lanarkshire"
***ERROR:溫德姆 (西澳),Wyndham,Australia
***ERROR:卡爾科斯-努埃阿,Karksi-Nuia,Estonia
***ERROR:阿爾瓦 (蘇格蘭),Alva,United Kingdom
***ERROR:亞歷山大灣 (北開普省),"Alexander Bay, Northern Cape"
***ERROR:當加拉 (西澳洲),Dongara,Australia
***ERROR:阿米蒂維爾 (紐約州),Amityville,United States of America
***ERROR:塞杜納 (南澳洲),Ceduna,Australia
***ERROR:阿默斯特 (新斯科舍省),Amherst,Canada
***ERROR:西山 (阿伯丁郡),Westhill,United Kingdom
***ERROR:阿瓦 (古吉拉特邦),Ahwa,India
***ERROR:奈傑爾 （豪登省）,"Nigel, Gauteng"
***ERROR:弗雷德 (自由邦省),Vrede,South Africa
***ERROR:新港 (彭布羅克郡),Newport,United Kingdom
***ERROR:弗拉格斯塔夫 (東開普省),"Flagstaff, Eastern Cape"
***ERROR:驣特菲爾德,Tenterfield,Australia
***ERROR:朗達 (威爾斯),Rhondda,United Kingdom
***ERROR:多爾比 (昆士蘭州),Dalby,Australia
***ERROR:比绍 (南非),Bhisho,South Africa
***ERROR:紐卡素爾 (唐郡),Newcastle,United Kingdom
***ERROR:基爾比 (蘭開夏郡),Kirkby,United Kingdom
***ERROR:沃倫頓 (北開普省),"Warrenton, Northern Cape"
***ERROR:埃默拉爾德 (昆士蘭州),Emerald,Australia
***ERROR:卡特頓 (牛津郡),Carterton,United Kingdom
***ERROR:阿勒達拉 (新南威爾斯省),Ulladulla,Australia
***ERROR:馬都拉 (西澳洲),Madura,Australia
***ERROR:格倫羅旺（維多利亞省）,Glenrowan,Australia
***ERROR:貝塞斯達 (格溫內斯),Bethesda,United Kingdom
***ERROR:埃利奧特 (東開普省),"Elliot, Eastern Cape"
***ERROR:門泰-維爾普拉,Mänttä-Vilppula,Finland
***ERROR:查爾維爾 (昆士蘭州),Charleville,Australia
***ERROR:布萊克本 (西洛錫安),Blackburn,United Kingdom
***ERROR:阿什山 (朗達卡嫩塔夫),"Mountain Ash, Rhondda Cynon Taf"
***ERROR:羅伯特森 (西開普省),Robertson,South Africa
***ERROR:吉靈厄姆 (肯特郡),Gillingham,United Kingdom
***ERROR:考厄爾 (南澳洲),Cowell,Australia
***ERROR:北林 (倫敦),Northwood,United Kingdom
***ERROR:拉格斯 (英國),Largs,United Kingdom
***ERROR:白宮 (艾伯塔省),Whitecourt,Canada
***ERROR:Wolfsgraben,Wolfsgraben,Austria
***ERROR:邁耶頓 (豪登省),Meyerton,South Africa
***ERROR:欽奇拉 (昆士蘭州),Chinchilla,Australia
***ERROR:伯克敦 (昆士蘭州),Burketown,Australia
***ERROR:艾伯特親王鎮 (西開普省),Prince Albert,South Africa
***ERROR:德比 (西澳洲),Derby,Australia
***ERROR:北海 (马来西亚),Butterworth,Malaysia
***ERROR:克朗克里 (昆士蘭州),Cloncurry,Australia
***ERROR:霍普港 (安大略省),Port Hope,Canada
***ERROR:哥倫比亞 (馬里蘭州),Columbia,United States of America
***ERROR:格里諾 (西澳洲),Greenough,Australia
***ERROR:紐波特 (懷特島),Newport,United Kingdom
***ERROR:蓬戈拉 (夸祖魯-納塔爾省),Pongola,South Africa
***ERROR:拉法耶特廣場 (聖路易),Lafayette Square,United States of America
***ERROR:貝爾斯登 (蘇格蘭),Bearsden,United Kingdom
***ERROR:普利茅斯 (俄亥俄州),Plymouth,United States of America
***ERROR:莫爾泰諾 (東開普省),"Molteno, Eastern Cape"
***ERROR:花園市 (紐約州),Garden City,United States of America
***ERROR:皇后鎮 (塔斯馬尼亞),Queenstown,Australia
***ERROR:邱吉爾市 (曼尼托巴),Churchill,Canada
***ERROR:格倫因尼斯 (新南威爾士州),Glen Innes,Australia
***ERROR:羅斯（蘇格蘭）,Rothesay,United Kingdom
***ERROR:埃斯佩蘭斯 (西澳洲),Esperance,Australia
***ERROR:格拉夫-里內特,Graaff-Reinet,South Africa
***ERROR:赫斯登－佐尔德尔,Heusden-Zolder,Belgium
***ERROR:梅德利 (施洛普郡),"Madeley, Shropshire"
***ERROR:喬治 (西開普省),George,South Africa
***ERROR:保罗哈博 (佛罗里达州),Bal Harbour,United States of America
***ERROR:阿德萊德 (東開普省),Adelaide,South Africa
***ERROR:布朗普頓 (倫敦),Brompton,United Kingdom
***ERROR:格罗斯-比贝劳,Groß-Bieberau,Germany
***ERROR:克萊蒙特 (昆士蘭州),Clermont,Australia
***ERROR:曼維爾 (紐澤西州),Manville,United States of America
***ERROR:尤克拉 (西澳洲),Eucla,Australia
***ERROR:克利夫頓 (開普敦),Clifton,South Africa
***ERROR:克利夫頓 (昆士蘭),Clifton,Australia
***ERROR:巴利納 (新南威爾士州),Ballina,Australia
***ERROR:巴拉多 (卡塞雷斯省),Barrado,Spain
***ERROR:巴德索登-萨尔明斯特尔,Bad Soden-Salmünster,Germany
***ERROR:庫拉 (新南威爾士州),Coolah,Australia
***ERROR:克雷斯頓 (英屬哥倫比亞),Creston,Canada
***ERROR:科巴 (新南威爾士州),Cobar,Australia
***ERROR:克拉多克 (東開普省),"Cradock, Eastern Cape"
***ERROR:卡拉薩 (西澳洲),Karratha,Australia
***ERROR:天使灣 (墨西哥),Bahía de los Ángeles,Mexico
***ERROR:考拉 (新南威爾士州),Cowra,Australia
***ERROR:巴卡爾丁 (昆士蘭州),Barcaldine,Australia
***ERROR:穆西納 (林波波省),Musina,South Africa
***ERROR:巴里 (威尔士),Barry,United Kingdom
***ERROR:巴里 (威尔士),Barry,Wales
***ERROR:丹地 (夸祖魯-納塔爾省),"Dundee, KwaZulu-Natal"
***ERROR:達利 (葉門),Ad Dali',Yemen
***ERROR:伍德斯托克 (新不倫瑞克),Woodstock,Canada
***ERROR:（Port Hedland）,Port Hedland,Australia
***ERROR:摩爾登鎮 (艾塞克斯郡),Maldon,United Kingdom
***ERROR:科恩 (昆士蘭州),Coen,Australia
***ERROR:庫珀斯敦 (紐約州),Cooperstown,United States of America
***ERROR:卡維 (芬蘭),Kaavi,Finland
***ERROR:巴拉 (格溫內斯),Bala,United Kingdom
***ERROR:伍斯特 (西開普省),Worcester,South Africa
***ERROR:克罗斯比 (默西赛德郡),Crosby,United Kingdom
***ERROR:蒙哥馬利 (波伊斯),Montgomery,United Kingdom
***ERROR:埃爾默洛 (普馬蘭加省),Ermelo,South Africa
***ERROR:韦尔卡尔-奥韦拉,Huércal-Overa,Spain
***ERROR:Streaky灣,Streaky Bay,Australia
***ERROR:諾拉 (新南威爾斯州),Nowra,Australia
***ERROR:錫姆科 (安大略),Simcoe,Canada
***ERROR:埃倫 (阿伯丁郡),Ellon,United Kingdom
***ERROR:芬利 (新南威爾士州),Finley,Australia
***ERROR:水鎮 (紐約州),Watertown,United States of America
***ERROR:德爾馬斯 (普馬蘭加省),"Delmas, Mpumalanga"
***ERROR:卡姆登 (新南威尔士州),Camden,Australia
***ERROR:雷茨 (自由邦省),Reitz,South Africa
***ERROR:納伯斯 (彭布羅克郡),"Narberth, Pembrokeshire"
***ERROR:利文斯通 (西洛錫安),Livingston,United Kingdom
***ERROR:Oxford (密歇根州),Oxford,United States of America
***ERROR:桑頓 (南非),Sandton,South Africa
***ERROR:福布斯 (新南威爾士州),Forbes,Australia
***ERROR:馬姆斯伯里 (西開普省),Malmesbury,South Africa
***ERROR:加利波利 (俄亥俄州),Gallipolis,United States of America
***ERROR:朗福德 (塔斯馬尼亞),Longford,Australia
***ERROR:阿什本 (德比郡),Ashbourne,United Kingdom
***ERROR:瑞吉菲爾德 (紐澤西州),Ridgefield,United States of America
***ERROR:克洛斯特 (新澤西州),Closter,United States of America
***ERROR:貝弗利 (城市),Beverley,United Kingdom
***ERROR:瓦尔特 (纳瓦拉),Huarte/Uharte,Spain
***ERROR:貝弗里奇（維多利亞省）,Beveridge,Australia
***ERROR:卡羅利納 (普馬蘭加省),"Carolina, Mpumalanga"
***ERROR:比斯坎湾公园 (佛罗里达州),Biscayne Park,United States of America
***ERROR:黑水 (昆士蘭州),Blackwater,Australia
***ERROR:拉納韋貝 (牙買加),Runaway Bay,Jamaica
***ERROR:巴爾弗 (普馬蘭加省),"Balfour, Mpumalanga"
***ERROR:Cardeal da Silva,Cardeal da Silva,Brazil
***ERROR:多佛港 (安大略),"Port Dover, Ontario"
***ERROR:卡圖 (北開普省),Kathu,South Africa
***ERROR:三崎町 (千代田區),Misakichō,Japan
***ERROR:比奇沃斯（維多利亞省）,Beechworth,Australia
***ERROR:一番町 (千代田區),Ichibanchō,Japan
***ERROR:神田練塀町,Neribeichō,Japan
***ERROR:佩提港-馬多克斯灣,Petty Harbour-Maddox Cove,Canada
***ERROR:胡士托 (安大略省),Woodstock,Canada
***ERROR:加尔希-马尔哈拉,Garhi-Malhara,India
***ERROR:三番町 (千代田區),Sanbanchō,Japan
***ERROR:城关镇 (范县),Chengguan,People's Republic of China
***ERROR:下宿 (清瀨市),Shitajuku,Japan
***ERROR:鹿湖 (紐芬蘭和拉布拉多省),"Deer Lake, Newfoundland and Labrador"
***ERROR:博倫 (昆士蘭州),Bollon,Australia
***ERROR:布勞頓 (索爾福德),"Broughton, Greater Manchester"
***ERROR:荻窪 (杉並區),Ogikubo,Japan
***ERROR:道格拉斯 (北開普省),Douglas,South Africa
***ERROR:萌黃野 (橫濱市),Moegino,Japan
***ERROR:雲雀丘 (東京都),Hiborigaoka,Japan
***ERROR:東新橋 (東京都港區),Higashi-Shinbashi,Japan
***ERROR:利赫滕堡 (西北省),Lichtenburg,South Africa
***ERROR:三橋 (埼玉市),Mihashi,Japan
***ERROR:大久保 (新宿區),Ōkubo,Japan
***ERROR:利蘭 (蘭開夏郡),Leyland,United Kingdom
***ERROR:愛華隆 (維多利亞州),Avalon,Australia
***ERROR:克尤 (西澳洲),Cue,Australia
***ERROR:阿馬代爾 (西洛錫安),Armadale,United Kingdom
***ERROR:托斯特 (北安普敦郡),Towcester,United Kingdom
***ERROR:北町 (練馬區),Kitamachi,Japan
***ERROR:哈特菲爾德 (比勒陀利亞),"Hatfield, Pretoria"
***ERROR:斯普林伍德 (新南威爾斯省),Springwood,Australia
***ERROR:肯德爾 (新南威爾斯省),Kendall,Australia
***ERROR:中央 (武藏村山市),Chūō,Japan
***ERROR:南町 (國分寺市),Minamichō,Japan
***ERROR:中條 (熊谷市),Chūjō,Japan
***ERROR:並木町 (國分寺市),Namikichō,Japan
***ERROR:陶因 (格溫內斯郡),Tywyn,United Kingdom
***ERROR:陶因 (格溫內斯郡),Tywyn,Wales
***ERROR:中 (國立市),Naka,Japan
***ERROR:斯巴达 (自治市),Sparti,Greece
***ERROR:堅尼地道 (德爾班),"Kennedy Road, Durban"
***ERROR:芬代爾 (朗達卡嫩塔夫),"Ferndale, Rhondda Cynon Taf"
***ERROR:新橋 (卡菲利),"Newbridge, Caerphilly"
***ERROR:中村 (練馬區),Nakamura,Japan
***ERROR:中町 (武藏野市),Nakachō,Japan
***ERROR:中原 (武藏村山市),Nakahara,Japan
***ERROR:巴爾黑德 (蘇格蘭),Barrhead,United Kingdom
***ERROR:北 (國立市),Kita,Japan
***ERROR:Metung市,Metung,Australia
***ERROR:中野上町a,Nakano-Kamichō,Japan
***ERROR:中里 (清瀨市),Nakazato,Japan
***ERROR:帕里斯 (自由邦省),Parys,South Africa
***ERROR:威靈頓 (新南威爾士省),Wellington,Australia
***ERROR:中澤 (多摩市),Nakazawa,Japan
***ERROR:北町 (國分寺市),Kitamachi,Japan
***ERROR:壽町 (東京都府中市),Kotobukichō,Japan
***ERROR:光町 (國分寺市),Hikarichō,Japan
***ERROR:元鄉 (川口市),Motogō,Japan
***ERROR:北糀谷,Kita-Kōjiya,Japan
***ERROR:阿爾法 (昆士蘭州),Alpha,Australia
***ERROR:神戶 (川口市),Gōdo,Japan
***ERROR:神明 (武藏村山市),Shinmei,Japan
***ERROR:八幡町 (武藏野市),Yahatachō,Japan
***ERROR:曼斯菲爾德（維多利亞省）,Mansfield,Australia
***ERROR:尤羅亞（維多利亞省）,Euroa,Australia
***ERROR:笹塚,Sasazuka,Japan
***ERROR:普林普頓-懷俄明,Plympton–Wyoming,Canada
***ERROR:愛宕 (東京都港區),Atago,Japan
***ERROR:三田 (東京都港區),Mita,Japan
***ERROR:尼力 (阿富汗),Nili,Afghanistan
***ERROR:青海 (江東區),Aomi,Japan
***ERROR:法蘭克福 (自由邦省),"Frankfort, Free State"
***ERROR:內藤 (國分寺市),Naitō,Japan
***ERROR:卡拉 (東開普省),"Cala, Eastern Cape"
***ERROR:菲利普斯敦 (北開普省),"Philipstown, Northern Cape"
***ERROR:埃爾薩爾托 (杜蘭戈州),"El Salto, Durango"
***ERROR:坂町 (新宿區),Sakamachi,Japan
***ERROR:堀之內 (足立區),Horinouchi,Japan
***ERROR:大藏町 (町田市),Ōkuramachi,Japan
***ERROR:登德倫 (林波波省),"Dendron, Limpopo"
***ERROR:聖布拉斯 (墨西哥),"San Blas, Nayarit"
***ERROR:克賴頓 (夸祖魯-納塔爾省),"Creighton, KwaZulu-Natal"
***ERROR:本多 (國分寺市),"Honda, Tokyo"
***ERROR:美志賀丘 (橫濱市),Utsukushigaoka,Japan
***ERROR:能谷 (町田市),Nōgaya,Japan
***ERROR:綠町 (八王子市),Midorichō,Japan
***ERROR:綠町 (東京都府中市),Midorichō,Japan
***ERROR:綠町 (武藏野市),Midorichō,Japan
***ERROR:綾瀨 (足立區),Ayase,Japan
***ERROR:大南 (武藏村山市),Ōminami,Japan
***ERROR:學園 (武藏村山市),Gakuen,Japan
***ERROR:小竹町 (練馬區),Kotakechō,Japan
***ERROR:本町 (武藏村山市),Honmachi,Japan
***ERROR:木曾町 (町田市),Kiso-Machi,Japan
***ERROR:宮城 (足立區),Miyagi,Japan
***ERROR:綠丘 (武藏村山市),Midorigaoka,Japan
***ERROR:杉田 (橫濱市),Sugita,Japan
***ERROR:夜光 (日本),Yakō,Japan
***ERROR:曉町 (八王子市),Akatsukichō,Japan
***ERROR:綠町 (昭島市),Midorichō,Japan
***ERROR:綠町 (立川市),Midorichō,Japan
***ERROR:貢布 (東開普省),Qumbu,South Africa
***ERROR:東元町 (國分寺市),Higashi-Motomachi,Japan
***ERROR:天普頓 (彭布羅克郡),"Templeton, Pembrokeshire"
***ERROR:岸 (武藏村山市),Kishi,Japan
***ERROR:查茨沃思 (昆士兰州),Chatsworth,Australia
***ERROR:佩迪 (東開普省),Peddie,South Africa
***ERROR:本町 (國分寺市),Honchō,Japan
***ERROR:境 (武藏野市),Sakai,Japan
***ERROR:大澤 (三鷹市),Ōsawa,Japan
***ERROR:堀之內 (八王子市),Horinouchi,Japan
***ERROR:東 (國立市),Higashi,Japan
***ERROR:奧爾代斯 (林波波省),Alldays,South Africa
***ERROR:查珀爾頓 (牙買加),"Chapelton, Jamaica"
***ERROR:赤塚 (板橋區),Akatsuka,Japan
***ERROR:蓮根 (板橋區),Hasune,Japan
***ERROR:西元町 (國分寺市),Nishi-Motomachi,Japan
***ERROR:柯克伍德 (東開普省),"Kirkwood, Eastern Cape"
***ERROR:麥克利爾 (東開普省),"Maclear, Eastern Cape"
***ERROR:青井 (足立區),Aoi,Japan
***ERROR:馬引澤 (多摩市),Mahikizawa,Japan
***ERROR:馆町（八王子市）,Tatemachi,Japan
***ERROR:大岡村 (埼玉縣),Ōokamura,Japan
***ERROR:足立 (足立區),Adachi,Japan
***ERROR:藤丘 (橫濱市),Fujigaoka,Japan
***ERROR:東糀谷,Higashi-Kōjiya,Japan
***ERROR:關戶 (多摩市),Sekido,Japan
***ERROR:關 (埼玉市),Seki,Japan
***ERROR:越野 (八王子市),Koshino,Japan
***ERROR:西 (國立市),Nishi,Japan
***ERROR:平井 (江戶川區),Hirai,Japan
***ERROR:西糀谷,Nishi-Kōjiya,Japan
***ERROR:高砂 (葛飾區),Takasago,Japan
***ERROR:白金 (東京都港區),Shirokane,Japan
***ERROR:錦 (練馬區),Nishiki,Japan
***ERROR:谷中 (足立區),Yanaka,Japan
***ERROR:常磐町 (水戶市),Tokiwachō,Japan
***ERROR:日本橋馬喰町,Nihonbashi-Bakurochō,Japan
***ERROR:春日町 (練馬區),Kasugachō,Japan
***ERROR:廣袴 (町田市),Hirobakama,Japan
***ERROR:溫頓（維多利亞省）,Winton,Australia
***ERROR:花畑 (足立區),Hanahata,Japan
***ERROR:高木町 (國分寺市),Takagichō,Japan
***ERROR:西町 (國分寺市),Nishimachi,Japan
***ERROR:牟禮 (三鷹市),Mure,Japan
***ERROR:切斯特 (康涅狄格州),Chester,United States of America
***ERROR:華盛頓園林（Washington Grove）,Washington Grove,United States of America
***ERROR:西港 (馬利蘭州),Westernport,United States of America
***ERROR:成瀨 (町田市),Naruse,Japan
***ERROR:淺間町 (東京都府中市),Sengenchō,Japan
***ERROR:瀧山町 (八王子市),Takiyamamachi,Japan
***ERROR:漢登 (康涅狄格州),Hamden,United States of America
***ERROR:志村 (板橋區),Shimura,Japan
***ERROR:御殿山 (武藏野市),Gotenyama,Japan
***ERROR:戶塚 (川口市),Tozuka,Japan
***ERROR:戶倉 (國分寺市),Tokura,Japan
***ERROR:黑川 (川崎市),Kurokawa,Japan
***ERROR:東海芬 (康乃狄克州),East Haven,United States of America
***ERROR:泉 (國立市),Izumi,Japan
***ERROR:姆拉達-博萊斯拉夫,Mladá Boleslav,Czech Republic
***ERROR:斯托克布里奇（麻薩諸塞州）,Stockbridge,United States of America
***ERROR:泉町 (國分寺市),Izumichō,Japan
***ERROR:溫莎洛克斯 (康乃狄克),Windsor Locks,United States of America
***ERROR:白廳鎮 (紐約州),Whitehall,United States of America
***ERROR:奥尔萨 (佛罗里达州),Altha,United States of America
***ERROR:阿尔图纳 (阿拉巴马州),Altoona,United States of America
***ERROR:阿克頓 (麻薩諸塞州),Acton,United States of America
***ERROR:星期五港 (華盛頓州),Friday Harbor,United States of America
***ERROR:聖洛倫佐 (塔里哈省),San Lorenzo,Bolivia
***ERROR:沃倫頓 (弗吉尼亞州),Warrenton,United States of America
***ERROR:波玛 (科罗拉多州),Bow Mar,United States of America
***ERROR:哥伦布 (新墨西哥州),Columbus,United States of America
***ERROR:瓦德斯博羅 (北卡羅萊納州),Wadesboro,United States of America
***ERROR:橫川町 (八王子市),Yokokawamachi,Japan
***ERROR:卡羅萊納海灘 (北卡羅萊納州),Carolina Beach,United States of America
***ERROR:櫻丘 (多摩市),Sakuragaoka,Japan
***ERROR:提姆·萊維特,Bloomsburg,United States of America
***ERROR:考彭斯 (南卡罗来纳州),Cowpens,United States of America
***ERROR:伊莉莎白角 (緬因州),Cape Elizabeth,United States of America
***ERROR:椿 (足立區),Tsubaki,Japan
***ERROR:弗里代克-米斯泰克,Frýdek-Místek,Czech Republic
***ERROR:布雷肯里奇 (科罗拉多州),Breckenridge,United States of America
***ERROR:榮町 (東京都府中市),Sakaechō,Japan
***ERROR:橫山町 (八王子市),Yokoyamachō,Japan
***ERROR:愛德華堡 (市鎮),Fort Edward,United States of America
***ERROR:櫻町 (川口市),Sakurachō,Japan
***ERROR:布伦特伍德 (新罕布什尔州),Brentwood,United States of America
***ERROR:牛頓 (新澤西州),Newton,United States of America
***ERROR:奇罗 (南卡罗来纳州),Cheraw,United States of America
***ERROR:科罗纳 (南达科他州),Corona,United States of America
***ERROR:榎 (武藏村山市),Enoki,Japan
***ERROR:法明頓 (西維吉尼亞州),Farmington,United States of America
***ERROR:科尔 (路易斯安那州),Colfax,United States of America
***ERROR:榮町 (立川市),Sakaechō,Japan
***ERROR:克莱尔市 (南达科他州),Claire City,United States of America
***ERROR:米爾頓 (新罕布什爾州),Milton,United States of America
***ERROR:西哈特福 (康乃狄克州),Waterford,United States of America
***ERROR:牡蠣灣鎮 (紐約州),Oyster Bay,United States of America
***ERROR:狄龙 (科罗拉多州),Dillon,United States of America
***ERROR:安德森 (阿拉巴马州),Anderson,United States of America
***ERROR:赫拉德茨-克拉洛韦,Hradec Králové,Czech Republic
***ERROR:小鷹 (北卡羅萊納州),Kitty Hawk,United States of America
***ERROR:紀伯倫 (北卡羅來納州),Zebulon,United States of America
***ERROR:普蘭菲爾德 (印第安納州),Plainfield,United States of America
***ERROR:匹茲弗 (紐約州),"Pittsford, New York"
***ERROR:西港 (康奈迪克州),Westport,United States of America
***ERROR:霍利斯頓 (麻薩諸塞州),Holliston,United States of America
***ERROR:沃特維爾 (華盛頓州),Waterville,United States of America
***ERROR:格里菲斯維爾 (阿肯色州),Griffithville,United States of America
***ERROR:奧良(麻州),Orleans,United States of America
***ERROR:伊登頓 (北卡羅萊納州),Edenton,United States of America
***ERROR:東漢普頓鎮 (紐約州),"East Hampton (town), New York"
***ERROR:布埃纳文图拉 (科罗拉多州),Buena Vista,United States of America
***ERROR:沙溪 (北卡羅來納州),Sandy Creek,United States of America
***ERROR:韋斯特維爾 (奧克拉荷馬州),Westville,United States of America
***ERROR:霍利斯普林斯 (北卡羅來納州),Holly Springs,United States of America
***ERROR:奥特雷 (南达科他州),Ortley,United States of America
***ERROR:除魔山 (北卡羅萊納州),Kill Devil Hills,United States of America
***ERROR:贝特斯伯格-利斯维尔,Batesburg-Leesville,United States of America
***ERROR:Herndon市,"Herndon, Fairfax County
***ERROR:林德 (華盛頓州),Lind,United States of America
***ERROR:弗倫奇利克 (印第安納州),French Lick,United States of America
***ERROR:魯勒爾里特里特 (維吉尼亞洲),Rural Retreat,United States of America
***ERROR:古力壩 (華盛頓州),Coulee Dam,United States of America
***ERROR:紐伯恩 (田納西州),Newbern,United States of America
***ERROR:亞科爾特 (華盛頓州),Yacolt,United States of America
***ERROR:克里斯汀 (德克薩斯州),Christine,United States of America
***ERROR:克萊頓 (新墨西哥州),Clayton,United States of America
***ERROR:韋斯特波特 (紐約州),Westport,United States of America
***ERROR:蒂弗頓 (羅得島州),Tiverton,United States of America
***ERROR:大馬士革 (維吉尼亞州),Damascus,United States of America
***ERROR:克利夫頓 (弗吉尼亞州),Clifton,United States of America
***ERROR:拉塔 (南卡罗来纳州),Latta,United States of America
***ERROR:吉爾福德(康乃狄克州),Guilford,United States of America
***ERROR:艾斯利普鎮（紐約）,Islip,United States of America
***ERROR:霹靂鎮 (喬治亞州),Thunderbolt,United States of America
***ERROR:沃克斯華 (北卡羅萊納州),Waxhaw,United States of America
***ERROR:阿斯塔卢拉 (佛罗里达州),Astatula,United States of America
***ERROR:里奇菲爾德 (康乃狄克州),Ridgefield,United States of America
***ERROR:鲍德温 (佛罗里达州),Baldwin,United States of America
***ERROR:溫莎鎮 (北卡羅來納州),Windsor,United States of America
***ERROR:肯辛頓（Kensington）,Kensington,United States of America
***ERROR:斯塔巴克 (華盛頓州),Starbuck,United States of America
***ERROR:倫敦德利鎮 (新罕布什爾州),Londonderry,United States of America
***ERROR:霍奇登 (緬因州),Hodgdon,United States of America
***ERROR:威廉斯頓 (北卡羅來納州),Williamston,United States of America
***ERROR:溫特維爾 (北卡羅萊納州),Winterville,United States of America
***ERROR:格拉斯頓伯里 (康乃狄克州),Glastonbury,United States of America
***ERROR:独立村 (路易斯安那州),Independence,United States of America
***ERROR:巴恩斯維爾（Barnesville）,Barnesville,United States of America
***ERROR:英語 (印第安納州),English,United States of America
***ERROR:默丘里 (內華達州),Mercury,United States of America
***ERROR:曼斯菲爾德 (華盛頓州),Mansfield,United States of America
***ERROR:港口湾群岛 (佛罗里达州),Bay Harbor Islands,United States of America
***ERROR:玄武岩 (科罗拉多州),Basalt,United States of America
***ERROR:森特維爾 (田納西州),Centerville,United States of America
***ERROR:博福特 (北卡羅萊納州),Beaufort,United States of America
***ERROR:雷明頓 (印第安納州),Remington,United States of America
***ERROR:贝菲尔德 (科罗拉多州),Bayfield,United States of America
***ERROR:馬什菲爾德 (麻薩諸塞州),Marshfield,United States of America
***ERROR:巴斯科姆 (佛罗里达州),Bascom,United States of America
***ERROR:傑克森 (喬治亞州),Jackson,United States of America
***ERROR:法爾茅斯 (麻薩諸塞州),Falmouth,United States of America
***ERROR:噴泉山 (阿肯色州),Fountain Hill,United States of America
***ERROR:芒特基斯科 (紐約州),Mount Kisco,United States of America
***ERROR:比佛利海滩 (佛罗里达州),Beverly Beach,United States of America
***ERROR:奧斯威加茨 (紐約州),Oswegatchie,United States of America
***ERROR:南安普敦 (紐約州),Southampton,United States of America
***ERROR:亨麗埃塔 (紐約州),Henrietta,United States of America
***ERROR:格兰德艾尔 (路易斯安那州),Grand Isle,United States of America
***ERROR:盖登 (路易斯安那州),Gueydan,United States of America
***ERROR:哈佛 (麻薩諸塞州),Harvard,United States of America
***ERROR:謝爾丹 (印第安納州),Sheridan,United States of America
***ERROR:提康德羅加 (紐約州),Ticonderoga,United States of America
***ERROR:比弗 (阿肯色州),Beaver,United States of America
***ERROR:史密斯敦 (紐約),Smithtown,United States of America
***ERROR:傑斯珀 (田納西州),Jasper,United States of America
***ERROR:新溫德瑟 (紐約),New Windsor,United States of America
***ERROR:亨普斯特德 (紐約州),Hempstead,United States of America
***ERROR:梅里克 (紐約州),Merrick,United States of America
***ERROR:罗德尼 - 斯塔基,Stuckey,United States of America
***ERROR:北堡 (紐約州),North Castle,United States of America
***ERROR:利奥-锡达维尔,Leo-Cedarville,United States of America
***ERROR:弗賴堡 (緬因州),Fryeburg,United States of America
***ERROR:愛丁堡 (印第安那州),Edinburgh,United States of America
***ERROR:蓋瑞特（Garrett）,Garrett Park,United States of America
***ERROR:克利夫頓 (紐約),Clifton,United States of America
***ERROR:格林威爾 (紐約州奧蘭治縣),Greenville,United States of America
***ERROR:塞德萊茨-普爾奇采,Sedlec-Prčice,Czech Republic
***ERROR:伍德伯里 (紐約州奧蘭治縣),Woodbury,United States of America
***ERROR:貝德福德 (新罕布什爾州),Bedford,United States of America
***ERROR:Canelas (Vila Nova de Gaia),"Canelas, Vila Nova de Gaia"
***ERROR:克利夫頓 (緬因州),Clifton,United States of America
***ERROR:傑斯納 (捷克共和國),Desná,Czech Republic
***ERROR:薩拉曼卡鎮 (紐約州),"Salamanca (town), New York"
***ERROR:Pampilhosa,Pampilhosa,Portugal
***ERROR:派恩維爾 (西維吉尼亞州),Pineville,United States of America
***ERROR:Grijó (Vila Nova de Gaia),Grijó,Portugal
***ERROR:Válega,Válega,Portugal
***ERROR:Pias,Pias,Portugal
***ERROR:圣佩德罗-达科瓦,São Pedro da Cova,Portugal
***ERROR:Lever,Lever,Portugal
***ERROR:Cesar,Cesar,Portugal
***ERROR:Sobrado (Valongo),Sobrado,Portugal
***ERROR:桑迪溪 (紐約州),Sandy Creek,United States of America
***ERROR:Roriz,Roriz,Portugal
***ERROR:Paço de Sousa,Q994659,Portugal
***ERROR:帕拉达 (布拉干萨),Parada,Portugal
***ERROR:São Tomé de Negrelos,Negrelos,Portugal
***ERROR:Torno,"Torno, Portugal"
***ERROR:Rebordões,Rebordões,Portugal
***ERROR:Vila Nova de Milfontes,Vila Nova de Milfontes,Portugal
***ERROR:Serzedo (Vila Nova de Gaia),"Serzedo, Vila Nova de Gaia"
***ERROR:Baltar (Paredes),Baltar,Portugal
***ERROR:Vila das Aves,Vila das Aves,Portugal
***ERROR:Sobrosa,Q1705876,Portugal
***ERROR:São Félix da Marinha,São Félix da Marinha,Portugal
***ERROR:Cete,Cete,Portugal
***ERROR:Santa Bárbara de Padrões,Santa Bárbara de Padrões,Portugal
***ERROR:黑石 (維珍尼亞州),Blackstone,United States of America
***ERROR:普特南谷 (紐約),Putnam Valley,United States of America
***ERROR:São Paio de Oleiros,São Paio de Oleiros,Portugal
***ERROR:Nogueira da Regedoura,Nogueira da Regedoura,Portugal
***ERROR:Pedroso (Vila Nova de Gaia),Pedroso,Portugal
***ERROR:Perosinho,Perosinho,Portugal
***ERROR:Valongo do Vouga,Valongo do Vouga,Portugal
***ERROR:羅克斯伯里 (康涅狄格州),Roxbury,United States of America
***ERROR:Juromenha (Nossa Senhora do Loreto),Juromenha,Portugal
***ERROR:Torre de Dona Chama,Torre de Dona Chama,Portugal
***ERROR:斯科茨維爾 (維吉尼亞州),Scottsville,United States of America
***ERROR:查塔姆 (維吉尼亞州),Chatham,United States of America
***ERROR:São Marcos da Ataboeira,São Marcos da Ataboeira,Portugal
***ERROR:圣马蒂纽-杜坎普,Campo (São Martinho),Portugal
***ERROR:紐約州（鎮）,Jay,United States of America
***ERROR:霍金斯 (鎮，威斯康辛州),"Hawkins (town), Wisconsin"
***ERROR:Vilela (Paredes),Q1966063,Portugal
***ERROR:蓋奇 (俄克拉荷馬州),Gage,United States of America
***ERROR:Vila Nova de São Bento,Vila Nova de São Bento,Portugal
***ERROR:Amareleja,Amareleja,Portugal
***ERROR:森特勒利亞 (紐約州),Stockton,United States of America
***ERROR:Angeja,Angeja,Portugal
***ERROR:列諾克斯 (麻薩諸塞州),Lenox,United States of America
***ERROR:Silvalde,Q633233,Portugal
***ERROR:林恩 (印第安納州),Lynn,United States of America
***ERROR:菲也特 (紐約),Fayette,United States of America
***ERROR:Argozelo,Argozelo,Portugal
***ERROR:Cano (Sousel),Q163139,Portugal
***ERROR:Sobreira,Q681115,Portugal
***ERROR:Olival,Olival,Portugal
***ERROR:拉耶茨-耶斯特熱比,Rájec-Jestřebí,Czech Republic
***ERROR:阿尔库-迪鲍利,Arco de Baúlhe,Portugal
***ERROR:鄧巴頓 (新罕布什爾州),Dunbarton,United States of America
***ERROR:埃勒爾 (新罕布什爾州),Errol,United States of America
***ERROR:Mamarrosa,Mamarrosa,Portugal
***ERROR:喬治敦 (緬因州),Georgetown,United States of America
***ERROR:泰晤 (尼泊爾),Thame,United Kingdom
***ERROR:São Teotónio,São Teotónio,Portugal
***ERROR:Gafanha da Encarnação,Gafanha da Encarnação,Portugal
***ERROR:門羅 (康乃狄克州),Monroe,United States of America
***ERROR:桑德蘭 (麻薩諸塞州),Sunderland,United States of America
***ERROR:蒙蒂塞洛 (緬因州),Monticello,United States of America
***ERROR:Maceda,Maceda,Portugal
***ERROR:Águas Santas (Maia),Águas Santas,Portugal
***ERROR:Raiva (Castelo de Paiva),Raiva,Portugal
***ERROR:布魯克林 (康涅狄格州),Brooklyn,United States of America
***ERROR:Fajões,Fajões,Portugal
***ERROR:卡斯特市 (奧克拉荷馬州),Custer City,United States of America
***ERROR:Santa Maria de Sardoura,Santa Maria de Sardoura,Portugal
***ERROR:Nogueira do Cravo,Nogueira do Cravo,Portugal
***ERROR:紐培茲，紐約,New Paltz,United States of America
***ERROR:Torreira,Torreira,Portugal
***ERROR:埃尔温·,Erwin,United States of America
***ERROR:迪爾派克 (紐約州),Deerpark,United States of America
***ERROR:São Pedro de Castelões,Q2257152,Portugal
***ERROR:圣若昂-迪奥瓦尔,São João de Ovar,Portugal
***ERROR:São Roque,São Roque,Portugal
***ERROR:Rates,Rates,Portugal
***ERROR:Argoncilhe,Argoncilhe,Portugal
***ERROR:Custóias,Custóias,Portugal
***ERROR:Sandim,Sandim,Portugal
***ERROR:Caldas de São Jorge,Caldas de São Jorge,Portugal
***ERROR:貝德福德 (紐約州),Bedford,United States of America
***ERROR:Valadares,Valadares,Portugal
***ERROR:Paços de Brandão,Paços de Brandão,Portugal
***ERROR:Pinheiro da Bemposta,Pinheiro da Bemposta,Portugal
***ERROR:湯馬斯頓 (緬因州),Thomaston,United States of America
***ERROR:São João de Vêr,São João de Vêr,Portugal
***ERROR:Pardilhó,Pardilhó,Portugal
***ERROR:靜水鎮 (紐約州),Stillwater,United States of America
***ERROR:黎巴嫩 (康涅狄格州),Lebanon,United States of America
***ERROR:巴托 (喬治亞州),Bartow,United States of America
***ERROR:博爾 (捷克),Bor,Czech Republic
***ERROR:Arrifana (Santa Maria da Feira),Arrifana,Portugal
***ERROR:Santa Marinha do Zêzere,Santa Marinha do Zêzere,Portugal
***ERROR:Santa Maria de Lamas,Santa Maria de Lamas,Portugal
***ERROR:Souto,Souto,Portugal
***ERROR:Oliveirinha,Oliveirinha,Portugal
***ERROR:Recarei,Recarei,Portugal
***ERROR:Palhaça,Palhaça,Portugal
***ERROR:Murtosa (freguesia),Murtosa,Portugal
***ERROR:彭布羅克 (緬因州),Pembroke,United States of America
***ERROR:Sangalhos,Sangalhos,Portugal
***ERROR:Troviscal,Troviscal,Portugal
***ERROR:Rio Meão,Rio Meão,Portugal
***ERROR:科赫特拉-耶爾韋,Kohtla-Järve,Estonia
***ERROR:緬因州（鎮）,Jay,United States of America
***ERROR:坎顿 (纽约州),Canton,United States of America
***ERROR:Salreu,Salreu,Portugal
***ERROR:布里爾 (白金漢郡),Brill,United Kingdom
***ERROR:Birgitz,Birgitz,Austria
***ERROR:斯托克·曼德維爾,Stoke Mandeville,United Kingdom
***ERROR:諾斯布魯克 (伊利諾伊州),Northbrook,United States of America
***ERROR:格尼 (伊利諾州),Gurnee,United States of America
***ERROR:(俄占)丘米坎,Chumikan,Russia
***ERROR:格倫伍德（伊利諾州）,Glenwood,United States of America
***ERROR:斯特賴克 (俄亥俄州),Stryker,United States of America
***ERROR:Kefermarkt,Kefermarkt,Austria
***ERROR:1770 (昆士蘭州),Seventeen Seventy,Australia
***ERROR:伊格爾河 (威斯康星州),Eagle River,United States of America
***ERROR:史科基村 (伊利諾伊州),Skokie,United States of America
***ERROR:大學公園 (伊利諾州),"University Park, Illinois"
***ERROR:里普利 (俄亥俄),Ripley,United States of America
***ERROR:奥尔内 (默兹省),Ornes,France
***ERROR:林奇 (內布拉斯加州),Lynch,United States of America
***ERROR:克利夫頓 (俄亥俄),Clifton,United States of America
***ERROR:克拉克斯維爾 (俄亥俄州),Clarksville,United States of America
***ERROR:撒達得 (敘利亞),Sadad,Syria
***ERROR:卡尤加縣 (紐約州),Aurora,United States of America
***ERROR:卢韦蒙科泰-迪普瓦夫尔,Louvemont-Côte-du-Poivre,France
***ERROR:布里斯托 (內布拉斯加州),Bristow,United States of America
***ERROR:比克 (林肯郡),Bicker,United Kingdom
***ERROR:米勒斯波特 (俄亥俄州),Millersport,United States of America
***ERROR:屈米埃莱-莫尔翁,Cumières-le-Mort-Homme,France
***ERROR:白廳 (紐約州),"Whitehall (village), New York"
***ERROR:阿諾卡 (內布拉斯加州),Anoka,United States of America
***ERROR:康登 (俄亥俄州),Camden,United States of America
***ERROR:Šiprage,Šiprage,Bosnia and Herzegovina
***ERROR:卡里 (愛沙尼亞),"Kaali, Estonia"
***ERROR:布洛頓 (俄亥俄州),Broughton,United States of America
***ERROR:芤日诶骻,Coreca,Italy
***ERROR:帕勒泰恩 (伊利諾州),Palatine,United States of America
***ERROR:貝爾波特 (紐約),Bellport,United States of America
***ERROR:派恩赫斯特 (北卡羅來納州),Pinehurst,United States of America
***ERROR:南安普敦村 (紐約州),"Southampton (village), New York"
***ERROR:格羅斯 (內布拉斯加州),Gross,United States of America
***ERROR:東威利斯頓 (紐約州),East Williston,United States of America
***ERROR:前港村 (紐約州),Head of the Harbor,United States of America
***ERROR:約翰遜城 (紐約州),Johnson City,United States of America
***ERROR:斷頭谷 (紐約州),Sleepy Hollow,United States of America
***ERROR:西安普頓灘 (紐約州),Westhampton Beach,United States of America
***ERROR:薩姆納堡 (新墨西哥州),Fort Sumner,United States of America
***ERROR:史賓賽 (內布拉斯加州),Spencer,United States of America
***ERROR:薩芬 (紐約州),Suffern,United States of America
***ERROR:尤寧斯普林斯 (紐約州),Union Springs,United States of America
***ERROR:阿施瓦貝農 (威斯康辛州),Ashwaubenon,United States of America
***ERROR:格蘭維爾 (俄亥俄州),Granville,United States of America
***ERROR:哈里曼 (紐約州),Harriman,United States of America
***ERROR:多布斯碼頭 (紐約州),Dobbs Ferry,United States of America
***ERROR:伯德特 (紐約州),Burdett,United States of America
***ERROR:伊甸 (威斯康星州),Eden,United States of America
***ERROR:內珀 (內布拉斯加州),Naper,United States of America
***ERROR:肖爾伍德 (威斯康辛州),Shorewood,United States of America
***ERROR:海崖 (紐約),Sea Cliff,United States of America
***ERROR:林登維爾 (佛蒙特州),Lyndonville,United States of America
***ERROR:哈德遜福爾斯 (紐約州),Hudson Falls,United States of America
***ERROR:格蘭克 (伊利諾州),Glencoe,United States of America
***ERROR:海恩尼斯港 (麻薩諸塞州),Hyannis,United States of America
***ERROR:霍金斯 (威斯康辛州),Hawkins,United States of America
***ERROR:克利夫頓 (伊利諾伊州),Clifton,United States of America
***ERROR:Ka波段,Itasca,United States of America
***ERROR:本佐尼亞 (密歇根州),Benzonia,United States of America
***ERROR:春湖 (密歇根州),Spring Lake,United States of America
***ERROR:亨普斯特德 (紐約州),"Hempstead (village), New York"
***ERROR:威爾士 (威斯康辛州),Wales,United States of America
***ERROR:維利希夫齊-拉濟,Q3850815,Ukraine
***ERROR:薩馬里-奧里霍維,Q4406465,Ukraine
***ERROR:蘇爾西科-利托夫西克,Sursko-Lytovske,Ukraine
***ERROR:尼維-古賓西基,Q4318497,Ukraine
***ERROR:胡托羅-恰普利涅,Khutoro-Chaplyne,Ukraine
***ERROR:利河 (英格蘭),River Lea,United Kingdom
***ERROR:阿拉貢河 (西班牙),Alagón River,Spain
***ERROR:帕斯河 (西班牙),Pas,Spain
***ERROR:烏利亞河 (西班牙),Ulla,Spain
***ERROR:錫爾河 (西班牙),Sil,Spain
***ERROR:格蘭德河 (巴拉那河),Grande River,Brazil
***ERROR:漳河 (山西),Zhang River,People's Republic of China
***ERROR:艾爾河 (英國),River Aire,United Kingdom
***ERROR:埃爾斯-維夫河,Hers-Vif,France
***ERROR:克雷姆斯河 (下奧地利州),Krems,Austria
***ERROR:舍黑利斯河 (華盛頓州),Chehalis River,United States of America
***ERROR:武姆河 (安珀河支流),Würm,Germany
***ERROR:烏帕河 (易北河支流),Úpa,Czech Republic
***ERROR:魯爾河 (馬士河支流),Rur,Netherlands
***ERROR:魯爾河 (馬士河支流),Rur,Germany
***ERROR:弗羅姆河 (多塞特郡),River Frome,United Kingdom
***ERROR:奧爾河 (紹爾河支流),Our,Luxembourg
***ERROR:頓河 (亞伯丁郡),River Don,United Kingdom
***ERROR:阿河 (法国),Aa River,France
***ERROR:丹河 (中東),Dan River,Israel
***ERROR:Bhadra河,Bhadra River,India
***ERROR:阿爾河 (蘭河支流),Aar (Lahn),Germany
***ERROR:奧爾河 (紹爾河支流),Our,Belgium
***ERROR:奧爾河 (紹爾河支流),Our,Germany
***ERROR:比亞河 (加納),Bia River,Ivory Coast
***ERROR:比亞河 (加納),Bia River,Ghana
***ERROR:波河 (阿杜爾河支流),Gave de Pau,France
***ERROR:奧德河 (法國),Aude,France
***ERROR:Klehini河,Klehini River,United States of America
***ERROR:伊爾河 (法國),Ill,France
***ERROR:拉哈河 (智利),Laja River,Chile
***ERROR:Klehini河,Klehini River,Canada
***ERROR:荒川 (關東),Arakawa River,Japan
***ERROR:孔卡河 (意大利),Conca,Italy
***ERROR:Natashquan河,Natashquan River,Canada
***ERROR:阿努伊河 (薩哈共和國),Anyuy River,Russia
***ERROR:別拉亞河 (庫班河流域),Belaya River,Russia
***ERROR:特斯河 (瑞士),Töss,Switzerland
***ERROR:奧赫熱河 (易北河支流),Ohre,Germany
***ERROR:別拉亞河 (安加拉河支流),Bolshaya Belaya River,Russia
***ERROR:河狸溪 (阿拉斯加),Beaver Creek,United States of America
***ERROR:別拉亞河 (阿納德爾河支流),Belaya River,Russia
***ERROR:菲爾斯河 (巴登－符騰堡州),Fils,Germany
***ERROR:尼達河 (美因河支流),Nidda,Germany
***ERROR:布祖盧克河 (薩馬拉河支流),Q1017804,Russia
***ERROR:奧克河 (阿勒爾河支流),Oker,Germany
***ERROR:基爾河 (萊茵蘭-普法爾茨州),Kyll,Belgium
***ERROR:基爾河 (萊茵蘭-普法爾茨州),Kyll,Germany
***ERROR:頓河 (中昆士蘭),Q1239475,Australia
***ERROR:伊通河 (法國),Iton,France
***ERROR:聖胡安河 (阿根廷),San Juan River,Argentina
***ERROR:埃爾斯-莫特河,Hers-Mort,France
***ERROR:伊勒河 (多爾多涅河支流),Isle,France
***ERROR:奧恩河 (摩澤爾河支流),Orne,France
***ERROR:韋勒河 (埃納河支流),Vesle,France
***ERROR:錫卡河 (芬蘭),Siikajoki,Finland
***ERROR:多布拉河 (庫帕河支流),Dobra,Croatia
***ERROR:塞萊河 (意大利),Sele,Italy
***ERROR:黑河 (阿拉斯加),Black River,United States of America
***ERROR:布洛德河 (卡羅萊納),Broad River,United States of America
***ERROR:杜布納河 (道加瓦河流域),Dubna River,Latvia
***ERROR:Lié,Lié,France
***ERROR:木筏水道 (慕尼黑),Q1430431,Germany
***ERROR:格蘭德河（南達科他州）,Grand River,United States of America
***ERROR:瓜達盧佩河 (德克薩斯州),Guadalupe River,United States of America
***ERROR:卡拉河 (芬蘭),Kalajoki,Finland
***ERROR:沙河 (自由邦省),Sand River,South Africa
***ERROR:白河 (育空),White River,Canada
***ERROR:白河 (育空),White River,United States of America
***ERROR:密西西比河 (安大略),Mississippi River,Canada
***ERROR:阿西-加拉纳河,Athi-Galana-Sabaki River,Kenya
***ERROR:D河,D River,United States of America
***ERROR:阿克斯河 (德文郡),River Axe,United Kingdom
***ERROR:德拉瓦河 (波蘭),Drawa,Poland
***ERROR:Wharfe河,River Wharfe,United Kingdom
***ERROR:馬爾哈河 (勒拿河支流),Markha River,Russia
***ERROR:三澤川 (多摩川水系),Q1938602,Japan
***ERROR:早川 (神奈川縣),Q3128804,Japan
***ERROR:查馬河 (委內瑞拉),Chama River,Venezuela
***ERROR:頓河 (南約克郡),River Don,United Kingdom
***ERROR:羅訥河 (瑞典),Råne River,Sweden
***ERROR:奎盧-尼阿里河,Kouilou-Niari River,Republic of the Congo
***ERROR:白河 (印第安納州),White River,United States of America
***ERROR:奇爾卡-克米河,Q2140165,Russia
***ERROR:平原河 (魁北克省),Rivière des Prairies,Canada
***ERROR:杜爾塞河 (危地馬拉),Dulce River,Guatemala
***ERROR:南溪河 (元江),Nanxi River,Vietnam
***ERROR:雅克·卡蒂埃河,Jacques-Cartier River,Canada
***ERROR:謝斯特拉河 (莫斯科州),Sestra River,Russia
***ERROR:阿揚-尤里亞赫河,Q2558362,Russia
***ERROR:薩爾河 (西班牙),Sar,Spain
***ERROR:奧奇丘圭-博圖奧布亞河,Ochchuguy-Botuobuya,Russia
***ERROR:格蘭德河 (俄克拉何馬州),Grand River,United States of America
***ERROR:白河 (阿肯色州),White River,United States of America
***ERROR:阿爾加-尤里亞赫河,Arga-Yuryakh,Russia
***ERROR:鰻魚河 (加利福尼亞州),Eel River,United States of America
***ERROR:白河 (華盛頓州),White River,United States of America
***ERROR:托雷河 (索查河支流),Torre,Italy
***ERROR:蒂薩河 (奧卡河支流),Q3529435,Russia
***ERROR:穆拉河 (西班牙),Mula,Spain
***ERROR:泰晤士河 (康乃狄克州),Thames River,United States of America
***ERROR:Rohinī河,Rohni River,India
***ERROR:薩林河 (堪薩斯州),Saline River,United States of America
***ERROR:富水 (长江),Fushui River,People's Republic of China
***ERROR:韋爾薩河 (塔納羅河支流),Versa,Italy
***ERROR:比尤克-卡拉蘇河,Q4087686,Russia
***ERROR:北勢溪 (新北市),Beishi River,Taiwan
***ERROR:比尤克-卡拉蘇河,Q4087686,Ukraine
***ERROR:白河 (潮白河),Q4075784,People's Republic of China
***ERROR:基爾吉日-基泰河,Q4221170,Ukraine
***ERROR:基爾吉日-基泰河,Q4221170,Moldova
***ERROR:卡耶-卡耶河,Calle-Calle River,Chile
***ERROR:米薩河 (意大利),Misa,Italy
***ERROR:庫倫格-尤留伊埃河,Q4248976,Russia
***ERROR:入間川 (埼玉縣),Iruma River,Japan
***ERROR:墨江 (北江支流),Q4305154,People's Republic of China
***ERROR:馬利諾夫卡河 (彼爾姆邊疆區),Malinovka River,Russia
***ERROR:莫曲 (不丹),Mo Chhu,Bhutan
***ERROR:布蘭科河 (德州),Blanco River,United States of America
***ERROR:浈江 (河流),Q4515542,People's Republic of China
***ERROR:聖佩德羅河 (智利),San Pedro River,Chile
***ERROR:武江 (河流),Q4479700,People's Republic of China
***ERROR:塔納-蘇河,Q4451023,Russia
***ERROR:塔納-蘇河,Q4451023,Ukraine
***ERROR:堤頓河 (愛達荷州),Teton River,United States of America
***ERROR:锦江 (北江支流),Jin River,People's Republic of China
***ERROR:薩拉-尤雷蓋河,Q4405570,Russia
***ERROR:伊利諾伊河 (俄克拉何馬州),Illinois River,United States of America
***ERROR:清泉溪 (新澤西州),Fresh Kills,United States of America
***ERROR:頓河 (北昆士蘭),Don River,Australia
***ERROR:卡頓伍德河 (堪薩斯州),Cottonwood River,United States of America
***ERROR:淺川 (東京都),Asa River,Japan
***ERROR:清水溪 (宜蘭縣),Cingshuei River,Taiwan
***ERROR:克拉倫斯河 (阿拉斯加州–育空),Clarence River,Canada
***ERROR:克拉倫斯河 (阿拉斯加州–育空),Clarence River,United States of America
***ERROR:梂江,Cầu River,Vietnam
***ERROR:Gibb河,Gibb River,Australia
***ERROR:大布盧河 (堪薩斯州),Big Blue River,United States of America
***ERROR:德拉瓦河 (堪薩斯州),Delaware River,United States of America
***ERROR:黑部川 (千葉縣),Kurobe River,Japan
***ERROR:芝川 (埼玉縣),Shiba River,Japan
***ERROR:泰勒河 (華盛頓州),Taylor River,United States of America
***ERROR:境川 (東京都、神奈川縣),Katase River,Japan
***ERROR:宮川 (三重縣),Miya River,Japan
***ERROR:宁江 (梅江支流),Ning River,People's Republic of China
***ERROR:北河 (哈德遜河),North River,United States of America
***ERROR:新川 (愛知縣名古屋市),Shin River,Japan
***ERROR:涅瓦河 (秘魯),Nieva River,Peru
***ERROR:潢河 (淮河),Huang River,People's Republic of China
***ERROR:穆那-穆薩河,Mula-Mutha River,India
***ERROR:清水河 (乌江),Qingshuihe River,People's Republic of China
***ERROR:埃爾克河 (俄克拉何馬州),Elk River,United States of America
***ERROR:埃爾克河 (堪薩斯州),Elk River,United States of America
***ERROR:荖濃溪,Laonong River,Taiwan
***ERROR:练江 (广东),Lian River,People's Republic of China
***ERROR:雙溪 (新北市),Shuang River,Taiwan
***ERROR:塭子川,Q9779959,Taiwan
***ERROR:長瀨川 (大阪府),Q11653384,Japan
***ERROR:Urique河,Urique River,Mexico
***ERROR:湳仔溝,Q10395799,Taiwan
***ERROR:白河 (內華達州),White River,United States of America
***ERROR:斯普林河 (密蘇里州),Spring River,United States of America
***ERROR:廍子溪,Q11064256,Taiwan
***ERROR:野田川 (兵庫縣),Q11645973,Japan
***ERROR:桑皮特河 (印度尼西亞),Sampit River,Indonesia
***ERROR:長津川 (千葉縣),Q11653245,Japan
***ERROR:薩馬拉河 (危地馬拉),Samalá River,Guatemala
***ERROR:小江 (金沙江支流),Q10959395,People's Republic of China
***ERROR:永宁河 (长江上游支流),Q11131507,People's Republic of China
***ERROR:浉河 (河流),Q11148120,People's Republic of China
***ERROR:石角溪 (臺北市),Q10440760,Taiwan
***ERROR:舊川 (埼玉縣),Q11511045,Japan
***ERROR:新堀排水路 (埼玉縣),Q11501616,Japan
***ERROR:日野川 (福井縣),Q11510583,Japan
***ERROR:木戶川 (千葉縣),Q11518415,Japan
***ERROR:東川 (埼玉縣),Q11526789,Japan
***ERROR:鳳山溪 (高雄市),Chienchen River,Taiwan
***ERROR:鹿島川 (千葉縣),Kashima River,Japan
***ERROR:高田川 (奈良縣),Takada River,Japan
***ERROR:小坑溪 (石門區),Q10958486,Taiwan
***ERROR:沙河 (颍河),Q11140202,People's Republic of China
***ERROR:泉河 (颍河),Q11143225,People's Republic of China
***ERROR:月河 (淮河),Q11091975,People's Republic of China
***ERROR:大津川 (千葉縣),Ōtsu River,Japan
***ERROR:天白川 (愛知縣),Q11443111,Japan
***ERROR:油河 (涡河),Q11142656,People's Republic of China
***ERROR:浍河 (怀洪新河),Q11148146,People's Republic of China
***ERROR:多多羅川 (德島縣),Q11430580,Japan
***ERROR:坪井川 (千葉縣),Q11537607,Japan
***ERROR:木戶川 (船橋市),Q11518416,Japan
***ERROR:水無川 (神奈川縣),Q11548944,Japan
***ERROR:江川 (北本市、桶川市),Q11550879,Japan
***ERROR:小野川 (千葉縣),Ono River,Japan
***ERROR:黑川 (熊本縣),Kurokawa River,Japan
***ERROR:杉原川 (兵庫縣),Q11521756,Japan
***ERROR:江川堀 (埼玉縣),Q11550895,Japan
***ERROR:永宁河 (嘉陵江支流),Q11131504,People's Republic of China
***ERROR:新川 (埼玉市),Q11502048,Japan
***ERROR:梅田川 (宮城縣),Q11538612,Japan
***ERROR:松溪 (臺北市),Q11104751,Taiwan
***ERROR:鼬川 (富山市),Q11259472,Japan
***ERROR:中村川 (三重縣),Q11365552,Japan
***ERROR:格倫-塔尚河,Q12098069,Ukraine
***ERROR:梅川镇 (岷县),Q11114814,People's Republic of China
***ERROR:东沙河 (浍河),Q10870589,People's Republic of China
***ERROR:八連溪 (三芝區),Q10892431,Taiwan
***ERROR:白川 (熊本縣),Shirakawa River,Japan
***ERROR:黑河 (四川),Q10567309,People's Republic of China
***ERROR:㵲阳河,Wu River,People's Republic of China
***ERROR:南港溪 (南投縣),Nankang River,Taiwan
***ERROR:后塘河 (鄞东南),Q10917850,People's Republic of China
***ERROR:吴公河 (颍河),Q10919317,People's Republic of China
***ERROR:北汝河 (汝河),Q10903181,People's Republic of China
***ERROR:北汝河 (沙河),Q10903183,People's Republic of China
***ERROR:𩻸魚堀溪,Q11182046,Taiwan
***ERROR:里布尼克-邁丹西基河,Q12147897,Ukraine
***ERROR:思川 (栃木縣),Q11491516,Japan
***ERROR:廣瀨川 (宮城縣),Hirose River,Japan
***ERROR:神崎川 (千葉縣),Q11589634,Japan
***ERROR:神戶川 (島根縣),Q11589890,Japan
***ERROR:北坑溪 (新竹市),Q10902629,Taiwan
***ERROR:决水 (古河流),Q10895523,People's Republic of China
***ERROR:利民河 (射阳县),Q10898366,People's Republic of China
***ERROR:北港溪 (南投縣),Q10903688,Taiwan
***ERROR:北港溪 (新北市),Q10903689,Taiwan
***ERROR:包河 (浍河),Q10901616,People's Republic of China
***ERROR:𤩲瑪蘭坑溪,Q11182039,Taiwan
***ERROR:鹿寮溪 (臺東縣),Q11174994,Taiwan
***ERROR:南港溪 (苗栗縣),Q10908512,Taiwan
***ERROR:市川 (兵庫縣,Q11480127,Japan
***ERROR:菖蒲川 (埼玉縣),Q11619953,Japan
***ERROR:谷田川 (群馬縣),Q11633043,Japan
***ERROR:犀川 (長野縣),Saigawa River,Japan
***ERROR:笹瀨川,Q11602473,Japan
***ERROR:濱田川 (千葉縣),Q11557954,Japan
***ERROR:竹田川 (福井縣),Q11599331,Japan
***ERROR:大坑溪 (新北市),Q10934411,Taiwan
***ERROR:加茂川 (千葉縣),Kamo River,Japan
***ERROR:內川 (大阪府),Q11394014,Japan
***ERROR:六鄉堀 (埼玉縣),Q11392580,Japan
***ERROR:滑川 (埼玉縣),Q11565004,Japan
***ERROR:綠川 (熊本縣),Q11607819,Japan
***ERROR:豎川 (埼玉県),Q11598486,Japan
***ERROR:湊川 (兵庫縣),Q11563141,Japan
***ERROR:湊川 (千葉縣),Q11563142,Japan
***ERROR:秋山川 (栃木縣),Q11594980,Japan
***ERROR:犀川 (石川縣),Saigawa River,Japan
***ERROR:大坑溪 (臺中市),Q10934412,Taiwan
***ERROR:大沙河 (涡河),Q10936214,People's Republic of China
***ERROR:马岭河 (荔浦河),Q15955519,People's Republic of China
***ERROR:黃河 (威斯康辛州),Yellow River,United States of America
***ERROR:西塘河 (宁波),Q15940813,People's Republic of China
***ERROR:盧加-斯維諾里卡河,Q12118581,Ukraine
***ERROR:維爾河 (喬治亞),Vere River,Georgia
***ERROR:磺溪 (臺北市),Q15914374,Taiwan
***ERROR:別吉姆-喬克拉克河,Q16273950,Ukraine
***ERROR:知內川 (北海道),Shiriuchi River (Hokkaido),Japan
***ERROR:太阳河 (海南),Taiyang River,People's Republic of China
***ERROR:哈斯塔-巴什河,Q16713645,Russia
***ERROR:竹溪 (臺南市),Q15926827,Taiwan
***ERROR:清水溪 (南投縣),Q15925317,Taiwan
***ERROR:茄苳溪,Q17194226,Taiwan
***ERROR:戈爾小溪 (新南威爾斯州),Gore Creek (New South Wales),Australia
***ERROR:二重川 (千葉縣),Q17212826,Japan
***ERROR:茄苳溪,Q16929285,Taiwan
***ERROR:砂卡礑溪,Q21041653,Taiwan
***ERROR:波尼溪 (堪薩斯州),Pawnee Creek,United States of America
***ERROR:瑪鋉溪,Q16929123,Taiwan
***ERROR:𫙮魚坑溪,Q16929515,Taiwan
***ERROR:吉利博喬克河 (烏什齊亞河支流),Q23848466,Ukraine
***ERROR:沃夫喬克河 (烏什齊亞河支流),Q23827731,Ukraine
***ERROR:沃季亞納河 (沃夫恰河支流),Q23827782,Ukraine
***ERROR:卡利尼夫卡河 (戈倫河支流),Q23954889,Ukraine
***ERROR:多馬哈河 (南布格河支流),Q23949879,Ukraine
***ERROR:茲加羅克河 (茲加爾河右支流),Q23954858,Ukraine
***ERROR:萊姆斯通溪 (堪薩斯州),Limestone Creek,United States of America
***ERROR:布佐瓦河 (沃夫恰河支流),Q23813348,Ukraine
***ERROR:格尼拉河 (格拉巴爾卡河支流),Q23893433,Ukraine
***ERROR:韋爾布卡河 (南布格河支流),Q23817398,Ukraine
***ERROR:博洛特尼亞河 (格尼拉利帕河支流),Q23816503,Ukraine
***ERROR:巴季格河 (日萬河支流),Q23807301,Ukraine
***ERROR:魯達河 (斯盧奇河支流),Q23925794,Ukraine
***ERROR:博古什夫卡河 (烏特卡河支流),Q23808512,Ukraine
***ERROR:安德里伊夫卡河 (日萬奇克河支流),Q23807060,Ukraine
***ERROR:比爾卡河 (霍莫拉河支流),Q23808045,Ukraine
***ERROR:格尼拉河 (布佐克河支流),Q23889006,Ukraine
***ERROR:伊斯梅尔·索莫尼峰,Ismoil Somoni Peak,Tajikistan
***ERROR:城山 (東京都、神奈川縣),Q614896,Japan
***ERROR:富山 (千葉縣),Mount Tomi,Japan
***ERROR:摩西山 (摩洛哥),Jebel Moussa,Morocco
***ERROR:華盛頓山 (新罕布什爾州),Mount Washington,United States of America
***ERROR:內華達山脈 (複式火山),Sierra Nevada,Chile
***ERROR:加舒爾布魯木IV峰,Gasherbrum IV,Pakistan
***ERROR:加舒爾布魯木IV峰,Gasherbrum IV,People's Republic of China
***ERROR:內瓦多·德·烏伊拉火山,Nevado del Huila,Colombia
***ERROR:Kummenberg山,Q946172,Austria
***ERROR:阿蘇爾峰 (智利),Cerro Azul,Chile
***ERROR:Puncak Mandala,Puncak Mandala,Indonesia
***ERROR:拉斯·达善峰,Ras Dashen,Ethiopia
***ERROR:奥霍斯-德尔萨拉多山,Ojos del Salado,Chile
***ERROR:杰贝尔·阿尔泰尔岛,Jabal al-Tair Island,Yemen
***ERROR:內瓦多·德·魯伊斯火山,Nevado del Ruiz,Colombia
***ERROR:大山 (神奈川縣),Mount Ōyama,Japan
***ERROR:Ofu島,Ofu-Olosega,United States of America
***ERROR:托尔多基-亚尼山,Tordoki Yani,Russia
***ERROR:加舒尔布鲁木II峰,Gasherbrum II,Pakistan
***ERROR:加舒爾布魯木III峰,Gasherbrum III,Pakistan
***ERROR:加舒爾布魯木III峰,Gasherbrum III,People's Republic of China
***ERROR:黑山 (澳洲首都特區),Black Mountain,Australia
***ERROR:阿爾涅伊-恰沙孔賈火山,Alney-Chashakondzha,Russia
***ERROR:秋葉山 (靜岡縣),Mount Akiha,Japan
***ERROR:Quill火山,The Quill,Kingdom of the Netherlands
***ERROR:Quill火山,The Quill,Netherlands
***ERROR:Poike火山,Poike,Chile
***ERROR:加舒尔布鲁木I峰,Gasherbr,Pakistan
***ERROR:Bellenden Ker國家公園,Mount Bellenden Ker,Australia
***ERROR:赤城山 (日本),Mount Akagi,Japan
***ERROR:K12峰,K12,India
***ERROR:Ventoux山,Mont Ventoux,France
***ERROR:Dylewska Góra,Dylewska Góra,Poland
***ERROR:Slieve Croob山,Slieve Croob,United Kingdom
***ERROR:约翰·劳里山,Mount John Laurie,Canada
***ERROR:Odin山,Mount Odin,Canada
***ERROR:天台山 (四川),Q3322146,People's Republic of China
***ERROR:阿里山 (非洲),Mousa Ali,Djibouti
***ERROR:阿里山 (非洲),Mousa Ali,Eritrea
***ERROR:阿里山 (非洲),Mousa Ali,Ethiopia
***ERROR:Mangerton山,Mangerton Mountain,Ireland
***ERROR:威爾遜山 (加利福尼亞州),Mount Wilson,United States of America
***ERROR:2010年默拉皮火山喷发,2010 eruptions of Mount Merapi,Indonesia
***ERROR:药王山 (拉萨),Chokpori,People's Republic of China
***ERROR:彌山 (廣島縣),Mount Misen,Japan
***ERROR:伍德山 (育空),Mount Wood,Canada
***ERROR:Superstition山,Superstition Mountains,Mexico
***ERROR:Torc山,Torc Mountain,Ireland
***ERROR:Superstition山,Superstition Mountains,United States of America
***ERROR:城山 (沖繩縣),Mount Gusuku,Japan
***ERROR:鋸山 (千葉縣),Mount Nokogiri,Japan
***ERROR:八仙山 (台中市),Eight Immortals Mountain,Taiwan
***ERROR:天门山 (张家界),Tianmen Mountain,People's Republic of China
***ERROR:魔鬼坡 (蒙大拿州),Devil's Slide,United States of America
***ERROR:卡蘭-洛斯韋納多斯火山,Carrán-Los Venados,Chile
***ERROR:太平山 (太平),Bukit Larut,Malaysia
***ERROR:Teigafjall,Teigafjall,Faroe Islands
***ERROR:笔架山 (锦州),Bijia Mountain,People's Republic of China
***ERROR:Vermio山,Vermio Mountains,Greece
***ERROR:青山 (香港),"Castle Peak, Hong Kong"
***ERROR:雷電山（後志支廳）,Mount Raiden,Japan
***ERROR:摩星嶺 (香港),"Mount Davis, Hong Kong"
***ERROR:鷓鴣山 (香港),Razor Hill,People's Republic of China
***ERROR:云台山 (河南),Yuntai Mountain,People's Republic of China
***ERROR:豹山 (紐約州),Panther Mountain,United States of America
***ERROR:蓮花山 (大嶼山),Lin Fa Shan,People's Republic of China
***ERROR:天宝山 (京畿道),Cheonbosan,South Korea
***ERROR:清溪山 (加平郡),Cheonggyesan (Pocheon/Gapyeong),South Korea
***ERROR:维多利亚山 (巴拉望),"Mount Victoria, Palawan"
***ERROR:愛宕山 (南房總市),Mount Atago,Japan
***ERROR:金峰山 (山梨縣、長野縣),Mount Kinpu,Japan
***ERROR:清溪山 (杨平郡),Cheonggyesan,South Korea
***ERROR:莫戈永-達蒂爾火山原,Mogollon-Datil volcanic field,United States of America
***ERROR:独山 (南阳),Mount Du,People's Republic of China
***ERROR:加里山 (京畿道),Garisan,South Korea
***ERROR:東山 (香港),Tung Shan,People's Republic of China
***ERROR:尧山 (鲁山县),Mount Yao,People's Republic of China
***ERROR:訊號山 (懷俄明州),Signal Mountain (Wyoming),United States of America
***ERROR:槙尾山,Mount Makio,Japan
***ERROR:龍王山 (讚岐山脈),Q11598360,Japan
***ERROR:妙見山 (養父市、香美町),Mount Myōken,Japan
***ERROR:大刀屻,Tai To Yan,People's Republic of China
***ERROR:飯盛山 (福島縣),Mount Iimoriyama,Japan
***ERROR:大雪山 (台灣),Dasyue Mountain,Taiwan
***ERROR:中津峽 (埼玉縣),Q11366436,Japan
***ERROR:弁天山 (德島市),Q11065854,Japan
***ERROR:燒山 (丹澤),Q10871866,Japan
***ERROR:靈山 (福島縣),Q11660708,Japan
***ERROR:蒂維薩-萬德略斯山脈,Q11937986,Spain
***ERROR:米爾波山 (卡哈坦博),Millpu (Cajatambo),Peru
***ERROR:普卡薩亞山 (莫克瓜大區),Pukasaya (Moquegua),Peru
***ERROR:皮柳內山 (卡斯蒂利亞省),Pilluni (Castilla),Peru
***ERROR:亞納烏爾庫山 (坎奇斯省),Yana Orjo (Canchis),Peru
***ERROR:普特卡山 (利馬大區),Putka (Lima),Peru
***ERROR:亞納瓦拉山 (阿雷基帕大區),Yanawara (Arequipa),Peru
***ERROR:米納斯尼約克山 (庫斯科大區),Minasniyuq (Cusco),Peru
***ERROR:米納斯尼約克山 (阿雷基帕-庫斯科),Minasniyuq (Arequipa-Cusco),Peru
***ERROR:阿南塔山 (阿雷基帕大區),Ananta (Arequipa),Peru
***ERROR:克爾卡塔山 (阿雷基帕-莫克瓜),Qillqata (Arequipa-Moquegua),Peru
***ERROR:普卡蘭拉山 (阿雷基帕大區),Pukaranra (Arequipa),Peru
***ERROR:瓦利亞塔內山 (秘魯),Wallatani (Peru),Peru
***ERROR:奇拉山 (阿雷基帕大區),Ch'ila (Castilla-Caylloma),Peru
***ERROR:孔多里山 (庫斯科大區),Kunturi (Cusco),Peru
***ERROR:米柳山 (阿普里馬克大區),Millu (Apurímac),Peru
***ERROR:里蒂帕塔山 (阿亞庫喬大區),Rit'ipata (Ayacucho),Peru
***ERROR:維拉科略山 (秘魯),Wila Qullu (Peru),Peru
***ERROR:象山 (台北市),"Xiangshan, Taipei"
***ERROR:阿凡达-哈利路亚山,Avatar Hallelujah Mountain,People's Republic of China
***ERROR:雞公山 (西貢),Kai Kung Shan,People's Republic of China
***ERROR:帕查庫特克山 (庫斯科大區),Pachakutiq (Cusco),Peru
***ERROR:帕科卡瓦山 (薩瓦亞省),Phaq'u Q'awa (Sabaya),Bolivia
***ERROR:拉拉姆卡瓦山 (潘多),Laram Q'awa (Pando),Bolivia
***ERROR:孔多里山 (康德蘇約斯省),Kunturi (Condesuyos),Peru
***ERROR:北大刀屻,Pak Tai To Yan,People's Republic of China
***ERROR:Tchinemba,Tchinemba,Angola
***ERROR:烏魯汝－卡塔楚塔國家公園,Uluru,Australia
***ERROR:孔多里山 (塔魯卡尼),Kunturi (Tarucani),Peru
***ERROR:孔多里山 (拉烏尼翁省),Kunturi (La Unión),Peru
***ERROR:柳斯卡里蒂山 (普諾大區),Llusk'a Rit'i (Corani),Peru
***ERROR:普卡薩亞山 (阿雷基帕大區),Pukasaya (Arequipa),Peru
***ERROR:克爾卡塔山 (康德蘇約斯-拉烏尼翁),Qillqata (Condesuyos-La Unión),Peru
***ERROR:皮柳內山 (阿普里馬克-庫斯科),Pilluni (Apurímac-Cusco),Peru
***ERROR:霍爾帕山 (卡斯蒂利亞省),Qullpa (Castilla),Peru
***ERROR:Henneneck,Henneneck,Germany
***ERROR:丘瓦紐馬山 (拉烏尼翁省),Ch'uwañuma (La Unión),Peru
***ERROR:柳斯卡里蒂山 (庫斯科-普諾),Llusk'a Rit'i (Cusco-Puno),Peru
***ERROR:皮柳內山 (拉烏尼翁省),Pilluni (La Unión),Peru
***ERROR:斯圖爾湖 (耶斯特里克蘭),Storsjön,Sweden
***ERROR:哈爾湖 (扎布汗省),Khar Lake,Mongolia
***ERROR:Chirkey水壩,Chirkey Dam,Russia
***ERROR:錫達湖 (曼尼托巴省),Cedar Lake,Canada
***ERROR:基延格-丘耶利湖,Q930182,Russia
***ERROR:埃文斯湖 (魁北克),Lake Evans,Canada
***ERROR:科爾維爾湖 (西北地區),Colville Lake,Canada
***ERROR:黑湖 (黑山共和國),Black Lake,Montenegro
***ERROR:ITA 水力發電廠,Itá Hydroelectric Power Plant,Brazil
***ERROR:路易斯·岡薩加水壩,Luiz Gonzaga Dam,Brazil
***ERROR:達瑙湖 (雷伊泰省),Lake Danao,Philippines
***ERROR:大特勞特湖 (安大略省),Big Trout Lake,Canada
***ERROR:月牙湖 (華盛頓州),Lake Crescent,United States of America
***ERROR:Água Vermelha 水壩,Alicurá Dam,Argentina
***ERROR:Lac de Payolle,Lac de Payolle,France
***ERROR:Timiskaming湖,Lake Timiskaming,Canada
***ERROR:蓝潟湖 (冰岛),Blue Lagoon,Iceland
***ERROR:Bento Munhoz 水力發電廠,Bento Munhoz Hydroelectric Plant,Brazil
***ERROR:Caruachi 水壩,Caruachi Dam,Venezuela
***ERROR:布萊克湖 (薩斯喀徹溫省),Black Lake,Canada
***ERROR:滆湖,Ge Lake,People's Republic of China
***ERROR:Toxaway湖,Lake Toxaway,United States of America
***ERROR:埃索-納奇馬湖,Iso-Naakkima,Finland
***ERROR:百花洲 (济南),Hundred Flower Pond,People's Republic of China
***ERROR:鹿湖 (卑詩省),Deer Lake,Canada
***ERROR:Upper Stillwater壩,Upper Stillwater Reservoir,United States of America
***ERROR:Couchiching湖,Lake Couchiching,Canada
***ERROR:SIAH Bishe 抽水蓄能發電廠,Siah Bishe Pumped Storage Power Plant,Iran
***ERROR:Kvilldal 水力發電廠,Ulla-Førre,Norway
***ERROR:埃文斯湖 (俄亥俄州),Evans Lake,United States of America
***ERROR:太平湖 (安徽),Taiping Lake,People's Republic of China
***ERROR:桃湖 (西藏),Q11112341,People's Republic of China
***ERROR:月牙湖 (西藏),Q11092013,People's Republic of China
***ERROR:平湖 (錦田),Q11061133,People's Republic of China
***ERROR:洞庭湖 (千葉縣),Q11555838,Japan
***ERROR:大沼 (七飯町),Q10936312,Japan
***ERROR:震生湖 (日本),Q11660676,Japan
***ERROR:龍潭湖 (宜蘭縣),"Longtan lake, Yilan"
***ERROR:Galbraith湖,Galbraith Lake,United States of America
***ERROR:龙塘水库 (平塘县),Q15935092,People's Republic of China
***ERROR:米山水库 (文登市),Q15941632,People's Republic of China
***ERROR:红旗水库 (绥棱),Q15955046,People's Republic of China
***ERROR:清河水库 (铁岭),Q15938337,People's Republic of China
***ERROR:田庄水库 (沂源),Q15935560,People's Republic of China
***ERROR:铁山水库 (岳阳),Q15938783,People's Republic of China
***ERROR:锦江水库 (恩平),Q15938953,People's Republic of China
***ERROR:Coedty 水庫,Coedty Reservoir,United Kingdom
***ERROR:Pythonga湖,Pythonga Lake,Canada
***ERROR:大湖 (仰光),Kandawgyi Lake,Myanmar
***ERROR:Alberto Lleras 水壩,Aldeadávila Dam,Spain
***ERROR:Fournière湖,Fournière Lake,Canada
***ERROR:Beauchastel湖,Beauchastel Lake,Canada
***ERROR:富蘭克林·D·羅斯福湖,Franklin D. Roosevelt Lake,United States of America
***ERROR:Gérin-Lajoie湖,Gérin-Lajoie Lake,Canada
***ERROR:长潭水库 (黄岩),Q15916545,People's Republic of China
***ERROR:青年水库 (海丰),Q15918449,People's Republic of China
***ERROR:红山水库 (赤峰),Q15920529,People's Republic of China
***ERROR:Pelletier湖,Pelletier Lake,Canada
***ERROR:湖Beaumesnil,Beaumesnil Lake,Canada
***ERROR:小湖Dufresnoy,Petit lac Dufresnoy,Canada
***ERROR:Yacyretá 水壩,Yacyretá Dam,Paraguay
***ERROR:Yacyretá 水壩,Yacyretá Dam,Argentina
***ERROR:岱山水库 (定远),Q11050327,People's Republic of China
***ERROR:岜蒙水库,Q11048744,People's Republic of China
***ERROR:幸福水库 (峡江),Q11061506,People's Republic of China
***ERROR:工农水库 (北安),Q11056552,People's Republic of China
***ERROR:庆丰水库 (蛟河),Q11062681,People's Republic of China
***ERROR:幸福水库 (营山),Q11061507,People's Republic of China
***ERROR:庆丰水库 (牟定),Q11062680,People's Republic of China
***ERROR:工农水库 (广元),Q11056562,People's Republic of China
***ERROR:幸福水库 (安陆),Q11061505,People's Republic of China
***ERROR:工农水库 (柳江),Gongneng Reservoir,People's Republic of China
***ERROR:八一水库 (盘山),Q10891878,People's Republic of China
***ERROR:土桥水库 (全椒),Q10927796,People's Republic of China
***ERROR:八一水库 (东辽),Q10891872,People's Republic of China
***ERROR:八一水库 (安康),Q10891875,People's Republic of China
***ERROR:八一水库 (瓦房店),Q10891876,People's Republic of China
***ERROR:复兴水库 (阿荣旗),Q10931733,People's Republic of China
***ERROR:复兴水库 (青神),Q10931734,People's Republic of China
***ERROR:团结水库 (宁都),Q10925714,People's Republic of China
***ERROR:土桥水库 (宜州),Q10927797,People's Republic of China
***ERROR:大坳水库 (上饶),Q10934505,People's Republic of China
***ERROR:八一水库 (元氏),Q10891873,People's Republic of China
***ERROR:八一水库 (肇州),Q10891879,People's Republic of China
***ERROR:土桥水库 (靖边),Q10927799,People's Republic of China
***ERROR:八一水库 (双辽),Q10891874,People's Republic of China
***ERROR:大塅水库,Q10934652,People's Republic of China
***ERROR:大江水库 (荔浦),Q10936179,People's Republic of China
***ERROR:大河口水库 (酉阳),Q10936256,People's Republic of China
***ERROR:大溪水库 (溧阳),Q10936571,People's Republic of China
***ERROR:大江水库 (临桂),Q10936178,People's Republic of China
***ERROR:大河水库 (晋宁),Q10936271,People's Republic of China
***ERROR:大河水库 (阳春),Q10936272,People's Republic of China
***ERROR:大清沟水库 (尚义),Q10936465,People's Republic of China
***ERROR:大溪水库 (枝城),Q10936570,People's Republic of China
***ERROR:大清沟水库 (彰武),Q10936466,People's Republic of China
***ERROR:二龙山水库 (梨树),Q10880527,People's Republic of China
***ERROR:五一水库 (九台),Q10881444,People's Republic of China
***ERROR:九龙水库 (瓦房店),Q10879665,People's Republic of China
***ERROR:五一水库 (兴和),Q10881446,People's Republic of China
***ERROR:九龙水库 (突泉),Q10879667,People's Republic of China
***ERROR:二龙山水库 (宾县),Q10880525,People's Republic of China
***ERROR:五一水库 (五大连池),Q10881445,People's Republic of China
***ERROR:Sobradinho 水壩,Sobradinho Dam,Brazil
***ERROR:向阳水库 (绥棱),Q10918224,People's Republic of China
***ERROR:周家水库 (昭平),Q10920422,People's Republic of China
***ERROR:向阳水库 (榆树),Q10918223,People's Republic of China
***ERROR:向阳水库 (崇州),Q10918222,People's Republic of China
***ERROR:周家水库 (营口),Q10920423,People's Republic of China
***ERROR:伯利·格里芬湖,Lake Burley Griffin,Australia
***ERROR:团结水库 (三台),Q10925710,People's Republic of China
***ERROR:团结水库 (内江),Q10925713,People's Republic of China
***ERROR:团结水库 (余庆),Q10925712,People's Republic of China
***ERROR:白山水库 (建平),Q15931043,People's Republic of China
***ERROR:石板水库 (平山),Q15931966,People's Republic of China
***ERROR:青山水库 (临安),Q15928212,People's Republic of China
***ERROR:黄山洞水库 (博罗县),Q15931158,People's Republic of China
***ERROR:白沙水库 (禹州),Q15931505,People's Republic of China
***ERROR:白石水库 (北票),Q15927940,People's Republic of China
***ERROR:观音岩水库 (孝昌),Q15926904,People's Republic of China
***ERROR:锦江水库 (仁化),Q15931953,People's Republic of China
***ERROR:石壁水库 (诸暨),Q15934244,People's Republic of China
***ERROR:罗坑水库 (电白),Q15932823,People's Republic of China
***ERROR:双河水库 (随州),Q10912214,People's Republic of China
***ERROR:双河水库 (长丰),Q10912213,People's Republic of China
***ERROR:友谊水库 (蒙溪河),Q10911712,People's Republic of China
***ERROR:石板水库 (丰都),Q15933315,People's Republic of China
***ERROR:茶山水库 (蒙山县),Q15933062,People's Republic of China
***ERROR:花山水库 (钟山),Q15932633,People's Republic of China
***ERROR:罗坑水库 (曲江),Q15932279,People's Republic of China
***ERROR:双江水库 (黎平县),Q15934138,People's Republic of China
***ERROR:上游水库 (高安),Q10868140,People's Republic of China
***ERROR:东溪水库 (仙游),Q10870745,People's Republic of China
***ERROR:东风水库 (嫩江),Q10871175,People's Republic of China
***ERROR:丰收水库 (砚山),Q10876951,People's Republic of China
***ERROR:上游水库 (大足),Q10868135,People's Republic of China
***ERROR:上游水库 (永川),Q10868137,People's Republic of China
***ERROR:东方红水库 (东阳),Q10870384,People's Republic of China
***ERROR:两河口水库 (随州),Q10871475,People's Republic of China
***ERROR:上游水库 (汨罗),Q10868138,People's Republic of China
***ERROR:上游水库 (绵阳),Q10868139,People's Republic of China
***ERROR:东方红水库 (莆田),Q10870385,People's Republic of China
***ERROR:东风水库 (习水),Q10871173,People's Republic of China
***ERROR:东风水库 (凤翔),Q10871174,People's Republic of China
***ERROR:东风水库 (浦城),Q10871178,People's Republic of China
***ERROR:东风水库 (巴彦),Q10871176,People's Republic of China
***ERROR:上游水库 (依安),Q10868134,People's Republic of China
***ERROR:上游水库 (嵩明),Q10868136,People's Republic of China
***ERROR:东溪水库 (武夷山),Q10870746,People's Republic of China
***ERROR:丰收水库 (象州),Q10876952,People's Republic of China
***ERROR:三道河水库 (本溪),Q10866966,People's Republic of China
***ERROR:柴河水库 (铁岭),Q11110168,People's Republic of China
***ERROR:三溪口水库 (闽侯),Q10866428,People's Republic of China
***ERROR:三道河水库 (南漳),Q10866965,People's Republic of China
***ERROR:三溪口水库 (泸县),Q10866427,People's Republic of China
***ERROR:长潭水库 (蕉岭),Q15934691,People's Republic of China
***ERROR:张家坝水库 (安宁市),Q15934621,People's Republic of China
***ERROR:横山水库 (奉化),Q11121392,People's Republic of China
***ERROR:永丰水库 (长丰),Q11130907,People's Republic of China
***ERROR:横山水库 (吉水),Q11121390,People's Republic of China
***ERROR:横山水库 (宜兴),Q11121393,People's Republic of China
***ERROR:永丰水库 (昭通),Q11130903,People's Republic of China
***ERROR:永丰水库 (科右前旗),Q11130905,People's Republic of China
***ERROR:七一水库 (广安),Q10864456,People's Republic of China
***ERROR:七一水库 (玉山),Q10864457,People's Republic of China
***ERROR:朝阳水库 (永吉),Q11092631,People's Republic of China
***ERROR:南河水库 (荆门),Q10908336,People's Republic of China
***ERROR:南河水库 (谷城),Q10908337,People's Republic of China
***ERROR:朝阳水库 (安岳),Q11092630,People's Republic of China
***ERROR:七一水库 (襄汾),Q10864458,People's Republic of China
***ERROR:沙河水库 (洋县),Q11140268,People's Republic of China
***ERROR:沙河水库 (枣阳),Q11140266,People's Republic of China
***ERROR:江口水库 (吉安),Q11133988,People's Republic of China
***ERROR:江口水库 (福锦),Q11133989,People's Republic of China
***ERROR:北山水库 (句容),Q10902850,People's Republic of China
***ERROR:华山水库 (永福),Q10905702,People's Republic of China
***ERROR:北山水库 (钟祥),Q10902851,People's Republic of China
***ERROR:华山水库 (泌阳),Q10905703,People's Republic of China
***ERROR:共和水库 (玉林),Q10893789,People's Republic of China
***ERROR:共青团水库 (德惠),Q10893834,People's Republic of China
***ERROR:官庄水库 (醴陵),Q10948371,People's Republic of China
***ERROR:龙潭水库 (酉阳),Q11181593,People's Republic of China
***ERROR:龙潭水库 (陆丰),Q11181595,People's Republic of China
***ERROR:关门山水库 (延寿),Q10894016,People's Republic of China
***ERROR:太平水库 (弥勒),Q10941406,People's Republic of China
***ERROR:官庄水库 (宜昌),Q10948370,People's Republic of China
***ERROR:官沟水库 (襄阳),Q10948419,People's Republic of China
***ERROR:共和水库 (桦南),Q10893787,People's Republic of China
***ERROR:太平水库 (东港),Q10941404,People's Republic of China
***ERROR:太平水库 (永康),Q10941407,People's Republic of China
***ERROR:太平水库 (舒兰),Q10941408,People's Republic of China
***ERROR:官沟水库 (凤阳),Q10948418,People's Republic of China
***ERROR:龙门水库 (北流),Q11181840,People's Republic of China
***ERROR:龙潭水库 (南宁),Q11181590,People's Republic of China
***ERROR:共青团水库 (农安),Q10893833,People's Republic of China
***ERROR:关门山水库 (永川),Q10894018,People's Republic of China
***ERROR:孙台水库 (吴起),Q10944661,People's Republic of China
***ERROR:安乐水库 (天长),Q10946329,People's Republic of China
***ERROR:安乐水库 (柳城),Q10946330,People's Republic of China
***ERROR:龙潭水库 (钟山),Q11181594,People's Republic of China
***ERROR:龙潭水库 (顺平),Q11181596,People's Republic of China
***ERROR:龙潭水库 (上犹),Q11181588,People's Republic of China
***ERROR:龙潭水库 (北票),Q11181589,People's Republic of China
***ERROR:龙潭水库 (谷城),Q11181591,People's Republic of China
***ERROR:新安水库 (扶绥),Q11082230,People's Republic of China
***ERROR:新安水库 (舒兰),Q11082233,People's Republic of China
***ERROR:新城水库 (延寿),Q11081950,People's Republic of China
***ERROR:新安水库 (晋江),Q11082231,People's Republic of China
***ERROR:新桥水库 (靖边),Q11082988,People's Republic of China
***ERROR:明星水库 (突泉),Q11087922,People's Republic of China
***ERROR:新城水库 (玉林),Q11081952,People's Republic of China
***ERROR:新桥水库 (江北),Q11082986,People's Republic of China
***ERROR:明星水库 (达县),Q11087923,People's Republic of China
***ERROR:洈水水库,Q11145525,People's Republic of China
***ERROR:洞口水库 (泰和),Q11146309,People's Republic of China
***ERROR:海龙水库 (梅河口),Q11151510,People's Republic of China
***ERROR:洞口水库 (永新),Q11146308,People's Republic of China
***ERROR:黄沙水库 (电白),Q11177820,People's Republic of China
***ERROR:黄沙水库 (赤壁),Q11177821,People's Republic of China
***ERROR:黄河水库 (磐石),Q11177859,People's Republic of China
***ERROR:黄河水库 (枣阳),Q11177858,People's Republic of China
***ERROR:鏡湖 (阿根廷),Espejo Lake,Argentina
***ERROR:奧西耶克-巴拉尼亞縣,Osijek-Baranja County,Croatia
***ERROR:波熱加-斯拉沃尼亞縣,Požega-Slavonia County,Croatia
***ERROR:卡里布縣 (愛達荷州),Caribou County,United States of America
***ERROR:泰恩-威爾郡,Tyne and Wear,United Kingdom
***ERROR:克拉皮納-扎戈列縣,Krapina-Zagorje County,Croatia
***ERROR:利卡-塞尼縣,Lika-Senj County,Croatia
***ERROR:布羅德-波薩維納縣,Brod-Posavina County,Croatia
***ERROR:杜布羅夫斯克-內雷特瓦縣,Dubrovnik-Neretva County,Croatia
***ERROR:科普里夫尼察-克里熱夫齊縣,Koprivnica-Križevci County,Croatia
***ERROR:別洛瓦爾-比洛戈拉縣,Bjelovar-Bilogora County,Croatia
***ERROR:維羅維蒂察-波德拉維納縣,Virovitica-Podravina County,Croatia
***ERROR:博伊西縣 (愛達荷州),Boise County,United States of America
***ERROR:喀細亞縣 (愛達荷州),Cassia County,United States of America
***ERROR:貝爾萊克縣 (愛達荷州),Bear Lake County,United States of America
***ERROR:武科瓦爾-斯里耶姆縣,Vukovar-Syrmia County,Croatia
***ERROR:聖路易斯-奧比斯波縣,San Luis Obispo County,United States of America
***ERROR:希貝尼克-克寧縣,Šibenik-Knin County,Croatia
***ERROR:斯普利特-達爾馬提亞縣,Split-Dalmatia County,Croatia
***ERROR:錫薩克-莫斯拉維納縣,Sisak-Moslavina County,Croatia
***ERROR:威爾縣 (伊利諾伊州),Will County,United States of America
***ERROR:邦德里縣 (愛達荷州),Boundary County,United States of America
***ERROR:波爾克縣 (愛阿華州),Polk County,United States of America
***ERROR:蒙哥馬利縣 (愛阿華州),Montgomery County,United States of America
***ERROR:劉易斯縣 (愛達荷州),Lewis County,United States of America
***ERROR:麥迪遜縣 (愛達荷州),Madison County,United States of America
***ERROR:布萊恩縣 (愛達荷州),Blaine County,United States of America
***ERROR:萊昂縣 (愛阿華州),Lyon County,United States of America
***ERROR:奧西歐拉縣 (愛阿華州),Osceola County,United States of America
***ERROR:猶尼昂縣 (愛阿華州),Union County,United States of America
***ERROR:門羅縣 (愛阿華州),Monroe County,United States of America
***ERROR:朗茲縣 (喬治亞州),Lowndes County,United States of America
***ERROR:蘇縣 (愛阿華州),Sioux County,United States of America
***ERROR:華盛頓縣 (喬治亞州),Washington County,United States of America
***ERROR:盧卡斯縣 (愛阿華州),Lucas County,United States of America
***ERROR:卡斯特縣 (愛達荷州),Custer County,United States of America
***ERROR:古丁縣 (愛達荷州),Gooding County,United States of America
***ERROR:巴斯縣 (維吉尼亞州),Bath County,United States of America
***ERROR:弗里蒙特縣 (愛達荷州),Fremont County,United States of America
***ERROR:弗米利恩縣 (伊利諾伊州),Vermilion County,United States of America
***ERROR:波卡洪塔斯縣 (愛阿華州),Pocahontas County,United States of America
***ERROR:瓊斯縣 (愛阿華州),Jones County,United States of America
***ERROR:坎寧縣 (愛達荷州),Canyon County,United States of America
***ERROR:基奧卡克縣 (愛阿華州),Keokuk County,United States of America
***ERROR:帕洛阿爾托縣 (愛阿華州),Palo Alto County,United States of America
***ERROR:本瓦縣 (愛達荷州),Benewah County,United States of America
***ERROR:特溫福爾斯縣 (愛達荷州),Twin Falls County,United States of America
***ERROR:阿米利亞縣 (維吉尼亞州),Amelia County,United States of America
***ERROR:加斯里縣 (愛阿華州),Guthrie County,United States of America
***ERROR:博特托爾特縣 (維吉尼亞州),Botetourt County,United States of America
***ERROR:卡默斯縣 (愛達荷州),Camas County,United States of America
***ERROR:格蘭迪縣 (愛阿華州),Grundy County,United States of America
***ERROR:米尼多卡縣 (愛達荷州),Minidoka County,United States of America
***ERROR:邦納縣 (愛達荷州),Bonner County,United States of America
***ERROR:路易莎縣 (愛阿華州),Louisa County,United States of America
***ERROR:马哈斯卡县 (艾奥瓦州),Mahaska County,United States of America
***ERROR:埃德加縣 (伊利諾伊州),Edgar County,United States of America
***ERROR:賓厄姆縣 (愛達荷州),Bingham County,United States of America
***ERROR:邦納維爾縣 (愛達荷州),Bonneville County,United States of America
***ERROR:凱恩縣 (伊利諾伊州),Kane County,United States of America
***ERROR:庫特內縣 (愛達荷州),Kootenai County,United States of America
***ERROR:不倫瑞克縣 (維吉尼亞州),Brunswick County,United States of America
***ERROR:富蘭克林縣 (愛達荷州),Franklin County,United States of America
***ERROR:提頓縣 (愛達荷州),Teton County,United States of America
***ERROR:馬歇爾縣 (愛阿華州),Marshall County,United States of America
***ERROR:埃爾莫爾縣 (愛達荷州),Elmore County,United States of America
***ERROR:奧奈達縣 (愛達荷州),Oneida County,United States of America
***ERROR:弗里蒙特縣 (愛阿華州),Fremont County,United States of America
***ERROR:費耶特縣 (愛阿華州),Fayette County,United States of America
***ERROR:佩埃特縣 (愛達荷州),Payette County,United States of America
***ERROR:內茲珀斯縣 (愛達荷州),Nez Perce County,United States of America
***ERROR:瓦利縣 (愛達荷州),Valley County,United States of America
***ERROR:貝德福縣 (維吉尼亞州),Bedford County,United States of America
***ERROR:特納縣 (喬治亞州),Turner County,United States of America
***ERROR:福特縣 (伊利諾伊州),Ford County,United States of America
***ERROR:格林縣 (愛阿華州),Greene County,United States of America
***ERROR:奧古斯塔-里奇蒙縣 (喬治亞州),Richmond County,United States of America
***ERROR:漢密爾頓縣 (愛阿華州),Hamilton County,United States of America
***ERROR:托馬斯縣 (喬治亞州),Thomas County,United States of America
***ERROR:普瓦斯基縣 (喬治亞州),Pulaski County,United States of America
***ERROR:特勒爾縣 (喬治亞州),Terrell County,United States of America
***ERROR:布坎南縣 (維吉尼亞州),Buchanan County,United States of America
***ERROR:狄更生縣 (維吉尼亞州),Dickenson County,United States of America
***ERROR:白金漢縣 (維吉尼亞州),Buckingham County,United States of America
***ERROR:肖肖尼縣 (愛達荷州),Shoshone County,United States of America
***ERROR:馬斯卡廷縣 (愛阿華州),Muscatine County,United States of America
***ERROR:奎特曼縣 (喬治亞州),Quitman County,United States of America
***ERROR:斯蒂芬斯縣 (喬治亞州),Stephens County,United States of America
***ERROR:泰勒縣 (喬治亞州),Taylor County,United States of America
***ERROR:薩姆特縣 (喬治亞州),Sumter County,United States of America
***ERROR:坎伯蘭縣 (維吉尼亞州),Cumberland County,United States of America
***ERROR:皮肯斯縣 (喬治亞州),Pickens County,United States of America
***ERROR:塔爾博特縣 (喬治亞州),Talbot County,United States of America
***ERROR:富蘭克林縣 (愛阿華州),Franklin County,United States of America
***ERROR:惠勒縣 (喬治亞州),Wheeler County,United States of America
***ERROR:弗洛伊德縣 (愛阿華州),Floyd County,United States of America
***ERROR:薩里縣 (維吉尼亞州),Surry County,United States of America
***ERROR:卡洛爾縣 (伊利諾伊州),Carroll County,United States of America
***ERROR:蒙哥馬利縣 (喬治亞州),Montgomery County,United States of America
***ERROR:賴特縣 (愛阿華州),Wright County,United States of America
***ERROR:漢考克縣 (喬治亞州),Hancock County,United States of America
***ERROR:塞米諾爾縣 (喬治亞州),Seminole County,United States of America
***ERROR:阿默斯特縣 (維吉尼亞州),Amherst County,United States of America
***ERROR:克雷格縣 (維吉尼亞州),Craig County,United States of America
***ERROR:坎貝爾縣 (維吉尼亞州),Campbell County,United States of America
***ERROR:沃克縣 (喬治亞州),Walker County,United States of America
***ERROR:保爾丁縣 (喬治亞州),Paulding County,United States of America
***ERROR:傑姆縣 (愛達荷州),Gem County,United States of America
***ERROR:布蘭德縣 (維吉尼亞州),Bland County,United States of America
***ERROR:普特南縣 (喬治亞州),Putnam County,United States of America
***ERROR:梅里韋瑟縣 (喬治亞州),Meriwether County,United States of America
***ERROR:牛頓縣 (喬治亞州),Newton County,United States of America
***ERROR:特魯普縣 (喬治亞州),Troup County,United States of America
***ERROR:特魯特倫縣 (喬治亞州),Treutlen County,United States of America
***ERROR:蘭道夫縣 (喬治亞州),Randolph County,United States of America
***ERROR:阿普森县 (佐治亚州),Upson County,United States of America
***ERROR:韋爾縣 (喬治亞州),Ware County,United States of America
***ERROR:奧布賴恩縣 (愛阿華州),O'Brien County,United States of America
***ERROR:羅克代爾縣 (喬治亞州),Rockdale County,United States of America
***ERROR:蒂夫特縣 (喬治亞州),Tift County,United States of America
***ERROR:特維格縣 (喬治亞州),Twiggs County,United States of America
***ERROR:齊巴赫縣 (南達科他州),Ziebach County,United States of America
***ERROR:皮亞特縣 (伊利諾伊州),Piatt County,United States of America
***ERROR:塔特納爾縣 (喬治亞州),Tattnall County,United States of America
***ERROR:米勒縣 (喬治亞州),Miller County,United States of America
***ERROR:麥克亨利縣 (伊利諾伊州),McHenry County,United States of America
***ERROR:傑羅姆縣 (愛達荷州),Jerome County,United States of America
***ERROR:哈伯沙姆縣 (喬治亞州),Habersham County,United States of America
***ERROR:杜瓦爾縣 (佛羅里達州),Duval County,United States of America
***ERROR:梅克倫堡縣 (維吉尼亞州),Mecklenburg County,United States of America
***ERROR:馬歇爾縣 (伊利諾伊州),Marshall County,United States of America
***ERROR:洛根縣 (伊利諾伊州),Logan County,United States of America
***ERROR:格蘭特縣 (維多利亞州),Grant,Australia
***ERROR:斯科特縣 (明尼蘇達州),Scott County,United States of America
***ERROR:沃倫縣 (伊利諾伊州),Warren County,United States of America
***ERROR:默瑟縣 (伊利諾伊州),Mercer County,United States of America
***ERROR:富爾頓縣 (伊利諾伊州),Fulton County,United States of America
***ERROR:莫雷縣 (明尼蘇達州),Murray County,United States of America
***ERROR:馬諾門縣 (明尼蘇達州),Mahnomen County,United States of America
***ERROR:高地縣 (維吉尼亞州),Highland County,United States of America
***ERROR:摩根縣 (伊利諾伊州),Morgan County,United States of America
***ERROR:比伯县 (佐治亚州),Bibb County,United States of America
***ERROR:派克縣 (伊利諾伊州),Pike County,United States of America
***ERROR:湯斯縣 (喬治亞州),Towns County,United States of America
***ERROR:羅克艾蘭縣 (伊利諾伊州),Rock Island County,United States of America
***ERROR:麥克萊德縣 (明尼蘇達州),McLeod County,United States of America
***ERROR:塔茲韋爾縣 (維吉尼亞州),Tazewell County,United States of America
***ERROR:盧嫩堡縣 (維吉尼亞州),Lunenburg County,United States of America
***ERROR:斯克里文縣 (喬治亞州),Screven County,United States of America
***ERROR:勒蘇爾縣 (明尼蘇達州),Le Sueur County,United States of America
***ERROR:桑加蒙縣 (伊利諾伊州),Sangamon County,United States of America
***ERROR:沃通旺县 (明尼苏达州),Watonwan County,United States of America
***ERROR:莫爾特里縣 (伊利諾伊州),Moultrie County,United States of America
***ERROR:易洛魁縣 (伊利諾伊州),Iroquois County,United States of America
***ERROR:马库平县 (伊利诺伊州),Macoupin County,United States of America
***ERROR:羅克布里奇縣 (維吉尼亞州),Rockbridge County,United States of America
***ERROR:太平县 (北齐),Q10941286,People's Republic of China
***ERROR:陭氏县,Q10565434,People's Republic of China
***ERROR:娄县 (清朝县份),Q10943805,People's Republic of China
***ERROR:賈爾斯縣 (維吉尼亞州),Giles County,United States of America
***ERROR:娄县 (江苏古县份),Q10943804,People's Republic of China
***ERROR:宾县 (古代),Q10879036,People's Republic of China
***ERROR:達科他縣 (內布拉斯加州),Dakota County,United States of America
***ERROR:科爾法克斯縣 (內布拉斯加州),Colfax County,United States of America
***ERROR:富蘭克林縣 (內布拉斯加州),Franklin County,United States of America
***ERROR:李縣 (伊利諾伊州),Lee County,United States of America
***ERROR:霍爾姆斯縣 (密西西比州),Holmes County,United States of America
***ERROR:杰克逊县 (密西西比州),Jackson County,United States of America
***ERROR:道格拉斯县 (内布拉斯加州),Douglas County,United States of America
***ERROR:里奇蘭縣 (伊利諾伊州),Richland County,United States of America
***ERROR:塔茲韋爾縣 (伊利諾伊州),Tazewell County,United States of America
***ERROR:勞倫斯縣 (伊利諾伊州),Lawrence County,United States of America
***ERROR:諾克斯縣 (伊利諾伊州),Knox County,United States of America
***ERROR:普特南縣 (伊利諾伊州),Putnam County,United States of America
***ERROR:道奇縣 (內布拉斯加州),Dodge County,United States of America
***ERROR:莫里森縣 (明尼蘇達州),Morrison County,United States of America
***ERROR:格里利縣 (內布拉斯加州),Greeley County,United States of America
***ERROR:威諾納縣 (明尼蘇達州),Winona County,United States of America
***ERROR:蔡斯縣 (內布拉斯加州),Chase County,United States of America
***ERROR:奧斯科達縣 (密西根州),Oscoda County,United States of America
***ERROR:特蘭西瓦尼亞縣 (北卡羅萊納州),Transylvania County,United States of America
***ERROR:羅伯遜縣 (北卡羅萊納州),Robeson County,United States of America
***ERROR:蒙莫朗西縣 (密歇根州),Montmorency County,United States of America
***ERROR:沃倫縣 (北卡羅萊納州),Warren County,United States of America
***ERROR:道生縣 (內布拉斯加州),Dawson County,United States of America
***ERROR:李縣 (北卡羅萊納州),Lee County,United States of America
***ERROR:蘭道夫縣 (北卡羅萊納州),Randolph County,United States of America
***ERROR:瓦利縣 (內布拉斯加州),Valley County,United States of America
***ERROR:卡斯特縣 (內布拉斯加州),Custer County,United States of America
***ERROR:威廉斯縣 (俄亥俄州),Williams County,United States of America
***ERROR:哈倫縣 (內布拉斯加州),Harlan County,United States of America
***ERROR:普拉特縣 (內布拉斯加州),Platte County,United States of America
***ERROR:瑟內薩縣 (俄亥俄州),Seneca County,United States of America
***ERROR:皮爾斯縣 (內布拉斯加州),Pierce County,United States of America
***ERROR:菲爾莫爾縣 (內布拉斯加州),Fillmore County,United States of America
***ERROR:迪克森縣 (內布拉斯加州),Dixon County,United States of America
***ERROR:謝里敦縣 (內布拉斯加州),Sheridan County,United States of America
***ERROR:勒诺县 (北卡罗来纳州),Lenoir County,United States of America
***ERROR:彭德縣 (北卡羅萊納州),Pender County,United States of America
***ERROR:巴特勒縣 (堪薩斯州),Butler County,United States of America
***ERROR:雷德威洛縣 (內布拉斯加州),Red Willow County,United States of America
***ERROR:普雷斯克艾爾縣 (密西根州),Presque Isle County,United States of America
***ERROR:蒂勒爾縣 (北卡羅萊納州),Tyrrell County,United States of America
***ERROR:錫達縣 (內布拉斯加州),Cedar County,United States of America
***ERROR:斯塔克縣 (伊利諾伊州),Stark County,United States of America
***ERROR:薩米特縣 (俄亥俄州),Summit County,United States of America
***ERROR:绛县 (古代),Q10473859,People's Republic of China
***ERROR:莋秦县,Q10506366,People's Republic of China
***ERROR:逎县,Q10550276,People's Republic of China
***ERROR:麥克道威縣 (北卡羅萊納州),McDowell County,United States of America
***ERROR:猶尼昂縣 (北卡羅萊納州),Union County,United States of America
***ERROR:亨德森縣 (北卡羅萊納州),Henderson County,United States of America
***ERROR:霍爾特縣 (內布拉斯加州),Holt County,United States of America
***ERROR:奧齊戈縣 (密歇根州),Otsego County,United States of America
***ERROR:華盛頓縣 (內布拉斯加州),Washington County,United States of America
***ERROR:珀金斯縣 (內布拉斯加州),Perkins County,United States of America
***ERROR:里奇蒙縣 (北卡羅萊納州),Richmond County,United States of America
***ERROR:林肯縣 (北卡羅萊納州),Lincoln County,United States of America
***ERROR:霍華德縣 (內布拉斯加州),Howard County,United States of America
***ERROR:穆爾縣 (北卡羅萊納州),Moore County,United States of America
***ERROR:蒙哥馬利縣 (俄亥俄州),Montgomery County,United States of America
***ERROR:福賽斯縣 (北卡羅萊納州),Forsyth County,United States of America
***ERROR:拉瑟福縣 (北卡羅萊納州),Rutherford County,United States of America
***ERROR:蓋茨縣 (北卡羅萊納州),Gates County,United States of America
***ERROR:戴維縣 (北卡羅萊納州),Davie County,United States of America
***ERROR:斯坦利縣 (北卡羅萊納州),Stanly County,United States of America
***ERROR:戴維森縣 (北卡羅萊納州),Davidson County,United States of America
***ERROR:哥倫布縣 (北卡羅萊納州),Columbus County,United States of America
***ERROR:弗蘭蒂爾縣 (內布拉斯加州),Frontier County,United States of America
***ERROR:珀森縣 (北卡羅萊納州),Person County,United States of America
***ERROR:梅克倫堡縣 (北卡羅萊納州),Mecklenburg County,United States of America
***ERROR:哈利法克斯縣 (北卡羅萊納州),Halifax County,United States of America
***ERROR:奥格莫县 (密歇根州),Ogemaw County,United States of America
***ERROR:柯里塔克縣 (北卡羅萊納州),Currituck County,United States of America
***ERROR:梅里克縣 (內布拉斯加州),Merrick County,United States of America
***ERROR:薩里縣 (北卡羅萊納州),Surry County,United States of America
***ERROR:波爾克縣 (北卡羅萊納州),Polk County,United States of America
***ERROR:萬斯縣 (北卡羅萊納州),Vance County,United States of America
***ERROR:济阳县 (古代),Q10384201,People's Republic of China
***ERROR:浛洭县,Q10385270,People's Republic of China
***ERROR:海丰县 (古代),Q10386002,People's Republic of China
***ERROR:浛光县,Q10385247,People's Republic of China
***ERROR:坎伯蘭縣 (北卡羅萊納州),Cumberland County,United States of America
***ERROR:威爾遜縣 (北卡羅萊納州),Wilson County,United States of America
***ERROR:海德縣 (北卡羅萊納州),Hyde County,United States of America
***ERROR:諾克斯縣 (內布拉斯加州),Knox County,United States of America
***ERROR:霍爾縣 (內布拉斯加州),Hall County,United States of America
***ERROR:格林縣 (北卡羅萊納州),Greene County,United States of America
***ERROR:杰克逊县 (佐治亚州),Jackson County,United States of America
***ERROR:克莱顿县 (佐治亚州),Clayton County,United States of America
***ERROR:瑟斯頓縣 (內布拉斯加州),Thurston County,United States of America
***ERROR:納科爾斯縣 (內布拉斯加州),Nuckolls County,United States of America
***ERROR:卡尼縣 (內布拉斯加州),Kearney County,United States of America
***ERROR:加斯頓縣 (北卡羅萊納州),Gaston County,United States of America
***ERROR:浔阳 (古地名),Q10384511,People's Republic of China
***ERROR:杜普林縣 (北卡羅萊納州),Duplin County,United States of America
***ERROR:清河县 (江苏省),Q10392092,People's Republic of China
***ERROR:克里夫蘭縣 (北卡羅萊納州),Cleveland County,United States of America
***ERROR:戈爾登瓦利縣 (蒙大拿州),Golden Valley County,United States of America
***ERROR:羅恩縣 (北卡羅萊納州),Rowan County,United States of America
***ERROR:富爾納斯縣 (內布拉斯加州),Furnas County,United States of America
***ERROR:昂斯洛縣 (北卡羅萊納州),Onslow County,United States of America
***ERROR:弗洛伊德縣 (喬治亞州),Floyd County,United States of America
***ERROR:威爾金森縣 (喬治亞州),Wilkinson County,United States of America
***ERROR:沃思縣 (喬治亞州),Worth County,United States of America
***ERROR:喬萬縣 (北卡羅萊納州),Chowan County,United States of America
***ERROR:克勞福德縣 (喬治亞州),Crawford County,United States of America
***ERROR:查圖加縣 (喬治亞州),Chattooga County,United States of America
***ERROR:格雷迪縣 (奧克拉荷馬州),Grady County,United States of America
***ERROR:克里縣 (奧克拉荷馬州),Creek County,United States of America
***ERROR:戴德縣 (喬治亞州),Dade County,United States of America
***ERROR:赫德縣 (喬治亞州),Heard County,United States of America
***ERROR:克里夫蘭縣 (奧克拉荷馬州),Cleveland County,United States of America
***ERROR:哈里斯縣 (喬治亞州),Harris County,United States of America
***ERROR:格蘭特縣 (奧克拉荷馬州),Grant County,United States of America
***ERROR:凱厄瓦縣 (奧克拉荷馬州),Kiowa County,United States of America
***ERROR:傑斯帕縣 (愛阿華州),Jasper County,United States of America
***ERROR:加拿大人縣 (奧克拉荷馬州),Canadian County,United States of America
***ERROR:巴羅縣 (喬治亞州),Barrow County,United States of America
***ERROR:馬里昂縣 (愛阿華州),Marion County,United States of America
***ERROR:蒂爾曼縣 (奧克拉荷馬州),Tillman County,United States of America
***ERROR:約翰斯頓縣 (奧克拉荷馬州),Johnston County,United States of America
***ERROR:華盛頓縣 (愛阿華州),Washington County,United States of America
***ERROR:韋伯斯特縣 (愛阿華州),Webster County,United States of America
***ERROR:米爾斯縣 (愛阿華州),Mills County,United States of America
***ERROR:哈里森縣 (愛阿華州),Harrison County,United States of America
***ERROR:林肯縣 (喬治亞州),Lincoln County,United States of America
***ERROR:加菲爾德縣 (奧克拉荷馬州),Garfield County,United States of America
***ERROR:米切爾縣 (愛阿華州),Mitchell County,United States of America
***ERROR:哈珀縣 (奧克拉荷馬州),Harper County,United States of America
***ERROR:漢考克縣 (愛阿華州),Hancock County,United States of America
***ERROR:休斯縣 (奧克拉荷馬州),Hughes County,United States of America
***ERROR:布賴恩縣 (喬治亞州),Bryan County,United States of America
***ERROR:比佛縣 (奧克拉荷馬州),Beaver County,United States of America
***ERROR:洪堡縣 (愛阿華州),Humboldt County,United States of America
***ERROR:沃思縣 (愛阿華州),Worth County,United States of America
***ERROR:科曼奇县 (俄克拉何马州),Comanche County,United States of America
***ERROR:韋恩縣 (愛阿華州),Wayne County,United States of America
***ERROR:卡頓縣 (奧克拉荷馬州),Cotton County,United States of America
***ERROR:凱縣 (奧克拉荷馬州),Kay County,United States of America
***ERROR:加文县 (俄克拉荷马州),Garvin County,United States of America
***ERROR:錫馬龍縣 (奧克拉荷馬州),Cimarron County,United States of America
***ERROR:哈蒙縣 (奧克拉荷馬州),Harmon County,United States of America
***ERROR:傑夫·戴維斯縣,Jeff Davis County,United States of America
***ERROR:華盛頓縣 (奧克拉荷馬州),Washington County,United States of America
***ERROR:約翰遜縣 (愛阿華州),Johnson County,United States of America
***ERROR:梅格斯縣 (俄亥俄州),Meigs County,United States of America
***ERROR:斯科特縣 (愛阿華州),Scott County,United States of America
***ERROR:奧康尼縣 (喬治亞州),Oconee County,United States of America
***ERROR:拉夫縣 (奧克拉荷馬州),Love County,United States of America
***ERROR:普什馬塔哈縣 (奧克拉荷馬州),Pushmataha County,United States of America
***ERROR:格威納特縣 (喬治亞州),Gwinnett County,United States of America
***ERROR:波尼縣 (奧克拉荷馬州),Pawnee County,United States of America
***ERROR:威爾科克斯縣 (喬治亞州),Wilcox County,United States of America
***ERROR:埃利斯縣 (奧克拉荷馬州),Ellis County,United States of America
***ERROR:德克薩斯縣 (奧克拉荷馬州),Texas County,United States of America
***ERROR:梅肯縣 (喬治亞州),Macon County,United States of America
***ERROR:派克縣 (喬治亞州),Pike County,United States of America
***ERROR:沃倫縣 (喬治亞州),Warren County,United States of America
***ERROR:威爾克斯縣 (喬治亞州),Wilkes County,United States of America
***ERROR:謝爾比縣 (愛阿華州),Shelby County,United States of America
***ERROR:格林縣 (喬治亞州) (1786年),Greene County,United States of America
***ERROR:李縣 (愛阿華州),Lee County,United States of America
***ERROR:林縣 (愛阿華州),Linn County,United States of America
***ERROR:普利茅斯縣 (愛荷華州),Plymouth County,United States of America
***ERROR:皮爾斯縣 (喬治亞州),Pierce County,United States of America
***ERROR:傑佛遜縣 (奧克拉荷馬州),Jefferson County,United States of America
***ERROR:杰克逊县 (俄克拉何马州),Jackson County,United States of America
***ERROR:謝爾比縣 (俄亥俄州),Shelby County,United States of America
***ERROR:李縣 (喬治亞州),Lee County,United States of America
***ERROR:莫雷縣 (奧克拉荷馬州),Murray County,United States of America
***ERROR:勞倫斯縣 (喬治亞州),Laurens County,United States of America
***ERROR:猶尼昂縣 (俄亥俄州),Union County,United States of America
***ERROR:杰克逊县 (艾奥瓦州),Jackson County,United States of America
***ERROR:馬歇爾縣 (奧克拉荷馬州),Marshall County,United States of America
***ERROR:哈特縣 (喬治亞州),Hart County,United States of America
***ERROR:哈丁縣 (愛阿華州),Hardin County,United States of America
***ERROR:惠特菲爾德縣 (喬治亞州),Whitfield County,United States of America
***ERROR:皮奇縣 (喬治亞州),Peach County,United States of America
***ERROR:瓦戈納縣 (奧克拉荷馬州),Wagoner County,United States of America
***ERROR:拉尼爾縣 (喬治亞州),Lanier County,United States of America
***ERROR:斯托里縣 (愛阿華州),Story County,United States of America
***ERROR:瓦佩洛縣 (愛阿華州),Wapello County,United States of America
***ERROR:莫諾納縣 (愛阿華州),Monona County,United States of America
***ERROR:靈戈爾德縣 (愛阿華州),Ringgold County,United States of America
***ERROR:坎德勒县 (佐治亚州),Candler County,United States of America
***ERROR:温纳希克县 (艾奥瓦州),Winneshiek County,United States of America
***ERROR:羅傑米爾斯縣 (奧克拉荷馬州),Roger Mills County,United States of America
***ERROR:保厄希克县 (艾奥瓦州),Poweshiek County,United States of America
***ERROR:傑斯帕縣 (密蘇里州),Jasper County,United States of America
***ERROR:霍爾縣 (喬治亞州),Hall County,United States of America
***ERROR:都昌县 (古代),Q10560633,People's Republic of China
***ERROR:斯圖爾特縣 (喬治亞州),Stewart County,United States of America
***ERROR:渥太華縣 (奧克拉荷馬州),Ottawa County,United States of America
***ERROR:鄡阳县,Q10562259,People's Republic of China
***ERROR:鄳县,Q10563575,People's Republic of China
***ERROR:瓊斯縣 (喬治亞州),Jones County,United States of America
***ERROR:吉爾默縣 (喬治亞州),Gilmer County,United States of America
***ERROR:沃倫縣 (俄亥俄州),Warren County,United States of America
***ERROR:富蘭克林縣 (密蘇里州),Franklin County,United States of America
***ERROR:韋恩縣 (喬治亞州),Wayne County,United States of America
***ERROR:朗縣 (喬治亞州),Long County,United States of America
***ERROR:華盛頓縣 (俄亥俄州),Washington County,United States of America
***ERROR:諾布爾縣 (奧克拉荷馬州),Noble County,United States of America
***ERROR:亨利县 (佐治亚州),Henry County,United States of America
***ERROR:第開特縣 (喬治亞州),Decatur County,United States of America
***ERROR:麥克達菲縣 (喬治亞州),McDuffie County,United States of America
***ERROR:文頓縣 (俄亥俄州),Vinton County,United States of America
***ERROR:匹茲堡縣 (奧克拉荷馬州),Pittsburg County,United States of America
***ERROR:格雷迪縣 (喬治亞州),Grady County,United States of America
***ERROR:馬斯科吉縣 (喬治亞州),Muscogee County,United States of America
***ERROR:歐文縣 (喬治亞州),Irwin County,United States of America
***ERROR:比尤特-銀弓市和縣,Silver Bow County,United States of America
***ERROR:科爾縣 (奧克拉荷馬州),Coal County,United States of America
***ERROR:蘭普金縣 (喬治亞州),Lumpkin County,United States of America
***ERROR:鄡县,Q10562236,People's Republic of China
***ERROR:米切爾縣 (喬治亞州),Mitchell County,United States of America
***ERROR:卡斯特縣 (奧克拉荷馬州),Custer County,United States of America
***ERROR:摩根縣 (喬治亞州),Morgan County,United States of America
***ERROR:範寧縣 (喬治亞州),Fannin County,United States of America
***ERROR:麥克萊恩縣 (奧克拉荷馬州),McClain County,United States of America
***ERROR:亞當斯縣 (威斯康辛州),Adams County,United States of America
***ERROR:惠特蘭縣 (蒙大拿州),Wheatland County,United States of America
***ERROR:哈斯克爾縣 (奧克拉荷馬州),Haskell County,United States of America
***ERROR:布朗縣 (威斯康辛州),Brown County,United States of America
***ERROR:塞米諾爾縣 (奧克拉荷馬州),Seminole County,United States of America
***ERROR:華盛頓縣 (密蘇里州),Washington County,United States of America
***ERROR:龐托托克縣 (奧克拉荷馬州),Pontotoc County,United States of America
***ERROR:克雷格縣 (奧克拉荷馬州),Craig County,United States of America
***ERROR:佩恩縣 (奧克拉荷馬州),Payne County,United States of America
***ERROR:清水縣 (威斯康辛州),Eau Claire County,United States of America
***ERROR:波特瓦特米縣 (奧克拉荷馬州),Pottawatomie County,United States of America
***ERROR:漢普夏縣 (西維吉尼亞州),Hampshire County,United States of America
***ERROR:傑夫·戴維斯縣 (喬治亞州),Jeff Davis County,United States of America
***ERROR:奥克福斯基县 (俄克拉荷马州),Okfuskee County,United States of America
***ERROR:威博縣 (蒙大拿州),Wibaux County,United States of America
***ERROR:馬斯科吉縣 (奧克拉荷馬州),Muskogee County,United States of America
***ERROR:卡多縣 (奧克拉荷馬州),Caddo County,United States of America
***ERROR:霍爾特縣 (密蘇里州),Holt County,United States of America
***ERROR:羅傑斯縣 (奧克拉荷馬州),Rogers County,United States of America
***ERROR:希爾縣 (蒙大拿州),Hill County,United States of America
***ERROR:塞闊雅縣 (奧克拉荷馬州),Sequoyah County,United States of America
***ERROR:喬克托縣 (奧克拉荷馬州),Choctaw County,United States of America
***ERROR:菲利普斯縣 (蒙大拿州),Phillips County,United States of America
***ERROR:塔克縣 (西維吉尼亞州),Tucker County,United States of America
***ERROR:切羅基縣 (奧克拉荷馬州),Cherokee County,United States of America
***ERROR:卡斯特縣 (蒙大拿州),Custer County,United States of America
***ERROR:布賴恩縣 (奧克拉荷馬州),Bryan County,United States of America
***ERROR:林肯縣 (奧克拉荷馬州),Lincoln County,United States of America
***ERROR:洛根縣 (奧克拉荷馬州),Logan County,United States of America
***ERROR:斯蒂芬斯縣 (奧克拉荷馬州),Stephens County,United States of America
***ERROR:普雷里縣 (蒙大拿州),Prairie County,United States of America
***ERROR:杰克逊县 (俄亥俄州),Jackson County,United States of America
***ERROR:羅利縣 (西維吉尼亞州),Raleigh County,United States of America
***ERROR:聖路易斯縣 (密蘇里州),St. Louis County,United States of America
***ERROR:厄普舍縣 (西維吉尼亞州),Upshur County,United States of America
***ERROR:傑佛遜縣 (蒙大拿州),Jefferson County,United States of America
***ERROR:麥迪遜縣 (蒙大拿州),Madison County,United States of America
***ERROR:香農縣 (密蘇里州),Shannon County,United States of America
***ERROR:麥克道威縣 (西維吉尼亞州),McDowell County,United States of America
***ERROR:卡爾霍恩縣 (西維吉尼亞州),Calhoun County,United States of America
***ERROR:帕克縣 (蒙大拿州),Park County,United States of America
***ERROR:韋伯斯特縣 (密蘇里州),Webster County,United States of America
***ERROR:波卡洪塔斯縣 (西維吉尼亞州),Pocahontas County,United States of America
***ERROR:蘇格蘭縣 (密蘇里州),Scotland County,United States of America
***ERROR:彭德爾頓縣 (西維吉尼亞州),Pendleton County,United States of America
***ERROR:格林萊克縣 (威斯康辛州),Green Lake County,United States of America
***ERROR:鮑威爾縣 (蒙大拿州),Powell County,United States of America
***ERROR:斯蒂爾縣 (北達科他州),Steele County,United States of America
***ERROR:格蘭特縣 (俄勒岡州),Grant County,United States of America
***ERROR:格林縣 (賓夕法尼亞州),Greene County,United States of America
***ERROR:林肯縣 (西維吉尼亞州),Lincoln County,United States of America
***ERROR:伊利縣 (賓夕法尼亞州),Erie County,United States of America
***ERROR:傑克遜縣 (俄勒岡州),Jackson County,United States of America
***ERROR:费耶特县 (宾夕法尼亚州),Fayette County,United States of America
***ERROR:泰勒縣 (德克薩斯州),Tyler County,United States of America
***ERROR:漢考克縣 (緬因州),Hancock County,United States of America
***ERROR:加羅林縣 (馬里蘭州),Caroline County,United States of America
***ERROR:克勞福德縣 (賓夕法尼亞州),Crawford County,United States of America
***ERROR:卡洛爾縣 (馬里蘭州),Carroll County,United States of America
***ERROR:林肯縣 (緬因州),Lincoln County,United States of America
***ERROR:薩默塞特縣 (緬因州),Somerset County,United States of America
***ERROR:多徹斯特縣 (馬里蘭州),Dorchester County,United States of America
***ERROR:肯纳贝克县 (缅因州),Kennebec County,United States of America
***ERROR:吉爾默縣 (西維吉尼亞州),Gilmer County,United States of America
***ERROR:萨加达霍克县 (缅因州),Sagadahoc County,United States of America
***ERROR:泰勒縣 (西維吉尼亞州) (1814),Tyler County,United States of America
***ERROR:哈福德縣 (馬里蘭州),Harford County,United States of America
***ERROR:麥克拉肯縣 (肯塔基州),McCracken County,United States of America
***ERROR:羅恩縣 (西維吉尼亞州),Roane County,United States of America
***ERROR:烏斯特縣 (馬里蘭州),Worcester County,United States of America
***ERROR:肯特县 (马里兰州),Kent County,United States of America
***ERROR:巴特勒縣 (賓夕法尼亞州),Butler County,United States of America
***ERROR:寇里縣 (俄勒岡州),Curry County,United States of America
***ERROR:坎伯蘭縣 (緬因州),Cumberland County,United States of America
***ERROR:弗雷德里克县 (马里兰州),Frederick County,United States of America
***ERROR:布拉福縣 (賓夕法尼亞州),Bradford County,United States of America
***ERROR:富蘭克林縣 (賓夕法尼亞州),Franklin County,United States of America
***ERROR:華盛頓縣 (緬因州),Washington County,United States of America
***ERROR:坎伯蘭縣 (賓夕法尼亞州),Cumberland County,United States of America
***ERROR:卡本縣 (賓夕法尼亞州),Carbon County,United States of America
***ERROR:萨默塞特县 (宾夕法尼亚州),Somerset County,United States of America
***ERROR:薩默塞特縣 (馬里蘭州),Somerset County,United States of America
***ERROR:富蘭克林縣 (緬因州),Franklin County,United States of America
***ERROR:托德縣 (明尼蘇達州),Todd County,United States of America
***ERROR:俄勒岡縣 (密蘇里州),Oregon County,United States of America
***ERROR:印地安納縣 (賓夕法尼亞州),Indiana County,United States of America
***ERROR:福雷斯縣 (賓夕法尼亞州),Forest County,United States of America
***ERROR:韋南戈縣 (賓夕法尼亞州),Venango County,United States of America
***ERROR:韋恩縣 (賓夕法尼亞州),Wayne County,United States of America
***ERROR:派普斯通縣 (明尼蘇達州),Pipestone County,United States of America
***ERROR:謝爾比縣 (肯塔基州),Shelby County,United States of America
***ERROR:塔爾博特縣 (馬里蘭州),Talbot County,United States of America
***ERROR:聖瑪麗斯縣 (馬里蘭州),St. Mary's County,United States of America
***ERROR:威科米科縣 (馬里蘭州),Wicomico County,United States of America
***ERROR:伯克縣 (賓夕法尼亞州),Berks County,United States of America
***ERROR:拉基帕爾縣 (明尼蘇達州),Lac qui Parle County,United States of America
***ERROR:貝德福縣 (賓夕法尼亞州),Bedford County,United States of America
***ERROR:巴頓縣 (密蘇里州),Barton County,United States of America
***ERROR:馬歇爾縣 (明尼蘇達州),Marshall County,United States of America
***ERROR:法里博縣 (明尼蘇達州),Faribault County,United States of America
***ERROR:科爾縣 (密蘇里州),Cole County,United States of America
***ERROR:比佛縣 (賓夕法尼亞州),Beaver County,United States of America
***ERROR:坎布里亞縣 (賓夕法尼亞州),Cambria County,United States of America
***ERROR:華盛頓縣 (明尼蘇達州),Washington County,United States of America
***ERROR:道格拉斯縣 (內華達州),Douglas County,United States of America
***ERROR:羅斯福縣 (新墨西哥州),Roosevelt County,United States of America
***ERROR:北安普頓縣 (賓夕法尼亞州),Northampton County,United States of America
***ERROR:門羅縣 (賓夕法尼亞州),Monroe County,United States of America
***ERROR:泰奧加縣 (賓夕法尼亞州),Tioga County,United States of America
***ERROR:派克縣 (賓夕法尼亞州),Pike County,United States of America
***ERROR:沃倫縣 (賓夕法尼亞州),Warren County,United States of America
***ERROR:格蘭特縣 (明尼蘇達州),Grant County,United States of America
***ERROR:艾克縣 (賓夕法尼亞州),Elk County,United States of America
***ERROR:富爾頓縣 (賓夕法尼亞州),Fulton County,United States of America
***ERROR:杰克逊县 (明尼苏达州),Jackson County,United States of America
***ERROR:休斯頓縣 (明尼蘇達州),Houston County,United States of America
***ERROR:亨内平县 (明尼苏达州),Hennepin County,United States of America
***ERROR:哈定縣 (新墨西哥州),Harding County,United States of America
***ERROR:基特遜縣 (明尼蘇達州),Kittson County,United States of America
***ERROR:波普縣 (明尼蘇達州),Pope County,United States of America
***ERROR:米克縣 (明尼蘇達州),Meeker County,United States of America
***ERROR:薩斯奎漢納縣 (賓夕法尼亞州),Susquehanna County,United States of America
***ERROR:里普利縣 (密蘇里州),Ripley County,United States of America
***ERROR:尼科萊特縣 (明尼蘇達州),Nicollet County,United States of America
***ERROR:斯威夫特縣 (明尼蘇達州),Swift County,United States of America
***ERROR:沃希托縣 (奧克拉荷馬州),Washita County,United States of America
***ERROR:派恩縣 (明尼蘇達州),Pine County,United States of America
***ERROR:諾曼縣 (明尼蘇達州),Norman County,United States of America
***ERROR:哈伯德縣 (明尼蘇達州),Hubbard County,United States of America
***ERROR:豪厄爾縣 (密蘇里州),Howell County,United States of America
***ERROR:麥基恩縣 (賓夕法尼亞州),McKean County,United States of America
***ERROR:奇萨戈县 (明尼苏达州),Chisago County,United States of America
***ERROR:戴德縣 (密蘇里州),Dade County,United States of America
***ERROR:紅湖縣 (明尼蘇達州),Red Lake County,United States of America
***ERROR:耶洛梅德辛縣 (明尼蘇達州),Yellow Medicine County,United States of America
***ERROR:雷德伍德縣 (明尼蘇達州),Redwood County,United States of America
***ERROR:拉蒂默縣 (奧克拉荷馬州),Latimer County,United States of America
***ERROR:威斯特摩蘭縣 (賓夕法尼亞州),Westmoreland County,United States of America
***ERROR:瓜達盧佩縣 (新墨西哥州),Guadalupe County,United States of America
***ERROR:巴里縣 (密蘇里州),Barry County,United States of America
***ERROR:伊達爾戈縣 (新墨西哥州),Hidalgo County,United States of America
***ERROR:古德休县 (明尼苏达州),Goodhue County,United States of America
***ERROR:埃迪縣 (新墨西哥州),Eddy County,United States of America
***ERROR:坎迪约希县 (明尼苏达州),Kandiyohi County,United States of America
***ERROR:奧姆斯特德縣 (明尼蘇達州),Olmsted County,United States of America
***ERROR:清水縣 (明尼蘇達州),Clearwater County,United States of America
***ERROR:卡特縣 (奧克拉荷馬州),Carter County,United States of America
***ERROR:波爾克縣 (俄勒岡州),Polk County,United States of America
***ERROR:菲爾莫爾縣 (明尼蘇達州),Fillmore County,United States of America
***ERROR:懷俄明縣 (賓夕法尼亞州),Wyoming County,United States of America
***ERROR:蘭開斯特縣 (南卡羅萊納州),Lancaster County,United States of America
***ERROR:聖米格爾縣 (新墨西哥州),San Miguel County,United States of America
***ERROR:默瑟县 (新泽西州),Mercer County,United States of America
***ERROR:艾肯縣 (南卡羅萊納州),Aiken County,United States of America
***ERROR:奧特羅縣 (新墨西哥州),Otero County,United States of America
***ERROR:賴斯縣 (明尼蘇達州),Rice County,United States of America
***ERROR:沃倫縣 (新澤西州),Warren County,United States of America
***ERROR:拉姆西縣 (明尼蘇達州),Ramsey County,United States of America
***ERROR:牛頓縣 (密蘇里州),Newton County,United States of America
***ERROR:羅克縣 (明尼蘇達州),Rock County,United States of America
***ERROR:彭寧頓縣 (明尼蘇達州),Pennington County,United States of America
***ERROR:林肯縣 (新墨西哥州),Lincoln County,United States of America
***ERROR:蒙哥馬利縣 (密西西比州),Montgomery County,United States of America
***ERROR:格洛斯特縣 (新澤西州),Gloucester County,United States of America
***ERROR:史蒂文斯縣 (明尼蘇達州),Stevens County,United States of America
***ERROR:摩里斯縣 (新澤西州),Morris County,United States of America
***ERROR:白松縣 (內華達州),White Pine County,United States of America
***ERROR:萨默塞特县 (新泽西州),Somerset County,United States of America
***ERROR:賴特縣 (明尼蘇達州),Wright County,United States of America
***ERROR:開普梅縣 (新澤西州),Cape May County,United States of America
***ERROR:錫布利縣 (明尼蘇達州),Sibley County,United States of America
***ERROR:威爾金縣 (明尼蘇達州),Wilkin County,United States of America
***ERROR:舍本縣 (明尼蘇達州),Sherburne County,United States of America
***ERROR:埃奇菲爾德縣 (南卡羅萊納州),Edgefield County,United States of America
***ERROR:毛尔县 (明尼苏达州),Mower County,United States of America
***ERROR:諾布爾斯縣 (明尼蘇達州),Nobles County,United States of America
***ERROR:萊昂縣 (內華達州),Lyon County,United States of America
***ERROR:沃迪納縣 (明尼蘇達州),Wadena County,United States of America
***ERROR:坎伯蘭縣 (新澤西州),Cumberland County,United States of America
***ERROR:斯蒂爾縣 (明尼蘇達州),Steele County,United States of America
***ERROR:利福勒縣 (奧克拉荷馬州),Le Flore County,United States of America
***ERROR:梅斯縣 (奧克拉荷馬州),Mayes County,United States of America
***ERROR:密西西比縣 (密蘇里州),Mississippi County,United States of America
***ERROR:麥金托什縣 (奧克拉荷馬州),McIntosh County,United States of America
***ERROR:萊昂縣 (明尼蘇達州),Lyon County,United States of America
***ERROR:林肯縣 (明尼蘇達州),Lincoln County,United States of America
***ERROR:洪堡縣 (內華達州),Humboldt County,United States of America
***ERROR:萊克縣 (明尼蘇達州),Lake County,United States of America
***ERROR:歐塞奇縣 (奧克拉荷馬州),Osage County,United States of America
***ERROR:弗里伯恩縣 (明尼蘇達州),Freeborn County,United States of America
***ERROR:沃西卡縣 (明尼蘇達州),Waseca County,United States of America
***ERROR:羅索縣 (明尼蘇達州),Roseau County,United States of America
***ERROR:阿比維爾縣 (南卡羅萊納州),Abbeville County,United States of America
***ERROR:勞倫斯縣 (賓夕法尼亞州),Lawrence County,United States of America
***ERROR:里奇蘭縣 (南卡羅萊納州),Richland County,United States of America
***ERROR:克莱县 (印第安纳州),Clay County,United States of America
***ERROR:多徹斯特縣 (南卡羅萊納州),Dorchester County,United States of America
***ERROR:布恩縣 (印地安納州),Boone County,United States of America
***ERROR:馬里昂縣 (南卡羅萊納州),Marion County,United States of America
***ERROR:克拉倫登縣 (南卡羅萊納州),Clarendon County,United States of America
***ERROR:奧康尼縣 (南卡羅萊納州),Oconee County,United States of America
***ERROR:弗洛倫斯縣 (南卡羅萊納州),Florence County,United States of America
***ERROR:普瓦斯基縣 (印地安納州),Pulaski County,United States of America
***ERROR:韋恩縣 (印地安納州),Wayne County,United States of America
***ERROR:猶尼昂縣 (南卡羅萊納州),Union County,United States of America
***ERROR:華盛頓縣 (賓夕法尼亞州),Washington County,United States of America
***ERROR:迪卡尔布县 (印第安纳州),DeKalb County,United States of America
***ERROR:格林維爾縣 (南卡羅萊納州),Greenville County,United States of America
***ERROR:沙利文縣 (賓夕法尼亞州),Sullivan County,United States of America
***ERROR:漢普頓縣 (南卡羅萊納州),Hampton County,United States of America
***ERROR:卡斯縣 (印地安納州),Cass County,United States of America
***ERROR:喬治敦縣 (南卡羅萊納州),Georgetown County,United States of America
***ERROR:方廷縣 (印地安納州),Fountain County,United States of America
***ERROR:沃巴什縣 (印地安納州),Wabash County,United States of America
***ERROR:薩盧達縣 (南卡羅萊納州),Saluda County,United States of America
***ERROR:布萊克福德縣 (印地安納州),Blackford County,United States of America
***ERROR:科勒頓縣 (南卡羅萊納州),Colleton County,United States of America
***ERROR:范德堡縣 (印地安納州),Vanderburgh County,United States of America
***ERROR:格林伍德縣 (南卡羅萊納州),Greenwood County,United States of America
***ERROR:傑佛遜·戴維斯縣,Jefferson Davis County,United States of America
***ERROR:勒星頓縣 (南卡羅萊納州),Lexington County,United States of America
***ERROR:弗米利恩縣 (印地安納州),Vermillion County,United States of America
***ERROR:切斯特菲爾德縣 (南卡羅萊納州),Chesterfield County,United States of America
***ERROR:亨德里克斯縣 (印地安納州),Hendricks County,United States of America
***ERROR:巴塞洛穋縣 (印地安納州),Bartholomew County,United States of America
***ERROR:威廉斯堡縣 (南卡羅萊納州),Williamsburg County,United States of America
***ERROR:亞當斯縣 (印地安納州),Adams County,United States of America
***ERROR:布朗縣 (印地安納州),Brown County,United States of America
***ERROR:默瑟縣 (賓夕法尼亞州),Mercer County,United States of America
***ERROR:佩里縣 (賓夕法尼亞州),Perry County,United States of America
***ERROR:奥塔加米縣 (威斯康辛州),Outagamie County,United States of America
***ERROR:費爾菲爾德縣 (南卡羅萊納州),Fairfield County,United States of America
***ERROR:皮肯斯縣 (南卡羅萊納州),Pickens County,United States of America
***ERROR:波特縣 (賓夕法尼亞州),Potter County,United States of America
***ERROR:晋宁县 (古代),Q10318657,People's Republic of China
***ERROR:桂阳县 (古代),Q10353590,People's Republic of China
***ERROR:朗县 (古代),Q10326931,People's Republic of China
***ERROR:泰和县 (古代),Q10379897,People's Republic of China
***ERROR:宣德县 (河北古县份),Q10232085,People's Republic of China
***ERROR:宣德县 (辽朝县份),Q10232482,People's Republic of China
***ERROR:怀安县 (宋朝),Q10296624,People's Republic of China
***ERROR:华容县 (古代),Q9510943,People's Republic of China
***ERROR:博山县 (山东),Q9531887,People's Republic of China
***ERROR:岳阳县 (南北朝县份),Q10269622,People's Republic of China
***ERROR:宣化縣 (古代),Q10226678,People's Republic of China
***ERROR:平阳县 (湖南古县份),Q10281905,People's Republic of China
***ERROR:麥科米克縣 (南卡羅萊納州),McCormick County,United States of America
***ERROR:達令敦縣 (南卡羅萊納州),Darlington County,United States of America
***ERROR:富蘭克林縣 (印地安納州),Franklin County,United States of America
***ERROR:猶尼昂縣 (印地安納州),Union County,United States of America
***ERROR:杰克逊县 (印第安纳州),Jackson County,United States of America
***ERROR:漢考克縣 (印地安納州),Hancock County,United States of America
***ERROR:漢密爾頓縣 (印地安納州),Hamilton County,United States of America
***ERROR:蒂普頓縣 (印地安納州),Tipton County,United States of America
***ERROR:斯潘塞縣 (印地安納州),Spencer County,United States of America
***ERROR:惠特利縣 (印地安納州),Whitley County,United States of America
***ERROR:吉布森縣 (印地安納州),Gibson County,United States of America
***ERROR:摩根縣 (印地安納州),Morgan County,United States of America
***ERROR:格蘭特縣 (印地安納州),Grant County,United States of America
***ERROR:猶尼昂縣 (賓夕法尼亞州),Union County,United States of America
***ERROR:門羅縣 (印地安納州),Monroe County,United States of America
***ERROR:約翰遜縣 (印地安納州),Johnson County,United States of America
***ERROR:亨利县 (印第安纳州),Henry County,United States of America
***ERROR:哈里森縣 (印地安納州),Harrison County,United States of America
***ERROR:萊克縣 (印地安納州),Lake County,United States of America
***ERROR:里普利縣 (印地安納州),Ripley County,United States of America
***ERROR:馬里昂縣 (印地安納州),Marion County,United States of America
***ERROR:布拉德利縣 (田納西州),Bradley County,United States of America
***ERROR:奧蘭治縣 (印地安納州),Orange County,United States of America
***ERROR:格林縣 (印地安納州),Greene County,United States of America
***ERROR:佩里縣 (印地安納州),Perry County,United States of America
***ERROR:薩姆特縣 (南卡羅萊納州),Sumter County,United States of America
***ERROR:霍華德縣 (印地安納州),Howard County,United States of America
***ERROR:懷特縣 (印地安納州),White County,United States of America
***ERROR:克羅基特縣 (田納西州),Crockett County,United States of America
***ERROR:派克縣 (印地安納州),Pike County,United States of America
***ERROR:費耶特縣 (印地安納州),Fayette County,United States of America
***ERROR:本頓縣 (印地安納州),Benton County,United States of America
***ERROR:麥迪遜縣 (印地安納州),Madison County,United States of America
***ERROR:普特南縣 (印地安納州),Putnam County,United States of America
***ERROR:蒙哥馬利縣 (印地安納州),Montgomery County,United States of America
***ERROR:諾克斯縣 (印地安納州),Knox County,United States of America
***ERROR:傑伊縣 (印地安納州),Jay County,United States of America
***ERROR:富爾頓縣 (印地安納州),Fulton County,United States of America
***ERROR:歐文縣 (印地安納州),Owen County,United States of America
***ERROR:紐貝里縣 (南卡羅萊納州),Newberry County,United States of America
***ERROR:諾布爾縣 (印地安納州),Noble County,United States of America
***ERROR:馬爾伯勒縣 (南卡羅萊納州),Marlboro County,United States of America
***ERROR:斯塔克縣 (印地安納州),Starke County,United States of America
***ERROR:波西縣 (印地安納州),Posey County,United States of America
***ERROR:霍里縣 (南卡羅萊納州),Horry County,United States of America
***ERROR:帕克縣 (印地安納州),Parke County,United States of America
***ERROR:拉什縣 (印地安納州),Rush County,United States of America
***ERROR:瑞士縣 (印地安納州),Switzerland County,United States of America
***ERROR:詹寧斯縣 (印地安納州),Jennings County,United States of America
***ERROR:第開特縣 (印地安納州),Decatur County,United States of America
***ERROR:克肖縣 (南卡羅萊納州),Kershaw County,United States of America
***ERROR:波特縣 (印地安納州),Porter County,United States of America
***ERROR:維哥縣 (印地安納州),Vigo County,United States of America
***ERROR:蒂珀卡努縣 (印地安納州),Tippecanoe County,United States of America
***ERROR:俄亥俄县 (印第安纳州),Ohio County,United States of America
***ERROR:聖約瑟夫縣 (印地安納州),St. Joseph County,United States of America
***ERROR:傑斯帕縣 (印地安納州),Jasper County,United States of America
***ERROR:奧蘭治堡縣 (南卡羅萊納州),Orangeburg County,United States of America
***ERROR:狄龍縣 (南卡羅萊納州),Dillon County,United States of America
***ERROR:科西阿斯科縣 (印地安納州),Kosciusko County,United States of America
***ERROR:新豐縣 (漢朝),Q15939566,People's Republic of China
***ERROR:信义县 (唐朝),Q15901546,People's Republic of China
***ERROR:桂林县 (西汉),Q15902316,People's Republic of China
***ERROR:建昌县 (清朝),Q15899243,People's Republic of China
***ERROR:逎县,Q17005850,People's Republic of China
***ERROR:雅典-克拉克縣,Clarke County,United States of America
***ERROR:華盛頓縣 (佛蒙特州),Washington County,United States of America
***ERROR:归化县 (福建),Q11069436,People's Republic of China
***ERROR:卡洛爾縣 (田納西州),Carroll County,United States of America
***ERROR:謝爾比縣 (田納西州),Shelby County,United States of America
***ERROR:哈德曼縣 (田納西州),Hardeman County,United States of America
***ERROR:希克曼縣 (田納西州),Hickman County,United States of America
***ERROR:漢弗萊斯縣 (田納西州),Humphreys County,United States of America
***ERROR:威廉森縣 (田納西州),Williamson County,United States of America
***ERROR:梅格斯縣 (田納西州),Meigs County,United States of America
***ERROR:永福县 (福建),Q11132593,People's Republic of China
***ERROR:江宁县 (西晋),Q11134205,People's Republic of China
***ERROR:秣陵县 (东魏),Q15897516,People's Republic of China
***ERROR:杜波伊斯縣 (印地安納州),Dubois County,United States of America
***ERROR:迪爾伯恩縣 (印地安納州),Dearborn County,United States of America
***ERROR:布拉福縣 (佛羅里達州),Bradford County,United States of America
***ERROR:海伍德縣 (田納西州),Haywood County,United States of America
***ERROR:宾化县 (隋朝),Q15892566,People's Republic of China
***ERROR:都安县 (蜀汉),Q15895852,People's Republic of China
***ERROR:宣平縣 (浙江),Q10949959,People's Republic of China
***ERROR:拉瑟福縣 (田納西州),Rutherford County,United States of America
***ERROR:怀仁县 (奉天),Q11072437,People's Republic of China
***ERROR:新城县 (南阳郡),Q11081924,People's Republic of China
***ERROR:吉布森縣 (田納西州),Gibson County,United States of America
***ERROR:斯圖爾特縣 (田納西州),Stewart County,United States of America
***ERROR:羅恩縣 (田納西州),Roane County,United States of America
***ERROR:查塔姆縣 (北卡羅萊納州),Chatham County,United States of America
***ERROR:不倫瑞克縣 (北卡羅萊納州),Brunswick County,United States of America
***ERROR:圣卢西亚县 (佛罗里达州),St. Lucie County,United States of America
***ERROR:帕斯科縣 (佛羅里達州),Pasco County,United States of America
***ERROR:格蘭維爾縣 (北卡羅萊納州),Granville County,United States of America
***ERROR:約翰斯頓縣 (北卡羅萊納州),Johnston County,United States of America
***ERROR:高地縣 (佛羅里達州),Highlands County,United States of America
***ERROR:考德威爾縣 (北卡羅萊納州),Caldwell County,United States of America
***ERROR:馬丁縣 (北卡羅萊納州),Martin County,United States of America
***ERROR:哈尼特縣 (北卡羅萊納州),Harnett County,United States of America
***ERROR:猶尼昂縣 (佛羅里達州),Union County,United States of America
***ERROR:康登縣 (北卡羅萊納州),Camden County,United States of America
***ERROR:克萊縣 (佛羅里達州),Clay County,United States of America
***ERROR:海伍德縣 (北卡羅萊納州),Haywood County,United States of America
***ERROR:波爾克縣 (佛羅里達州),Polk County,United States of America
***ERROR:沃尔顿县 (佛罗里达州),Walton County,United States of America
***ERROR:萊克縣 (佛羅里達州),Lake County,United States of America
***ERROR:拉法葉縣 (佛羅里達州),Lafayette County,United States of America
***ERROR:橙縣 (佛羅里達州),Orange County,United States of America
***ERROR:博福特縣 (北卡羅萊納州),Beaufort County,United States of America
***ERROR:霍爾姆斯縣 (佛羅里達州),Holmes County,United States of America
***ERROR:克莱县 (北卡罗来纳州),Clay County,United States of America
***ERROR:傑佛遜縣 (佛羅里達州),Jefferson County,United States of America
***ERROR:泰勒縣 (佛羅里達州),Taylor County,United States of America
***ERROR:切羅基縣 (北卡羅萊納州),Cherokee County,United States of America
***ERROR:艾塞克斯縣 (佛蒙特州),Essex County,United States of America
***ERROR:迈阿密-戴德县,Miami-Dade County,United States of America
***ERROR:富蘭克林縣 (佛羅里達州),Franklin County,United States of America
***ERROR:薩姆特縣 (佛羅里達州),Sumter County,United States of America
***ERROR:卡托巴縣 (北卡羅萊納州),Catawba County,United States of America
***ERROR:奧西歐拉縣 (佛羅里達州),Osceola County,United States of America
***ERROR:德索托縣 (佛羅里達州),DeSoto County,United States of America
***ERROR:普特南縣 (佛羅里達州),Putnam County,United States of America
***ERROR:瓊斯縣 (北卡羅萊納州),Jones County,United States of America
***ERROR:霍克县 (北卡罗来纳州),Hoke County,United States of America
***ERROR:哈迪縣 (佛羅里達州),Hardee County,United States of America
***ERROR:灣縣 (佛羅里達州),Gulf County,United States of America
***ERROR:聖羅薩縣 (佛羅里達州),Santa Rosa County,United States of America
***ERROR:伯克縣 (北卡羅萊納州),Burke County,United States of America
***ERROR:伯蒂縣 (北卡羅萊納州),Bertie County,United States of America
***ERROR:布拉登縣 (北卡羅萊納州),Bladen County,United States of America
***ERROR:揚西縣 (北卡羅萊納州),Yancey County,United States of America
***ERROR:班康縣 (北卡羅萊納州),Buncombe County,United States of America
***ERROR:艾爾代爾縣 (北卡羅萊納州),Iredell County,United States of America
***ERROR:加茲登縣 (佛羅里達州),Gadsden County,United States of America
***ERROR:吉爾福德縣 (北卡羅萊納州),Guilford County,United States of America
***ERROR:沃托加縣 (北卡羅萊納州),Watauga County,United States of America
***ERROR:聖約翰斯縣 (佛羅里達州),St. Johns County,United States of America
***ERROR:卡斯韋爾縣 (北卡羅萊納州),Caswell County,United States of America
***ERROR:亨德里縣 (佛羅里達州),Hendry County,United States of America
***ERROR:溫德姆縣 (佛蒙特州),Windham County,United States of America
***ERROR:貝縣 (佛羅里達州),Bay County,United States of America
***ERROR:加特利縣 (北卡羅萊納州),Carteret County,United States of America
***ERROR:萊維縣 (佛羅里達州),Levy County,United States of America
***ERROR:希爾斯波羅縣 (佛羅里達州),Hillsborough County,United States of America
***ERROR:富蘭克林縣 (北卡羅萊納州),Franklin County,United States of America
***ERROR:夏洛特縣 (佛羅里達州),Charlotte County,United States of America
***ERROR:戴維森縣 (田納西州),Davidson County,United States of America
***ERROR:洛根縣 (肯塔基州),Logan County,United States of America
***ERROR:諾克斯縣 (肯塔基州),Knox County,United States of America
***ERROR:歐文縣 (肯塔基州),Owen County,United States of America
***ERROR:梅肯縣 (北卡羅萊納州),Macon County,United States of America
***ERROR:漢考克縣 (肯塔基州),Hancock County,United States of America
***ERROR:蒙哥馬利縣 (北卡羅萊納州),Montgomery County,United States of America
***ERROR:馬歇爾縣 (肯塔基州),Marshall County,United States of America
***ERROR:格蘭特縣 (肯塔基州),Grant County,United States of America
***ERROR:斯潘塞縣 (肯塔基州),Spencer County,United States of America
***ERROR:帕姆利科縣 (北卡羅萊納州),Pamlico County,United States of America
***ERROR:皮特縣 (北卡羅萊納州),Pitt County,United States of America
***ERROR:辛普森縣 (肯塔基州),Simpson County,United States of America
***ERROR:帕斯闊坦克縣 (北卡羅萊納州),Pasquotank County,United States of America
***ERROR:韦克县 (北卡罗来纳州),Wake County,United States of America
***ERROR:馬里昂縣 (肯塔基州),Marion County,United States of America
***ERROR:富爾頓縣 (肯塔基州),Fulton County,United States of America
***ERROR:米切爾縣 (北卡羅萊納州),Mitchell County,United States of America
***ERROR:麥迪遜縣 (北卡羅萊納州),Madison County,United States of America
***ERROR:羅京安縣 (北卡羅萊納州),Rockingham County,United States of America
***ERROR:北安普頓縣 (北卡羅萊納州),Northampton County,United States of America
***ERROR:斯托克斯縣 (北卡羅萊納州),Stokes County,United States of America
***ERROR:桑普森縣 (北卡羅萊納州),Sampson County,United States of America
***ERROR:納什縣 (北卡羅萊納州),Nash County,United States of America
***ERROR:蘇格蘭縣 (北卡羅萊納州),Scotland County,United States of America
***ERROR:亨德森縣 (肯塔基州),Henderson County,United States of America
***ERROR:瓦隆-布拉班特省,Walloon Brabant,Belgium
***ERROR:邦加-勿里洞省,Bangka Belitung Islands,Indonesia
***ERROR:弗拉芒-布拉班特省,Flemish Brabant,Belgium
***ERROR:貝里 (法國),Berry,France
***ERROR:聖克魯斯-德特內里費省,Santa Cruz de Tenerife Province,Spain
***ERROR:夸祖魯-納塔爾省,KwaZulu-Natal,South Africa
***ERROR:桑切斯·拉米斯省,Sánchez Ramírez Province,Dominican Republic
***ERROR:恰哈馬哈勒－巴赫蒂亞里省,Chaharmahal and Bakhtiari Province,Iran
***ERROR:科吉盧耶－博韋艾哈邁德省,Kohgiluyeh and Boyer-Ahmad Province,Iran
***ERROR:瑪麗亞·桑其斯省,María Trinidad Sánchez Province,Dominican Republic
***ERROR:主教·瑙黎省,Monseñor Nouel Province,Dominican Republic
***ERROR:錫斯坦－俾路支斯坦省,Sistan and Baluchestan,Iran
***ERROR:聖地亞哥-羅里蓋茲省,Santiago Rodríguez Province,Dominican Republic
***ERROR:台湾省 (中华人民共和国),Taiwan Province,People's Republic of China
***ERROR:聖多明各-德洛斯查奇拉斯省,Santo Domingo de los Tsáchilas Province,Ecuador
***ERROR:萨莫拉-钦奇佩省,Zamora-Chinchipe Province,Ecuador
***ERROR:沃勒-恩特姆省,Woleu-Ntem Province,Gabon
***ERROR:莫罗纳-圣地亚哥省,Morona-Santiago Province,Ecuador
***ERROR:KSACH,Kandal Province,Cambodia
***ERROR:奧果韋-伊溫多省,Ogooué-Ivindo Province,Gabon
***ERROR:奧果韋-洛洛省,Ogooué-Lolo Province,Gabon
***ERROR:石勒苏益格-荷尔斯泰因省,Province of Schleswig-Holstein,Prussia
***ERROR:黑森-拿骚,Hesse-Nassau,Prussia
***ERROR:黑森-拿骚,Hesse-Nassau,Nazi Germany
***ERROR:博滕區 (古代區劃),Ostrobothnia,Finland
***ERROR:伊万诺-弗兰科夫斯克州,Ivano-Frankivsk Oblast,Ukraine
***ERROR:戈爾諾－阿爾泰自治州,Gorno-Altai Autonomous Oblast,Soviet Union
***ERROR:薩哈林州 (俄羅斯帝國),Q4409412,Russian Empire
***ERROR:老城堡 (维罗纳),Castelvecchio,Italy
***ERROR:Lichtenwörth,Lichtenwörth,Austria
***ERROR:長濱城 (近江國),Nagahama Castle,Japan
***ERROR:摩尔人城堡 (辛特拉),Castle of the Moors,Portugal
***ERROR:Loarre城堡,Loarre Castle,Spain
***ERROR:斯福爾扎堡（維傑瓦諾）,Q3662375,Italy
***ERROR:奧爾西尼-奧德斯卡爾基堡,Castello Orsini-Odescalchi,Italy
***ERROR:克劳斯·吕斯城堡,Clos Lucé,France
***ERROR:圣胡安城堡 (圣克鲁斯-德特内里费),Castillo de San Juan Bautista,Spain
***ERROR:Läckö城堡,Läckö Castle,Sweden
***ERROR:好望堡 (迦納),Fort Goede Hoop,Ghana
***ERROR:圣萨尔瓦多·德拉蓬塔城堡,San Salvador de la Punta Fortress,Cuba
***ERROR:波吉亞堡 (特拉西梅諾),Q20009100,Italy
***ERROR:聖喬吉奧堡(曼托瓦),Saint George Castle,Italy
***ERROR:凱瑟琳·德·美第奇的建築成就,Catherine de' Medici's building projects,France
***ERROR:阿布·古貝斯,Abu Qubays,Syria
***ERROR:Hattonchâtel城堡,Château de Hattonchâtel,France
***ERROR:田原城 (三河國),Tahara Castle,Japan
***ERROR:普雷斯-波爾城堡,Château du Plessis-Bourré,France
***ERROR:12號國道,N12 road,South Africa
***ERROR:110国道,China National Highway 110,People's Republic of China
***ERROR:7號國道,N7 road,South Africa
***ERROR:德国555号高速公路,Bundesautobahn 555,Germany
***ERROR:縣道121號,City Road 121,Taiwan
***ERROR:52号加利福尼亚州州道,California State Route 52,United States of America
***ERROR:57号加利福尼亚州州道,California State Route 57,United States of America
***ERROR:67号加利福尼亚州州道,California State Route 67,United States of America
***ERROR:78号加利福尼亚州州道,California State Route 78,United States of America
***ERROR:英國M67高速公路,M67 motorway,United Kingdom
***ERROR:85號州際公路,Interstate 85,United States of America
***ERROR:90號州際公路,Interstate 90,United States of America
***ERROR:95號州際公路,Interstate 95,United States of America
***ERROR:2號高速公路,M2 motorway,Pakistan
***ERROR:德国5号高速公路,Bundesautobahn 5,Germany
***ERROR:欧洲E38公路,European route E38,Kazakhstan
***ERROR:欧洲E38公路,European route E38,Russia
***ERROR:欧洲E38公路,European route E38,Ukraine
***ERROR:欧洲E806公路,European route E806,Portugal
***ERROR:3號國道,N3 road,South Africa
***ERROR:欧洲E35公路,European route E35,Netherlands
***ERROR:欧洲E35公路,European route E35,Germany
***ERROR:欧洲E35公路,European route E35,Italy
***ERROR:欧洲E35公路,European route E35,Switzerland
***ERROR:德国10号高速公路,Bundesautobahn 10,Germany
***ERROR:德国11号高速公路,Bundesautobahn 11,Germany
***ERROR:德国1号高速公路,Bundesautobahn 1,Germany
***ERROR:德国7号高速公路,Bundesautobahn 7,Germany
***ERROR:國道23號,Main road 23,Finland
***ERROR:A90公路,A90 road,United Kingdom
***ERROR:88號州際公路 (東段),Interstate 88,United States of America
***ERROR:74號州際公路,Interstate 74,United States of America
***ERROR:78号州际公路,Interstate 78,United States of America
***ERROR:79号州际公路,Interstate 79,United States of America
***ERROR:80號州際公路,Interstate 80,United States of America
***ERROR:87號州際公路,Interstate 87,United States of America
***ERROR:88号州际公路,Interstate 88,United States of America
***ERROR:96号州际公路,Interstate 96,United States of America
***ERROR:99号州际公路,Interstate 99,United States of America
***ERROR:M1高速公路,M1 motorway,United Kingdom
***ERROR:238號州際公路,Interstate 238,United States of America
***ERROR:75號州際公路,Interstate 75,United States of America
***ERROR:76号州际公路,Interstate 76,United States of America
***ERROR:81號州際公路,Interstate 81,United States of America
***ERROR:97号州际公路,Interstate 97,United States of America
***ERROR:欧洲E805公路,European route E805,Portugal
***ERROR:A1公路,A1 road,United Kingdom
***ERROR:205国道,China National Highway 205,People's Republic of China
***ERROR:10號國道,N10 road,South Africa
***ERROR:A9公路 (蘇格蘭),A9 road,United Kingdom
***ERROR:國道1號 (澳大利亞),Highway 1,Australia
***ERROR:4號國道,N4 road,South Africa
***ERROR:5號國道,N5 road,South Africa
***ERROR:欧洲E60公路,European route E60,Tajikistan
***ERROR:欧洲E36公路,European route E36,Germany
***ERROR:欧洲E60公路,European route E60,Turkmenistan
***ERROR:8號國道,N8 road,South Africa
***ERROR:49里观光径,49-Mile Scenic Drive,United States of America
***ERROR:86号州际公路,Interstate 86,United States of America
***ERROR:86号州际公路 (爱达荷州),Interstate 86,United States of America
***ERROR:93號州際公路,Interstate 93,United States of America
***ERROR:94號州際公路,Interstate 94,United States of America
***ERROR:73号州际公路,Interstate 73,United States of America
***ERROR:77号州际公路,Interstate 77,United States of America
***ERROR:82号州际公路,Interstate 82,United States of America
***ERROR:83號州際公路,Interstate 83,United States of America
***ERROR:89號州際公路,Interstate 89,United States of America
***ERROR:91號州際公路,Interstate 91,United States of America
***ERROR:11號國道,N11 road,South Africa
***ERROR:縣道120號,County Road 120,Taiwan
***ERROR:14號國道,N14 road,South Africa
***ERROR:1號省道,Prince Edward Island Route 1,Canada
***ERROR:8號州際公路,Interstate 8,United States of America
***ERROR:德国12号高速公路,Bundesautobahn 12,Germany
***ERROR:德国13号高速公路,Bundesautobahn 13,Germany
***ERROR:德国8号高速公路,Bundesautobahn 8,Germany
***ERROR:215国道,China National Highway 215,People's Republic of China
***ERROR:18號國道,N18 road,South Africa
***ERROR:304国道,China National Highway 304,People's Republic of China
***ERROR:84号州际公路,Interstate 84,United States of America
***ERROR:欧洲E55公路,European route E55,Denmark
***ERROR:欧洲E55公路,European route E55,Austria
***ERROR:欧洲E28公路,European route E28,Germany
***ERROR:欧洲E55公路,European route E55,Germany
***ERROR:欧洲E55公路,European route E55,Italy
***ERROR:欧洲E28公路,European route E28,Belarus
***ERROR:欧洲E55公路,European route E55,Sweden
***ERROR:欧洲E28公路,European route E28,Poland
***ERROR:欧洲E28公路,European route E28,Lithuania
***ERROR:欧洲E55公路,European route E55,Czech Republic
***ERROR:欧洲E55公路,European route E55,Greece
***ERROR:欧洲E58公路,European route E58,Russia
***ERROR:欧洲E58公路,European route E58,Ukraine
***ERROR:欧洲E58公路,European route E58,Austria
***ERROR:欧洲E58公路,European route E58,Moldova
***ERROR:欧洲E58公路,European route E58,Slovakia
***ERROR:美国国道6,U.S. Route 6,United States of America
***ERROR:國道6號,National Highway 6,India
***ERROR:欧洲E58公路,European route E58,Romania
***ERROR:德国3号高速公路,Bundesautobahn 3,Germany
***ERROR:330国道,China National Highway 330,People's Republic of China
***ERROR:17號國道,N17 road,South Africa
***ERROR:A107公路,Russian route A107,Russia
***ERROR:9號國道,N9 road,South Africa
***ERROR:德国14号高速公路,Bundesautobahn 14,Germany
***ERROR:德国15号高速公路,Bundesautobahn 15,Germany
***ERROR:德国2号高速公路,Bundesautobahn 2,Germany
***ERROR:德国4号高速公路,Bundesautobahn 4,Germany
***ERROR:德国6号高速公路,Bundesautobahn 6,Germany
***ERROR:德国9号高速公路,Bundesautobahn 9,Germany
***ERROR:德國24號高速公路,Bundesautobahn 24,Germany
***ERROR:縣道123號,County Road 123,Taiwan
***ERROR:80号州际公路加利福尼亚州段,Interstate 80 in California,United States of America
***ERROR:56号加利福尼亚州州道,California State Route 56,United States of America
***ERROR:226国道,China National Highway 226,People's Republic of China
***ERROR:15號州際公路,Interstate 15,United States of America
***ERROR:280號州際公路,Interstate 280,United States of America
***ERROR:10號州際公路,Interstate 10,United States of America
***ERROR:17號州際公路,Interstate 17,United States of America
***ERROR:27号州际公路,Interstate 27,United States of America
***ERROR:30號州際公路,Interstate 30,United States of America
***ERROR:35號州際公路,Interstate 35,United States of America
***ERROR:57号州际公路,Interstate 57,United States of America
***ERROR:64号州际公路,Interstate 64,United States of America
***ERROR:68号州际公路,Interstate 68,United States of America
***ERROR:70號州際公路,Interstate 70,United States of America
***ERROR:210号州际公路和210号加利福尼亚州州道,Interstate 210 and State Route 210,United States of America
***ERROR:美国国道4,U.S. Route 4,United States of America
***ERROR:美国国道9,U.S. Route 9,United States of America
***ERROR:美國國道1,U.S. Route 1,United States of America
***ERROR:美國國道11,U.S. Route 11,United States of America
***ERROR:欧洲E532公路,European route E532,Germany
***ERROR:24號州際公路,Interstate 24,United States of America
***ERROR:25號州際公路,Interstate 25,United States of America
***ERROR:26号州际公路,Interstate 26,United States of America
***ERROR:49号州际公路,Interstate 49,United States of America
***ERROR:59号州际公路,Interstate 59,United States of America
***ERROR:69号州际公路,Interstate 69,United States of America
***ERROR:72号州际公路,Interstate 72,United States of America
***ERROR:仰光–曼德勒高速公路,Yangon-Mandalay Expressway,Myanmar
***ERROR:105号州际公路 (加利福尼亚州),Interstate 105,United States of America
***ERROR:880號州際公路,Interstate 880,United States of America
***ERROR:980號州際公路,Interstate 980,United States of America
***ERROR:M8公路 (巴基斯坦),M8 motorway,Pakistan
***ERROR:205號州際公路,Interstate 205,United States of America
***ERROR:680號州際公路,Interstate 680,United States of America
***ERROR:美国国道2,U.S. Route 2,United States of America
***ERROR:美国国道7,U.S. Route 7,United States of America
***ERROR:縣道118號,City Road 118,Taiwan
***ERROR:縣道119號,County Road 119,Taiwan
***ERROR:國道367號,Japan National Route 367,Japan
***ERROR:12號州際公路,Interstate 12,United States of America
***ERROR:29號州際公路,Interstate 29,United States of America
***ERROR:99号加利福尼亚州州道,California State Route 99,United States of America
***ERROR:美国国道13,U.S. Route 13,United States of America
***ERROR:美国国道15,U.S. Route 15,United States of America
***ERROR:美国国道199,U.S. Route 199,United States of America
***ERROR:美国国道8,U.S. Route 8,United States of America
***ERROR:欧洲E60公路,European route E60,France
***ERROR:欧洲E60公路,European route E60,Kyrgyzstan
***ERROR:欧洲E60公路,European route E60,Austria
***ERROR:欧洲E60公路,European route E60,Germany
***ERROR:欧洲E60公路,European route E60,Azerbaijan
***ERROR:欧洲E60公路,European route E60,Georgia
***ERROR:欧洲E60公路,European route E60,Switzerland
***ERROR:欧洲E60公路,European route E60,Hungary
***ERROR:1號國道,N1 road,South Africa
***ERROR:2號國道,N2 road,South Africa
***ERROR:6號國道,N6 road,South Africa
***ERROR:5號州際公路,Interstate 5,United States of America
***ERROR:欧洲E60公路,European route E60,Uzbekistan
***ERROR:美国66号公路,U.S. Route 66,United States of America
***ERROR:欧洲E60公路,European route E60,Romania
***ERROR:欧洲E36公路,European route E36,Poland
***ERROR:國道26號,National Highway 26,India
***ERROR:66號州際公路,Interstate 66,United States of America
***ERROR:44号州际公路,Interstate 44,United States of America
***ERROR:55號州際公路,Interstate 55,United States of America
***ERROR:71号州际公路,Interstate 71,United States of America
***ERROR:縣道117號,County Road 117,Taiwan
***ERROR:16號州際公路,Interstate 16,United States of America
***ERROR:19號州際公路,Interstate 19,United States of America
***ERROR:45號州際公路,Interstate 45,United States of America
***ERROR:65號州際公路,Interstate 65,United States of America
***ERROR:380號州際公路,Interstate 380,United States of America
***ERROR:德國100號高速公路,Bundesautobahn 100,Germany
***ERROR:欧洲E42公路,European route E42,Belgium
***ERROR:欧洲E42公路,European route E42,France
***ERROR:欧洲E42公路,European route E42,Germany
***ERROR:505號州際公路,Interstate 505,United States of America
***ERROR:亞洲公路3號線,AH3,Myanmar
***ERROR:亞洲公路3號線,AH3,Russia
***ERROR:亞洲公路3號線,AH3,Mongolia
***ERROR:欧洲E7公路,European route E07,France
***ERROR:國道11號,National Highway 11,India
***ERROR:欧洲E7公路,European route E07,Spain
***ERROR:亞洲公路3號線,AH3,People's Republic of China
***ERROR:215号州际公路,Interstate 215,United States of America
***ERROR:希臘8號高速公路,Olympia Odos,Greece
***ERROR:亚洲公路11号线,AH11,Cambodia
***ERROR:亞洲公路3號線,AH3,Thailand
***ERROR:亞洲公路3號線,AH3,Laos
***ERROR:美国国道41,U.S. Route 41,United States of America
***ERROR:A140路,A140 road,United Kingdom
***ERROR:亚洲公路11号线,AH11,Laos
***ERROR:10号州际公路加利福尼亚州段,Interstate 10 in California,United States of America
***ERROR:5号州际公路加利福尼亚州段,Interstate 5 in California,United States of America
***ERROR:110号州际公路和110号加利福尼亚州州道,Interstate 110 and State Route 110,United States of America
***ERROR:710号州际公路和710号加利福尼亚州州道,Interstate 710,United States of America
***ERROR:780號州際公路,Interstate 780,United States of America
***ERROR:805号州际公路,Interstate 805,United States of America
***ERROR:美国国道10,U.S. Route 10,United States of America
***ERROR:美国国道12,U.S. Route 12,United States of America
***ERROR:美国国道14,U.S. Route 14,United States of America
***ERROR:美国国道3,U.S. Route 3,United States of America
***ERROR:欧洲E802公路,European route E802,Portugal
***ERROR:4號州際公路,Interstate 4,United States of America
***ERROR:欧洲E22公路,European route E22,United Kingdom
***ERROR:欧洲E40公路,European route E40,Belgium
***ERROR:欧洲E40公路,European route E40,France
***ERROR:欧洲E40公路,European route E40,Kazakhstan
***ERROR:欧洲E40公路,European route E40,Kyrgyzstan
***ERROR:欧洲E22公路,European route E22,Netherlands
***ERROR:欧洲E22公路,European route E22,Russia
***ERROR:欧洲E40公路,European route E40,Russia
***ERROR:欧洲E40公路,European route E40,Ukraine
***ERROR:欧洲E22公路,European route E22,Germany
***ERROR:欧洲E40公路,European route E40,Germany
***ERROR:國道382號,Japan National Route 382,Japan
***ERROR:欧洲E22公路,European route E22,Sweden
***ERROR:欧洲E22公路,European route E22,Latvia
***ERROR:欧洲E40公路,European route E40,Poland
***ERROR:20號州際公路,Interstate 20,United States of America
***ERROR:37号州际公路,Interstate 37,United States of America
***ERROR:39号州际公路,Interstate 39,United States of America
***ERROR:40號州際公路,Interstate 40,United States of America
***ERROR:43号州际公路,Interstate 43,United States of America
***ERROR:欧洲E40公路,European route E40,Uzbekistan
***ERROR:欧洲E40公路,European route E40,Turkmenistan
***ERROR:欧洲E576公路,European route E576,Romania
***ERROR:223国道,China National Highway 223,People's Republic of China
***ERROR:15号州际公路加利福尼亚州段,Interstate 15 in California,United States of America
***ERROR:605号州际公路 (加利福尼亚州),Interstate 605,United States of America
***ERROR:405号州际公路 (加利福尼亚州),Interstate 405,United States of America
***ERROR:美国国道5,U.S. Route 5,United States of America
***ERROR:美國國道101,U.S. Route 101 in California,United States of America
***ERROR:102国道,China National Highway 102,People's Republic of China
***ERROR:美国国道16,U.S. Route 16,United States of America
***ERROR:美国国道21,U.S. Route 21,United States of America
***ERROR:美国国道42,U.S. Route 42,United States of America
***ERROR:泛亞公路7號線,AH7,Kazakhstan
***ERROR:泛亞公路7號線,AH7,Kyrgyzstan
***ERROR:泛亞公路7號線,AH7,Pakistan
***ERROR:欧洲E311公路,European route E311,Netherlands
***ERROR:泛亞公路7號線,AH7,Russia
***ERROR:泛亞公路7號線,AH7,Tajikistan
***ERROR:泛亞公路7號線,AH7,Uzbekistan
***ERROR:國道20號,Japan National Route 20,Japan
***ERROR:安大略401號省道,Ontario Highway 401,Canada
***ERROR:泛亞公路7號線,AH7,Afghanistan
***ERROR:94号加利福尼亚州州道,California State Route 94,United States of America
***ERROR:魔術迴旋處 (赫默爾亨普斯特德),Magic Roundabout,United Kingdom
***ERROR:405号州际公路,Interstate 405,United States of America
***ERROR:欧洲E97公路,European route E97,Turkey
***ERROR:欧洲E97公路,European route E97,Russia
***ERROR:欧洲E97公路,European route E97,Ukraine
***ERROR:欧洲E97公路,European route E97,Georgia
***ERROR:580號州際公路,Interstate 580,United States of America
***ERROR:307国道,China National Highway 307,People's Republic of China
***ERROR:國道171號,Japan National Route 171,Japan
***ERROR:欧洲E76公路,European route E76,Italy
***ERROR:欧洲E45公路,European route E45,Denmark
***ERROR:欧洲E45公路,European route E45,Austria
***ERROR:欧洲E45公路,European route E45,Germany
***ERROR:欧洲E45公路,European route E45,Italy
***ERROR:欧洲E45公路,European route E45,Sweden
***ERROR:865號州際公路,Interstate 865,United States of America
***ERROR:美国国道20,U.S. Route 20,United States of America
***ERROR:美国国道23,U.S. Route 23,United States of America
***ERROR:美国国道24,U.S. Route 24,United States of America
***ERROR:美国国道35,U.S. Route 35,United States of America
***ERROR:A104公路 (俄羅斯),Russian route A104,Russia
***ERROR:A108公路 (俄羅斯),Russian route A108,Russia
***ERROR:欧洲E584公路,European route E584,Ukraine
***ERROR:205号州际公路,Interstate 205,United States of America
***ERROR:605号州际公路 (华盛顿州),Interstate 605,United States of America
***ERROR:欧洲E584公路,European route E584,Moldova
***ERROR:M0公路,M0 motorway,Hungary
***ERROR:欧洲E584公路,European route E584,Romania
***ERROR:美国国道17,U.S. Route 17,United States of America
***ERROR:美国国道27,U.S. Route 27,United States of America
***ERROR:美国国道31,U.S. Route 31,United States of America
***ERROR:美国国道31E,U.S. Route 31E,United States of America
***ERROR:美国国道40,U.S. Route 40,United States of America
***ERROR:美国国道44,U.S. Route 44,United States of America
***ERROR:美国国道45,U.S. Route 45,United States of America
***ERROR:美国国道48,U.S. Route 48,United States of America
***ERROR:176街（15號公路）,British Columbia Highway 15,Canada
***ERROR:5号州际公路华盛顿州段,Interstate 5 in Washington,United States of America
***ERROR:465號州際公路,Interstate 465,United States of America
***ERROR:國道3號 (玻利維亞),Bolivia Route 3,Bolivia
***ERROR:80號州際公路愛荷華州段,Interstate 80 in Iowa,United States of America
***ERROR:36號馬里蘭州州道,Maryland Route 36,United States of America
***ERROR:美國491號公路,U.S. Route 491,United States of America
***ERROR:32号纽约州州道,New York State Route 32,United States of America
***ERROR:M20高速公路,M20 motorway,United Kingdom
***ERROR:欧洲E853公路,European route E853,Albania
***ERROR:60号加利福尼亚州州道,California State Route 60,United States of America
***ERROR:905号加利福尼亚州州道,California State Route 905,United States of America
***ERROR:91号加利福尼亚州州道,California State Route 91,United States of America
***ERROR:欧洲E853公路,European route E853,Greece
***ERROR:101号美国国道华盛顿州段,U.S. Route 101 in Washington,United States of America
***ERROR:欧洲E90公路,European route E90,Turkey
***ERROR:欧洲E90公路,European route E90,Italy
***ERROR:欧洲E90公路,European route E90,Portugal
***ERROR:欧洲E90公路,European route E90,Spain
***ERROR:A4高速公路 (羅馬尼亞),A4 motorway,Romania
***ERROR:欧洲E90公路,European route E90,Greece
***ERROR:美国国道18,U.S. Route 18,United States of America
***ERROR:美国国道19,U.S. Route 19,United States of America
***ERROR:美国国道22,U.S. Route 22,United States of America
***ERROR:美国国道34,U.S. Route 34,United States of America
***ERROR:美国国道36,U.S. Route 36,United States of America
***ERROR:美国国道25,U.S. Route 25,United States of America
***ERROR:美国国道26,U.S. Route 26,United States of America
***ERROR:美国国道28,U.S. Route 28,United States of America
***ERROR:美国国道33,U.S. Route 33,United States of America
***ERROR:美国国道43,U.S. Route 43,United States of America
***ERROR:美国国道46,U.S. Route 46,United States of America
***ERROR:美國國道29,U.S. Route 29,United States of America
***ERROR:美國國道113,U.S. Route 113,United States of America
***ERROR:香港8號幹線,Route 8,People's Republic of China
***ERROR:魔術迴旋處 (科爾切斯特),Magic Roundabout,United Kingdom
***ERROR:安大略416號省道,Ontario Highway 416,Canada
***ERROR:欧洲E88公路,European route E88,Turkey
***ERROR:欧洲E4公路,European route E4,Sweden
***ERROR:欧洲E4公路,European route E4,Finland
***ERROR:M50高速公路,M50 motorway,United Kingdom
***ERROR:欧洲E641公路,European route E641,Germany
***ERROR:欧洲E30公路,European route E30,United Kingdom
***ERROR:欧洲E30公路,European route E30,Ireland
***ERROR:欧洲E30公路,European route E30,Netherlands
***ERROR:欧洲E30公路,European route E30,Russia
***ERROR:欧洲E30公路,European route E30,Germany
***ERROR:欧洲E30公路,European route E30,Belarus
***ERROR:295號州際公路,Interstate 295,United States of America
***ERROR:欧洲E30公路,European route E30,Poland
***ERROR:8 Mile路,M-102,United States of America
***ERROR:三角公園 (彰化),Q15913955,Taiwan
***ERROR:163号加利福尼亚州州道,California State Route 163,United States of America
***ERROR:62號加利福尼亞州州道,California State Route 62,United States of America
***ERROR:75号加利福尼亚州州道,California State Route 75,United States of America
***ERROR:欧洲E84公路,European route E84,Turkey
***ERROR:欧洲E74公路,European route E74,France
***ERROR:欧洲E74公路,European route E74,Italy
***ERROR:125号加利福尼亚州州道,California State Route 125,United States of America
***ERROR:54号加利福尼亚州州道,California State Route 54,United States of America
***ERROR:317国道,China National Highway 317,People's Republic of China
***ERROR:魔術迴旋處 (斯溫頓),Magic Roundabout,United Kingdom
***ERROR:欧洲E011公路,European route E011,Kazakhstan
***ERROR:欧洲E011公路,European route E011,Kyrgyzstan
***ERROR:欧洲E512公路,European route E512,France
***ERROR:1A省道,British Columbia Highway 1A,Canada
***ERROR:M37公路,M37 highway,Turkmenistan
***ERROR:國道6號,National Highway 6,South Korea
***ERROR:欧洲E16公路,European route E16,United Kingdom
***ERROR:欧洲E402公路,European route E402,France
***ERROR:欧洲E16公路,European route E16,Norway
***ERROR:欧洲E16公路,European route E16,Sweden
***ERROR:威斯康辛州州道13號,Wisconsin Highway 13,United States of America
***ERROR:欧洲E3公路,European route E03,France
***ERROR:欧洲E53公路,European route E53,Czech Republic
***ERROR:10號內布拉斯加州州道,Nebraska Highway 10,United States of America
***ERROR:國道19號,Japan National Route 19,Japan
***ERROR:國道25號,Japan National Route 25,Japan
***ERROR:73号美国国道,U.S. Route 73,United States of America
***ERROR:美国国道49,U.S. Route 49,United States of America
***ERROR:美国国道54,U.S. Route 54,United States of America
***ERROR:美国国道77,U.S. Route 77,United States of America
***ERROR:美国国道80,U.S. Route 80,United States of America
***ERROR:1A國道,National Highway 1,India
***ERROR:國道8號,Japan National Route 8,Japan
***ERROR:A2高速公路 (保加利亞),Hemus motorway,Bulgaria
***ERROR:欧洲E121公路,European route E121,Kazakhstan
***ERROR:欧洲E121公路,European route E121,Russia
***ERROR:欧洲E422公路,European route E422,Germany
***ERROR:欧洲E451公路,European route E451,Germany
***ERROR:欧洲E121公路,European route E121,Turkmenistan
***ERROR:皇家路 (加利福尼亞州),El Camino Real,United States of America
***ERROR:A30大道,A30 road,United Kingdom
***ERROR:美国国道89A,U.S. Route 89A,United States of America
***ERROR:1號北達科他州州道,North Dakota Highway 1,United States of America
***ERROR:國道2號,Main road 2,Finland
***ERROR:美國國道101,U.S. Route 101,United States of America
***ERROR:國道A1號 (克羅埃西亞),A1,Croatia
***ERROR:國道31號,National Highway 31,India
***ERROR:61号美国国道,U.S. Route 61,United States of America
***ERROR:78号美国国道,U.S. Route 78,United States of America
***ERROR:美国国道425,U.S. Route 425,United States of America
***ERROR:美国国道50,U.S. Route 50,United States of America
***ERROR:美国国道55,U.S. Route 55,United States of America
***ERROR:美国国道57,U.S. Route 57,United States of America
***ERROR:美国国道60,U.S. Route 60,United States of America
***ERROR:美国国道69,U.S. Route 69,United States of America
***ERROR:美国国道74,U.S. Route 74,United States of America
***ERROR:美国国道76,U.S. Route 76,United States of America
***ERROR:美国国道99,U.S. Route 99,United States of America
***ERROR:52号美国国道,U.S. Route 52,United States of America
***ERROR:53号美国国道,U.S. Route 53,United States of America
***ERROR:62号美国国道,U.S. Route 62,United States of America
***ERROR:70号美国国道,U.S. Route 70,United States of America
***ERROR:72号美国国道,U.S. Route 72,United States of America
***ERROR:79号美国国道,U.S. Route 79,United States of America
***ERROR:93号美国国道,U.S. Route 93,United States of America
***ERROR:96号美国国道,U.S. Route 96,United States of America
***ERROR:美国国道163,U.S. Route 163,United States of America
***ERROR:美国国道400,U.S. Route 400,United States of America
***ERROR:美国国道58,U.S. Route 58,United States of America
***ERROR:美国国道64,U.S. Route 64,United States of America
***ERROR:美国国道75,U.S. Route 75,United States of America
***ERROR:貝拉－洛比托高速公路,Beira–Lobito Highway,Democratic Republic of the Congo
***ERROR:貝拉－洛比托高速公路,Beira–Lobito Highway,Angola
***ERROR:貝拉－洛比托高速公路,Beira–Lobito Highway,Zimbabwe
***ERROR:278號州際道路,Interstate 278,United States of America
***ERROR:22号州际公路,Interstate 22,United States of America
***ERROR:美国国道9W,U.S. Route 9W,United States of America
***ERROR:貝拉－洛比托高速公路,Beira–Lobito Highway,Mozambique
***ERROR:A1公路,A1 highway,Lithuania
***ERROR:貝拉－洛比托高速公路,Beira–Lobito Highway,Zambia
***ERROR:1號特拉華州州道,Delaware Route 1,United States of America
***ERROR:國道1號,National Highway 1,India
***ERROR:欧洲E75公路,European route E75,Norway
***ERROR:欧洲E75公路,European route E75,Hungary
***ERROR:欧洲E75公路,European route E75,Poland
***ERROR:欧洲E75公路,European route E75,Slovakia
***ERROR:欧洲E75公路,European route E75,Finland
***ERROR:國道A3號 (克羅埃西亞),A3,Croatia
***ERROR:欧洲E75公路,European route E75,Czech Republic
***ERROR:欧洲E75公路,European route E75,Greece
***ERROR:欧洲E75公路,European route E75,Serbia
***ERROR:A1高速公路 (保加利亞),Trakia motorway,Bulgaria
***ERROR:56号美国国道,U.S. Route 56,United States of America
***ERROR:65号美国国道,U.S. Route 65,United States of America
***ERROR:81号美国国道,U.S. Route 81,United States of America
***ERROR:97号美国国道,U.S. Route 97,United States of America
***ERROR:12號公路,British Columbia Highway 12,Canada
***ERROR:美国国道51,U.S. Route 51,United States of America
***ERROR:美国国道63,U.S. Route 63,United States of America
***ERROR:美国国道71,U.S. Route 71,United States of America
***ERROR:美国国道82,U.S. Route 82,United States of America
***ERROR:卑詩省17號公路,British Columbia Highway 17,Canada
***ERROR:欧洲E233公路,European route E233,Netherlands
***ERROR:欧洲E233公路,European route E233,Germany
***ERROR:A1高速公路 (羅馬尼亞),A1 motorway,Romania
***ERROR:美國國道160,U.S. Route 160,United States of America
***ERROR:欧洲E75公路,European route E75,Republic of Macedonia
***ERROR:國道1號,DN1,Romania
***ERROR:國道342號,Japan National Route 342,Japan
***ERROR:卑詩省10號公路,British Columbia Highway 10,Canada
***ERROR:68号美国国道,U.S. Route 68,United States of America
***ERROR:美国国道59,U.S. Route 59,United States of America
***ERROR:美国国道67,U.S. Route 67,United States of America
***ERROR:美国国道98,U.S. Route 98,United States of America
***ERROR:國道26號,Japan National Route 26,Japan
***ERROR:奧地利1號高速公路,West Autobahn,Austria
***ERROR:A4高速公路 (保加利亞),Cherno More motorway,Bulgaria
***ERROR:卑詩省1號公路,British Columbia Highway 1,Canada
***ERROR:欧洲E77公路,European route E77,Slovakia
***ERROR:欧洲E79公路,European route E79,Hungary
***ERROR:欧洲E79公路,European route E79,Bulgaria
***ERROR:欧洲E79公路,European route E79,Greece
***ERROR:欧洲E79公路,European route E79,Romania
***ERROR:欧洲E99公路,European route E99,Turkey
***ERROR:欧洲E531公路,European route E531,Germany
***ERROR:欧洲E99公路,European route E99,Azerbaijan
***ERROR:美国国道95,U.S. Route 95,United States of America
***ERROR:1号加利福尼亚州州道,California State Route 1,United States of America
***ERROR:110街,110th Street,United States of America
***ERROR:美國國道89號亞利桑那段,U.S. Route 89 in Arizona,United States of America
***ERROR:欧洲E34公路,European route E34,Belgium
***ERROR:欧洲E34公路,European route E34,Netherlands
***ERROR:欧洲E34公路,European route E34,Germany
***ERROR:欧洲E48公路,European route E48,Germany
***ERROR:欧洲E48公路,European route E48,Czech Republic
***ERROR:480號加州州道,California State Route 480,United States of America
***ERROR:91号美国国道,U.S. Route 91,United States of America
***ERROR:M04高速公路 (烏克蘭),Highway M04,Ukraine
***ERROR:國道6號,Main road 6,Finland
***ERROR:國道34號,National Highway 12,India
***ERROR:85号加州州道,California State Route 85,United States of America
***ERROR:加利福尼亞州140號公路,California State Route 140,United States of America
***ERROR:阿比路 (道路),Abbey Road,United Kingdom
***ERROR:欧洲E6公路,European route E06,Norway
***ERROR:欧洲E6公路,European route E06,Sweden
***ERROR:欧洲E57公路,European route E57,Austria
***ERROR:內華達州國道396號,Nevada State Route 396,United States of America
***ERROR:欧洲E57公路,European route E57,Slovenia
***ERROR:A2高速公路 (羅馬尼亞),A2 motorway,Romania
***ERROR:92号美国国道,U.S. Route 92,United States of America
***ERROR:美国国道63,U.S. Route 83,United States of America
***ERROR:美国国道84,U.S. Route 84,United States of America
***ERROR:美国国道87,U.S. Route 87,United States of America
***ERROR:卑詩省91號公路,British Columbia Highway 91,Canada
***ERROR:卑詩省97號公路,British Columbia Highway 97,Canada
***ERROR:普洛耶什蒂-阿爾比察高速公路,Ploiești–Albița Motorway,Romania
***ERROR:203国道,China National Highway 203,People's Republic of China
***ERROR:17号加州州道,California State Route 17,United States of America
***ERROR:國道1號,National Highway 1,South Korea
***ERROR:85号美国国道,U.S. Route 85,United States of America
***ERROR:美国国道89,U.S. Route 89,United States of America
***ERROR:欧洲E80公路,European route E80,France
***ERROR:欧洲E80公路,European route E80,Turkey
***ERROR:欧洲E80公路,European route E80,Italy
***ERROR:欧洲E80公路,European route E80,Montenegro
***ERROR:欧洲E80公路,European route E80,Portugal
***ERROR:欧洲E80公路,European route E80,Croatia
***ERROR:欧洲E80公路,European route E80,Spain
***ERROR:欧洲E80公路,European route E80,Kosovo
***ERROR:欧洲E80公路,European route E80,Bulgaria
***ERROR:欧洲E80公路,European route E80,Serbia
***ERROR:A5高速公路 (保加利亞),Lyulin motorway,Bulgaria
***ERROR:A3高速公路 (保加利亞),Maritsa motorway,Bulgaria
***ERROR:A6高速公路 (保加利亞),Struma motorway,Bulgaria
***ERROR:欧洲E77公路,European route E77,Estonia
***ERROR:欧洲E77公路,European route E77,Russia
***ERROR:國道5號,Japan National Route 5,Japan
***ERROR:91A公路,British Columbia Highway 91A,Canada
***ERROR:欧洲E77公路,European route E77,Hungary
***ERROR:希腊7号国道,Greek National Road 7,Greece
***ERROR:欧洲E77公路,European route E77,Latvia
***ERROR:欧洲E77公路,European route E77,Poland
***ERROR:欧洲E77公路,European route E77,Lithuania
***ERROR:M90公路,M90 motorway,United Kingdom
***ERROR:台9線,Provincial Highway 9,Taiwan
***ERROR:國道2號,National Highway 2,India
***ERROR:國道4號,National Highway 4,India
***ERROR:欧洲E1公路,European route E01,United Kingdom
***ERROR:欧洲E1公路,European route E01,Ireland
***ERROR:欧洲E1公路,European route E01,Portugal
***ERROR:欧洲E1公路,European route E01,Spain
***ERROR:欧洲E10公路,European route E10,Norway
***ERROR:欧洲E10公路,European route E10,Sweden
***ERROR:84号加利福尼亚州州道,California State Route 84,United States of America
***ERROR:316国道,China National Highway 316,People's Republic of China
***ERROR:國道7號,National Highway 44,India
***ERROR:88奧林匹克高速公路,Gwangju–Daegu Expressway,South Korea
***ERROR:欧洲E251公路,European route E251,Germany
***ERROR:台61線,Provincial Highway 61,Taiwan
***ERROR:欧洲E25公路,European route E25,Belgium
***ERROR:欧洲E25公路,European route E25,France
***ERROR:欧洲E25公路,European route E25,Netherlands
***ERROR:欧洲E25公路,European route E25,Italy
***ERROR:欧洲E43公路,European route E43,Germany
***ERROR:欧洲E25公路,European route E25,Switzerland
***ERROR:欧洲E43公路,European route E43,Switzerland
***ERROR:欧洲E25公路,European route E25,Luxembourg
***ERROR:欧洲E44公路,European route E44,France
***ERROR:欧洲E37公路,European route E37,Germany
***ERROR:欧洲E44公路,European route E44,Germany
***ERROR:美国国道90,U.S. Route 90,United States of America
***ERROR:欧洲E44公路,European route E44,Luxembourg
***ERROR:國道16號,National Highway 16,India
***ERROR:欧洲E65公路,European route E65,Montenegro
***ERROR:欧洲E65公路,European route E65,Croatia
***ERROR:欧洲E65公路,European route E65,Bosnia and Herzegovina
***ERROR:7B省道,British Columbia Highway 7B,Canada
***ERROR:卑詩省99號公路,British Columbia Highway 99,Canada
***ERROR:欧洲E65公路,European route E65,Hungary
***ERROR:欧洲E65公路,European route E65,Sweden
***ERROR:欧洲E65公路,European route E65,Poland
***ERROR:欧洲E65公路,European route E65,Kosovo
***ERROR:欧洲E65公路,European route E65,Slovakia
***ERROR:亞洲公路2號線,AH2,Singapore
***ERROR:亞洲公路2號線,AH2,Myanmar
***ERROR:亞洲公路2號線,AH2,Nepal
***ERROR:亞洲公路2號線,AH2,Pakistan
***ERROR:亞洲公路2號線,AH2,India
***ERROR:亞洲公路2號線,AH2,Iran
***ERROR:亞洲公路2號線,AH2,Indonesia
***ERROR:欧洲E65公路,European route E65,Czech Republic
***ERROR:欧洲E65公路,European route E65,Greece
***ERROR:亞洲公路2號線,AH2,Bangladesh
***ERROR:亞洲公路2號線,AH2,Malaysia
***ERROR:欧洲E65公路,European route E65,Serbia
***ERROR:欧洲E005公路,European route E005,Uzbekistan
***ERROR:亞洲公路2號線,AH2,Thailand
***ERROR:國道3號,National Highway 3,India
***ERROR:欧洲E65公路,European route E65,Republic of Macedonia
***ERROR:欧洲E713公路,European route E713,France
***ERROR:欧洲E017公路,European route E017,Russia
***ERROR:台2線,Provincial Highway 2,Taiwan
***ERROR:87号加利福尼亚州州道,California State Route 87,United States of America
***ERROR:3號國道,National Highway 3,Cambodia
***ERROR:亚洲公路12号线,AH12,Thailand
***ERROR:國道1號,Route 1,Iceland
***ERROR:亚洲公路12号线,AH12,Laos
***ERROR:欧洲E761公路,European route E761,Bosnia and Herzegovina
***ERROR:縣道126號,County Road 126,Taiwan
***ERROR:35号新泽西州州道,New Jersey Route 35,United States of America
***ERROR:218号美国国道,U.S. Route 218,United States of America
***ERROR:222国道,China National Highway 222,People's Republic of China
***ERROR:73号加利福尼亚州州道,California State Route 73,United States of America
***ERROR:欧洲E761公路,European route E761,Serbia
***ERROR:國道46號,National Highway 46,South Korea
***ERROR:欧洲E70公路,European route E70,France
***ERROR:欧洲E70公路,European route E70,Turkey
***ERROR:欧洲E70公路,European route E70,Italy
***ERROR:欧洲E70公路,European route E70,Georgia
***ERROR:欧洲E70公路,European route E70,Croatia
***ERROR:欧洲E70公路,European route E70,Spain
***ERROR:欧洲E70公路,European route E70,Bulgaria
***ERROR:國道14號,Japan National Route 14,Japan
***ERROR:欧洲E70公路,European route E70,Romania
***ERROR:欧洲E70公路,European route E70,Serbia
***ERROR:欧洲E70公路,European route E70,Slovenia
***ERROR:欧洲E67公路,European route E67,Estonia
***ERROR:欧洲E67公路,European route E67,Latvia
***ERROR:欧洲E67公路,European route E67,Poland
***ERROR:欧洲E67公路,European route E67,Lithuania
***ERROR:欧洲E67公路,European route E67,Finland
***ERROR:欧洲E67公路,European route E67,Czech Republic
***ERROR:德國聯邦公路B5,Bundesstraße 5,Germany
***ERROR:欧洲E85公路,European route E85,Ukraine
***ERROR:欧洲E85公路,European route E85,Belarus
***ERROR:欧洲E85公路,European route E85,Lithuania
***ERROR:欧洲E85公路,European route E85,Bulgaria
***ERROR:亞洲公路6號線,AH6,Kazakhstan
***ERROR:欧洲E85公路,European route E85,Greece
***ERROR:欧洲E85公路,European route E85,Romania
***ERROR:亞洲公路6號線,AH6,Russia
***ERROR:亞洲公路6號線,AH6,North Korea
***ERROR:亞洲公路6號線,AH6,People's Republic of China
***ERROR:欧洲E573公路,European route E573,Ukraine
***ERROR:157號堪薩斯州州道,K-157 (Kansas highway),United States of America
***ERROR:179號堪薩斯州州道,K-179 (Kansas highway),United States of America
***ERROR:欧洲E573公路,European route E573,Hungary
***ERROR:欧洲E54公路,European route E54,France
***ERROR:欧洲E49公路,European route E49,Austria
***ERROR:欧洲E41公路,European route E41,Germany
***ERROR:欧洲E49公路,European route E49,Germany
***ERROR:欧洲E54公路,European route E54,Germany
***ERROR:欧洲E41公路,European route E41,Switzerland
***ERROR:美国国道6N,U.S. Route 6N,United States of America
***ERROR:亞洲公路6號線,AH6,South Korea
***ERROR:欧洲E49公路,European route E49,Czech Republic
***ERROR:欧洲E574公路,European route E574,Romania
***ERROR:476號州際公路,Interstate 476,United States of America
***ERROR:104號堪薩斯州州道,K-104 (Kansas highway),United States of America
***ERROR:148號堪薩斯州州道,K-148 (Kansas highway),United States of America
***ERROR:156號堪薩斯州州道,K-156 (Kansas highway),United States of America
***ERROR:435號州際公路,Interstate 435,United States of America
***ERROR:1號國道,National Highway 1,Cambodia
***ERROR:360號堪薩斯州州道,K-360 (Kansas highway),United States of America
***ERROR:68號堪薩斯州州道,K-68 (Kansas highway),United States of America
***ERROR:M48高速公路,M48 motorway,United Kingdom
***ERROR:國道12號,Japan National Route 12,Japan
***ERROR:275号加利福尼亚州州道,California State Route 275,United States of America
***ERROR:欧洲E533公路,European route E533,Austria
***ERROR:欧洲E533公路,European route E533,Germany
***ERROR:161號堪薩斯州州道,K-161 (Kansas highway),United States of America
***ERROR:171號堪薩斯州州道,K-171 (Kansas highway),United States of America
***ERROR:177號堪薩斯州州道,K-177 (Kansas highway),United States of America
***ERROR:705号州际公路,Interstate 705,United States of America
***ERROR:欧洲E641公路,European route E641,Austria
***ERROR:2號國道,National Highway 2,Cambodia
***ERROR:欧洲E015公路,European route E015,Kazakhstan
***ERROR:欧洲E23公路,European route E23,France
***ERROR:欧洲E461公路,European route E461,Austria
***ERROR:欧洲E23公路,European route E23,Switzerland
***ERROR:M2公路,M2 highway,Russia
***ERROR:27号华盛顿州州道,Washington State Route 27,United States of America
***ERROR:欧洲E461公路,European route E461,Czech Republic
***ERROR:亞洲公路1號線,AH1,Myanmar
***ERROR:亞洲公路1號線,AH1,Pakistan
***ERROR:亞洲公路1號線,AH1,Vietnam
***ERROR:亞洲公路1號線,AH1,Turkey
***ERROR:亞洲公路1號線,AH1,Japan
***ERROR:亞洲公路1號線,AH1,India
***ERROR:亞洲公路1號線,AH1,Iran
***ERROR:亞洲公路1號線,AH1,Bangladesh
***ERROR:亞洲公路1號線,AH1,Afghanistan
***ERROR:亞洲公路1號線,AH1,North Korea
***ERROR:亞洲公路1號線,AH1,People's Republic of China
***ERROR:亞洲公路1號線,AH1,Cambodia
***ERROR:亞洲公路1號線,AH1,Thailand
***ERROR:英國M11高速公路,M11 motorway,United Kingdom
***ERROR:169號美國國道,U.S. Route 169,United States of America
***ERROR:亞洲公路1號線,AH1,South Korea
***ERROR:欧洲E21公路,European route E21,France
***ERROR:欧洲E62公路,European route E62,France
***ERROR:欧洲E62公路,European route E62,Italy
***ERROR:欧洲E21公路,European route E21,Switzerland
***ERROR:欧洲E62公路,European route E62,Switzerland
***ERROR:4號國道,National Highway 4,Cambodia
***ERROR:M03高速公路 (烏克蘭),Highway M03,Ukraine
***ERROR:405号州际公路 (俄勒冈州),Interstate 405,United States of America
***ERROR:欧洲E843公路,European route E843,Italy
***ERROR:欧洲E331公路,European route E331,Germany
***ERROR:欧洲E105公路,European route E105,Russia
***ERROR:欧洲E105公路,European route E105,Ukraine
***ERROR:欧洲E105公路,European route E105,Norway
***ERROR:135號美國國道 (堪薩斯州),Interstate 135,United States of America
***ERROR:143號堪薩斯州州道,K-143 (Kansas highway),United States of America
***ERROR:96號堪薩斯州州道,K-96 (Kansas highway),United States of America
***ERROR:欧洲E64公路,European route E64,Italy
***ERROR:欧洲E314公路,European route E314,Belgium
***ERROR:欧洲E314公路,European route E314,Netherlands
***ERROR:阿拉斯加州2號公路,Alaska Route 2,United States of America
***ERROR:欧洲E314公路,European route E314,Germany
***ERROR:欧洲E008公路,European route E008,Tajikistan
***ERROR:國道2號,DN2,Romania
***ERROR:欧洲E9公路,European route E09,France
***ERROR:欧洲E9公路,European route E09,Spain
***ERROR:271号华盛顿州州道,Washington State Route 271,United States of America
***ERROR:319国道,China National Highway 319,People's Republic of China
***ERROR:國道51號,Japan National Route 51,Japan
***ERROR:加冷－巴耶利峇高速公路,Kallang–Paya Lebar Expressway,Singapore
***ERROR:中山路 (普宁洪阳),Q9384462,People's Republic of China
***ERROR:1號堪薩斯州州道,K-1,United States of America
***ERROR:國道47號,National Highway 47,India
***ERROR:欧洲E59公路,European route E59,Austria
***ERROR:欧洲E59公路,European route E59,Croatia
***ERROR:欧洲E59公路,European route E59,Czech Republic
***ERROR:欧洲E18公路,European route E18,United Kingdom
***ERROR:欧洲E18公路,European route E18,Russia
***ERROR:欧洲E18公路,European route E18,Norway
***ERROR:欧洲E18公路,European route E18,Sweden
***ERROR:欧洲E83公路,European route E83,Bulgaria
***ERROR:欧洲E18公路,European route E18,Finland
***ERROR:欧洲E59公路,European route E59,Slovenia
***ERROR:欧洲E013公路,European route E013,Kazakhstan
***ERROR:欧洲E20公路,European route E20,Denmark
***ERROR:欧洲E20公路,European route E20,Estonia
***ERROR:欧洲E20公路,European route E20,United Kingdom
***ERROR:欧洲E20公路,European route E20,Ireland
***ERROR:欧洲E20公路,European route E20,Russia
***ERROR:欧洲E20公路,European route E20,Sweden
***ERROR:美国国道460,U.S. Route 460,United States of America
***ERROR:塔拉斯·舍甫琴科大道 (基輔),Q3406815,Ukraine
***ERROR:欧洲E17公路,European route E17,Belgium
***ERROR:欧洲E17公路,European route E17,France
***ERROR:M52公路,M52 highway,Russia
***ERROR:欧洲E12公路,European route E12,Norway
***ERROR:欧洲E12公路,European route E12,Sweden
***ERROR:欧洲E15公路,European route E15,France
***ERROR:欧洲E15公路,European route E15,United Kingdom
***ERROR:欧洲E12公路,European route E12,Finland
***ERROR:欧洲E15公路,European route E15,Spain
***ERROR:Ermine街,Ermine Street,United Kingdom
***ERROR:欧洲E012公路,European route E012,Kazakhstan
***ERROR:欧洲E014公路,European route E014,Kazakhstan
***ERROR:欧洲E117公路,European route E117,Russia
***ERROR:欧洲E117公路,European route E117,Armenia
***ERROR:欧洲E117公路,European route E117,Georgia
***ERROR:107国道,China National Highway 107,People's Republic of China
***ERROR:欧洲E012公路,European route E012,People's Republic of China
***ERROR:國道5號,Main road 5,Finland
***ERROR:國道4號,Japan National Route 4,Japan
***ERROR:國道10號 (日本),Japan National Route 10,Japan
***ERROR:國道174號,Japan National Route 174,Japan
***ERROR:2號堪薩斯州州道,K-2,United States of America
***ERROR:5號堪薩斯州州道,K-5,United States of America
***ERROR:A87公路,A87 road,United Kingdom
***ERROR:欧洲E19公路,European route E19,Belgium
***ERROR:越南1A公路,National Route 1A,Vietnam
***ERROR:國道3號,Japan National Route 3,Japan
***ERROR:首都高速1號羽田線,Route 1 Haneda Line,Japan
***ERROR:英國M2高速公路,M2 motorway,United Kingdom
***ERROR:14號堪薩斯州州道,K-14 (Kansas highway),United States of America
***ERROR:27號堪薩斯州州道,K-27,United States of America
***ERROR:3號堪薩斯州州道,K-3 (Kansas highway),United States of America
***ERROR:欧洲E81公路,European route E81,Ukraine
***ERROR:1号公路,Highway 1,Israel
***ERROR:欧洲E578公路,European route E578,Romania
***ERROR:欧洲E81公路,European route E81,Romania
***ERROR:國道9號,Japan National Route 9,Japan
***ERROR:22號堪薩斯州州道,K-22,United States of America
***ERROR:28號堪薩斯州州道,K-28,United States of America
***ERROR:33號堪薩斯州州道,K-33 (Kansas highway),United States of America
***ERROR:4號堪薩斯州州道,K-4 (Kansas highway),United States of America
***ERROR:8號堪薩斯州州道,K-8 (Kansas highway),United States of America
***ERROR:首都高速11號台場線,Route 11,Japan
***ERROR:縣道135號,County Road 135,Taiwan
***ERROR:15號堪薩斯州州道,K-15 (Kansas highway),United States of America
***ERROR:190號州際公路,Interstate 190,United States of America
***ERROR:縣道134號,County Road 134,Taiwan
***ERROR:國道13號,Japan National Route 13,Japan
***ERROR:16號堪薩斯州州道,K-16 (Kansas highway),United States of America
***ERROR:18號堪薩斯州州道,K-18 (Kansas highway),United States of America
***ERROR:42號堪薩斯州州道,K-42 (Kansas highway),United States of America
***ERROR:7號堪薩斯州州道,K-7 (Kansas highway),United States of America
***ERROR:维埃拉·索托大道,Avenida Vieira Souto,Brazil
***ERROR:欧洲E847公路,European route E847,Italy
***ERROR:首都高速4號新宿線,Route 4,Japan
***ERROR:136号宾夕法尼亚州州道,Pennsylvania Route 136,United States of America
***ERROR:欧洲E232公路,European route E232,Netherlands
***ERROR:欧洲E115公路,European route E115,Russia
***ERROR:伊利諾州173號公路,Illinois Route 173,United States of America
***ERROR:309国道,China National Highway 309,People's Republic of China
***ERROR:國道11號,Japan National Route 11,Japan
***ERROR:國道7號,Japan National Route 7,Japan
***ERROR:欧洲E14公路,European route E14,Norway
***ERROR:欧洲E14公路,European route E14,Sweden
***ERROR:294號州際公路,Interstate 294,United States of America
***ERROR:108国道,China National Highway 108,People's Republic of China
***ERROR:欧洲E50公路,European route E50,Ukraine
***ERROR:欧洲E95公路,European route E95,Russia
***ERROR:欧洲E66公路,European route E66,Austria
***ERROR:欧洲E50公路,European route E50,Germany
***ERROR:欧洲E66公路,European route E66,Italy
***ERROR:欧洲E95公路,European route E95,Ukraine
***ERROR:欧洲E661公路,European route E661,Croatia
***ERROR:欧洲E95公路,European route E95,Belarus
***ERROR:欧洲E661公路,European route E661,Bosnia and Herzegovina
***ERROR:欧洲E661公路,European route E661,Hungary
***ERROR:欧洲E66公路,European route E66,Hungary
***ERROR:欧洲E50公路,European route E50,Slovakia
***ERROR:欧洲E50公路,European route E50,Czech Republic
***ERROR:國道8號,Main road 8,Finland
***ERROR:國道13號,Main road 13,Finland
***ERROR:國道12號,Main road 12,Finland
***ERROR:欧洲E47公路,European route E47,Denmark
***ERROR:欧洲E5公路,European route E05,France
***ERROR:欧洲E5公路,European route E05,United Kingdom
***ERROR:欧洲E391公路,European route E391,Russia
***ERROR:欧洲E391公路,European route E391,Ukraine
***ERROR:欧洲E56公路,European route E56,Austria
***ERROR:欧洲E651公路,European route E651,Austria
***ERROR:欧洲E47公路,European route E47,Germany
***ERROR:欧洲E56公路,European route E56,Germany
***ERROR:欧洲E5公路,European route E05,Spain
***ERROR:欧洲E47公路,European route E47,Sweden
***ERROR:欧洲E27公路,European route E27,France
***ERROR:欧洲E27公路,European route E27,Italy
***ERROR:欧洲E27公路,European route E27,Switzerland
***ERROR:欧洲E61公路,European route E61,Austria
***ERROR:欧洲E61公路,European route E61,Italy
***ERROR:欧洲E61公路,European route E61,Croatia
***ERROR:欧洲E61公路,European route E61,Slovenia
***ERROR:國道24號,Japan National Route 24,Japan
***ERROR:欧洲E263公路,European route E263,Estonia
***ERROR:欧洲E261公路,European route E261,Poland
***ERROR:欧洲E19公路,European route E19,France
***ERROR:欧洲E24公路,European route E24,United Kingdom
***ERROR:欧洲E313公路,European route E313,Belgium
***ERROR:欧洲E19公路,European route E19,Netherlands
***ERROR:欧洲E33公路,European route E33,Italy
***ERROR:國道18號,Japan National Route 18,Japan
***ERROR:紐賓士域省2號公路,New Brunswick Route 2,Canada
***ERROR:A9高速公路 (瑞士),A9 motorway,Switzerland
***ERROR:國道21號,Main road 21,Finland
***ERROR:國道2號,Japan National Route 2,Japan
***ERROR:欧洲E29公路,European route E29,France
***ERROR:欧洲E52公路,European route E52,France
***ERROR:欧洲E31公路,European route E31,Netherlands
***ERROR:欧洲E52公路,European route E52,Austria
***ERROR:欧洲E29公路,European route E29,Germany
***ERROR:欧洲E31公路,European route E31,Germany
***ERROR:欧洲E51公路,European route E51,Germany
***ERROR:欧洲E52公路,European route E52,Germany
***ERROR:美国国道260,U.S. Route 180,United States of America
***ERROR:495号州际公路 (马萨诸塞州),Interstate 495,United States of America
***ERROR:欧洲E29公路,European route E29,Luxembourg
***ERROR:M53公路,M53 highway,Russia
***ERROR:M20公路,R23 highway,Russia
***ERROR:欧洲E851公路,European route E851,Albania
***ERROR:欧洲E851公路,European route E851,Montenegro
***ERROR:欧洲E851公路,European route E851,Kosovo
***ERROR:國道9號,Main road 9,Finland
***ERROR:欧洲E8公路,European route E8,Norway
***ERROR:國道6號,Japan National Route 6,Japan
***ERROR:欧洲E8公路,European route E8,Finland
***ERROR:國道16號,Japan National Route 16,Japan
***ERROR:國道15號,Japan National Route 15,Japan
***ERROR:58號堪薩斯州州道,K-58 (Kansas highway),United States of America
***ERROR:國道10號,Main road 10,Finland
***ERROR:縣道128號,County Road 128,Taiwan
***ERROR:欧洲E39公路,European route E39,Denmark
***ERROR:欧洲E39公路,European route E39,Norway
***ERROR:國道11號,Main road 11,Finland
***ERROR:國道29號,Main road 29,Finland
***ERROR:國道17號,Japan National Route 17,Japan
***ERROR:欧洲E26公路,European route E26,Germany
***ERROR:322号美国国道,U.S. Route 322,United States of America
***ERROR:欧洲E50公路,European route E50,France
***ERROR:欧洲E50公路,European route E50,Russia
***ERROR:欧洲E95公路,European route E95,Turkey
***ERROR:312国道,China National Highway 312,People's Republic of China
***ERROR:欧洲E123公路,European route E123,Kazakhstan
***ERROR:欧洲E123公路,European route E123,Russia
***ERROR:欧洲E901公路,European route E901,Spain
***ERROR:欧洲E123公路,European route E123,Tajikistan
***ERROR:欧洲E123公路,European route E123,Uzbekistan
***ERROR:欧洲E018公路,European route E018,Kazakhstan
***ERROR:瑞士A2公路,A2 motorway,Switzerland
***ERROR:D4公路 (斯洛伐克),D4 motorway,Slovakia
***ERROR:M6公路,M6 highway,Russia
***ERROR:欧洲E006公路,European route E006,Tajikistan
***ERROR:欧洲E006公路,European route E006,Uzbekistan
***ERROR:縣道133號,County Road 133,Taiwan
***ERROR:216国道,China National Highway 216,People's Republic of China
***ERROR:欧洲E134公路,European route E134,Norway
***ERROR:國道13號,Route nationale 13,France
***ERROR:211国道,China National Highway 211,People's Republic of China
***ERROR:217国道,China National Highway 217,People's Republic of China
***ERROR:街市街 (油麻地),Market Street,People's Republic of China
***ERROR:112国道,China National Highway 112,People's Republic of China
***ERROR:318国道,China National Highway 318,People's Republic of China
***ERROR:國道1號,Japan National Route 1,Japan
***ERROR:欧洲E717公路,European route E717,Italy
***ERROR:博利紹伊大街 (彼得格勒島),Bolshoy Prospekt,Russia
***ERROR:國道18號,Main road 18,Finland
***ERROR:欧洲E411公路,European route E411,Belgium
***ERROR:欧洲E411公路,European route E411,France
***ERROR:欧洲E32公路,European route E32,United Kingdom
***ERROR:欧洲E442公路,European route E442,Slovakia
***ERROR:109国道,China National Highway 109,People's Republic of China
***ERROR:305国道,China National Highway 305,People's Republic of China
***ERROR:欧洲E442公路,European route E442,Czech Republic
***ERROR:欧洲E671公路,European route E671,Romania
***ERROR:英國M66高速公路,M66 motorway,United Kingdom
***ERROR:306国道,China National Highway 306,People's Republic of China
***ERROR:欧洲E462公路,European route E462,Poland
***ERROR:印度229国道,National Highway 229,India
***ERROR:欧洲E462公路,European route E462,Czech Republic
***ERROR:欧洲E577公路,European route E577,Romania
***ERROR:欧洲E72公路,European route E72,France
***ERROR:214国道,China National Highway 214,People's Republic of China
***ERROR:欧洲E575公路,European route E575,Hungary
***ERROR:欧洲E575公路,European route E575,Slovakia
***ERROR:213国道,China National Highway 213,People's Republic of China
***ERROR:欧洲E603公路,European route E603,France
***ERROR:欧洲E010公路,European route E010,Kyrgyzstan
***ERROR:M29公路 (俄羅斯),M29 highway,Russia
***ERROR:M3公路 (俄羅斯),M3 highway,Russia
***ERROR:欧洲E751公路,European route E751,Croatia
***ERROR:欧洲E751公路,European route E751,Slovenia
***ERROR:GR 10,GR 10,France
***ERROR:224国道,China National Highway 224,People's Republic of China
***ERROR:314国道,China National Highway 314,People's Republic of China
***ERROR:218国道,China National Highway 218,People's Republic of China
***ERROR:308国道,China National Highway 308,People's Republic of China
***ERROR:縣道130號,County Road 130,Taiwan
***ERROR:204国道,China National Highway 204,People's Republic of China
***ERROR:326国道,China National Highway 326,People's Republic of China
***ERROR:欧洲E11公路,European route E11,France
***ERROR:M1公路 (俄羅斯),M1 highway,Russia
***ERROR:約翰·繆爾步道,John Muir Trail,United States of America
***ERROR:英國M3高速公路,M3 motorway,United Kingdom
***ERROR:A3高速公路 (瑞士),A3 motorway,Switzerland
***ERROR:M9公路 (俄羅斯),M9 highway,Russia
***ERROR:323国道,China National Highway 323,People's Republic of China
***ERROR:208国道,China National Highway 208,People's Republic of China
***ERROR:210国道,China National Highway 210,People's Republic of China
***ERROR:縣道131號,County Road 131,Taiwan
***ERROR:58號,Ontario Highway 58,Canada
***ERROR:M5公路,M5 highway,Russia
***ERROR:欧洲E607公路,European route E607,France
***ERROR:欧洲E611公路,European route E611,France
***ERROR:M119公路,Vyatka Highway,Russia
***ERROR:欧洲E46公路,European route E46,Belgium
***ERROR:欧洲E46公路,European route E46,France
***ERROR:M10公路,M10 highway,Russia
***ERROR:英國M8高速公路,M8 motorway,United Kingdom
***ERROR:M7公路,M7 highway,Russia
***ERROR:M58公路,M58 highway,Russia
***ERROR:5號國道,National Highway 5,Cambodia
***ERROR:欧洲E602公路,European route E602,France
***ERROR:共青團大街 (莫斯科),Q4230241,Russia
***ERROR:103国道,China National Highway 103,People's Republic of China
***ERROR:202国道,China National Highway 202,People's Republic of China
***ERROR:列寧大街 (聖彼得堡),Q4258350,Russia
***ERROR:M8公路 (俄羅斯),M8 highway,Russia
***ERROR:欧洲E53公路,European route E53,Germany
***ERROR:欧洲E552公路,European route E552,Austria
***ERROR:欧洲E552公路,European route E552,Germany
***ERROR:奧林匹克大街 (莫斯科),Q4333885,Russia
***ERROR:201国道,China National Highway 201,People's Republic of China
***ERROR:英國M26高速公路,M26 motorway,United Kingdom
***ERROR:M11公路 (俄羅斯),A180 highway,Russia
***ERROR:欧洲E583公路,European route E583,Ukraine
***ERROR:301国道,China National Highway 301,People's Republic of China
***ERROR:315国道,China National Highway 315,People's Republic of China
***ERROR:欧洲E712公路,European route E712,France
***ERROR:欧洲E712公路,European route E712,Switzerland
***ERROR:欧洲E583公路,European route E583,Moldova
***ERROR:欧洲E583公路,European route E583,Romania
***ERROR:欧洲E009公路,European route E009,Tajikistan
***ERROR:欧洲E78公路,European route E78,Italy
***ERROR:欧洲E841公路,European route E841,Italy
***ERROR:欧洲E69公路,European route E69,Norway
***ERROR:欧洲E63公路,European route E63,Finland
***ERROR:6號國道,National Highway 6,Cambodia
***ERROR:101国道,China National Highway 101,People's Republic of China
***ERROR:207国道,China National Highway 207,People's Republic of China
***ERROR:327国道,China National Highway 327,People's Republic of China
***ERROR:美国国道385,U.S. Route 385,United States of America
***ERROR:欧洲E848公路,European route E848,Italy
***ERROR:欧洲E581公路,European route E581,Romania
***ERROR:欧洲E13公路,European route E13,United Kingdom
***ERROR:23號馬里蘭州州道,Maryland Route 23,United States of America
***ERROR:欧洲E401公路,European route E401,France
***ERROR:欧洲E127公路,European route E127,Kazakhstan
***ERROR:欧洲E127公路,European route E127,Russia
***ERROR:欧洲E692公路,European route E692,Georgia
***ERROR:105国道,China National Highway 105,People's Republic of China
***ERROR:111国道,China National Highway 111,People's Republic of China
***ERROR:225国道,China National Highway 225,People's Republic of China
***ERROR:303国道,China National Highway 303,People's Republic of China
***ERROR:310国道,China National Highway 310,People's Republic of China
***ERROR:321国道,China National Highway 321,People's Republic of China
***ERROR:324国道,China National Highway 324,People's Republic of China
***ERROR:329国道,China National Highway 329,People's Republic of China
***ERROR:國道1號,Main road 1,Finland
***ERROR:欧洲E373公路,European route E373,Ukraine
***ERROR:欧洲E373公路,European route E373,Poland
***ERROR:欧洲E952公路,European route E952,Greece
***ERROR:34號奧克拉荷馬州州道,Oklahoma State Highway 34,United States of America
***ERROR:美国国道281,U.S. Route 281,United States of America
***ERROR:212国道,China National Highway 212,People's Republic of China
***ERROR:M27公路,M27 highway,Russia
***ERROR:M60公路,M60 highway,Russia
***ERROR:欧洲E592公路,European route E592,Russia
***ERROR:欧洲E691公路,European route E691,Turkey
***ERROR:欧洲E691公路,European route E691,Armenia
***ERROR:欧洲E86公路,European route E86,Albania
***ERROR:欧洲E691公路,European route E691,Georgia
***ERROR:欧洲E73公路,European route E73,Croatia
***ERROR:欧洲E73公路,European route E73,Bosnia and Herzegovina
***ERROR:欧洲E73公路,European route E73,Hungary
***ERROR:欧洲E604公路,European route E604,France
***ERROR:欧洲E86公路,European route E86,Greece
***ERROR:欧洲E673公路,European route E673,Romania
***ERROR:欧洲E82公路,European route E82,Portugal
***ERROR:欧洲E82公路,European route E82,Spain
***ERROR:欧洲E68公路,European route E68,Hungary
***ERROR:8號奧克拉荷馬州州道,Oklahoma State Highway 8,United States of America
***ERROR:221国道,China National Highway 221,People's Republic of China
***ERROR:313国道,China National Highway 313,People's Republic of China
***ERROR:欧洲E68公路,European route E68,Romania
***ERROR:英國M23高速公路,M23 motorway,United Kingdom
***ERROR:欧洲E003公路,European route E003,Uzbekistan
***ERROR:欧洲E86公路,European route E86,Republic of Macedonia
***ERROR:欧洲E87公路,European route E87,Turkey
***ERROR:欧洲E87公路,European route E87,Ukraine
***ERROR:欧洲E003公路,European route E003,Turkmenistan
***ERROR:欧洲E71公路,European route E71,Croatia
***ERROR:欧洲E71公路,European route E71,Bosnia and Herzegovina
***ERROR:欧洲E71公路,European route E71,Hungary
***ERROR:欧洲E87公路,European route E87,Moldova
***ERROR:欧洲E71公路,European route E71,Slovakia
***ERROR:欧洲E87公路,European route E87,Bulgaria
***ERROR:國道8號,National Highway 8,India
***ERROR:283號美國國道,U.S. Route 283,United States of America
***ERROR:287号美国国道,U.S. Route 287,United States of America
***ERROR:國道138,U.S. Route 138,United States of America
***ERROR:欧洲E87公路,European route E87,Romania
***ERROR:縣道137號,County Road 137,Taiwan
***ERROR:艾伯塔省1号省道,Alberta Highway 1,Canada
***ERROR:209国道,China National Highway 209,People's Republic of China
***ERROR:M54公路,R257 highway,Russia
***ERROR:國道410號,Japan National Route 410,Japan
***ERROR:欧洲E136公路,European route E136,Norway
***ERROR:美国国道183,U.S. Route 183,United States of America
***ERROR:欧洲E714公路,European route E714,France
***ERROR:欧洲E101公路,European route E101,Russia
***ERROR:欧洲E101公路,European route E101,Ukraine
***ERROR:英國M60高速公路,M60 motorway,United Kingdom
***ERROR:欧洲E612公路,European route E612,Italy
***ERROR:欧洲E821公路,European route E821,Italy
***ERROR:106国道,China National Highway 106,People's Republic of China
***ERROR:206国道,China National Highway 206,People's Republic of China
***ERROR:220国道,China National Highway 220,People's Republic of China
***ERROR:302国道,China National Highway 302,People's Republic of China
***ERROR:311国道,China National Highway 311,People's Republic of China
***ERROR:325国道,China National Highway 325,People's Republic of China
***ERROR:M51公路,M51 highway,Kazakhstan
***ERROR:M51公路,M51 highway,Russia
***ERROR:M4高速公路,M4 motorway,United Kingdom
***ERROR:欧洲E98公路,European route E98,Turkey
***ERROR:欧洲E772公路,European route E772,Bulgaria
***ERROR:322国道,China National Highway 322,People's Republic of China
***ERROR:英國M40高速公路,M40 motorway,United Kingdom
***ERROR:M18公路,M18 highway,Russia
***ERROR:A21公路 (英格蘭),A21 road,United Kingdom
***ERROR:M4公路,M4 highway,Russia
***ERROR:的黎波里－開普敦高速公路,Tripoli – Cape Town Highway,Chad
***ERROR:的黎波里－開普敦高速公路,Tripoli – Cape Town Highway,Democratic Republic of the Congo
***ERROR:的黎波里－開普敦高速公路,Tripoli – Cape Town Highway,Libya
***ERROR:的黎波里－開普敦高速公路,Tripoli – Cape Town Highway,Namibia
***ERROR:的黎波里－開普敦高速公路,Tripoli – Cape Town Highway,South Africa
***ERROR:的黎波里－開普敦高速公路,Tripoli – Cape Town Highway,Angola
***ERROR:的黎波里－開普敦高速公路,Tripoli – Cape Town Highway,Cameroon
***ERROR:104国道,China National Highway 104,People's Republic of China
***ERROR:227国道,China National Highway 227,People's Republic of China
***ERROR:328国道,China National Highway 328,People's Republic of China
***ERROR:的黎波里－開普敦高速公路,Tripoli – Cape Town Highway,Central African Republic
***ERROR:欧洲E931公路,European route E931,Italy
***ERROR:的黎波里－開普敦高速公路,Tripoli – Cape Town Highway,Republic of the Congo
***ERROR:2號省道,Prince Edward Island Route 2,Canada
***ERROR:695号州际公路 (马里兰州),Interstate 695,United States of America
***ERROR:安大略417號省道,Ontario Highway 417,Canada
***ERROR:國道42號,Japan National Route 42,Japan
***ERROR:A32高速公路,A32 autoroute,France
***ERROR:A48高速公路,A48 autoroute,France
***ERROR:A-5高速公路,Autovía A-5,Spain
***ERROR:卡諾大街 (巴黎),avenue Carnot,France
***ERROR:欧洲E471公路,European route E471,Ukraine
***ERROR:欧洲E312公路,European route E312,Netherlands
***ERROR:國道370號,Japan National Route 370,Japan
***ERROR:A314高速公路,A314 autoroute,France
***ERROR:A3高速公路,A3 autoroute,France
***ERROR:A-3高速公路 (西班牙),Autovía A-3,Spain
***ERROR:麻省大道 (波士頓市區),Massachusetts Avenue,United States of America
***ERROR:欧洲E421公路,European route E421,Belgium
***ERROR:縣道136號,Taiwan County Road 136,Taiwan
***ERROR:欧洲E932公路,European route E932,Italy
***ERROR:英國M25高速公路,M25 motorway,United Kingdom
***ERROR:欧洲E421公路,European route E421,Luxembourg
***ERROR:A50高速公路,A50 autoroute,France
***ERROR:12號省道,Ontario Highway 12,Canada
***ERROR:欧洲E852公路,European route E852,Republic of Macedonia
***ERROR:欧洲E652公路,European route E652,Austria
***ERROR:A14高速公路,A14 autoroute,France
***ERROR:欧洲E441公路,European route E441,Germany
***ERROR:A5高速公路,A5 autoroute,France
***ERROR:欧洲E962公路,European route E962,Greece
***ERROR:A47高速公路,A47 autoroute,France
***ERROR:A38高速公路,A38 autoroute,France
***ERROR:欧洲E652公路,European route E652,Slovenia
***ERROR:國道4號,Main road 4,Finland
***ERROR:欧洲E511公路,European route E511,France
***ERROR:欧洲E801公路,European route E801,Portugal
***ERROR:欧洲E801公路,European route E801,Spain
***ERROR:A8高速公路,A8 autoroute,France
***ERROR:欧洲E016公路,European route E016,Kazakhstan
***ERROR:英國M56高速公路,M56 motorway,United Kingdom
***ERROR:越南3号公路,National Route 3,Vietnam
***ERROR:320国道,China National Highway 320,People's Republic of China
***ERROR:密西根州州道51,M-51,United States of America
***ERROR:馬里蘭州63號州道,Maryland Route 63,United States of America
***ERROR:美國國道40號,U.S. Route 40 in Maryland,United States of America
***ERROR:馬里蘭州68號州道,Maryland Route 68,United States of America
***ERROR:A-4高速公路,Autovía A-4,Spain
***ERROR:A404高速公路,A404 autoroute,France
***ERROR:A49高速公路,A49 autoroute,France
***ERROR:A77高速公路,A77 autoroute,France
***ERROR:A106高速公路,A106 autoroute,France
***ERROR:A140高速公路,A140 autoroute,France
***ERROR:A28高速公路,A28 autoroute,France
***ERROR:南卡85號跨州快速路,Interstate 85 in South Carolina,United States of America
***ERROR:欧洲E262公路,European route E262,Latvia
***ERROR:欧洲E803公路,European route E803,Spain
***ERROR:安卡拉75周年赛马场,Ankara 75th Anniversary Race Course,Turkey
***ERROR:595号州际公路,Interstate 595,United States of America
***ERROR:A33高速公路,A33 autoroute,France
***ERROR:欧洲E007公路,European route E007,Kyrgyzstan
***ERROR:495号州际公路,Interstate 495,United States of America
***ERROR:欧洲E007公路,European route E007,Uzbekistan
***ERROR:A340高速公路,A340 autoroute,France
***ERROR:A31高速公路,A31 autoroute,France
***ERROR:A330高速公路,A330 autoroute,France
***ERROR:A480高速公路,A480 autoroute,France
***ERROR:A29高速公路,A29 autoroute,France
***ERROR:A430高速公路,A430 autoroute,France
***ERROR:A61高速公路,A61 autoroute,France
***ERROR:欧洲E91公路,European route E91,Turkey
***ERROR:欧洲E019公路,European route E019,Kazakhstan
***ERROR:A90高速公路,Autostrada A90,Italy
***ERROR:A2高速公路,A2 autoroute,France
***ERROR:A63高速公路,A63 autoroute,France
***ERROR:A-8高速公路,Autovía A-8,Spain
***ERROR:A39高速公路,A39 autoroute,France
***ERROR:欧洲E581公路,European route E581,Ukraine
***ERROR:欧洲E581公路,European route E581,Moldova
***ERROR:A151高速公路,A151 autoroute,France
***ERROR:欧洲E606公路,European route E606,France
***ERROR:61號內布拉斯加州州道,Nebraska Highway 61,United States of America
***ERROR:美国国道11E,U.S. Route 11E,United States of America
***ERROR:美国国道11W,U.S. Route 11W,United States of America
***ERROR:A131高速公路,A131 autoroute,France
***ERROR:A139高速公路,A139 autoroute,France
***ERROR:A34高速公路,A34 autoroute,France
***ERROR:A432高速公路,A432 autoroute,France
***ERROR:A45高速公路,A45 autoroute,France
***ERROR:A46高速公路,A46 autoroute,France
***ERROR:A500高速公路,A500 autoroute,France
***ERROR:A51高速公路,A51 autoroute,France
***ERROR:A557高速公路,A557 autoroute,France
***ERROR:A624高速公路,A624 autoroute,France
***ERROR:A62高速公路,A62 autoroute,France
***ERROR:A66高速公路,A66 autoroute,France
***ERROR:A750高速公路,A750 autoroute,France
***ERROR:A79高速公路,A79 autoroute,France
***ERROR:A104高速公路,A104 autoroute,France
***ERROR:A1高速公路,A1 autoroute,France
***ERROR:A132高速公路,A132 autoroute,France
***ERROR:A20高速公路,A20 autoroute,France
***ERROR:A25高速公路,A25 autoroute,France
***ERROR:A26高速公路,A26 autoroute,France
***ERROR:A27高速公路,A27 autoroute,France
***ERROR:A30高速公路,A30 autoroute,France
***ERROR:A35高速公路,A35 autoroute,France
***ERROR:A44高速公路,A44 autoroute,France
***ERROR:A450高速公路,A450 autoroute,France
***ERROR:A570高速公路,A570 autoroute,France
***ERROR:A631高速公路,A631 autoroute,France
***ERROR:A660高速公路,A660 autoroute,France
***ERROR:A711高速公路,A711 autoroute,France
***ERROR:A89高速公路,A89 autoroute,France
***ERROR:A-2高速公路,Autovía A-2,Spain
***ERROR:A645高速公路,A645 autoroute,France
***ERROR:A623高速公路,A623 autoroute,France
***ERROR:A813高速公路,A813 autoroute,France
***ERROR:A844高速公路,A844 autoroute,France
***ERROR:A831高速公路,A831 autoroute,France
***ERROR:A115高速公路,A115 autoroute,France
***ERROR:A16高速公路,A16 autoroute,France
***ERROR:A351高速公路,A351 autoroute,France
***ERROR:A352高速公路,A352 autoroute,France
***ERROR:A406高速公路,A406 autoroute,France
***ERROR:A41高速公路,A41 autoroute,France
***ERROR:A501高速公路,A501 autoroute,France
***ERROR:A502高速公路,A502 autoroute,France
***ERROR:A55高速公路,A55 autoroute,France
***ERROR:A71高速公路,A71 autoroute,France
***ERROR:A87高速公路,A87 autoroute,France
***ERROR:A9高速公路,A9 autoroute,France
***ERROR:A12高速公路,A12 autoroute,France
***ERROR:278号美国国道,U.S. Route 278,United States of America
***ERROR:A10高速公路,A10 autoroute,France
***ERROR:A150高速公路,A150 autoroute,France
***ERROR:A21高速公路,A21 autoroute,France
***ERROR:A320高速公路,A320 autoroute,France
***ERROR:A350高速公路,A350 autoroute,France
***ERROR:A36高速公路,A36 autoroute,France
***ERROR:A40高速公路,A40 autoroute,France
***ERROR:A411高速公路,A411 autoroute,France
***ERROR:A515高速公路,A515 autoroute,France
***ERROR:A516高速公路,A516 autoroute,France
***ERROR:A520高速公路,A520 autoroute,France
***ERROR:A630高速公路,A630 autoroute,France
***ERROR:A641高速公路,A641 autoroute,France
***ERROR:A68高速公路,A68 autoroute,France
***ERROR:A719高速公路,A719 autoroute,France
***ERROR:A7高速公路 (法国),A7 autoroute,France
***ERROR:A81高速公路,A81 autoroute,France
***ERROR:A86高速公路,A86 autoroute,France
***ERROR:A-1高速公路 (西班牙),Autovía A-1,Spain
***ERROR:A42高速公路,A42 autoroute,France
***ERROR:A15高速公路,A15 autoroute,France
***ERROR:A311高速公路,A311 autoroute,France
***ERROR:欧洲E004公路,European route E004,Kazakhstan
***ERROR:欧洲E004公路,European route E004,Uzbekistan
***ERROR:欧洲E96公路,European route E96,Turkey
***ERROR:A64高速公路,A64 autoroute,France
***ERROR:A811高速公路,A811 autoroute,France
***ERROR:A88高速公路,A88 autoroute,France
***ERROR:欧洲E601公路,European route E601,France
***ERROR:欧洲E842公路,European route E842,Italy
***ERROR:欧洲E763公路,European route E763,Montenegro
***ERROR:A315高速公路,A315 autoroute,France
***ERROR:35号州际公路德克萨斯州段,Interstate 35 in Texas,United States of America
***ERROR:欧洲E763公路,European route E763,Serbia
***ERROR:136号美国国道,U.S. Route 136,United States of America
***ERROR:A43高速公路,A43 autoroute,France
***ERROR:A75高速公路,A75 autoroute,France
***ERROR:安大略420號省道,Ontario Highway 420,Canada
***ERROR:410号州际公路,Interstate 410,United States of America
***ERROR:魁北克10号高速公路,Quebec Autoroute 10,Canada
***ERROR:A6高速公路,A6 autoroute,France
***ERROR:A13高速公路,A13 autoroute,France
***ERROR:A52高速公路,A52 autoroute,France
***ERROR:欧洲E89公路,European route E89,Turkey
***ERROR:欧洲E372公路,European route E372,Ukraine
***ERROR:欧洲E762公路,European route E762,Albania
***ERROR:欧洲E762公路,European route E762,Montenegro
***ERROR:欧洲E762公路,European route E762,Bosnia and Herzegovina
***ERROR:欧洲E372公路,European route E372,Poland
***ERROR:495号州际公路,Falmouth Spur,United States of America
***ERROR:15號公路,New Brunswick Route 15,Canada
***ERROR:A19高速公路,A19 autoroute,France
***ERROR:A216高速公路,A216 autoroute,France
***ERROR:A23高速公路,A23 autoroute,France
***ERROR:A410高速公路,A410 autoroute,France
***ERROR:A517高速公路,A517 autoroute,France
***ERROR:A65高速公路,A65 autoroute,France
***ERROR:A837高速公路,A837 autoroute,France
***ERROR:A4高速公路,A4 autoroute,France
***ERROR:146號馬里蘭州州道,Maryland Route 146,United States of America
***ERROR:阿肯色385號公路,Arkansas Highway 385,United States of America
***ERROR:A11高速公路,A11 autoroute,France
***ERROR:A22高速公路,A22 autoroute,France
***ERROR:A154高速公路,A154 autoroute,France
***ERROR:A72高速公路,A72 autoroute,France
***ERROR:A57高速公路,A57 autoroute,France
***ERROR:富兰克林·罗斯福大街,avenue Franklin-D.-Roosevelt,France
***ERROR:A54高速公路,A54 autoroute,France
***ERROR:欧洲E840公路,European route E840,Italy
***ERROR:A83高速公路,A83 autoroute,France
***ERROR:縣道140號,County Road 140,Taiwan
***ERROR:635號州際公路,Interstate 635,United States of America
***ERROR:146號堪薩斯州州道,K-146 (Kansas highway),United States of America
***ERROR:A43公路,A43 road,United Kingdom
***ERROR:A215路,A215 road,United Kingdom
***ERROR:A494道,A494 road,United Kingdom
***ERROR:欧洲E420公路,European route E420,Belgium
***ERROR:欧洲E420公路,European route E420,France
***ERROR:10号州际公路德克萨斯州段,Interstate 10 in Texas,United States of America
***ERROR:百老匯 (倫敦),"Broadway, London"
***ERROR:國道17號,National Highway 66,India
***ERROR:傑克·羅賓森公園道路,Jackie Robinson Parkway,United States of America
***ERROR:101号美国国道俄勒冈州段,U.S. Route 101 in Oregon,United States of America
***ERROR:A214公路,A214 road,United Kingdom
***ERROR:A465道,A465 road,United Kingdom
***ERROR:A48（M）高速公路,A48(M) motorway,United Kingdom
***ERROR:卑詩省7A省道,British Columbia Highway 7A,Canada
***ERROR:俄亥俄58号州级公路,Ohio State Route 58,United States of America
***ERROR:縣道141號,County Road 141,Taiwan
***ERROR:欧洲E381公路,European route E381,Russia
***ERROR:欧洲E381公路,European route E381,Ukraine
***ERROR:欧洲E501公路,European route E501,France
***ERROR:欧洲E675公路,European route E675,Bulgaria
***ERROR:國道9號,National Highway 65,India
***ERROR:85號,Ontario Highway 85,Canada
***ERROR:欧洲E272公路,European route E272,Lithuania
***ERROR:A-6高速公路,Autovía A-6,Spain
***ERROR:欧洲E675公路,European route E675,Romania
***ERROR:CA-35高速公路,CA-35,Spain
***ERROR:A217公路,A217 road,United Kingdom
***ERROR:美国国道213,Maryland Route 213,United States of America
***ERROR:西濱高速公路 (紐約市),New York State Route 440,United States of America
***ERROR:欧洲E571公路,European route E571,Slovakia
***ERROR:5号州际公路俄勒冈州段,Interstate 5 in Oregon,United States of America
***ERROR:國道56號 (越南),National Route 56,Vietnam
***ERROR:欧洲E846公路,European route E846,Italy
***ERROR:欧洲E653公路,European route E653,Hungary
***ERROR:欧洲E119公路,European route E119,Russia
***ERROR:欧洲E119公路,European route E119,Azerbaijan
***ERROR:國道168號,Japan National Route 168,Japan
***ERROR:欧洲E119公路,European route E119,Iran
***ERROR:欧洲E94公路,European route E94,Greece
***ERROR:欧洲E502公路,European route E502,France
***ERROR:欧洲E653公路,European route E653,Slovenia
***ERROR:紐約的9號美國國道,U.S. Route 9 in New York,United States of America
***ERROR:維吉尼亞州101號公路,Virginia State Route 101,United States of America
***ERROR:維吉尼亞州155號公路,Virginia State Route 155,United States of America
***ERROR:維吉尼亞州99號公路,Virginia State Route 99,United States of America
***ERROR:欧洲E961公路,European route E961,Greece
***ERROR:欧洲E92公路,European route E92,Greece
***ERROR:亚洲公路18号线,AH18,Malaysia
***ERROR:欧洲E881公路,European route E881,Turkey
***ERROR:欧洲E234公路,European route E234,Germany
***ERROR:國道3號,Main road 3,Finland
***ERROR:維吉尼亞州102號公路,Route 102,United States of America
***ERROR:維吉尼亞州160號公路,Virginia State Route 160,United States of America
***ERROR:維吉尼亞州199號公路,Virginia State Route 199,United States of America
***ERROR:亚洲公路18号线,AH18,Thailand
***ERROR:A3公路 (英國),A3 road,United Kingdom
***ERROR:海洋公園道路 (布魯克林),Ocean Parkway,United States of America
***ERROR:越南51公路,National Route 51,Vietnam
***ERROR:欧洲E002公路,European route E002,Azerbaijan
***ERROR:4號公路,Highway 4,Israel
***ERROR:欧洲E662公路,European route E662,Croatia
***ERROR:欧洲E371公路,European route E371,Poland
***ERROR:欧洲E371公路,European route E371,Slovakia
***ERROR:欧洲E951公路,European route E951,Greece
***ERROR:AP-9高速公路,Autopista AP-9,Spain
***ERROR:欧洲E662公路,European route E662,Serbia
***ERROR:A-7高速公路,Autovía A-7,Spain
***ERROR:A84高速公路,A84 autoroute,France
***ERROR:A85高速公路,A85 autoroute,France
***ERROR:欧洲E933公路,European route E933,Italy
***ERROR:130号德克萨斯州州道,Texas State Highway 130,United States of America
***ERROR:24号犹他州州道,Utah State Route 24,United States of America
***ERROR:28号犹他州州道,Utah State Route 28,United States of America
***ERROR:紐約州27號道路,New York State Route 27,United States of America
***ERROR:維吉尼亞州156號公路,Virginia State Route 156,United States of America
***ERROR:A470道,A470,United Kingdom
***ERROR:台11線,Provincial Highway 11,Taiwan
***ERROR:欧洲E773公路,European route E773,Bulgaria
***ERROR:國道7號 (馬達加斯加),Route nationale 7,Madagascar
***ERROR:北海道道202号八云停车场线,Hokkaido Prefectural Road Route 202,Japan
***ERROR:白沙羅－蒲種大道,Damansara–Puchong Expressway,Malaysia
***ERROR:A5快速道路,A5 road,United Kingdom
***ERROR:宝活市，亚壁古道,Appian Way,Australia
***ERROR:縣道145號,County Road 145,Taiwan
***ERROR:麥·畢士比爵士路,Sir Matt Busby Way,United Kingdom
***ERROR:縣道142號,County Road 142,Taiwan
***ERROR:欧洲E231公路,European route E231,Netherlands
***ERROR:欧洲E844公路,European route E844,Italy
***ERROR:A59公路,A59 road,United Kingdom
***ERROR:A259公路,A259 road,United Kingdom
***ERROR:台16線,Provincial Highway 16,Taiwan
***ERROR:台4線,Provincial Highway 4,Taiwan
***ERROR:台64線,Provincial Highway 64,Taiwan
***ERROR:安大略400號省道,Ontario Highway 400,Canada
***ERROR:安大略405號省道,Ontario Highway 405,Canada
***ERROR:安大略407號省道,Ontario Highway 407,Canada
***ERROR:安大略410號省道,Ontario Highway 410,Canada
***ERROR:安大略427號省道,Ontario Highway 427,Canada
***ERROR:魁北克13号高速公路,Quebec Autoroute 13,Canada
***ERROR:A31公路,A31 road,United Kingdom
***ERROR:北海道道201号岩见泽停车场线,Hokkaido Prefectural Road Route 201,Japan
***ERROR:美國國道360,U.S. Route 360,United States of America
***ERROR:香港1號幹線,Route 1,People's Republic of China
***ERROR:美国国道258,U.S. Route 258,United States of America
***ERROR:維吉尼亞州24號公路,Virginia State Route 24,United States of America
***ERROR:維吉尼亞州2號公路,Virginia State Route 2,United States of America
***ERROR:維吉尼亞州33號公路,Virginia State Route 33,United States of America
***ERROR:維吉尼亞州40號公路,Virginia State Route 40,United States of America
***ERROR:維吉尼亞州7號公路,Virginia State Route 7,United States of America
***ERROR:维吉尼亚州8号公路,Virginia State Route 8,United States of America
***ERROR:A685號公路,A685 road,United Kingdom
***ERROR:維吉尼亞州13號公路,Virginia State Route 13,United States of America
***ERROR:維吉尼亞州14號公路,Virginia State Route 14,United States of America
***ERROR:維吉尼亞州20號公路,Virginia State Route 20,United States of America
***ERROR:維吉尼亞州3號公路,Virginia State Route 3,United States of America
***ERROR:維吉尼亞州6號公路,Virginia State Route 6,United States of America
***ERROR:维吉尼亚州10号公路,Virginia State Route 10,United States of America
***ERROR:欧洲E001公路,European route E001,Armenia
***ERROR:欧洲E001公路,European route E001,Georgia
***ERROR:安東尼·瀚迪大道,Anthony Henday Drive,Canada
***ERROR:縣道138號,County Road 138,Taiwan
***ERROR:欧洲E201公路,European route E201,Ireland
***ERROR:美國國道158,U.S. Route 158,United States of America
***ERROR:20號,Ontario Highway 20,Canada
***ERROR:維吉尼亞州18號公路,Virginia State Route 18,United States of America
***ERROR:維吉尼亞州22號公路,Virginia State Route 22,United States of America
***ERROR:維吉尼亞州28號公路,Virginia State Route 28,United States of America
***ERROR:維吉尼亞州32號公路,Virginia State Route 32,United States of America
***ERROR:維吉尼亞州37號公路,Virginia State Route 37,United States of America
***ERROR:維吉尼亞州39號公路,Virginia State Route 39,United States of America
***ERROR:A1高速公路 (突尼西亞),A1 motorway,Tunisia
***ERROR:告士打道 (倫敦),"Gloucester Road, London"
***ERROR:國道306號,Japan National Route 306,Japan
***ERROR:181号美国国道,U.S. Route 181,United States of America
***ERROR:441号美国国道,U.S. Route 441,United States of America
***ERROR:美国国道211,U.S. Route 211,United States of America
***ERROR:欧洲E264公路,European route E264,Estonia
***ERROR:欧洲E264公路,European route E264,Latvia
***ERROR:維吉尼亞州16號公路,Virginia State Route 16,United States of America
***ERROR:維吉尼亞州38號公路,Virginia State Route 38,United States of America
***ERROR:維吉尼亞州4號公路,Virginia State Route 4,United States of America
***ERROR:國道7號,Main road 7,Finland
***ERROR:台74線,Provincial Highway 74,Taiwan
***ERROR:欧洲E804公路,European route E804,Spain
***ERROR:亞洲公路8號線,AH8,Russia
***ERROR:亞洲公路8號線,AH8,Azerbaijan
***ERROR:亞洲公路8號線,AH8,Iran
***ERROR:欧洲E125公路,European route E125,Kazakhstan
***ERROR:欧洲E125公路,European route E125,Kyrgyzstan
***ERROR:欧洲E002公路,European route E002,Armenia
***ERROR:欧洲E771公路,European route E771,Romania
***ERROR:欧洲E771公路,European route E771,Serbia
***ERROR:台3線,Provincial Highway 3,Taiwan
***ERROR:台21線,Provincial Highway 21,Taiwan
***ERROR:縣道143號,County Road 143,Taiwan
***ERROR:美國國道421,U.S. Route 421,United States of America
***ERROR:縣道139號,County Road 139,Taiwan
***ERROR:欧洲E265公路,European route E265,Estonia
***ERROR:欧洲E265公路,European route E265,Sweden
***ERROR:國道50號,Japan National Route 50,Japan
***ERROR:安大略406號省道,Ontario Highway 406,Canada
***ERROR:縣道144號,County Road 144,Taiwan
***ERROR:A3高速公路 (突尼西亞),A3 motorway,Tunisia
***ERROR:國道1號,Route 1,Paraguay
***ERROR:北海道道203号泷川停车场线,Hokkaido Prefectural Road Route 203,Japan
***ERROR:維吉尼亞州26號公路,Virginia State Route 26,United States of America
***ERROR:維吉尼亞州30號公路,Virginia State Route 30,United States of America
***ERROR:維吉尼亞州31號公路,Virginia State Route 31,United States of America
***ERROR:維吉尼亞州35號公路,Virginia State Route 35,United States of America
***ERROR:維吉尼亞州36號公路,Virginia State Route 36,United States of America
***ERROR:維吉尼亞州41號公路,Virginia State Route 41,United States of America
***ERROR:維吉尼亞州5號公路,Virginia State Route 5,United States of America
***ERROR:維吉尼亞州9號公路,Virginia State Route 9,United States of America
***ERROR:台18線,Provincial Highway 18,Taiwan
***ERROR:台5線,Provincial Highway 5,Taiwan
***ERROR:安大略402號省道,Ontario Highway 402,Canada
***ERROR:安大略403號省道,Ontario Highway 403,Canada
***ERROR:安大略409號省道,Ontario Highway 409,Canada
***ERROR:欧洲E711公路,European route E711,France
***ERROR:140號,Ontario Highway 140,Canada
***ERROR:安大略404號省道,Ontario Highway 404,Canada
***ERROR:魁北克15号高速公路,Quebec Autoroute 15,Canada
***ERROR:欧洲E271公路,European route E271,Belarus
***ERROR:國道120號,Japan National Route 120,Japan
***ERROR:國道178號,Japan National Route 178,Japan
***ERROR:國道21號,Japan National Route 21,Japan
***ERROR:Dame街,Dame Street,Ireland
***ERROR:亚洲公路87号线,AH87,Turkey
***ERROR:西南127街,119/122 Street,Canada
***ERROR:16街,16th Street Northwest,United States of America
***ERROR:115號,Ontario Highway 115,Canada
***ERROR:105街,"105 Street, Edmonton"
***ERROR:欧洲E551公路,European route E551,Czech Republic
***ERROR:美國國道117,U.S. Route 117,United States of America
***ERROR:國道2號,Route 2,Paraguay
***ERROR:A4232公路,A4232 road,United Kingdom
***ERROR:A85公路,A85 road,United Kingdom
***ERROR:SA-305,SA-305,Spain
***ERROR:第三街 (洛杉磯),"3rd Street, Los Angeles"
***ERROR:55號魁北克省高速公路,Quebec Autoroute 55,Canada
***ERROR:BR-101高速公路,BR-101,Brazil
***ERROR:A40公路,A40 road,United Kingdom
***ERROR:安大略7號省道,Ontario Highway 7,Canada
***ERROR:艾伯塔省2号省道,Alberta Highway 2,Canada
***ERROR:國道101號 (烏拉圭),Route 101,Uruguay
***ERROR:A38公路,A38 road,United Kingdom
***ERROR:A413公路,A413 road,United Kingdom
***ERROR:A82公路,A82 road,United Kingdom
***ERROR:亚洲公路42号线,AH42,Nepal
***ERROR:亚洲公路42号线,AH42,India
***ERROR:156街,156 Street,Canada
***ERROR:亚洲公路42号线,AH42,People's Republic of China
***ERROR:A83公路,A83 road,United Kingdom
***ERROR:英國A1(M)高速公路,A1(M) motorway,United Kingdom
***ERROR:A449公路,A449 road,United Kingdom
***ERROR:6號,Ontario Highway 6,Canada
***ERROR:北海－居林大道,Butterworth–Kulim Expressway,Malaysia
***ERROR:35號,Ontario Highway 35,Canada
***ERROR:3號,Ontario Highway 3,Canada
***ERROR:B954号公路,B954 road,United Kingdom
***ERROR:櫻桃街 (多倫多),Cherry Street,Canada
***ERROR:美国国道264,U.S. Route 264,United States of America
***ERROR:欧洲E403公路,European route E403,Belgium
***ERROR:亞省16號公路,Alberta Highway 16,Canada
***ERROR:克萊姆·瓊斯隧道,Clem Jones Tunnel,Australia
***ERROR:153大道,"153 Avenue, Edmonton"
***ERROR:亞洲公路4號線,AH4,Pakistan
***ERROR:欧洲E404公路,European route E404,Belgium
***ERROR:亞洲公路4號線,AH4,Russia
***ERROR:亞洲公路4號線,AH4,Mongolia
***ERROR:欧洲E572公路,European route E572,Slovakia
***ERROR:亞洲公路4號線,AH4,People's Republic of China
***ERROR:欧洲E429公路,European route E429,Belgium
***ERROR:亚洲公路43号线,AH43,India
***ERROR:ACDC巷,ACDC Lane,Australia
***ERROR:75街和66街,"66 Street, Edmonton"
***ERROR:A1 (972)高速公路,A1 autoroute,France
***ERROR:亚洲公路43号线,AH43,Sri Lanka
***ERROR:113A街,Castle Downs Road,Canada
***ERROR:國道23號,Japan National Route 23,Japan
***ERROR:國道464號,Japan National Route 464,Japan
***ERROR:外環路 (墨西哥城),Anillo Periférico,Mexico
***ERROR:欧洲E871公路,European route E871,Bulgaria
***ERROR:越南22公路,National Route 22,Vietnam
***ERROR:國道5號,DN5,Romania
***ERROR:8號,Ontario Highway 8,Canada
***ERROR:國道295號,Japan National Route 295,Japan
***ERROR:欧洲E871公路,European route E871,Republic of Macedonia
***ERROR:魁北克720号高速公路,Quebec Autoroute 720,Canada
***ERROR:A55快速道路,A55 road,United Kingdom
***ERROR:國道22號,Japan National Route 22,Japan
***ERROR:魁北克640号高速公路,Quebec Autoroute 640,Canada
***ERROR:州長徑 (亨茨維爾,Governors Drive,United States of America
***ERROR:國道138,Japan National Route 138,Japan
***ERROR:85国道,National Route 85,Colombia
***ERROR:國道115號,Japan National Route 115,Japan
***ERROR:國道131號,Japan National Route 131,Japan
***ERROR:國道143號,Japan National Route 143,Japan
***ERROR:國道147號,Japan National Route 147,Japan
***ERROR:國道152號,Japan National Route 152,Japan
***ERROR:國道154號,Japan National Route 154,Japan
***ERROR:國道155號,Japan National Route 155,Japan
***ERROR:國道165號,Japan National Route 165,Japan
***ERROR:國道175號,Japan National Route 175,Japan
***ERROR:國道331號,Japan National Route 331,Japan
***ERROR:國道334號,Japan National Route 334,Japan
***ERROR:國道357號,Japan National Route 357,Japan
***ERROR:國道362號,Japan National Route 362,Japan
***ERROR:國道36號,Japan National Route 36,Japan
***ERROR:國道398號,Japan National Route 398,Japan
***ERROR:國道414號,Japan National Route 414,Japan
***ERROR:國道422號,Japan National Route 422,Japan
***ERROR:國道423號,Japan National Route 423,Japan
***ERROR:國道427號,Japan National Route 427,Japan
***ERROR:國道429號,Japan National Route 429,Japan
***ERROR:國道432號,Japan National Route 432,Japan
***ERROR:國道114號,Japan National Route 114,Japan
***ERROR:國道122號,Japan National Route 122,Japan
***ERROR:國道129號,Japan National Route 129,Japan
***ERROR:國道134號,Japan National Route 134,Japan
***ERROR:國道149號,Japan National Route 149,Japan
***ERROR:國道179號,Japan National Route 179,Japan
***ERROR:國道186號,Japan National Route 186,Japan
***ERROR:國道332號,Japan National Route 332,Japan
***ERROR:國道337號,Japan National Route 337,Japan
***ERROR:國道33號,Japan National Route 33,Japan
***ERROR:國道347號,Japan National Route 347,Japan
***ERROR:國道394號,Japan National Route 394,Japan
***ERROR:國道397號,Japan National Route 397,Japan
***ERROR:國道399號,Japan National Route 399,Japan
***ERROR:國道39號,Japan National Route 39,Japan
***ERROR:國道403號,Japan National Route 403,Japan
***ERROR:國道41號,Japan National Route 41,Japan
***ERROR:國道428號,Japan National Route 428,Japan
***ERROR:國道43號 (日本),Japan National Route 43,Japan
***ERROR:國道44號,Japan National Route 44,Japan
***ERROR:國道45號,Japan National Route 45,Japan
***ERROR:國道102號,Japan National Route 102,Japan
***ERROR:國道103號,Japan National Route 103,Japan
***ERROR:國道102號,Japan National Route 395,Japan
***ERROR:國道106號,Japan National Route 106,Japan
***ERROR:國道107號,Japan National Route 107,Japan
***ERROR:國道108號,Japan National Route 108,Japan
***ERROR:國道125號,Japan National Route 125,Japan
***ERROR:國道128號,Japan National Route 128,Japan
***ERROR:國道133號,Japan National Route 133,Japan
***ERROR:國道142號,Japan National Route 142,Japan
***ERROR:國道146號,Japan National Route 146,Japan
***ERROR:國道164號,Japan National Route 164,Japan
***ERROR:國道189號,Japan National Route 189,Japan
***ERROR:國道198號,Japan National Route 198,Japan
***ERROR:國道336號,Japan National Route 336,Japan
***ERROR:國道340號,Japan national route 340,Japan
***ERROR:國道344號,Japan National Route 344,Japan
***ERROR:國道349號,Japan National Route 349,Japan
***ERROR:國道356號,Japan National Route 356,Japan
***ERROR:國道378號,Japan National Route 378,Japan
***ERROR:國道409號,Japan National Route 409,Japan
***ERROR:國道411號,Japan National Route 411,Japan
***ERROR:國道418號,Japan National Route 418,Japan
***ERROR:日本國道183號,Japan National Route 183,Japan
***ERROR:144號國道,Japan National Route 144,Japan
***ERROR:国道158号,Japan National Route 158,Japan
***ERROR:國道104號,Japan National Route 104,Japan
***ERROR:國道121號,Japan National Route 121,Japan
***ERROR:國道127號,Japan National Route 127,Japan
***ERROR:國道130號,Japan National Route 130,Japan
***ERROR:國道140號,Japan National Route 140,Japan
***ERROR:國道150號,Japan National Route 150,Japan
***ERROR:國道172號,Japan National Route 172,Japan
***ERROR:國道351號,Japan National Route 351,Japan
***ERROR:國道354號,Japan National Route 354,Japan
***ERROR:國道365號,Japan National Route 365,Japan
***ERROR:國道37號,Japan National Route 37,Japan
***ERROR:國道38號,Japan National Route 38,Japan
***ERROR:國道407號,Japan National Route 407,Japan
***ERROR:國道421號,Japan National Route 421,Japan
***ERROR:國道435號,Japan National Route 435,Japan
***ERROR:國道444號,Japan National Route 444,Japan
***ERROR:国道177号,Japan National Route 177,Japan
***ERROR:國道118號,Japan National Route 118,Japan
***ERROR:國道126號,Japan National Route 126,Japan
***ERROR:國道135號,Japan National Route 135,Japan
***ERROR:國道151號,Japan National Route 151,Japan
***ERROR:國道156號,Japan National Route 156,Japan
***ERROR:國道159號,Japan National Route 159,Japan
***ERROR:國道163號,Japan National Route 163,Japan
***ERROR:國道170號,Japan National Route 170,Japan
***ERROR:國道343號,Japan National Route 343,Japan
***ERROR:國道373號,Japan National Route 373,Japan
***ERROR:國道396號,Japan National Route 396,Japan
***ERROR:國道40號,Japan National Route 40,Japan
***ERROR:國道413號,Japan National Route 413,Japan
***ERROR:登打士街 (安大略省),Dundas Street,Canada
***ERROR:安大略418號省道,East Durham Link,Canada
***ERROR:383號堪薩斯州州道,K-383,United States of America
***ERROR:E·C·勞高速公路,E. C. Row Expressway,Canada
***ERROR:朗豪坊 (伦敦),"Langham Place, London"
***ERROR:國道123號,Japan National Route 123,Japan
***ERROR:CM-412,CM-412,Spain
***ERROR:國道227號,Japan National Route 227,Japan
***ERROR:國道232號,Japan National Route 232,Japan
***ERROR:國道238號,Japan National Route 238,Japan
***ERROR:國道247號,Japan National Route 247,Japan
***ERROR:國道248號,Japan National Route 248,Japan
***ERROR:國道272號,Japan National Route 272,Japan
***ERROR:國道273號,Japan National Route 273,Japan
***ERROR:國道294號,Japan National Route 294,Japan
***ERROR:國道316號,Japan National Route 316,Japan
***ERROR:國道457號,Japan National Route 457,Japan
***ERROR:國道465號,Japan National Route 465,Japan
***ERROR:國道471號,Japan National Route 471,Japan
***ERROR:國道507號,Japan National Route 507,Japan
***ERROR:國道225號,Japan National Route 225,Japan
***ERROR:國道234號,Japan National Route 234,Japan
***ERROR:國道240號,Japan National Route 240,Japan
***ERROR:國道242號 (日本),Japan National Route 242,Japan
***ERROR:國道279號,Japan National Route 279,Japan
***ERROR:國道28號 (日本),Japan National Route 28,Japan
***ERROR:國道314號,Japan National Route 314,Japan
***ERROR:國道324號 (日本),Japan National Route 324,Japan
***ERROR:國道454號,Japan National Route 454,Japan
***ERROR:國道459號,Japan National Route 459,Japan
***ERROR:國道46號,Japan National Route 46,Japan
***ERROR:國道477號,Japan National Route 477,Japan
***ERROR:國道505號,Japan National Route 505,Japan
***ERROR:國道52號,Japan National Route 52,Japan
***ERROR:國道57號,Japan National Route 57,Japan
***ERROR:M4公路 (德班),M4 road,South Africa
***ERROR:國道226號,Japan National Route 226,Japan
***ERROR:國道237號,Japan National Route 237,Japan
***ERROR:國道241號,Japan National Route 241,Japan
***ERROR:國道250號,Japan National Route 250,Japan
***ERROR:國道277號,Japan National Route 277,Japan
***ERROR:國道282號,Japan National Route 282,Japan
***ERROR:國道283號,Japan National Route 283,Japan
***ERROR:國道284號,Japan National Route 284,Japan
***ERROR:國道298號,Japan National Route 298,Japan
***ERROR:國道29號,Japan National Route 29,Japan
***ERROR:國道307號,Japan National Route 307,Japan
***ERROR:國道325號,Japan National Route 325,Japan
***ERROR:國道329號,Japan National Route 329,Japan
***ERROR:國道452號,Japan National Route 452,Japan
***ERROR:國道461號,Japan National Route 461,Japan
***ERROR:國道463號,Japan National Route 463,Japan
***ERROR:國道481號,Japan National Route 481,Japan
***ERROR:國道58號,Japan National Route 58,Japan
***ERROR:日本的國道315號,Japan National Route 315,Japan
***ERROR:香港10號幹線,Route 10,People's Republic of China
***ERROR:229號國道,Japan National Route 229,Japan
***ERROR:國道235號,Japan National Route 235,Japan
***ERROR:國道239號,Japan National Route 239,Japan
***ERROR:國道243號,Japan National Route 243,Japan
***ERROR:國道244號,Japan National Route 244,Japan
***ERROR:國道254號,Japan National Route 254,Japan
***ERROR:國道257號,Japan National Route 257,Japan
***ERROR:國道258號,Japan National Route 258,Japan
***ERROR:國道286號,Japan National Route 286,Japan
***ERROR:國道297號,Japan National Route 297,Japan
***ERROR:國道299號,Japan National Route 299,Japan
***ERROR:國道301號,Japan National Route 301,Japan
***ERROR:國道456號,Japan National Route 456,Japan
***ERROR:國道467號,Japan National Route 467,Japan
***ERROR:國道479號,Japan National Route 479,Japan
***ERROR:國道482號,Japan National Route 482,Japan
***ERROR:國道48號,Japan National Route 48,Japan
***ERROR:林肯·亞歷山大園林公路,Lincoln M. Alexander Parkway,Canada
***ERROR:英國M602高速公路,M602 motorway,United Kingdom
***ERROR:英國M16高速公路,M16 motorway,United Kingdom
***ERROR:國道212號,Japan National Route 212,Japan
***ERROR:國道255號,Japan National Route 255,Japan
***ERROR:國道274號,Japan National Route 274,Japan
***ERROR:國道275號,Japan National Route 275,Japan
***ERROR:國道281號,Japan National Route 281,Japan
***ERROR:國道293號,Japan National Route 293,Japan
***ERROR:國道312號,Japan National Route 312,Japan
***ERROR:國道330號,Japan National Route 330,Japan
***ERROR:國道473號,Japan National Route 473,Japan
***ERROR:日本國道261號,Japan National Route 261,Japan
***ERROR:倫敦路 (南華克),"London Road, Southwark"
***ERROR:M1公路 (約翰內斯堡),M1 road,South Africa
***ERROR:墨西哥聯邦公路125號,Mexican Federal Highway 125,Mexico
***ERROR:牛津街 (悉尼),Oxford Street,Australia
***ERROR:國道47號,Japan National Route 47,Japan
***ERROR:英國M61高速公路,M61 motorway,United Kingdom
***ERROR:廟街 (洛杉磯),Temple Street,United States of America
***ERROR:名古屋高速2號東山線,Route 2,Japan
***ERROR:約道 (西澳大利亞州),York Road,Australia
***ERROR:約道 (蘭貝斯),York Road,United Kingdom
***ERROR:香港2號幹線,Route 2,People's Republic of China
***ERROR:英國M63高速公路,M63 motorway,United Kingdom
***ERROR:國道271號,Odawara-Atsugi Road,Japan
***ERROR:102號地區公路 (南非),R102 road,South Africa
***ERROR:國道352號,Japan National Route 352,Japan
***ERROR:國道56號 (日本),Japan National Route 56,Japan
***ERROR:國道101號 (阿根廷),National Route 101,Argentina
***ERROR:香港3號幹線,Route 3,People's Republic of China
***ERROR:運動場道 (香港),Playing Field Road,People's Republic of China
***ERROR:台72線,Provincial Highway 72,Taiwan
***ERROR:台76線,Provincial Highway 76,Taiwan
***ERROR:台17線,Provincial Highway 17,Taiwan
***ERROR:台82線,Provincial Highway 82,Taiwan
***ERROR:台84線,Provincial Highway 84,Taiwan
***ERROR:名古屋高速5號萬場線,Route 5,Japan
***ERROR:台30線,Provincial Highway 30,Taiwan
***ERROR:台62線,Provincial Highway 62,Taiwan
***ERROR:台86線,Provincial Highway 86,Taiwan
***ERROR:皇后街 (牛津),Queen Street,United Kingdom
***ERROR:漢口道 (香港),Hankow Road,People's Republic of China
***ERROR:皇后街 (安大略省),Queen Street,Canada
***ERROR:名古屋高速4號東海線,Nagoya Highway 4,Japan
***ERROR:舊浦那-孟買高速公路,Old Pune–Mumbai Highway,India
***ERROR:台68線,Provincial Highway 68,Taiwan
***ERROR:台78線,Provincial Highway 78,Taiwan
***ERROR:縣道160號,County Road 160,Taiwan
***ERROR:麥覺理街 (雪梨),Macquarie Street,Australia
***ERROR:廟街 (香港),Temple Street,People's Republic of China
***ERROR:名古屋高速1號楠線,Route 1,Japan
***ERROR:名古屋高速6號清須線,Nagoya Highway 6,Japan
***ERROR:香港9號幹線,Route 9,People's Republic of China
***ERROR:香港5號幹線,Route 5,People's Republic of China
***ERROR:香港6號幹線,Route 6,People's Republic of China
***ERROR:香港7號幹線,Route 7,People's Republic of China
***ERROR:4號幹線,Route 4,People's Republic of China
***ERROR:名古屋高速3號大高線,Route 3,Japan
***ERROR:皇后街 (倫敦),"Queen Street, London"
***ERROR:台63線,Provincial Highway 63,Taiwan
***ERROR:台66線,Provincial Highway 66,Taiwan
***ERROR:台88線,Provincial Highway 88,Taiwan
***ERROR:萨斯喀彻温670号省道,Saskatchewan Highway 670,Canada
***ERROR:名古屋高速16號一宮線,Nagoya Highway 18,Japan
***ERROR:301省道,Q10846036,People's Republic of China
***ERROR:名古屋高速11號小牧線,Nagoya Highway 11,Japan
***ERROR:日本國道196號,Japan National Route 196,Japan
***ERROR:國道102號,National Highway 102,India
***ERROR:國道103號,National Highway 103,India
***ERROR:台13線,Provincial Highway 13,Taiwan
***ERROR:台20線,Provincial Highway 20,Taiwan
***ERROR:台22線,Provincial Highway 22,Taiwan
***ERROR:國道105號,National Highway 105,India
***ERROR:安大略412號省道,West Durham Link,Canada
***ERROR:縣道198號,County Road 198,Taiwan
***ERROR:19號省道,Nova Scotia Trunk 19,Canada
***ERROR:台14線,Provincial Highway 14,Taiwan
***ERROR:台15線,Provincial Highway 15,Taiwan
***ERROR:國道278號,Japan National Route 278,Japan
***ERROR:N3東繞道,N3 Eastern Bypass,South Africa
***ERROR:台10線,Provincial Highway 10,Taiwan
***ERROR:台12線,Provincial Highway 12,Taiwan
***ERROR:台6線,Provincial Highway 6,Taiwan
***ERROR:越南8號公路,National Route 8,Vietnam
***ERROR:9號公路,Route 9,Vietnam
***ERROR:國道246號,Japan National Route 246,Japan
***ERROR:士丹利街 (悉尼),Stanley Street,Australia
***ERROR:國道106號,National Highway 106,India
***ERROR:國道108號,National Highway 108,India
***ERROR:7號國道 (柬埔寨),National Highway 7,Cambodia
***ERROR:士丹利街 (利物浦),Stanley Street,United Kingdom
***ERROR:馬來西亞8號聯邦公路,Malaysia Federal Route 8,Malaysia
***ERROR:欧洲E902公路,European route E902,Spain
***ERROR:光复路 (广州),Q9398918,People's Republic of China
***ERROR:台24線,Provincial Highway 24,Taiwan
***ERROR:國道104號,National Highway 104,India
***ERROR:國道110號,National Highway 110,Japan
***ERROR:國道100號,National Highway 100,India
***ERROR:國道110號,National Highway 110,India
***ERROR:五一路 (长沙市),Wuyi Road,People's Republic of China
***ERROR:東南九龍T2主幹道,"Trunk Road T2, Southeast Kowloon"
***ERROR:Template:日本都市高速公路,Urban Expressways,Japan
***ERROR:5號國道,N-5 National Highway,Pakistan
***ERROR:史密斯街 (新加坡),"Smith Street, Singapore"
***ERROR:船街 (牛津),"Ship Street, Oxford"
***ERROR:8號公路 (寮國),Route 8,Vietnam
***ERROR:台26線,Provincial Highway 26,Taiwan
***ERROR:台65線,Provincial Highway 65,Taiwan
***ERROR:大同路 (廣州),Q10934201,People's Republic of China
***ERROR:國道5號 (韓國),National Highway 5,South Korea
***ERROR:基隆街 (香港),Ki Lung Street,People's Republic of China
***ERROR:大埔公路－沙田段,Tai Po Road - Sha Tin,People's Republic of China
***ERROR:台8線,Provincial Highway 8,Taiwan
***ERROR:京都府道672號間人港線,Kyoto Prefectural Road Route 672,Japan
***ERROR:北海道道639号上士别和寒线,Hokkaido Prefectural Road Route 639,Japan
***ERROR:北海道道656号涌别停车场佐吕间湖线,Hokkaido Prefectural Road Route 656,Japan
***ERROR:北海道道658号本别本别停车场线,Hokkaido Prefectural Road Route 658,Japan
***ERROR:北海道道643号鬼鹿停车场线,Hokkaido Prefectural Road Route 643,Japan
***ERROR:北海道道657号美成忠类停车场线,Hokkaido Prefectural Road Route 657,Japan
***ERROR:北海道道667号彻别原野雄别停车场线,Hokkaido Prefectural Road Route 667,Japan
***ERROR:北海道道669号中标津停车场线,Hokkaido Prefectural Road Route 669,Japan
***ERROR:國道17號 (韓國),National Highway 17,South Korea
***ERROR:國道7號 (韓國),National Highway 7,South Korea
***ERROR:台25線,Provincial Highway 25,Taiwan
***ERROR:台39線,Provincial Highway 39,Taiwan
***ERROR:國道三號甲線 (中華民國),National Highway 3A,Taiwan
***ERROR:北海道道569号蕨台古平线,Hokkaido Prefectural Road Route 569,Japan
***ERROR:北海道道638号宿志别振内停车场线,Hokkaido Prefectural Road Route 638,Japan
***ERROR:北海道道655号仁仓端野线,Hokkaido Prefectural Road Route 655,Japan
***ERROR:北海道道665号上茶路上茶路停车场线,Hokkaido Prefectural Road Route 665,Japan
***ERROR:台28線,Provincial Highway 28,Taiwan
***ERROR:國道119號,Japan National Route 119,Japan
***ERROR:國道2號 (韓國),National Highway 2,South Korea
***ERROR:國道32號 (韓國),National Highway 32,South Korea
***ERROR:大湳交流道,Q10936524,Taiwan
***ERROR:北海道道565号和停车场线,Hokkaido Prefectural Road Route 565,Japan
***ERROR:北海道道568号船涧美国港线,Hokkaido Prefectural Road Route 568,Japan
***ERROR:北海道道633号函馆港线,Hokkaido Prefectural Road Route 633,Japan
***ERROR:北海道道634号城丘江差线,Hokkaido Prefectural Road Route 634,Japan
***ERROR:北海道道635号元村惠山线,Hokkaido Prefectural Road Route 635,Japan
***ERROR:北海道道636号渡岛吉冈停车场线,Hokkaido Prefectural Road Route 636,Japan
***ERROR:北海道道666号彻别原野钏路线,Hokkaido Prefectural Road Route 666,Japan
***ERROR:大德路 (广州),Q10935442,People's Republic of China
***ERROR:宮城縣道50號白石柴田線,Miyagi Prefectural Road Route 50,Japan
***ERROR:北海道道567号上芦别停车场野花南湖线,Hokkaido Prefectural Road Route 567,Japan
***ERROR:北海道道637号西川东静内停车场线,Hokkaido Prefectural Road Route 637,Japan
***ERROR:北海道道641号北旭川停车场线,Hokkaido Prefectural Road Route 641,Japan
***ERROR:北海道道645号上问寒幌延停车场线,Hokkaido Prefectural Road Route 645,Japan
***ERROR:北海道道646号曲渊停车场线,Hokkaido Prefectural Road Route 646,Japan
***ERROR:北海道道647号兵安上顿别停车场线,Hokkaido Prefectural Road Route 647,Japan
***ERROR:國道4號 (韓國),National Highway 4,South Korea
***ERROR:台19線,Provincial Highway 19,Taiwan
***ERROR:台27線,Provincial Highway 27,Taiwan
***ERROR:台31線,Provincial Highway 31,Taiwan
***ERROR:台7線,Provincial Highway 7,Taiwan
***ERROR:埼玉縣道337號久米所澤線,Saitama Prefectural Road Route 337,Japan
***ERROR:國道3號 (韓國),National Highway 3,South Korea
***ERROR:沿江路 (广州),Q11142945,People's Republic of China
***ERROR:北海道道467号荣滨小清水线,Hokkaido Prefectural Road Route 467,Japan
***ERROR:北海道道493号奥濑户濑濑户濑停车场线,Hokkaido Prefectural Road Route 493,Japan
***ERROR:北海道道507号船泊港利礼公园线,Hokkaido Prefectural Road Route 507,Japan
***ERROR:北海道道508号矢臼场札幌线,Hokkaido Prefectural Road Route 508,Japan
***ERROR:北海道道510号抜海兜沼停车场线,Hokkaido Prefectural Road Route 510,Japan
***ERROR:北海道道482号丰川远浅停车场线,Hokkaido Prefectural Road Route 482,Japan
***ERROR:北海道道486号丰田当麻线,Hokkaido Prefectural Road Route 486,Japan
***ERROR:北海道道492号沙留停车场线,Hokkaido Prefectural Road Route 492,Japan
***ERROR:北海道道494号训子府津别线,Hokkaido Prefectural Road Route 494,Japan
***ERROR:北海道道500号音别浦幌线,Hokkaido Prefectural Road Route 500,Japan
***ERROR:北海道道339号高根平岸停车场线,Hokkaido Prefectural Road Route 339,Japan
***ERROR:北海道道340号栗丘幌向停车场线,Hokkaido Prefectural Road Route 340,Japan
***ERROR:北海道道363号尾岱沼港春别停车场线,Hokkaido Prefectural Road Route 363,Japan
***ERROR:北海道道389号样似港线,Hokkaido Prefectural Road Route 389,Japan
***ERROR:北海道道409号常吕港线,Hokkaido Prefectural Road Route 409,Japan
***ERROR:北海道道410号雄武港线,Hokkaido Prefectural Road Route 410,Japan
***ERROR:北海道道413号浦幌停车场线,Hokkaido Prefectural Road Route 413,Japan
***ERROR:北海道道416号鹿追停车场线,Hokkaido Prefectural Road Route 416,Japan
***ERROR:北海道道430号南幌向停车场线,Hokkaido Prefectural Road Route 430,Japan
***ERROR:北海道道484号天盐港线,Hokkaido Prefectural Road Route 484,Japan
***ERROR:北海道道498号长流枝内木野停车场线,Hokkaido Prefectural Road Route 498,Japan
***ERROR:沖繩縣道2號線,Okinawa Prefectural Road Route 2,Japan
***ERROR:北海道道33号美呗月形线,Hokkaido Prefectural Road Route 33,Japan
***ERROR:北海道道34号襟裳公园线,Hokkaido Prefectural Road Route 34,Japan
***ERROR:北海道道374号栗泽停车场线,Hokkaido Prefectural Road Route 374,Japan
***ERROR:北海道道384号荻伏停车场线,Hokkaido Prefectural Road Route 384,Japan
***ERROR:北海道道414号广尾停车场线,Hokkaido Prefectural Road Route 414,Japan
***ERROR:北海道道460号乙部厚泽部线,Hokkaido Prefectural Road Route 460,Japan
***ERROR:北海道道468号清水谷足寄线,Hokkaido Prefectural Road Route 468,Japan
***ERROR:北海道道472号更南更别停车场线,Hokkaido Prefectural Road Route 472,Japan
***ERROR:北海道道475号风莲湖公园线,Hokkaido Prefectural Road Route 475,Japan
***ERROR:北海道道481号上向别浦河停车场线,Hokkaido Prefectural Road Route 481,Japan
***ERROR:北海道道496号下居边高岛停车场线,Hokkaido Prefectural Road Route 496,Japan
***ERROR:北海道道480号鹿部停车场线,Hokkaido Prefectural Road Route 480,Japan
***ERROR:北海道道487号近文停车场线,Hokkaido Prefectural Road Route 487,Japan
***ERROR:北海道道495号上常吕停车场线,Hokkaido Prefectural Road Route 495,Japan
***ERROR:北海道道501号旭滨大树停车场线,Hokkaido Prefectural Road Route 501,Japan
***ERROR:北海道道348号野深荻伏停车场线,Hokkaido Prefectural Road Route 348,Japan
***ERROR:北海道道415号音更停车场线,Hokkaido Prefectural Road Route 415,Japan
***ERROR:北海道道440号西带广停车场线,Hokkaido Prefectural Road Route 440,Japan
***ERROR:北海道道447号西大里濑棚停车场线,Hokkaido Prefectural Road Route 447,Japan
***ERROR:北海道道465号金山几寅停车场线,Hokkaido Prefectural Road Route 465,Japan
***ERROR:北海道道491号芭露停车场线,Hokkaido Prefectural Road Route 491,Japan
***ERROR:北海道道502号斗满陆别停车场线,Hokkaido Prefectural Road Route 502,Japan
***ERROR:北海道道503号明伦幕别停车场线,Hokkaido Prefectural Road Route 503,Japan
***ERROR:北海道道506号茶内停车场线,Hokkaido Prefectural Road Route 506,Japan
***ERROR:沖繩縣道184號北大東港線,Okinawa Prefectural Road Route 184,Japan
***ERROR:沖繩縣道7號奥武山米須線,Okinawa Prefectural Road Route 7,Japan
***ERROR:北海道道478号京极俱知安线,Hokkaido Prefectural Road Route 478,Japan
***ERROR:北海道道505号养老牛计根别停车场线,Hokkaido Prefectural Road Route 505,Japan
***ERROR:北海道道351号正和门别停车场线,Hokkaido Prefectural Road Route 351,Japan
***ERROR:北海道道362号西春别春别停车场线,Hokkaido Prefectural Road Route 362,Japan
***ERROR:北海道道365号上芦别停车场线,Hokkaido Prefectural Road Route 365,Japan
***ERROR:北海道道399号中顿别停车场线,Hokkaido Prefectural Road Route 399,Japan
***ERROR:北海道道408号枝幸港线,Hokkaido Prefectural Road Route 408,Japan
***ERROR:北海道道417号士幌停车场线,Hokkaido Prefectural Road Route 417,Japan
***ERROR:北海道道418号上士幌停车场线,Hokkaido Prefectural Road Route 418,Japan
***ERROR:北海道道423号西春别停车场线,Hokkaido Prefectural Road Route 423,Japan
***ERROR:北海道道428号奥美叶牛沼田线,Hokkaido Prefectural Road Route 428,Japan
***ERROR:北海道道429号多度志停车场线,Hokkaido Prefectural Road Route 429,Japan
***ERROR:北海道道441号札内停车场线,Hokkaido Prefectural Road Route 441,Japan
***ERROR:北海道道448号千代田初山别停车场线,Hokkaido Prefectural Road Route 448,Japan
***ERROR:北海道道459号濑棚港线,Hokkaido Prefectural Road Route 459,Japan
***ERROR:北海道道470号更别停车场线,Hokkaido Prefectural Road Route 470,Japan
***ERROR:北海道道490号中园网走停车场线,Hokkaido Prefectural Road Route 490,Japan
***ERROR:北海道道356号筑别煤矿筑别停车场线,Hokkaido Prefectural Road Route 356,Japan
***ERROR:北海道道372号秩父别停车场线,Hokkaido Prefectural Road Route 372,Japan
***ERROR:北海道道419号大正停车场线,Hokkaido Prefectural Road Route 419,Japan
***ERROR:北海道道420号芽室停车场线,Hokkaido Prefectural Road Route 420,Japan
***ERROR:北海道道422号川汤停车场线,Hokkaido Prefectural Road Route 422,Japan
***ERROR:北海道道432号暑寒别雨龙停车场线,Hokkaido Prefectural Road Route 432,Japan
***ERROR:北海道道437号羽幌原野古丹别停车场线,Hokkaido Prefectural Road Route 437,Japan
***ERROR:北海道道477号泷下由仁停车场线,Hokkaido Prefectural Road Route 477,Japan
***ERROR:北海道道483号苫前港线,Hokkaido Prefectural Road Route 483,Japan
***ERROR:沖繩縣道217號與那國港線,Okinawa Prefectural Road Route 217,Japan
***ERROR:沖繩縣道6號線,Okinawa Prefectural Road Route 6,Japan
***ERROR:沖繩縣道8號線,Okinawa Prefectural Road Route 8,Japan
***ERROR:工业大道 (广州),Q11056384,People's Republic of China
***ERROR:永和街 (香港),Wing Wo Street,People's Republic of China
***ERROR:北海道道390号比布停车场线,Hokkaido Prefectural Road Route 390,Japan
***ERROR:北海道道397号丰富停车场线,Hokkaido Prefectural Road Route 397,Japan
***ERROR:北海道道553号上藻别上渚滑停车场线,Hokkaido Prefectural Road Route 553,Japan
***ERROR:北海道道554号纹别空港线,Hokkaido Prefectural Road Route 554,Japan
***ERROR:北海道道556号绯牛内北见线,Hokkaido Prefectural Road Route 556,Japan
***ERROR:北海道道560号仲洞爷留寿都线,Hokkaido Prefectural Road Route 560,Japan
***ERROR:北海道道3號札幌夕張線,Hokkaido Prefectural Road Route 3,Japan
***ERROR:北海道道555号东相内停车场线,Hokkaido Prefectural Road Route 555,Japan
***ERROR:北海道道325号厚别停车场线,Hokkaido Prefectural Road Route 325,Japan
***ERROR:北海道道499号勇足本别停车场线,Hokkaido Prefectural Road Route 499,Japan
***ERROR:北海道道708号有明天盐有明停车场线,Hokkaido Prefectural Road Route 708,Japan
***ERROR:北海道道767号明生北滨线,Hokkaido Prefectural Road Route 767,Japan
***ERROR:北海道道772号上斗满大誉地线,Hokkaido Prefectural Road Route 772,Japan
***ERROR:北海道道775号上武佐计根别停车场线,Hokkaido Prefectural Road Route 775,Japan
***ERROR:北海道道785号丰富中顿别线,Hokkaido Prefectural Road Route 785,Japan
***ERROR:北海道道794号森停车场线,Hokkaido Prefectural Road Route 794,Japan
***ERROR:北海道道801号樽真布幌糠线,Hokkaido Prefectural Road Route 801,Japan
***ERROR:北海道道530号上矶停车场线,Hokkaido Prefectural Road Route 530,Japan
***ERROR:北海道道532号岩部渡岛福岛停车场线,Hokkaido Prefectural Road Route 532,Japan
***ERROR:北海道道660号居边本别线,Hokkaido Prefectural Road Route 660,Japan
***ERROR:北海道道663号植坂足寄停车场线,Hokkaido Prefectural Road Route 663,Japan
***ERROR:北海道道691号赤平歌志内线,Hokkaido Prefectural Road Route 691,Japan
***ERROR:北海道道714号住吉女满别停车场线,Hokkaido Prefectural Road Route 714,Japan
***ERROR:北海道道747号上羽幌羽幌停车场线,Hokkaido Prefectural Road Route 747,Japan
***ERROR:北海道道773号萌和大树停车场线,Hokkaido Prefectural Road Route 773,Japan
***ERROR:北海道道776号北泷之川东泷川停车场线,Hokkaido Prefectural Road Route 776,Japan
***ERROR:北海道道807号元朱别原野茶内线,Hokkaido Prefectural Road Route 807,Japan
***ERROR:北海道道395号问寒别停车场下国府线,Hokkaido Prefectural Road Route 395,Japan
***ERROR:北海道道557号止别停车场线,Hokkaido Prefectural Road Route 557,Japan
***ERROR:宮城縣道3號鹽釜吉岡線,Miyagi Prefectural Road Route 3,Japan
***ERROR:北海道道320号旅来丰顷停车场线,Hokkaido Prefectural Road Route 320,Japan
***ERROR:北海道道322号砂川停车场线,Hokkaido Prefectural Road Route 322,Japan
***ERROR:北海道道326号桑园停车场线,Hokkaido Prefectural Road Route 326,Japan
***ERROR:北海道道329号新旭川停车场线,Hokkaido Prefectural Road Route 329,Japan
***ERROR:北海道道536号剑渊原野士别线,Hokkaido Prefectural Road Route 536,Japan
***ERROR:北海道道659号勇足停车场线,Hokkaido Prefectural Road Route 659,Japan
***ERROR:北海道道692号角田栗山停车场线,Hokkaido Prefectural Road Route 692,Japan
***ERROR:北海道道694号北长沼由仁线,Hokkaido Prefectural Road Route 694,Japan
***ERROR:北海道道716号驹畠更别线,Hokkaido Prefectural Road Route 716,Japan
***ERROR:北海道道749号鸠山继立停车场线,Hokkaido Prefectural Road Route 749,Japan
***ERROR:北海道道771号笹川士幌线,Hokkaido Prefectural Road Route 771,Japan
***ERROR:北海道道780号花咲港温根沼线,Hokkaido Prefectural Road Route 780,Japan
***ERROR:北海道道783号东大里濑棚停车场线,Hokkaido Prefectural Road Route 783,Japan
***ERROR:北海道道796号西端春立线,Hokkaido Prefectural Road Route 796,Japan
***ERROR:北海道道393号远别停车场线,Hokkaido Prefectural Road Route 393,Japan
***ERROR:北海道道398号北见枝幸停车场线,Hokkaido Prefectural Road Route 398,Japan
***ERROR:北海道道54號東瓜幕芽室線,Hokkaido Prefectural Road Route 54,Japan
***ERROR:北海道道550号幌糠小平停车场线,Hokkaido Prefectural Road Route 550,Japan
***ERROR:北海道道559号新富士停车场线,Hokkaido Prefectural Road Route 559,Japan
***ERROR:北海道道391号音威子府停车场线,Hokkaido Prefectural Road Route 391,Japan
***ERROR:北海道道551号元山天盐停车场线,Hokkaido Prefectural Road Route 551,Japan
***ERROR:北海道道558号白泷原野白泷停车场线,Hokkaido Prefectural Road Route 558,Japan
***ERROR:北海道道564号江部乙赤平线,Hokkaido Prefectural Road Route 564,Japan
***ERROR:國道1號 (緬甸),National Highway 1,Myanmar
***ERROR:北海道道321号中札内停车场线,Hokkaido Prefectural Road Route 321,Japan
***ERROR:北海道道324号石狩沼田停车场线,Hokkaido Prefectural Road Route 324,Japan
***ERROR:北海道道328号风连停车场线,Hokkaido Prefectural Road Route 328,Japan
***ERROR:北海道道330号下川停车场线,Hokkaido Prefectural Road Route 330,Japan
***ERROR:北海道道337号上士幌士幌音更线,Hokkaido Prefectural Road Route 337,Japan
***ERROR:北海道道338号大沼公园线,Hokkaido Prefectural Road Route 338,Japan
***ERROR:北海道道737号标津停车场线,Hokkaido Prefectural Road Route 737,Japan
***ERROR:北海道道770号美里别本别停车场线,Hokkaido Prefectural Road Route 770,Japan
***ERROR:北海道道793号旭台今金线,Hokkaido Prefectural Road Route 793,Japan
***ERROR:北海道道795号共和鹑线,Hokkaido Prefectural Road Route 795,Japan
***ERROR:北海道道804号和训边上渚滑线,Hokkaido Prefectural Road Route 804,Japan
***ERROR:北海道道805号札弦停车场水上线,Hokkaido Prefectural Road Route 805,Japan
***ERROR:北海道道323号江部乙停车场线,Hokkaido Prefectural Road Route 323,Japan
***ERROR:北海道道664号茂足寄原野螺湾足寄停车场线,Hokkaido Prefectural Road Route 664,Japan
***ERROR:北海道道693号鹰泊鹰泊停车场线,Hokkaido Prefectural Road Route 693,Japan
***ERROR:北海道道715号芽室东四条带广线,Hokkaido Prefectural Road Route 715,Japan
***ERROR:北海道道728号中幌向栗泽线,Hokkaido Prefectural Road Route 728,Japan
***ERROR:北海道道734号熊牛御影线,Hokkaido Prefectural Road Route 734,Japan
***ERROR:北海道道741号上远别雾立线,Hokkaido Prefectural Road Route 741,Japan
***ERROR:北海道道742号雾立小平线,Hokkaido Prefectural Road Route 742,Japan
***ERROR:北海道道788号芦别停车场线,Hokkaido Prefectural Road Route 788,Japan
***ERROR:北海道道790号仁别大曲线,Hokkaido Prefectural Road Route 790,Japan
***ERROR:北海道道797号贯气别振内线,Hokkaido Prefectural Road Route 797,Japan
***ERROR:北海道道798号西风连名寄线,Hokkaido Prefectural Road Route 798,Japan
***ERROR:北海道道802号斜里港线,Hokkaido Prefectural Road Route 802,Japan
***ERROR:北海道道806号上音更上士幌线,Hokkaido Prefectural Road Route 806,Japan
***ERROR:北海道道400号小顿别停车场线,Hokkaido Prefectural Road Route 400,Japan
***ERROR:北海道道425号厚岸停车场线,Hokkaido Prefectural Road Route 425,Japan
***ERROR:北海道道438号天盐中川停车场线,Hokkaido Prefectural Road Route 438,Japan
***ERROR:北海道道455号仁木停车场线,Hokkaido Prefectural Road Route 455,Japan
***ERROR:北海道道457号函馆渔港线,Hokkaido Prefectural Road Route 457,Japan
***ERROR:北海道道462号川端追分线,Hokkaido Prefectural Road Route 462,Japan
***ERROR:北海道道586号丰牛下顿别停车场线,Hokkaido Prefectural Road Route 586,Japan
***ERROR:北海道道587号迹佐登小清水线,Hokkaido Prefectural Road Route 587,Japan
***ERROR:北海道道596号中士幌停车场线,Hokkaido Prefectural Road Route 596,Japan
***ERROR:北海道道599号火散布茶内停车场线,Hokkaido Prefectural Road Route 599,Japan
***ERROR:千葉縣道136號佐倉停車場千代田線,Chiba Prefectural Road Route 136,Japan
***ERROR:國道400號,Japan National Route 400,Japan
***ERROR:國道462號,Japan National Route 462,Japan
***ERROR:國道49號,Japan National Route 49,Japan
***ERROR:北海道道572号八云港线,Hokkaido Prefectural Road Route 572,Japan
***ERROR:北海道道575号鹉川停车场线,Hokkaido Prefectural Road Route 575,Japan
***ERROR:北海道道578号洞爷虻田线,Hokkaido Prefectural Road Route 578,Japan
***ERROR:北海道道66號岩內洞爺線,Hokkaido Prefectural Road Route 66,Japan
***ERROR:北海道道676号七饭大野线,Hokkaido Prefectural Road Route 676,Japan
***ERROR:北海道道688号名寄远别线,Hokkaido Prefectural Road Route 688,Japan
***ERROR:北海道道696号喜茂别停车场线,Hokkaido Prefectural Road Route 696,Japan
***ERROR:千葉縣道134號稻毛停車場稻毛海岸線,Chiba Prefectural Road Route 134,Japan
***ERROR:千葉縣道137號宗吾酒酒井線,Chiba Prefectural Road Route 137,Japan
***ERROR:千葉縣道138號正氣茂原線,Chiba Prefectural Road Route 138,Japan
***ERROR:國道372號,Japan National Route 372,Japan
***ERROR:國道384號,Japan National Route 384,Japan
***ERROR:國道426號,Japan National Route 426,Japan
***ERROR:北海道道810号金原今金线,Hokkaido Prefectural Road Route 810,Japan
***ERROR:北海道道824号美泽美马牛线,Hokkaido Prefectural Road Route 824,Japan
***ERROR:北海道道842号大峰双叶线,Hokkaido Prefectural Road Route 842,Japan
***ERROR:北海道道847号三岩日高线,Hokkaido Prefectural Road Route 847,Japan
***ERROR:北海道道848号鹰栖江丹别线,Hokkaido Prefectural Road Route 848,Japan
***ERROR:北海道道851号上富良野中富良野线,Hokkaido Prefectural Road Route 851,Japan
***ERROR:北海道道811号勇知上勇知线,Hokkaido Prefectural Road Route 811,Japan
***ERROR:北海道道817号茂世丑最上线,Hokkaido Prefectural Road Route 817,Japan
***ERROR:北海道道826号丸松线,Hokkaido Prefectural Road Route 826,Japan
***ERROR:北海道道827号越川中斜里停车场线,Hokkaido Prefectural Road Route 827,Japan
***ERROR:北海道道835号钏路阿寒自行车道线,Hokkaido Prefectural Road Route 835,Japan
***ERROR:北海道道845号芽生贯气别线,Hokkaido Prefectural Road Route 845,Japan
***ERROR:北海道道853号田代港町线,Hokkaido Prefectural Road Route 853,Japan
***ERROR:北海道道855号六志内西雄信内线,Hokkaido Prefectural Road Route 855,Japan
***ERROR:北海道道407号稚内港线,Hokkaido Prefectural Road Route 407,Japan
***ERROR:北海道道442号佐吕间湖公园线,Hokkaido Prefectural Road Route 442,Japan
***ERROR:北海道道443号鬼志别停车场线,Hokkaido Prefectural Road Route 443,Japan
***ERROR:北海道道461号乙部港线,Hokkaido Prefectural Road Route 461,Japan
***ERROR:北海道道573号樱野野田生停车场线,Hokkaido Prefectural Road Route 573,Japan
***ERROR:北海道道583号上问寒问寒别停车场线,Hokkaido Prefectural Road Route 583,Japan
***ERROR:北海道道591号嘉多山卯原内停车场线,Hokkaido Prefectural Road Route 591,Japan
***ERROR:北海道道592号汤里生田原停车场线,Hokkaido Prefectural Road Route 592,Japan
***ERROR:北海道道677号小仓山丹羽停车场线,Hokkaido Prefectural Road Route 677,Japan
***ERROR:國道408號,Japan National Route 408,Japan
***ERROR:北海道道816号峰延稔町线,Hokkaido Prefectural Road Route 816,Japan
***ERROR:北海道道844号祝津西小路中央线,Hokkaido Prefectural Road Route 844,Japan
***ERROR:北海道道856号本泊利尻空港线,Hokkaido Prefectural Road Route 856,Japan
***ERROR:三重縣道61號磯部大王線,Mie Prefectural Road Route 61,Japan
***ERROR:北海道道404号上涌别停车场线,Hokkaido Prefectural Road Route 404,Japan
***ERROR:北海道道424号矶分内停车场线,Hokkaido Prefectural Road Route 424,Japan
***ERROR:北海道道431号丘珠空港线,Hokkaido Prefectural Road Route 431,Japan
***ERROR:北海道道435号松前港线,Hokkaido Prefectural Road Route 435,Japan
***ERROR:北海道道451号北长沼停车场线,Hokkaido Prefectural Road Route 451,Japan
***ERROR:北海道道581号留边蕊上富良野线,Hokkaido Prefectural Road Route 581,Japan
***ERROR:北海道道582号新开西神乐停车场线,Hokkaido Prefectural Road Route 579,Japan
***ERROR:北海道道582号苫前停车场线,Hokkaido Prefectural Road Route 582,Japan
***ERROR:北海道道58號俱知安新雪谷線,Hokkaido Prefectural Road Route 58,Japan
***ERROR:北海道道597号十弗浦幌线,Hokkaido Prefectural Road Route 597,Japan
***ERROR:北海道道683号大观山公园线,Hokkaido Prefectural Road Route 683,Japan
***ERROR:北海道道686号铃冈今金停车场线,Hokkaido Prefectural Road Route 686,Japan
***ERROR:北海道道695号清原喜茂别线,Hokkaido Prefectural Road Route 695,Japan
***ERROR:北海道道698号汤之里渡岛知内停车场线,Hokkaido Prefectural Road Route 698,Japan
***ERROR:府前路 (广州),Q11063271,People's Republic of China
***ERROR:北海道道444号稚咲内丰富停车场线,Hokkaido Prefectural Road Route 444,Japan
***ERROR:北海道道445号纹穗内停车场线,Hokkaido Prefectural Road Route 445,Japan
***ERROR:北海道道576号瑞穗安平停车场线,Hokkaido Prefectural Road Route 576,Japan
***ERROR:北海道道593号屈足鹿追线,Hokkaido Prefectural Road Route 593,Japan
***ERROR:北海道道595号爱国停车场线,Hokkaido Prefectural Road Route 595,Japan
***ERROR:北海道道675号立待岬函馆停车场线,Hokkaido Prefectural Road Route 675,Japan
***ERROR:北海道道680号班溪美深停车场线,Hokkaido Prefectural Road Route 680,Japan
***ERROR:北海道道684号美岬卯原内停车场线,Hokkaido Prefectural Road Route 684,Japan
***ERROR:千葉縣道135號津田沼停車場前原線,Chiba Prefectural Road Route 135,Japan
***ERROR:國道389號 (日本),Japan National Route 389,Japan
***ERROR:國道419號,Japan National Route 419,Japan
***ERROR:國道478號,Japan National Route 478,Japan
***ERROR:富國路 (高雄市),Q10954005,Taiwan
***ERROR:北海道道813号上风连大别线,Hokkaido Prefectural Road Route 813,Japan
***ERROR:北海道道830号泉川西春别线,Hokkaido Prefectural Road Route 830,Japan
***ERROR:北海道道833号俣落西五条线,Hokkaido Prefectural Road Route 833,Japan
***ERROR:北海道道854号清川线,Hokkaido Prefectural Road Route 854,Japan
***ERROR:台23線,Provincial Highway 23,Taiwan
***ERROR:北海道道829号幌吕原野鹤居线,Hokkaido Prefectural Road Route 829,Japan
***ERROR:北海道道831号上春别别海线,Hokkaido Prefectural Road Route 831,Japan
***ERROR:北海道道843号宿野边保养基地线,Hokkaido Prefectural Road Route 843,Japan
***ERROR:北海道道850号瑞生下士别线,Hokkaido Prefectural Road Route 850,Japan
***ERROR:天河路 (广州),Tianhe Road,People's Republic of China
***ERROR:太原街 (香港),Tai Yuen Street,People's Republic of China
***ERROR:北海道道534号富泽日高三石停车场线,Hokkaido Prefectural Road Route 534,Japan
***ERROR:北海道道914号新富神里线,Hokkaido Prefectural Road Route 914,Japan
***ERROR:北海道道92号斜里停车场线,Hokkaido Prefectural Road Route 92,Japan
***ERROR:北海道道964号板谷蕗之台线,Hokkaido Prefectural Road Route 964,Japan
***ERROR:北海道道96號上磯峠下線,Hokkaido Prefectural Road Route 96,Japan
***ERROR:北海道道983号米原田浦线,Hokkaido Prefectural Road Route 983,Japan
***ERROR:北海道道990號深川砂川自行車道線,Hokkaido Prefectural Road Route 990,Japan
***ERROR:千葉縣道110號郡停車場大須賀線,Chiba Prefectural Road Route 110,Japan
***ERROR:千葉縣道117號日向停車場極楽寺線,Chiba Prefectural Road Route 117,Japan
***ERROR:千葉縣道140號五井山倉線,Chiba Prefectural Road Route 140,Japan
***ERROR:千葉縣道146號木更津根形線,Chiba Prefectural Road Route 146,Japan
***ERROR:千葉縣道149號八日市場府馬線,Chiba Prefectural Road Route 149,Japan
***ERROR:千葉縣道156號船橋埠頭線,Chiba Prefectural Road Route 156,Japan
***ERROR:國土交通大臣指定高規格幹線道路（一般國道快速道路）,"development of highways by the Ministry of Land, Infrastructure
***ERROR:國道136號,Japan National Route 136,Japan
***ERROR:國道236號,Japan National Route 236,Japan
***ERROR:國道249號,Japan National Route 249,Japan
***ERROR:國道302號,Japan National Route 302,Japan
***ERROR:北海道道238号更别幕别线,Hokkaido Prefectural Road Route 238,Japan
***ERROR:北海道道254号拔海港线,Hokkaido Prefectural Road Route 254,Japan
***ERROR:北海道道255号烧尻岛线,Hokkaido Prefectural Road Route 255,Japan
***ERROR:北海道道270号岩内港线,Hokkaido Prefectural Road Route 270,Japan
***ERROR:北海道道294号东川东神乐旭川线,Hokkaido Prefectural Road Route 294,Japan
***ERROR:北海道道519号泷之町伊达线,Hokkaido Prefectural Road Route 519,Japan
***ERROR:北海道道520号鹰栖东鹰栖比布线,Hokkaido Prefectural Road Route 520,Japan
***ERROR:北海道道544号麓乡山部停车场线,Hokkaido Prefectural Road Route 544,Japan
***ERROR:北海道道549号峠下沼田线,Hokkaido Prefectural Road Route 549,Japan
***ERROR:北海道道913号野冢妇美线,Hokkaido Prefectural Road Route 913,Japan
***ERROR:北海道道915号共和岚山线,Hokkaido Prefectural Road Route 915,Japan
***ERROR:北海道道951号泉川线,Hokkaido Prefectural Road Route 951,Japan
***ERROR:北海道道985号山部北之峰线,Hokkaido Prefectural Road Route 985,Japan
***ERROR:北海道道986号置户讯子府北见线,Hokkaido Prefectural Road Route 986,Japan
***ERROR:千葉縣道102號成田兩國線,Chiba Prefectural Road Route 102,Japan
***ERROR:千葉縣道109號橫芝停車場吉田線,Chiba Prefectural Road Route 109,Japan
***ERROR:千葉縣道116號橫芝山武線,Chiba Prefectural Road Route 116,Japan
***ERROR:千葉縣道147號長柄大多喜線,Chiba Prefectural Road Route 147,Japan
***ERROR:千葉縣道14號千葉茂原線,Chiba Prefectural Road Route 14,Japan
***ERROR:千葉縣道150號大多喜一宮線,Chiba Prefectural Road Route 150,Japan
***ERROR:千葉縣道155號四街道上志津線,Chiba Prefectural Road Route 155,Japan
***ERROR:國道141號,Japan National Route 141,Japan
***ERROR:國道230號,Japan National Route 230,Japan
***ERROR:國道259號,Japan National Route 259,Japan
***ERROR:國道296號,Japan National Route 296,Japan
***ERROR:北海道道266号大成黑松内停车场线,Hokkaido Prefectural Road Route 266,Japan
***ERROR:北海道道271号俱知安停车场线,Hokkaido Prefectural Road Route 271,Japan
***ERROR:北海道道272号寿都停车场线,Hokkaido Prefectural Road Route 272,Japan
***ERROR:北海道道51號津別陸別線,Hokkaido Prefectural Road Route 51,Japan
***ERROR:北海道道527號望來當別線,Hokkaido Prefectural Road Route 527,Japan
***ERROR:北海道道528号蕗之台朱鞠内停车场线,Hokkaido Prefectural Road Route 528,Japan
***ERROR:北海道道538号旭名寄线,Hokkaido Prefectural Road Route 538,Japan
***ERROR:北海道道540号名寄停车场线,Hokkaido Prefectural Road Route 540,Japan
***ERROR:北海道道919号中央东线,Hokkaido Prefectural Road Route 919,Japan
***ERROR:北海道道937号上雨纷台场线,Hokkaido Prefectural Road Route 937,Japan
***ERROR:北海道道944号神威小清水线,Hokkaido Prefectural Road Route 944,Japan
***ERROR:北海道道945号丰里中斜里停车场线,Hokkaido Prefectural Road Route 945,Japan
***ERROR:北海道道946号向阳清里停车场线,Hokkaido Prefectural Road Route 946,Japan
***ERROR:北海道道959号SHIRARUTORO湖线,Hokkaido Prefectural Road Route 959,Japan
***ERROR:北海道道961号富武士佐吕间线,Hokkaido Prefectural Road Route 961,Japan
***ERROR:北海道道966号十胜岳温泉美瑛线,Hokkaido Prefectural Road Route 966,Japan
***ERROR:北海道道967号马追原野北信浓线,Hokkaido Prefectural Road Route 967,Japan
***ERROR:北海道道984号温根别美羽乌线,Hokkaido Prefectural Road Route 984,Japan
***ERROR:千葉縣道106號八日市場佐倉線,Chiba Prefectural Road Route 106,Japan
***ERROR:千葉縣道108號橫芝停車場白濱線,Chiba Prefectural Road Route 108,Japan
***ERROR:千葉縣道113號佐原多古線,Chiba Prefectural Road Route 113,Japan
***ERROR:千葉縣道121號成東鳴濱線,Chiba Prefectural Road Route 121,Japan
***ERROR:千葉縣道144號南總姊崎線,Chiba Prefectural Road Route 144,Japan
***ERROR:千葉縣道153號夷隅太東線,Chiba Prefectural Road Route 153,Japan
***ERROR:千葉縣道15號千葉船橋海濱線,Chiba Prefectural Road Route 15,Japan
***ERROR:國道140號繞道,Japan National Route 140 bypass,Japan
***ERROR:國道176號,Japan National Route 176,Japan
***ERROR:國道30號 (日本),Japan National Route 30,Japan
***ERROR:三重縣道18號桑名停車場線,Mie Prefectural Road Route 18,Japan
***ERROR:北海道道252号美深名寄线,Hokkaido Prefectural Road Route 252,Japan
***ERROR:北海道道25号钏路港线,Hokkaido Prefectural Road Route 25,Japan
***ERROR:北海道道265号热郛白井川线,Hokkaido Prefectural Road Route 265,Japan
***ERROR:北海道道269号蕨岱国富停车场线,Hokkaido Prefectural Road Route 269,Japan
***ERROR:北海道道26号带广停车场线,Hokkaido Prefectural Road Route 26,Japan
***ERROR:北海道道541号问寒别佐久停车场线,Hokkaido Prefectural Road Route 541,Japan
***ERROR:北海道道542号东旭川停车场线,Hokkaido Prefectural Road Route 542,Japan
***ERROR:北海道道543号上宇莫别美瑛停车场线,Hokkaido Prefectural Road Route 543,Japan
***ERROR:北海道道91号苫小牧东连络线,Hokkaido Prefectural Road Route 91,Japan
***ERROR:北海道道922号立香南久保内线,Hokkaido Prefectural Road Route 922,Japan
***ERROR:北海道道934号相生兰越线,Hokkaido Prefectural Road Route 934,Japan
***ERROR:北海道道952号山花鹤丘线,Hokkaido Prefectural Road Route 952,Japan
***ERROR:北海道道969号大野大中山线,Hokkaido Prefectural Road Route 969,Japan
***ERROR:北海道道980号臼尻丰崎线,Hokkaido Prefectural Road Route 980,Japan
***ERROR:千葉縣道119號東金源線,Chiba Prefectural Road Route 119,Japan
***ERROR:千葉縣道141號五井町田線,Chiba Prefectural Road Route 141,Japan
***ERROR:千葉縣道148號南總一宮線,Chiba Prefectural Road Route 148,Japan
***ERROR:千葉縣道151號夷隅瑞澤線,Chiba Prefectural Road Route 151,Japan
***ERROR:千葉縣道152號一宮椎木長者線,Chiba Prefectural Road Route 152,Japan
***ERROR:千葉縣道157號大貫青堀線,Chiba Prefectural Road Route 157,Japan
***ERROR:千葉縣道158號君津青堀線,Chiba Prefectural Road Route 158,Japan
***ERROR:千葉縣道159號君津大貫線,Chiba Prefectural Road Route 159,Japan
***ERROR:國道124號,Japan National Route 124,Japan
***ERROR:國道139號,Japan National Route 139,Japan
***ERROR:國道161號,Japan National Route 161,Japan
***ERROR:國道266號 (日本),Japan National Route 266,Japan
***ERROR:日本的國道213號,Japan National Route 213,Japan
***ERROR:北海道道257号留寿都喜茂别线,Hokkaido Prefectural Road Route 257,Japan
***ERROR:北海道道523号美川黑松内线,Hokkaido Prefectural Road Route 523,Japan
***ERROR:北海道道531号小谷石渡岛知内停车场线,Hokkaido Prefectural Road Route 531,Japan
***ERROR:北海道道537号旭士别线,Hokkaido Prefectural Road Route 537,Japan
***ERROR:北海道道545号三和剑渊线,Hokkaido Prefectural Road Route 545,Japan
***ERROR:北海道道546号暑寒别公园线,Hokkaido Prefectural Road Route 546,Japan
***ERROR:北海道道547号羽幌港线,Hokkaido Prefectural Road Route 547,Japan
***ERROR:北海道道548号天卖岛线,Hokkaido Prefectural Road Route 548,Japan
***ERROR:北海道道933号北进平取线,Hokkaido Prefectural Road Route 933,Japan
***ERROR:北海道道940号东川旭川线,Hokkaido Prefectural Road Route 940,Japan
***ERROR:北海道道942号东鹰栖永山线,Hokkaido Prefectural Road Route 942,Japan
***ERROR:北海道道947号留真线,Hokkaido Prefectural Road Route 947,Japan
***ERROR:北海道道955号床潭筑紫恋线,Hokkaido Prefectural Road Route 955,Japan
***ERROR:北海道道976号西风连士别线,Hokkaido Prefectural Road Route 976,Japan
***ERROR:北海道道981号上长和萩原线,Hokkaido Prefectural Road Route 981,Japan
***ERROR:北海道道982号伊达纹别停车场线,Hokkaido Prefectural Road Route 982,Japan
***ERROR:北海道道988号贳人姊别原野线,Hokkaido Prefectural Road Route 988,Japan
***ERROR:北海道道998号古平神惠内线,Hokkaido Prefectural Road Route 998,Japan
***ERROR:千葉縣道104號八日市場井戶野旭線,Chiba Prefectural Road Route 104,Japan
***ERROR:千葉縣道112號成田成東線,Chiba Prefectural Road Route 112,Japan
***ERROR:千葉縣道114號八日市場山田線,Chiba Prefectural Road Route 114,Japan
***ERROR:千葉縣道122號飯岡片貝線,Chiba Prefectural Road Route 122,Japan
***ERROR:千葉縣道139號茂原五井線,Chiba Prefectural Road Route 139,Japan
***ERROR:千葉縣道13號市原茂原線,Chiba Prefectural Road Route 13,Japan
***ERROR:千葉縣道143號南總昭和線,Chiba Prefectural Road Route 143,Japan
***ERROR:千葉縣道154號夷隅長者線,Chiba Prefectural Road Route 154,Japan
***ERROR:千葉縣道160號加茂木更津線,Chiba Prefectural Road Route 160,Japan
***ERROR:國道132號,Japan National Route 132,Japan
***ERROR:國道153號,Japan National Route 153,Japan
***ERROR:國道173號,Japan National Route 173,Japan
***ERROR:國道224號,Japan National Route 224,Japan
***ERROR:國道288號,Japan National Route 288,Japan
***ERROR:國道289號,Japan National Route 289,Japan
***ERROR:北海道道237号池田停车场高岛线,Hokkaido Prefectural Road Route 237,Japan
***ERROR:北海道道256号丰富远别线,Hokkaido Prefectural Road Route 256,Japan
***ERROR:北海道道267号矶谷兰越线,Hokkaido Prefectural Road Route 267,Japan
***ERROR:北海道道268号岩内兰越线,Hokkaido Prefectural Road Route 268,Japan
***ERROR:北海道道275号月形峰延线,Hokkaido Prefectural Road Route 275,Japan
***ERROR:北海道道27號北見津別線,Hokkaido Prefectural Road Route 27,Japan
***ERROR:北海道道525号兰越停车场线,Hokkaido Prefectural Road Route 525,Japan
***ERROR:北海道道529号东奈井江奈井江停车场线,Hokkaido Prefectural Road Route 529,Japan
***ERROR:北海道道259号上厚真苫小牧线,Hokkaido Prefectural Road Route 259,Japan
***ERROR:人民路 (广州),Q10883586,People's Republic of China
***ERROR:北海道道604号老古美小泽停车场线,Hokkaido Prefectural Road Route 604,Japan
***ERROR:北海道道611号瑞穗东川线,Hokkaido Prefectural Road Route 611,Japan
***ERROR:千葉縣道164號荻作君津線,Chiba Prefectural Road Route 164,Japan
***ERROR:千葉縣道169號南總馬來田線,Chiba Prefectural Road Route 169,Japan
***ERROR:千葉縣道187號館山千倉線,Chiba Prefectural Road Route 187,Japan
***ERROR:千葉縣道188號館山大貫千倉線,Chiba Prefectural Road Route 188,Japan
***ERROR:千葉縣道217號本千葉停車場線,Chiba Prefectural Road Route 217,Japan
***ERROR:千葉縣道218號蘇我停車場線,Chiba Prefectural Road Route 218,Japan
***ERROR:千葉縣道221號五井停車場線,Chiba Prefectural Road Route 221,Japan
***ERROR:千葉縣道224號袖浦停車場線,Chiba Prefectural Road Route 224,Japan
***ERROR:千葉縣道229號太東停車場線,Chiba Prefectural Road Route 229,Japan
***ERROR:千葉縣道230號長者町停車場線,Chiba Prefectural Road Route 230,Japan
***ERROR:埼玉縣道105號埼玉鳩谷線,Saitama Prefectural Road Route 105,Japan
***ERROR:埼玉縣道113號川越新座線,Saitama Prefectural Road Route 113,Japan
***ERROR:北海道道605号中野木古内停车场线,Hokkaido Prefectural Road Route 605,Japan
***ERROR:北海道道606号霞台森停车场线,Hokkaido Prefectural Road Route 606,Japan
***ERROR:北海道道608号大岸礼文停车场线,Hokkaido Prefectural Road Route 608,Japan
***ERROR:北海道道612号筑别天盐有明停车场线,Hokkaido Prefectural Road Route 612,Japan
***ERROR:北海道道621号足寄原野上利别停车场线,Hokkaido Prefectural Road Route 621,Japan
***ERROR:北海道道628号小藤沼田线,Hokkaido Prefectural Road Route 628,Japan
***ERROR:北海道道89號札幌環狀線,Hokkaido Prefectural Road Route 89,Japan
***ERROR:千葉縣道168號鶴舞馬來田停車場線,Chiba Prefectural Road Route 168,Japan
***ERROR:千葉縣道178號小田代勝浦線,Chiba Prefectural Road Route 178,Japan
***ERROR:埼玉縣道110號川口蕨線,Saitama Prefectural Road Route 110,Japan
***ERROR:埼玉縣道111號蕨櫻町線,Saitama Prefectural Road Route 111,Japan
***ERROR:北海道道261号置户福野北见线,Hokkaido Prefectural Road Route 261,Japan
***ERROR:北海道道280号妹背牛停车场线,Hokkaido Prefectural Road Route 280,Japan
***ERROR:北海道道282号沼田妹背牛线,Hokkaido Prefectural Road Route 282,Japan
***ERROR:北海道道288号浦河港线,Hokkaido Prefectural Road Route 288,Japan
***ERROR:北海道道293号温根别剑渊停车场线,Hokkaido Prefectural Road Route 293,Japan
***ERROR:北海道道260号幕别停车场线,Hokkaido Prefectural Road Route 260,Japan
***ERROR:北海道道262号渡岛大野停车场线,Hokkaido Prefectural Road Route 262,Japan
***ERROR:北海道道263号八云今金线,Hokkaido Prefectural Road Route 263,Japan
***ERROR:北海道道264号七饭疗养所线,Hokkaido Prefectural Road Route 264,Japan
***ERROR:北海道道278号奈井江浦臼线,Hokkaido Prefectural Road Route 278,Japan
***ERROR:北海道道286号登别停车场线,Hokkaido Prefectural Road Route 286,Japan
***ERROR:北海道道287号厚真滨厚真停车场线,Hokkaido Prefectural Road Route 287,Japan
***ERROR:北海道道289号富川停车场线,Hokkaido Prefectural Road Route 289,Japan
***ERROR:北海道道295号瑞穗旭川停车场线,Hokkaido Prefectural Road Route 295,Japan
***ERROR:北海道道602号东三川由仁停车场线,Hokkaido Prefectural Road Route 602,Japan
***ERROR:北海道道603号浦臼停车场线,Hokkaido Prefectural Road Route 603,Japan
***ERROR:北海道道616号上勇知兜沼停车场线,Hokkaido Prefectural Road Route 616,Japan
***ERROR:北海道道617号雄柏热布原野浊川停车场线,Hokkaido Prefectural Road Route 617,Japan
***ERROR:北海道道622号幸德大树停车场线,Hokkaido Prefectural Road Route 622,Japan
***ERROR:北海道道625號學園新十津川停車場線,Hokkaido Prefectural Road Route 625,Japan
***ERROR:北海道道90號旭川環狀線,Hokkaido Prefectural Road Route 90,Japan
***ERROR:千葉縣道167號馬來田停車場中川線,Chiba Prefectural Road Route 167,Japan
***ERROR:千葉縣道171號加茂長南線,Chiba Prefectural Road Route 171,Japan
***ERROR:千葉縣道177號勝浦上野大多喜線,Chiba Prefectural Road Route 177,Japan
***ERROR:千葉縣道179號船橋行德線,Chiba Prefectural Road Route 179,Japan
***ERROR:千葉縣道182號上畑湊線,Chiba Prefectural Road Route 182,Japan
***ERROR:千葉縣道184號外野勝山線,Chiba Prefectural Road Route 184,Japan
***ERROR:千葉縣道225號君津停車場線,Chiba Prefectural Road Route 225,Japan
***ERROR:千葉縣道226號本納停車場線,Chiba Prefectural Road Route 226,Japan
***ERROR:千葉縣道228號一宮停車場線,Chiba Prefectural Road Route 228,Japan
***ERROR:國道500號,Japan National Route 500,Japan
***ERROR:埼玉縣道112號和光志木線,Saitama Prefectural Road Route 112,Japan
***ERROR:埼玉縣道115號越谷八潮線,Saitama Prefectural Road Route 115,Japan
***ERROR:光明街 (香港),Kwong Ming Street,People's Republic of China
***ERROR:京都府道782號·滋賀縣道781號醍醐大津線,Kyoto Prefectural Road Route 782 and Shiga Prefectural Road Route 781,Japan
***ERROR:北海道道274号栗泽南幌线,Hokkaido Prefectural Road Route 274,Japan
***ERROR:北海道道283号砂川新十津川线,Hokkaido Prefectural Road Route 283,Japan
***ERROR:北海道道284号深川停车场线,Hokkaido Prefectural Road Route 284,Japan
***ERROR:北海道道285号丰浦洞爷线,Hokkaido Prefectural Road Route 285,Japan
***ERROR:北海道道291号吹上上富良野线,Hokkaido Prefectural Road Route 291,Japan
***ERROR:北海道道600号岛松千岁线,Hokkaido Prefectural Road Route 600,Japan
***ERROR:北海道道601号野花南停车场线,Hokkaido Prefectural Road Route 601,Japan
***ERROR:北海道道613号丰平峠下停车场线,Hokkaido Prefectural Road Route 613,Japan
***ERROR:千葉縣道163號小櫃佐貫停車場線,Chiba Prefectural Road Route 163,Japan
***ERROR:千葉縣道165號橫田停車場上泉線,Chiba Prefectural Road Route 165,Japan
***ERROR:千葉縣道173號南總月出線,Chiba Prefectural Road Route 173,Japan
***ERROR:千葉縣道176號夷隅御宿線,Chiba Prefectural Road Route 176,Japan
***ERROR:千葉縣道214號東金停車場線,Chiba Prefectural Road Route 214,Japan
***ERROR:千葉縣道21號五井本納線,Chiba Prefectural Road Route 21,Japan
***ERROR:千葉縣道220號八幡宿停車場線,Chiba Prefectural Road Route 220,Japan
***ERROR:千葉縣道223號牛久停車場線,Chiba Prefectural Road Route 223,Japan
***ERROR:千葉縣道227號八積停車場線,Chiba Prefectural Road Route 227,Japan
***ERROR:千葉縣道22號千葉八街橫芝線,Chiba Prefectural Road Route 22,Japan
***ERROR:千葉縣道231號大多喜停車場線,Chiba Prefectural Road Route 231,Japan
***ERROR:埼玉縣道116號八潮三鄉線,Saitama Prefectural Road Route 116,Japan
***ERROR:埼玉縣道118號北浦和停車場線,Saitama Prefectural Road Route 118,Japan
***ERROR:北海道道609号礼文停车场线,Hokkaido Prefectural Road Route 609,Japan
***ERROR:北海道道610號占冠穗別線,Hokkaido Prefectural Road Route 610,Japan
***ERROR:北海道道620号苫务小利别停车场线,Hokkaido Prefectural Road Route 620,Japan
***ERROR:北海道道627号文珠砂川线,Hokkaido Prefectural Road Route 627,Japan
***ERROR:千葉縣道16號佐原八日市場線,Chiba Prefectural Road Route 16,Japan
***ERROR:千葉縣道172號大多喜里見線,Chiba Prefectural Road Route 172,Japan
***ERROR:千葉縣道175號大原港大原停車場線,Chiba Prefectural Road Route 175,Japan
***ERROR:千葉縣道181號天津小湊田原線,Chiba Prefectural Road Route 181,Japan
***ERROR:千葉縣道219號濱野停車場線,Chiba Prefectural Road Route 219,Japan
***ERROR:埼玉縣道114號川越越生線,Saitama Prefectural Road Route 114,Japan
***ERROR:埼玉縣道119號與野停車場線,Saitama Prefectural Road Route 119,Japan
***ERROR:北海道道279号江部乙雨龙线,Hokkaido Prefectural Road Route 279,Japan
***ERROR:北海道道281号深川多度志线,Hokkaido Prefectural Road Route 281,Japan
***ERROR:北海道道290号追分停车场线,Hokkaido Prefectural Road Route 290,Japan
***ERROR:北海道道292号智惠文停车场线,Hokkaido Prefectural Road Route 292,Japan
***ERROR:北海道道297号士别停车场线,Hokkaido Prefectural Road Route 297,Japan
***ERROR:北海道道916号汤内内园线,Hokkaido Prefectural Road Route 916,Japan
***ERROR:北海道道923号目梨别丰富线,Hokkaido Prefectural Road Route 923,Japan
***ERROR:北海道道928号上风连中西别线,Hokkaido Prefectural Road Route 928,Japan
***ERROR:北海道道953号别当贺酪阳线,Hokkaido Prefectural Road Route 953,Japan
***ERROR:北海道道962号爱国停车场古舞线,Hokkaido Prefectural Road Route 962,Japan
***ERROR:北海道道974号东台留真线,Hokkaido Prefectural Road Route 974,Japan
***ERROR:北海道道975号开阳川北线,Hokkaido Prefectural Road Route 975,Japan
***ERROR:北海道道987号丰似广尾线,Hokkaido Prefectural Road Route 987,Japan
***ERROR:北海道道989号丰里齿舞线,Hokkaido Prefectural Road Route 989,Japan
***ERROR:亚洲公路14号线,AH14,Myanmar
***ERROR:亚洲公路14号线,AH14,Vietnam
***ERROR:亚洲公路14号线,AH14,People's Republic of China
***ERROR:北海道道298号上富良野旭中富良野线,Hokkaido Prefectural Road Route 298,Japan
***ERROR:北海道道319号生花大树线,Hokkaido Prefectural Road Route 319,Japan
***ERROR:北海道道327号弁景幌别线,Hokkaido Prefectural Road Route 327,Japan
***ERROR:北海道道342号茅沼矿山泊线,Hokkaido Prefectural Road Route 342,Japan
***ERROR:北海道道79號深川豐里線,Hokkaido Prefectural Road Route 79,Japan
***ERROR:北海道道849号日东东云线,Hokkaido Prefectural Road Route 849,Japan
***ERROR:埼玉縣道5號埼玉菖蒲線,Saitama Prefectural Road Route 5,Japan
***ERROR:埼玉縣道77號行田蓮田線,Saitama Prefectural Road Route 77,Japan
***ERROR:富山縣道22號富山停車場線,Toyama Prefectural Road Route 22,Japan
***ERROR:北海道道299号上富良野停车场线,Hokkaido Prefectural Road Route 299,Japan
***ERROR:北海道道336号上社名渊上涌别线,Hokkaido Prefectural Road Route 336,Japan
***ERROR:北海道道784号黑桥京极线,Hokkaido Prefectural Road Route 784,Japan
***ERROR:北海道道800号北之峰线,Hokkaido Prefectural Road Route 800,Japan
***ERROR:北海道道808号琵琶濑茶内停车场线,Hokkaido Prefectural Road Route 808,Japan
***ERROR:北海道道821号京极停车场线,Hokkaido Prefectural Road Route 821,Japan
***ERROR:埼玉縣道57號埼玉鴻巣線,Saitama Prefectural Road Route 57,Japan
***ERROR:埼玉縣道59號羽生妻沼線,Saitama Prefectural Road Route 59,Japan
***ERROR:埼玉縣道75號熊谷兒玉線,Saitama Prefectural Road Route 75,Japan
***ERROR:埼玉縣道78號春日部菖蒲線,Saitama Prefectural Road Route 78,Japan
***ERROR:北海道道859号旭山线,Hokkaido Prefectural Road Route 859,Japan
***ERROR:北海道道863号川北茶志骨线,Hokkaido Prefectural Road Route 863,Japan
***ERROR:北海道道878号光台种川线,Hokkaido Prefectural Road Route 878,Japan
***ERROR:北海道道925号武德下士别线,Hokkaido Prefectural Road Route 925,Japan
***ERROR:北海道道936号丹羽今金线,Hokkaido Prefectural Road Route 936,Japan
***ERROR:北海道道958号大椴线,Hokkaido Prefectural Road Route 958,Japan
***ERROR:北海道道971号旭温泉旭线,Hokkaido Prefectural Road Route 971,Japan
***ERROR:北海道道994号中春别表桥线,Hokkaido Prefectural Road Route 994,Japan
***ERROR:北海道道995号东藻琴丰富线,Hokkaido Prefectural Road Route 995,Japan
***ERROR:泰康路 (廣州),Q10379937,People's Republic of China
***ERROR:五一路 (太原市),Wuyi Road,People's Republic of China
***ERROR:北海道道882号利别牛首别线,Hokkaido Prefectural Road Route 882,Japan
***ERROR:北海道道935号小黑部鰔川线,Hokkaido Prefectural Road Route 935,Japan
***ERROR:北海道道939号日进名寄线,Hokkaido Prefectural Road Route 939,Japan
***ERROR:北海道道978号野花南芦别线,Hokkaido Prefectural Road Route 978,Japan
***ERROR:北海道道296号比布爱别停车场线,Hokkaido Prefectural Road Route 296,Japan
***ERROR:北海道道332号当麻停车场线,Hokkaido Prefectural Road Route 332,Japan
***ERROR:北海道道840号野束清住线,Hokkaido Prefectural Road Route 840,Japan
***ERROR:北海道道841号樱川线,Hokkaido Prefectural Road Route 841,Japan
***ERROR:埼玉縣道56號埼玉富士見野所澤線,Saitama Prefectural Road Route 56,Japan
***ERROR:埼玉縣道61號越生長澤線,Saitama Prefectural Road Route 61,Japan
***ERROR:埼玉縣道62號深谷寄居線,Saitama Prefectural Road Route 62,Japan
***ERROR:埼玉縣道69號深谷嵐山線,Saitama Prefectural Road Route 69,Japan
***ERROR:埼玉縣道76號鴻巢川島線,Saitama Prefectural Road Route 76,Japan
***ERROR:埼玉縣道79號朝霞蕨線,Saitama Prefectural Road Route 79,Japan
***ERROR:北海道道926号礼文空港线,Hokkaido Prefectural Road Route 921,Japan
***ERROR:北海道道866号东滨烧尻港线,Hokkaido Prefectural Road Route 866,Japan
***ERROR:北海道道874号朝日樱丘线,Hokkaido Prefectural Road Route 874,Japan
***ERROR:北海道道880号上音标音标线,Hokkaido Prefectural Road Route 880,Japan
***ERROR:北海道道920号幌内汤内线,Hokkaido Prefectural Road Route 920,Japan
***ERROR:北海道道924号富野轻舞线,Hokkaido Prefectural Road Route 924,Japan
***ERROR:北海道道932号上渚滑原野上渚滑线,Hokkaido Prefectural Road Route 932,Japan
***ERROR:北海道道979号开发茶志内线,Hokkaido Prefectural Road Route 979,Japan
***ERROR:北海道道99号和寒鹰栖线,Hokkaido Prefectural Road Route 99,Japan
***ERROR:东川路 (广州),Q10870197,People's Republic of China
***ERROR:东风路 (广州),Q10871210,People's Republic of China
***ERROR:中山大道 (广州),Q10875271,People's Republic of China
***ERROR:北海道道2號洞爺湖登別線,Hokkaido Prefectural Road Route 2,Japan
***ERROR:北海道道331号永山停车场线,Hokkaido Prefectural Road Route 331,Japan
***ERROR:北海道道333号远轻停车场线,Hokkaido Prefectural Road Route 333,Japan
***ERROR:北海道道335号讯子府停车场线,Hokkaido Prefectural Road Route 355,Japan
***ERROR:北海道道353号美泽上富良野线,Hokkaido Prefectural Road Route 353,Japan
***ERROR:北海道道782号上登别室兰线,Hokkaido Prefectural Road Route 782,Japan
***ERROR:北海道道789号上志文四条东线,Hokkaido Prefectural Road Route 789,Japan
***ERROR:北海道道791号峠宫田线,Hokkaido Prefectural Road Route 791,Japan
***ERROR:北海道道828号白鸟松布泷之上原野线,Hokkaido Prefectural Road Route 828,Japan
***ERROR:北海道道83号函馆南茅部线,Hokkaido Prefectural Road Route 83,Japan
***ERROR:北海道道858号木真子府岬滨佐吕间线,Hokkaido Prefectural Road Route 858,Japan
***ERROR:埼玉縣道65號埼玉幸手線,Saitama Prefectural Road Route 65,Japan
***ERROR:埼玉縣道72號秩父荒川線,Saitama Prefectural Road Route 72,Japan
***ERROR:埼玉縣道81號熊谷寄居線,Saitama Prefectural Road Route 81,Japan
***ERROR:北海道道316号上士幌音更线,Hokkaido Prefectural Road Route 316,Japan
***ERROR:北海道道334号中藻兴部兴部线,Hokkaido Prefectural Road Route 334,Japan
***ERROR:北海道道350号俱多乐湖公园线,Hokkaido Prefectural Road Route 350,Japan
***ERROR:北海道道818号发足线,Hokkaido Prefectural Road Route 818,Japan
***ERROR:埼玉縣道85號春日部久喜線,Saitama Prefectural Road Route 85,Japan
***ERROR:埼玉縣道6號川越所澤線,Saitama Prefectural Road Route 6,Japan
***ERROR:中華路 (中壢市),Q10876562,Taiwan
***ERROR:上海路 (桂林),Q10868049,People's Republic of China
***ERROR:IC7公路,IC7,Portugal
***ERROR:北門路 (台南市),Beimen Road,Taiwan
***ERROR:北海道道911号大津旅来线,Hokkaido Prefectural Road Route 911,Japan
***ERROR:北海道道929号中春别床丹线,Hokkaido Prefectural Road Route 929,Japan
***ERROR:北海道道930号上风连奥行线,Hokkaido Prefectural Road Route 930,Japan
***ERROR:北海道道938号伊文政和线,Hokkaido Prefectural Road Route 938,Japan
***ERROR:北海道道950号野付风莲公园线,Hokkaido Prefectural Road Route 950,Japan
***ERROR:北海道道957号大成西春别线,Hokkaido Prefectural Road Route 957,Japan
***ERROR:北海道道972号滨里下沼线,Hokkaido Prefectural Road Route 972,Japan
***ERROR:北海道道973号北清水清水线,Hokkaido Prefectural Road Route 973,Japan
***ERROR:北海道道992号静内停车场线,Hokkaido Prefectural Road Route 992,Japan
***ERROR:北海道道857号江南清里停车场线,Hokkaido Prefectural Road Route 857,Japan
***ERROR:北海道道875号多度志一已线,Hokkaido Prefectural Road Route 875,Japan
***ERROR:北海道道912号大津长节线,Hokkaido Prefectural Road Route 912,Japan
***ERROR:北海道道1089号猿拂鬼志别线,Hokkaido Prefectural Road Route 1089,Japan
***ERROR:北海道道1091号泉泽新千岁空港线,Hokkaido Prefectural Road Route 1091,Japan
***ERROR:北海道道1127号初田牛厚床线,Hokkaido Prefectural Road Route 1127,Japan
***ERROR:北海道道1135号滨中元川线,Hokkaido Prefectural Road Route 1135,Japan
***ERROR:北海道道1146号濑多来吉野线,Hokkaido Prefectural Road Route 1146,Japan
***ERROR:北海道道1150號旭川北連絡線,Hokkaido Prefectural Road Route 1150,Japan
***ERROR:北海道道1159号美呗浦臼线,Hokkaido Prefectural Road Route 1159,Japan
***ERROR:北海道道1166号中札内连络线,Hokkaido Prefectural Road Route 1166,Japan
***ERROR:北海道道311号中西别计根别线,Hokkaido Prefectural Road Route 311,Japan
***ERROR:北海道道318号涌洞丰顷停车场线,Hokkaido Prefectural Road Route 318,Japan
***ERROR:北海道道222号雄别钏路线,Hokkaido Prefectural Road Route 222,Japan
***ERROR:北海道道233号新富样似停车场线,Hokkaido Prefectural Road Route 233,Japan
***ERROR:北海道道388号白老停车场线,Hokkaido Prefectural Road Route 388,Japan
***ERROR:北海道道74号穗别鹉川线,Hokkaido Prefectural Road Route 74,Japan
***ERROR:北海道道755号然别余市线,Hokkaido Prefectural Road Route 755,Japan
***ERROR:北海道道764号本幌别上毛登别线,Hokkaido Prefectural Road Route 764,Japan
***ERROR:北海道道768号相生津别停车场线,Hokkaido Prefectural Road Route 768,Japan
***ERROR:北海道道769号斜里停车场美咲线,Hokkaido Prefectural Road Route 769,Japan
***ERROR:北海道道870号幌内三川停车场线,Hokkaido Prefectural Road Route 870,Japan
***ERROR:北海道道877号学田前田线,Hokkaido Prefectural Road Route 877,Japan
***ERROR:成都道 (香港),Chengtu Road,People's Republic of China
***ERROR:北海道道1074号顿别港线,Hokkaido Prefectural Road Route 1074,Japan
***ERROR:北海道道1144号士幌上士幌线,Hokkaido Prefectural Road Route 1144,Japan
***ERROR:北海道道302号雄信内停车场线,Hokkaido Prefectural Road Route 302,Japan
***ERROR:北海道道303号沓形港线,Hokkaido Prefectural Road Route 303,Japan
***ERROR:北海道道307号留边蕊停车场线,Hokkaido Prefectural Road Route 307,Japan
***ERROR:北海道道308号日吉端野线,Hokkaido Prefectural Road Route 308,Japan
***ERROR:北海道道313号根室港线,Hokkaido Prefectural Road Route 313,Japan
***ERROR:北海道道317号中美生芽室线,Hokkaido Prefectural Road Route 317,Japan
***ERROR:北海道道206号下川风连线,Hokkaido Prefectural Road Route 206,Japan
***ERROR:北海道道217号北见美幌线,Hokkaido Prefectural Road Route 217,Japan
***ERROR:北海道道219号新开旭川线,Hokkaido Prefectural Road Route 219,Japan
***ERROR:北海道道224號蘆別赤平線,Hokkaido Prefectural Road Route 224,Japan
***ERROR:北海道道229号北尻别兰越停车场线,Hokkaido Prefectural Road Route 229,Japan
***ERROR:北海道道234号美河三石停车场线,Hokkaido Prefectural Road Route 234,Japan
***ERROR:北海道道236号勇足池田线,Hokkaido Prefectural Road Route 236,Japan
***ERROR:北海道道373号幌加内停车场线,Hokkaido Prefectural Road Route 373,Japan
***ERROR:北海道道386号有珠停车场线,Hokkaido Prefectural Road Route 386,Japan
***ERROR:北海道道758号班溪风连线,Hokkaido Prefectural Road Route 758,Japan
***ERROR:北海道道75號帶廣新得線,Hokkaido Prefectural Road Route 75,Japan
***ERROR:北海道道760号智惠文美深线,Hokkaido Prefectural Road Route 760,Japan
***ERROR:北海道道766号和训边渚滑停车场线,Hokkaido Prefectural Road Route 766,Japan
***ERROR:北海道道777号川崎三之原线,Hokkaido Prefectural Road Route 777,Japan
***ERROR:北海道道778号浊川温泉线,Hokkaido Prefectural Road Route 778,Japan
***ERROR:北海道道860号钏路西港线,Hokkaido Prefectural Road Route 860,Japan
***ERROR:北海道道87号知床公园罗臼线,Hokkaido Prefectural Road Route 87,Japan
***ERROR:北海道道19号苫小牧停车场线,Hokkaido Prefectural Road Route 19,Japan
***ERROR:北海道道1號小樽定山溪線,Hokkaido Prefectural Road Route 1,Japan
***ERROR:北海道道213号天人峡美瑛线,Hokkaido Prefectural Road Route 213,Japan
***ERROR:北海道道221号塘路厚岸线,Hokkaido Prefectural Road Route 221,Japan
***ERROR:北海道道366号石狩当别停车场线,Hokkaido Prefectural Road Route 366,Japan
***ERROR:北海道道370号野幌停车场线,Hokkaido Prefectural Road Route 370,Japan
***ERROR:北海道道380号松前停车场线,Hokkaido Prefectural Road Route 380,Japan
***ERROR:北海道道383号木古内停车场线,Hokkaido Prefectural Road Route 383,Japan
***ERROR:北海道道752号名驹田下线,Hokkaido Prefectural Road Route 752,Japan
***ERROR:北海道道761号北旭川停车场永山线,Hokkaido Prefectural Road Route 761,Japan
***ERROR:北海道道763号兜沼丰德线,Hokkaido Prefectural Road Route 763,Japan
***ERROR:北海道道774号川北中标津线,Hokkaido Prefectural Road Route 774,Japan
***ERROR:北海道道86號白老大瀧線,Hokkaido Prefectural Road Route 86,Japan
***ERROR:北海道道879号米原古川线,Hokkaido Prefectural Road Route 879,Japan
***ERROR:欧洲E981公路,European route E981,Turkey
***ERROR:北海道道1076号利尻富士利尻自行车道线,Hokkaido Prefectural Road Route 1076,Japan
***ERROR:北海道道110号江别连络线,Hokkaido Prefectural Road Route 110,Japan
***ERROR:北海道道1120号滨鬼志别港线,Hokkaido Prefectural Road Route 1120,Japan
***ERROR:北海道道1157号幸福连络线,Hokkaido Prefectural Road Route 1157,Japan
***ERROR:北海道道1158号米冈奥尻空港线,Hokkaido Prefectural Road Route 1158,Japan
***ERROR:北海道道204号涌别上涌别线,Hokkaido Prefectural Road Route 204,Japan
***ERROR:北海道道312号根室停车场线,Hokkaido Prefectural Road Route 312,Japan
***ERROR:北海道道314号白糠停车场线,Hokkaido Prefectural Road Route 314,Japan
***ERROR:北海道道1071号音调津阵屋线,Hokkaido Prefectural Road Route 1071,Japan
***ERROR:北海道道1075号新得停车场线,Hokkaido Prefectural Road Route 1075,Japan
***ERROR:北海道道1084号带广之森公园线,Hokkaido Prefectural Road Route 1084,Japan
***ERROR:北海道道1085号新内线,Hokkaido Prefectural Road Route 1085,Japan
***ERROR:北海道道1119号稚内丰富线,Hokkaido Prefectural Road Route 1119,Japan
***ERROR:北海道道1123号落石港线,Hokkaido Prefectural Road Route 1123,Japan
***ERROR:北海道道1130号砂川奈井江美呗线,Hokkaido Prefectural Road Route 1130,Japan
***ERROR:北海道道1133号宗谷友谊公园线,Hokkaido Prefectural Road Route 1133,Japan
***ERROR:北海道道1145号薰别川北线,Hokkaido Prefectural Road Route 1145,Japan
***ERROR:北海道道1153号带广川西连络线,Hokkaido Prefectural Road Route 1153,Japan
***ERROR:北海道道301号增毛港线,Hokkaido Prefectural Road Route 301,Japan
***ERROR:北海道道305号纹别丸濑布线,Hokkaido Prefectural Road Route 305,Japan
***ERROR:北海道道310号花咲港线,Hokkaido Prefectural Road Route 310,Japan
***ERROR:北海道道31号音更池田线,Hokkaido Prefectural Road Route 31,Japan
***ERROR:北海道道205号上士别美羽乌线,Hokkaido Prefectural Road Route 205,Japan
***ERROR:北海道道361号尺别尺别停车场线,Hokkaido Prefectural Road Route 361,Japan
***ERROR:北海道道371号北广岛停车场线,Hokkaido Prefectural Road Route 371,Japan
***ERROR:北海道道378号余市港线,Hokkaido Prefectural Road Route 378,Japan
***ERROR:北海道道387号幌别停车场线,Hokkaido Prefectural Road Route 387,Japan
***ERROR:北海道道751号新筱津金泽线,Hokkaido Prefectural Road Route 751,Japan
***ERROR:北海道道753号登余市停车场线,Hokkaido Prefectural Road Route 753,Japan
***ERROR:北海道道77号千岁连络线,Hokkaido Prefectural Road Route 77,Japan
***ERROR:北海道道885号养老牛虹别线,Hokkaido Prefectural Road Route 885,Japan
***ERROR:北海道道886号知来东线,Hokkaido Prefectural Road Route 886,Japan
***ERROR:北海道道207号昆布停车场二世古线,Hokkaido Prefectural Road Route 207,Japan
***ERROR:北海道道218号板谷佐久停车场线,Hokkaido Prefectural Road Route 218,Japan
***ERROR:北海道道226号舞鹤追分线,Hokkaido Prefectural Road Route 226,Japan
***ERROR:北海道道227号赤平泷川线,Hokkaido Prefectural Road Route 227,Japan
***ERROR:北海道道228号丰丘余市停车场线,Hokkaido Prefectural Road Route 228,Japan
***ERROR:北海道道230号三之原二世古线,Hokkaido Prefectural Road Route 230,Japan
***ERROR:北海道道231号椴法华港线,Hokkaido Prefectural Road Route 231,Japan
***ERROR:北海道道232号今金北桧山线,Hokkaido Prefectural Road Route 232,Japan
***ERROR:北海道道368号白石停车场线,Hokkaido Prefectural Road Route 368,Japan
***ERROR:北海道道369号岛松停车场线,Hokkaido Prefectural Road Route 369,Japan
***ERROR:北海道道385号长和停车场线,Hokkaido Prefectural Road Route 385,Japan
***ERROR:北海道道756号大野上矶线,Hokkaido Prefectural Road Route 756,Japan
***ERROR:北海道道759号奈江富良野线,Hokkaido Prefectural Road Route 759,Japan
***ERROR:北海道道762号平羽幌线,Hokkaido Prefectural Road Route 762,Japan
***ERROR:北海道道765号元地香深线,Hokkaido Prefectural Road Route 765,Japan
***ERROR:北海道道873号小向元纹别线,Hokkaido Prefectural Road Route 873,Japan
***ERROR:北海道道881号掘茅沼线,Hokkaido Prefectural Road Route 881,Japan
***ERROR:北海道道887号中原金泽线,Hokkaido Prefectural Road Route 887,Japan
***ERROR:北海道道888號東陽多寄線,Hokkaido Prefectural Road Route 888,Japan
***ERROR:欧洲E982公路,European route E982,Turkey
***ERROR:北海道道1077号稚内猿拂线,Hokkaido Prefectural Road Route 1077,Japan
***ERROR:北海道道1088号然别峡线,Hokkaido Prefectural Road Route 1088,Japan
***ERROR:北海道道10号千岁鹉川线,Hokkaido Prefectural Road Route 10,Japan
***ERROR:北海道道1118号兜沼停车场线,Hokkaido Prefectural Road Route 1118,Japan
***ERROR:北海道道1131号美呗停车场线,Hokkaido Prefectural Road Route 1131,Japan
***ERROR:北海道道208号比宇厚贺停车场线,Hokkaido Prefectural Road Route 208,Japan
***ERROR:北海道道300号上川停车场线,Hokkaido Prefectural Road Route 300,Japan
***ERROR:北海道道304号纹别港线,Hokkaido Prefectural Road Route 304,Japan
***ERROR:北海道道309号美幌停车场线,Hokkaido Prefectural Road Route 309,Japan
***ERROR:北海道道315号十胜港线,Hokkaido Prefectural Road Route 315,Japan
***ERROR:欧洲E579公路,European route E579,Hungary
***ERROR:千葉縣道123號一宮片貝線,Chiba Prefectural Road Route 123,Japan
***ERROR:千葉縣道127號多古山田線,Chiba Prefectural Road Route 127,Japan
***ERROR:千葉縣道131號土氣停車場千葉中線,Chiba Prefectural Road Route 131,Japan
***ERROR:埼玉縣道、東京都道219號狹山下宮寺線,Saitama Prefectural Road and Tokyo Metropolitan Road Route 219,Japan
***ERROR:埼玉縣道44號秩父兒玉線,Saitama Prefectural Road Route 44,Japan
***ERROR:埼玉縣道50號所澤狹山線,Saitama Prefectural Road Route 50,Japan
***ERROR:埼玉縣道87號上尾久喜線,Saitama Prefectural Road Route 87,Japan
***ERROR:埼玉縣道8號川越入間線,Saitama Prefectural Road Route 8,Japan
***ERROR:千葉縣道126號八幡菊間線,Chiba Prefectural Road Route 126,Japan
***ERROR:千葉縣道129號譽田停車場中野線,Chiba Prefectural Road Route 129,Japan
***ERROR:千葉縣道132號土氣停車場金剛地線,Chiba Prefectural Road Route 132,Japan
***ERROR:埼玉縣道、東京都道103號吉場安行東京線,Saitama Prefectural Road and Tokyo Metropolitan Road Route 103,Japan
***ERROR:埼玉縣道、東京都道17號所澤府中線,Saitama Prefectural Road and Tokyo Metropolitan Road Route 17,Japan
***ERROR:埼玉縣道·千葉縣道29號草加流山線,Saitama Prefectural Road and Chiba Prefectural Road Route 29,Japan
***ERROR:埼玉縣道·東京都道40號埼玉東村山線,Saitama Prefectural Road and Tokyo Metropolitan Road Route 40,Japan
***ERROR:埼玉縣道400號春日部停車場線,Saitama Prefectural Road Route 400,Japan
***ERROR:埼玉縣道401號谷塚停車場線,Saitama Prefectural Road Route 401,Japan
***ERROR:埼玉縣道43號皆野荒川線,Saitama Prefectural Road Route 43,Japan
***ERROR:北海道道209号滑若新冠停车场线,Hokkaido Prefectural Road Route 209,Japan
***ERROR:北海道道243号阿寒标茶线,Hokkaido Prefectural Road Route 243,Japan
***ERROR:北海道道244号远轻芭露线,Hokkaido Prefectural Road Route 244,Japan
***ERROR:北海道道245号下仁顷相内停车场线,Hokkaido Prefectural Road Route 245,Japan
***ERROR:北海道道247号置户温根汤线,Hokkaido Prefectural Road Route 247,Japan
***ERROR:北海道道249号福住女满别线,Hokkaido Prefectural Road Route 249,Japan
***ERROR:北海道道24号钏路停车场线,Hokkaido Prefectural Road Route 24,Japan
***ERROR:東京都道316號日本橋芝浦大森線,Tokyo Metropolitan Road Route 316,Japan
***ERROR:東京都道317號環狀六號線,Tokyo Metropolitan Road Route 317,Japan
***ERROR:北海道道215号江差停车场线,Hokkaido Prefectural Road Route 215,Japan
***ERROR:北海道道220号歌登咲来停车场线,Hokkaido Prefectural Road Route 220,Japan
***ERROR:北海道道239号熊牛音更线,Hokkaido Prefectural Road Route 239,Japan
***ERROR:北海道道248号嘉多山美幌线,Hokkaido Prefectural Road Route 248,Japan
***ERROR:千葉縣道130號譽田停車場潤井戶線,Chiba Prefectural Road Route 130,Japan
***ERROR:埼玉縣道・東京都道102號平方東京線,Saitama Prefectural Road and Tokyo Metropolitan Road Route 102,Japan
***ERROR:埼玉縣道、東京都道221號原市場下成木線,Saitama Prefectural Road and Tokyo Metropolitan Road Route 221,Japan
***ERROR:埼玉縣道412號南羽生停車場線,Saitama Prefectural Road Route 412,Japan
***ERROR:埼玉縣道89號川口停車場線,Saitama Prefectural Road Route 89,Japan
***ERROR:北海道道210号尾田丰顷停车场线,Hokkaido Prefectural Road Route 210,Japan
***ERROR:北海道道214号川西芽室音更线,Hokkaido Prefectural Road Route 214,Japan
***ERROR:北海道道21号留萌停车场线,Hokkaido Prefectural Road Route 21,Japan
***ERROR:北海道道242号上庶路庶路停车场线,Hokkaido Prefectural Road Route 242,Japan
***ERROR:北海道道250号清里止别线,Hokkaido Prefectural Road Route 250,Japan
***ERROR:埼玉縣道、群馬縣道258號中瀨牧西線,Saitama Prefectural Road and Gunma Prefectural Road Route 258,Japan
***ERROR:埼玉縣道、群馬縣道276號新堀尾島線,Saitama Prefectural Road and Gunma Prefectural Road Route 276,Japan
***ERROR:埼玉縣道、群馬縣道306號上中森鴻巢線,Saitama Prefectural Road and Gunma Prefectural Road Route 306,Japan
***ERROR:埼玉縣道·群馬縣道304號今泉館林線,Saitama Prefectural Road and Gunma Prefectural Road Route 304,Japan
***ERROR:東京都道301號白山祝田田町線,Tokyo Metropolitan Road Route 301,Japan
***ERROR:東京都道302號新宿兩國線,Tokyo Metropolitan Road Route 302,Japan
***ERROR:千葉縣道124號綠海東金線,Chiba Prefectural Road Route 124,Japan
***ERROR:千葉縣道128號日吉譽田停車場線,Chiba Prefectural Road Route 128,Japan
***ERROR:千葉縣道12號鎌谷本埜線,Chiba Prefectural Road Route 12,Japan
***ERROR:千葉縣道133號稻毛停車場穴川線,Chiba Prefectural Road Route 133,Japan
***ERROR:埼玉縣道、千葉縣道19號越谷野田線,Saitama Prefectural Road and Chiba Prefectural Road Route 19,Japan
***ERROR:埼玉縣道·東京都道55號所澤武藏村山立川線,Saitama Prefectural Road and Tokyo Metropolitan Road Route 55,Japan
***ERROR:埼玉縣道402號草加停車場線,Saitama Prefectural Road Route 402,Japan
***ERROR:埼玉縣道51號川越上尾線,Saitama Prefectural Road Route 51,Japan
***ERROR:埼玉縣道91號熊谷停車場線,Saitama Prefectural Road Route 91,Japan
***ERROR:埼玉縣道416號利根川自行車道線,Saitama Prefectural Road and Gunma Prefectural Road Route 416,Japan
***ERROR:埼玉縣道、千葉縣道326號川藤野田線,Saitama Prefectural Road and Chiba Prefectural Road Route 326,Japan
***ERROR:埼玉縣道、東京都道104號川口草加線,Saitama Prefectural Road and Tokyo Metropolitan Road Route 104,Japan
***ERROR:埼玉縣道、東京都道193號下畑軍畑線,Saitama Prefectural Road and Tokyo Metropolitan Road Route 193,Japan
***ERROR:埼玉縣道‧東京都道179號所澤青梅線,Saitama Prefectural Road and Tokyo Metropolitan Road Route 179,Japan
***ERROR:埼玉縣道411號加須停車場線,Saitama Prefectural Road Route 411,Japan
***ERROR:埼玉縣道46號加須北川邊線,Saitama Prefectural Road Route 46,Japan
***ERROR:埼玉縣道、群馬縣道301號妻沼小島太田線,Saitama Prefectural Road and Gunma Prefectural Road Route 301,Japan
***ERROR:埼玉縣道、群馬縣道331號吉田太田部讓原線,Saitama Prefectural Road and Gunma Prefectural Road Route 331,Japan
***ERROR:北海道道216号八千代带广线,Hokkaido Prefectural Road Route 216,Japan
***ERROR:北海道道241号本流音别停车场线,Hokkaido Prefectural Road Route 241,Japan
***ERROR:北海道道20号旭川停车场线,Hokkaido Prefectural Road Route 20,Japan
***ERROR:北海道道211号春日置户线,Hokkaido Prefectural Road Route 211,Japan
***ERROR:北海道道212号旭川大雪山层云峡线,Hokkaido Prefectural Road Route 212,Japan
***ERROR:北海道道22号留萌港线,Hokkaido Prefectural Road Route 22,Japan
***ERROR:北海道道240号上札内带广线,Hokkaido Prefectural Road Route 240,Japan
***ERROR:北海道道246号小清水女满别线,Hokkaido Prefectural Road Route 246,Japan
***ERROR:北海道道253号东山富良野停车场线,Hokkaido Prefectural Road Route 253,Japan
***ERROR:東京都道304號日比谷豐洲埠頭東雲町線,Tokyo Metropolitan Road Route 304,Japan
***ERROR:東京都道305號芝新宿王子線,Tokyo Metropolitan Road Route 305,Japan
***ERROR:東京都道403號大手町湯島線,Tokyo Metropolitan Road Route 403,Japan
***ERROR:東京都道312號白金台町等等力線,Tokyo Metropolitan Road Route 312,Japan
***ERROR:東京都道318號環狀七號線,Tokyo Metropolitan Road Route 318,Japan
***ERROR:東京都道402號錦町有樂町線,Tokyo Metropolitan Road Route 402,Japan
***ERROR:東京都道404號皇居前東京停車場線,Tokyo Metropolitan Road Route 404,Japan
***ERROR:埼玉縣道、群馬縣道131號兒玉新町線,Saitama Prefectural Road and Gunma Prefectural Road Route 131,Japan
***ERROR:教育路 (广州),Q11079252,People's Republic of China
***ERROR:机场路 (广州),Q11095052,People's Republic of China
***ERROR:文華里 (香港),Man Wa Lane,People's Republic of China
***ERROR:千葉縣道75號東金豐海線,Chiba Prefectural Road Route 75,Japan
***ERROR:千葉縣道76號成東酒酒井線,Chiba Prefectural Road Route 76,Japan
***ERROR:千葉縣道7號我孫子關宿線,Chiba Prefectural Road Route 7,Japan
***ERROR:千葉縣道84號茂原長生線,Chiba Prefectural Road Route 84,Japan
***ERROR:千葉縣道8號船橋我孫子線,Chiba Prefectural Road Route 8,Japan
***ERROR:古川繞道 (宮城縣),Furukawa bypass,Japan
***ERROR:埼玉縣道11號熊谷小川秩父線,Saitama Prefectural Road Route 11,Japan
***ERROR:埼玉縣道136號鴻巢停車場線,Saitama Prefectural Road Route 136,Japan
***ERROR:埼玉縣道139號籠原停車場線,Saitama Prefectural Road Route 139,Japan
***ERROR:埼玉縣道152號加須幸手線,Saitama Prefectural Road Route 152,Japan
***ERROR:大阪府道102號惠美須南森町線,Osaka Prefectural Road Route 102,Japan
***ERROR:北海道道701号登别港线,Hokkaido Prefectural Road Route 701,Japan
***ERROR:北海道道705号贝贝鲁伊中富良野停车场线,Hokkaido Prefectural Road Route 705,Japan
***ERROR:北海道道717号札友内弟子屈停车场线,Hokkaido Prefectural Road Route 717,Japan
***ERROR:千葉縣道·茨城縣道170號我孫子利根線,Chiba Prefectural Road and Ibaraki Prefectural Road Route 170,Japan
***ERROR:千葉縣道·茨城縣道4號千葉龍崎線,Chiba Prefectural Road and Ibaraki Prefectural Road Route 4,Japan
***ERROR:千葉縣道18號成田安食線,Chiba Prefectural Road Route 18,Japan
***ERROR:千葉縣道200號六實停車場線,Chiba Prefectural Road Route 200,Japan
***ERROR:千葉縣道208號大戶停車場線,Chiba Prefectural Road Route 208,Japan
***ERROR:千葉縣道20號千葉大網線,Chiba Prefectural Road Route 20,Japan
***ERROR:千葉縣道59號市川印西線,Chiba Prefectural Road Route 59,Japan
***ERROR:千葉縣道71號銚子旭線,Chiba Prefectural Road Route 71,Japan
***ERROR:千葉縣道82號天津小湊夷隅線,Chiba Prefectural Road Route 82,Japan
***ERROR:千葉縣道90號木更津富津線,Chiba Prefectural Road Route 90,Japan
***ERROR:千葉縣道92號君津鴨川線,Chiba Prefectural Road Route 92,Japan
***ERROR:大阪府道、奈良縣道702號大阪枚岡奈良線,Osaka Prefectural Road and Nara Prefectural Road Route 702,Japan
***ERROR:北海道道100号函馆上矶线,Hokkaido Prefectural Road Route 100,Japan
***ERROR:北海道道1033号土佐东滨线,Hokkaido Prefectural Road Route 1033,Japan
***ERROR:北海道道1037号广尾大树线,Hokkaido Prefectural Road Route 1037,Japan
***ERROR:北海道道1048号留萌小平线,Hokkaido Prefectural Road Route 1048,Japan
***ERROR:北海道道1051号涌洞线,Hokkaido Prefectural Road Route 1051,Japan
***ERROR:北京路 (越秀区),Beijing Road (Guangzhou),People's Republic of China
***ERROR:北海道道1002号光地园尾田线,Hokkaido Prefectural Road Route 1002,Japan
***ERROR:北海道道1063号小川古丹别线,Hokkaido Prefectural Road Route 1063,Japan
***ERROR:北海道道703号洞爷湖公园线,Hokkaido Prefectural Road Route 703,Japan
***ERROR:北海道道711号社名渊濑户濑停车场线,Hokkaido Prefectural Road Route 711,Japan
***ERROR:千葉縣道、茨城縣道46號野田牛久線,Chiba Prefectural Road and Ibaraki Prefectural Road Route 46,Japan
***ERROR:千葉縣道191號西白井停車場線,Chiba Prefectural Road Route 191,Japan
***ERROR:千葉縣道194號川間停車場線,Chiba Prefectural Road Route 194,Japan
***ERROR:千葉縣道195號我孫子停車場線,Chiba Prefectural Road Route 195,Japan
***ERROR:千葉縣道211號飯岡猿田停車場線,Chiba Prefectural Road Route 211,Japan
***ERROR:千葉縣道212號八日市場停車場線,Chiba Prefectural Road Route 212,Japan
***ERROR:千葉縣道56號佐原椿海線,Chiba Prefectural Road Route 56,Japan
***ERROR:千葉縣道65號佐倉印西線,Chiba Prefectural Road Route 65,Japan
***ERROR:千葉縣道73號銚子海上線,Chiba Prefectural Road Route 73,Japan
***ERROR:千葉縣道74號多古笹本線,Chiba Prefectural Road Route 74,Japan
***ERROR:千葉縣道77號富里酒酒井線,Chiba Prefectural Road Route 77,Japan
***ERROR:千葉縣道85號茂原夷隅線,Chiba Prefectural Road Route 85,Japan
***ERROR:千葉縣道88號富津館山線,Chiba Prefectural Road Route 88,Japan
***ERROR:埼玉縣道、群馬縣道83號熊谷館林線,Saitama Prefectural Road and Gunma Prefectural Road Route 83,Japan
***ERROR:埼玉縣道126號所澤堀兼狹山線,Saitama Prefectural Road Route 126,Japan
***ERROR:埼玉縣道127號深谷飯塚線,Saitama Prefectural Road Route 127,Japan
***ERROR:埼玉縣道128號熊谷羽生線,Saitama Prefectural Road Route 128,Japan
***ERROR:埼玉縣道133號上尾停車場線,Saitama Prefectural Road Route 133,Japan
***ERROR:埼玉縣道138號行田停車場線,Saitama Prefectural Road Route 138,Japan
***ERROR:埼玉縣道148號騎西鴻巢線,Saitama Prefectural Road Route 148,Japan
***ERROR:埼玉縣道150號上尾蓮田線,Saitama Prefectural Road Route 150,Japan
***ERROR:北海道道1007号惠比岛旭町线,Hokkaido Prefectural Road Route 1007,Japan
***ERROR:北海道道1008号夕张长沼线,Hokkaido Prefectural Road Route 1008,Japan
***ERROR:北海道道1023号上德志别乙忠部线,Hokkaido Prefectural Road Route 1023,Japan
***ERROR:北海道道1026号新冠平取线,Hokkaido Prefectural Road Route 1026,Japan
***ERROR:北海道道1027号砂川歌志内线,Hokkaido Prefectural Road Route 1027,Japan
***ERROR:北海道道1038号直别共荣线,Hokkaido Prefectural Road Route 1038,Japan
***ERROR:北海道道1049号苫前小平线,Hokkaido Prefectural Road Route 1049,Japan
***ERROR:兵庫縣道3號豐岡瀨戶線,Hyogo Prefectural Road Route 3,Japan
***ERROR:北海道道69号中标津空港线,Hokkaido Prefectural Road Route 69,Japan
***ERROR:北海道道6號岩見澤月形線,Hokkaido Prefectural Road Route 6,Japan
***ERROR:北海道道702号美和丰浦停车场线,Hokkaido Prefectural Road Route 702,Japan
***ERROR:北海道道704号崎守停车场线,Hokkaido Prefectural Road Route 704,Japan
***ERROR:北海道道729号朱鞠内风连线,Hokkaido Prefectural Road Route 729,Japan
***ERROR:北海道道730号丸驹线,Hokkaido Prefectural Road Route 730,Japan
***ERROR:千葉縣道、東京都道60號市川四木線,Chiba Prefectural Road and Tokyo Metropolitan Road Route 60,Japan
***ERROR:千葉縣道197號布佐停車場線,Chiba Prefectural Road Route 197,Japan
***ERROR:千葉縣道69號長沼船橋線,Chiba Prefectural Road Route 69,Japan
***ERROR:千葉縣道93號久留里鹿野山湊線,Chiba Prefectural Road Route 93,Japan
***ERROR:埼玉縣道129號加須羽生線,Saitama Prefectural Road Route 129,Japan
***ERROR:埼玉縣道130號小江川本田線,Saitama Prefectural Road Route 130,Japan
***ERROR:埼玉縣道141號深谷停車場線,Saitama Prefectural Road Route 141,Japan
***ERROR:埼玉縣道151號久喜騎西線,Saitama Prefectural Road Route 151,Japan
***ERROR:埼玉縣道154號蓮田杉戶線,Saitama Prefectural Road Route 154,Japan
***ERROR:埼玉縣道155號埼玉武藏丘陵森林公園自行車道線,Saitama Prefectural Road Route 155,Japan
***ERROR:堺泉北收費道路,Sakai Senboku toll road,Japan
***ERROR:北海道道706号南阳山部停车场线,Hokkaido Prefectural Road Route 706,Japan
***ERROR:北海道道707号鬼鹿港线,Hokkaido Prefectural Road Route 707,Japan
***ERROR:北海道道713号中渚滑纹别停车场线,Hokkaido Prefectural Road Route 713,Japan
***ERROR:千葉縣道、茨城縣道198號銚子波崎線,Chiba Prefectural Road and Ibaraki Prefectural Road Route 198,Japan
***ERROR:千葉縣道·茨城縣道44號成田小見川鹿島港線,Chiba Prefectural Road and Ibaraki Prefectural Road Route 44,Japan
***ERROR:千葉縣道189號千葉新市鎮北環狀線,Chiba Prefectural Road Route 189,Japan
***ERROR:千葉縣道190號千葉新市鎮南環狀線,Chiba Prefectural Road Route 190,Japan
***ERROR:千葉縣道193號小室停車場復線,Chiba Prefectural Road Route 193,Japan
***ERROR:千葉縣道196號湖北停車場線,Chiba Prefectural Road Route 196,Japan
***ERROR:千葉縣道199號馬橋停車場線,Chiba Prefectural Road Route 199,Japan
***ERROR:千葉縣道201號大和田停車場線,Chiba Prefectural Road Route 201,Japan
***ERROR:千葉縣道203號下總中山停車場線,Chiba Prefectural Road Route 203,Japan
***ERROR:千葉縣道210號飯岡停車場線,Chiba Prefectural Road Route 210,Japan
***ERROR:千葉縣道66號濱野四街道長沼線,Chiba Prefectural Road Route 66,Japan
***ERROR:千葉縣道78號橫芝上堺線,Chiba Prefectural Road Route 78,Japan
***ERROR:千葉縣道81號市原天津小湊線,Chiba Prefectural Road Route 81,Japan
***ERROR:千葉縣道86號館山白濱線,Chiba Prefectural Road Route 86,Japan
***ERROR:千葉縣道87號袖浦中島木更津線,Chiba Prefectural Road Route 87,Japan
***ERROR:千葉縣道89號鴨川富山線,Chiba Prefectural Road Route 89,Japan
***ERROR:千葉縣道91號竹岡交流道線,Chiba Prefectural Road Route 91,Japan
***ERROR:埼玉縣道120號上木崎與野停車場線,Saitama Prefectural Road Route 120,Japan
***ERROR:埼玉縣道149號加須菖蒲線,Saitama Prefectural Road Route 149,Japan
***ERROR:千葉縣道、埼玉縣道183號次木杉戶線,Chibax Prefectural Road and Chiba Prefectural Road Route 183,Japan
***ERROR:北海道道1025号静内浦河线,Hokkaido Prefectural Road Route 1025,Japan
***ERROR:北海道道1059号稚内空港线,Hokkaido Prefectural Road Route 1059,Japan
***ERROR:北海道道1061号旭岱鸟山线,Hokkaido Prefectural Road Route 1061,Japan
***ERROR:北海道道1062号力昼九重线,Hokkaido Prefectural Road Route 1062,Japan
***ERROR:北海道道1068号留萌北龙线,Hokkaido Prefectural Road Route 1068,Japan
***ERROR:北海道道1006号达布小平町线,Hokkaido Prefectural Road Route 1006,Japan
***ERROR:北海道道1031号神居岩综合公园线,Hokkaido Prefectural Road Route 1031,Japan
***ERROR:北海道道1064号友知牧之内线,Hokkaido Prefectural Road Route 1064,Japan
***ERROR:北海道道699号室兰港线,Hokkaido Prefectural Road Route 699,Japan
***ERROR:北海道道710号浅茅野台地滨顿别线,Hokkaido Prefectural Road Route 710,Japan
***ERROR:北海道道712号绿荫中涌别停车场线,Hokkaido Prefectural Road Route 712,Japan
***ERROR:北海道道718號忠別清水線,Hokkaido Prefectural Road Route 718,Japan
***ERROR:千葉縣道192號白井停車場線,Chiba Prefectural Road Route 192,Japan
***ERROR:千葉縣道202號本八幡停車場線,Chiba Prefectural Road Route 202,Japan
***ERROR:千葉縣道209號笹川停車場線,Chiba Prefectural Road Route 209,Japan
***ERROR:千葉縣道215號八街停車場線,Chiba Prefectural Road Route 215,Japan
***ERROR:千葉縣道61號船橋印西線,Chiba Prefectural Road Route 61,Japan
***ERROR:千葉縣道64號千葉臼井印西線,Chiba Prefectural Road Route 64,Japan
***ERROR:千葉縣道6號市川浦安線,Chiba Prefectural Road Route 6,Japan
***ERROR:千葉縣道72號穴川天戶線,Chiba Prefectural Road Route 72,Japan
***ERROR:東京都道463號上野月島線,Tokyo Metropolitan Road Route 463,Japan
***ERROR:東京都道5號新宿青梅線,Tokyo Metropolitan Road Route 5,Japan
***ERROR:東京都道8號千代田練馬田無線,Tokyo Metropolitan Road Route 8,Japan
***ERROR:國道七號 (中華民國),National Highway 7,Taiwan
***ERROR:千葉縣道267號下總橘停車場東城線,Chiba Prefectural Road Route 267,Japan
***ERROR:千葉縣道31號茂原白子線,Chiba Prefectural Road Route 31,Japan
***ERROR:千葉縣道37號銚子停車場線,Chiba Prefectural Road Route 37,Japan
***ERROR:埼玉縣道157號川越狹山自行車道線,Saitama Prefectural Road Route 157,Japan
***ERROR:埼玉縣道160號川越北環狀線,Saitama Prefectural Road Route 160,Japan
***ERROR:埼玉縣道161號越谷川口線,Saitama Prefectural Road Route 161,Japan
***ERROR:埼玉縣道165號大谷本鄉埼玉線,Saitama Prefectural Road Route 165,Japan
***ERROR:埼玉縣道197號武州荒木停車場線,Saitama Prefectural Road Route 197,Japan
***ERROR:埼玉縣道198號行田市停車場線,Saitama Prefectural Road Route 198,Japan
***ERROR:埼玉縣道200號石原停車場線,Saitama Prefectural Road Route 200,Japan
***ERROR:埼玉縣道210號中津川三峰口停車場線,Saitama Prefectural Road Route 210,Japan
***ERROR:埼玉縣道222號西所澤停車場線,Saitama Prefectural Road Route 222,Japan
***ERROR:埼玉縣道223號狹山丘停車場線,Saitama Prefectural Road Route 223,Japan
***ERROR:埼玉縣道244號志木停車場線,Saitama Prefectural Road Route 244,Japan
***ERROR:小川繞道 (埼玉縣),Ogawa bypass,Japan
***ERROR:千葉縣道232號御宿停車場線,Chiba Prefectural Road Route 232,Japan
***ERROR:千葉縣道234號上總興津停車場線,Chiba Prefectural Road Route 234,Japan
***ERROR:千葉縣道244號外川港線,Chiba Prefectural Road Route 244,Japan
***ERROR:千葉縣道257號南安房公園線,Chiba Prefectural Road Route 257,Japan
***ERROR:千葉縣道262號幕張八千代線,Chiba Prefectural Road Route 262,Japan
***ERROR:千葉縣道269號大鷲木更津線,Chiba Prefectural Road Route 269,Japan
***ERROR:千葉縣道271號館山停車場線,Chiba Prefectural Road Route 271,Japan
***ERROR:千葉縣道298號絹郡線,Chiba Prefectural Road Route 298,Japan
***ERROR:千葉縣道404號銚子小見川佐原自行車道線,Chiba Prefectural Road Route 404,Japan
***ERROR:千葉縣道408號飯岡九十九里自行車道線,Chiba Prefectural Road Route 408,Japan
***ERROR:千葉縣道41號茂原停車場線,Chiba Prefectural Road Route 41,Japan
***ERROR:千葉縣道43號八街三里塚線,Chiba Prefectural Road Route 43,Japan
***ERROR:千葉縣道49號八日市場榮線,Chiba Prefectural Road Route 49,Japan
***ERROR:埼玉县道191号儿玉停车场线,Saitama Prefectural Road Route 191,Japan
***ERROR:埼玉縣道158號川島兒童動物自然公園自行車道線,Saitama Prefectural Road Route 158,Japan
***ERROR:埼玉縣道159號埼玉北袋線,Saitama Prefectural Road Route 159,Japan
***ERROR:埼玉縣道15號川越日高線,Saitama Prefectural Road Route 15,Japan
***ERROR:埼玉縣道180號南古谷停車場線,Saitama Prefectural Road Route 180,Japan
***ERROR:埼玉縣道214號新方須賀埼玉線,Saitama Prefectural Road Route 214,Japan
***ERROR:埼玉縣道216號上野埼玉線,Saitama Prefectural Road Route 216,Japan
***ERROR:東京都道412號霞關澀谷線,Tokyo Metropolitan Road Route 412,Japan
***ERROR:東京都道430號新宿停車場前線,Tokyo Metropolitan Road Route 430,Japan
***ERROR:千葉縣道236號上總湊停車場線,Chiba Prefectural Road Route 236,Japan
***ERROR:千葉縣道246號勝浦港線,Chiba Prefectural Road Route 246,Japan
***ERROR:千葉縣道255號富津公園線,Chiba Prefectural Road Route 255,Japan
***ERROR:千葉縣道25號東金片貝線,Chiba Prefectural Road Route 25,Japan
***ERROR:千葉縣道265號小見川海上線,Chiba Prefectural Road Route 265,Japan
***ERROR:千葉縣道266號旭笹川線,Chiba Prefectural Road Route 266,Japan
***ERROR:千葉縣道299號平和共興線,Chiba Prefectural Road Route 299,Japan
***ERROR:千葉縣道39號船橋停車場線,Chiba Prefectural Road Route 39,Japan
***ERROR:千葉縣道402號長生茂原自行車道線,Chiba Prefectural Road Route 402,Japan
***ERROR:千葉縣道406號八千代印旛榮自轉車道線,Chiba Prefectural Road Route 406,Japan
***ERROR:千葉縣道409號佐原我孫子自行車道線,Chiba Prefectural Road Route 409,Japan
***ERROR:千葉縣道40號東千葉停車場線,Chiba Prefectural Road Route 40,Japan
***ERROR:千葉縣道45號八日市場八街線,Chiba Prefectural Road Route 45,Japan
***ERROR:千葉縣道53號千葉川上八街線,Chiba Prefectural Road Route 53,Japan
***ERROR:千葉縣道55號佐原山田線,Chiba Prefectural Road Route 55,Japan
***ERROR:埼玉縣道196號新鄉停車場線,Saitama Prefectural Road Route 196,Japan
***ERROR:埼玉縣道213號曲本埼玉線,Saitama Prefectural Road Route 213,Japan
***ERROR:埼玉縣道235號大間木蕨線,Saitama Prefectural Road Route 235,Japan
***ERROR:東京都道·埼玉縣道25號飯田橋石神井新座線,Tokyo Metropolitan Road and Saitama Prefectural Road Route 25,Japan
***ERROR:東京都道409號日比谷芝浦線,Tokyo Metropolitan Road Route 409,Japan
***ERROR:東京都道414號四谷角筈線,Tokyo Metropolitan Road Route 414,Japan
***ERROR:東京都道418號北品川四谷線,Tokyo Metropolitan Road Route 418,Japan
***ERROR:東京都道435號音羽池袋線,Tokyo Metropolitan Road Route 435,Japan
***ERROR:東京都道436號小石川西巢鴨線,Tokyo Metropolitan Road Route 436,Japan
***ERROR:東京都道433號神樂坂高圓寺線,Tokyo Metropolitan Road Route 433,Japan
***ERROR:東京都道437號秋葉原雜司谷線,Tokyo Metropolitan Road Route 437,Japan
***ERROR:東京都道441號池袋谷原線,Tokyo Metropolitan Road Route 441,Japan
***ERROR:東京都道462號藏前三輪線,Tokyo Metropolitan Road Route 462,Japan
***ERROR:千葉縣道238號保田停車場線,Chiba Prefectural Road Route 238,Japan
***ERROR:千葉縣道247號濱波太港線,Chiba Prefectural Road Route 247,Japan
***ERROR:千葉縣道250號館山港線,Chiba Prefectural Road Route 250,Japan
***ERROR:千葉縣道253號香取津之宮線,Chiba Prefectural Road Route 253,Japan
***ERROR:千葉縣道254號銚子公園線,Chiba Prefectural Road Route 254,Japan
***ERROR:千葉縣道293號茂原環狀線,Chiba Prefectural Road Route 293,Japan
***ERROR:千葉縣道30號飯岡一宮線,Chiba Prefectural Road Route 30,Japan
***ERROR:千葉縣道32號大多喜君津線,Chiba Prefectural Road Route 32,Japan
***ERROR:千葉縣道33號君津平川線,Chiba Prefectural Road Route 33,Japan
***ERROR:千葉縣道403號和田白濱館山自行車道線,Chiba Prefectural Road Route 403,Japan
***ERROR:千葉縣道405號九十九里一宮大原自行車道線,Chiba Prefectural Road Route 405,Japan
***ERROR:千葉縣道48號八日市場野榮線,Chiba Prefectural Road Route 48,Japan
***ERROR:埼玉縣道173號都幾川熊谷線,Saitama Prefectural Road Route 173,Japan
***ERROR:埼玉縣道175號小前田兒玉線,Saitama Prefectural Road Route 174,Japan
***ERROR:埼玉縣道209號小鹿野影森停車場線,Saitama Prefectural Road Route 209,Japan
***ERROR:埼玉縣道215號宗岡埼玉線,Saitama Prefectural Road Route 215,Japan
***ERROR:埼玉縣道228號飯能停車場線,Saitama Prefectural Road Route 228,Japan
***ERROR:埼玉縣道229號本川越停車場線,Saitama Prefectural Road Route 229,Japan
***ERROR:埼玉縣道246號川越市停車場線,Saitama Prefectural Road Route 246,Japan
***ERROR:埼玉縣道256號片柳川越線,Saitama Prefectural Road Route 256,Japan
***ERROR:千葉縣道233號勝浦停車場線,Chiba Prefectural Road Route 233,Japan
***ERROR:千葉縣道237號濱金谷停車場線,Chiba Prefectural Road Route 237,Japan
***ERROR:千葉縣道23號木更津末吉線,Chiba Prefectural Road Route 23,Japan
***ERROR:千葉縣道242號浦安停車場線,Chiba Prefectural Road Route 242,Japan
***ERROR:千葉縣道243號市原埠頭線,Chiba Prefectural Road Route 243,Japan
***ERROR:千葉縣道24號千葉鴨川線,Chiba Prefectural Road Route 24,Japan
***ERROR:千葉縣道256號新舞子海岸線,Chiba Prefectural Road Route 256,Japan
***ERROR:千葉縣道259號小見川停車場線,Chiba Prefectural Road Route 259,Japan
***ERROR:千葉縣道263號八千代宗像線,Chiba Prefectural Road Route 263,Japan
***ERROR:千葉縣道264號高塚新田市川線,Chiba Prefectural Road Route 264,Japan
***ERROR:千葉縣道300號上高根北袖線,Chiba Prefectural Road Route 300,Japan
***ERROR:千葉縣道302號館山富浦線,Chiba Prefectural Road Route 302,Japan
***ERROR:千葉縣道34號鴨川保田線,Chiba Prefectural Road Route 34,Japan
***ERROR:千葉縣道35號旭停車場線,Chiba Prefectural Road Route 35,Japan
***ERROR:千葉縣道36號佐原停車場線,Chiba Prefectural Road Route 36,Japan
***ERROR:千葉縣道51號市川柏線,Chiba Prefectural Road Route 51,Japan
***ERROR:和歌山縣道4號高野口野上線,Wakayama Prefectural Road Route 4,Japan
***ERROR:埼玉縣道164號鴻巢桶川埼玉線,Saitama Prefectural Road Route 164,Japan
***ERROR:埼玉縣道185號東飯能停車場線,Saitama Prefectural Road Route 185,Japan
***ERROR:埼玉縣道199號行田市停車場酒卷線,Saitama Prefectural Road Route 199,Japan
***ERROR:埼玉縣道1號埼玉川口線,Saitama Prefectural Road Route 1,Japan
***ERROR:埼玉縣道208號秩父停車場秩父公園線,Saitama Prefectural Road Route 208,Japan
***ERROR:埼玉縣道236號新倉蕨線,Saitama Prefectural Road Route 236,Japan
***ERROR:埼玉縣道245號鶴瀨停車場線,Saitama Prefectural Road Route 245,Japan
***ERROR:東京都道·埼玉縣道4號東京所澤線,Tokyo Metropolitan Road and Saitama Prefectural Road Route 4,Japan
***ERROR:東京都道416號古川橋二子玉川線,Tokyo Metropolitan Road Route 416,Japan
***ERROR:東京都道453號本鄉龜戶線,Tokyo Metropolitan Road Route 453,Japan
***ERROR:東京都道405號外濠環狀線,Tokyo Metropolitan Road Route 405,Japan
***ERROR:東京都道407號都廳前室町線,Tokyo Metropolitan Road Route 407,Japan
***ERROR:東京都道413號赤坂杉並線,Tokyo Metropolitan Road Route 413,Japan
***ERROR:北海道道148号钏路连络线,Hokkaido Prefectural Road Route 148,Japan
***ERROR:千葉縣道272號西江見停車場線,Chiba Prefectural Road Route 272,Japan
***ERROR:千葉縣道278號柏流山線,Chiba Prefectural Road Route 278,Japan
***ERROR:千葉縣道27號茂原大多喜線,Chiba Prefectural Road Route 27,Japan
***ERROR:千葉縣道282號柏印西線,Chiba Prefectural Road Route 282,Japan
***ERROR:千葉縣道286號愛宕山公園線,Chiba Prefectural Road Route 286,Japan
***ERROR:千葉縣道291號印西印旛線,Chiba Prefectural Road Route 291,Japan
***ERROR:埼玉縣道261號笠幡狹山線,Saitama Prefectural Road Route 261,Japan
***ERROR:埼玉縣道270號吉田久長秩父線,Saitama Prefectural Road Route 270,Japan
***ERROR:埼玉縣道335號並木川崎線,Saitama Prefectural Road Route 335,Japan
***ERROR:埼玉縣道336號今福木野目線,Saitama Prefectural Road Route 336,Japan
***ERROR:埼玉縣道347號馬引澤飯能線,Saitama Prefectural Road Route 347,Japan
***ERROR:埼玉縣道355號中瀨普濟寺線,Saitama Prefectural Road Route 355,Japan
***ERROR:埼玉縣道380號柿木町蒲生線,Saitama Prefectural Road Route 380,Japan
***ERROR:奈良縣道5號大和高田斑鳩線,Nara Prefectural Road Route 5,Japan
***ERROR:川越繞道 (國道254號),Kawagoe bypass,Japan
***ERROR:北海道道1087號網走常呂單車道線,Hokkaido Prefectural Road Route 1087,Japan
***ERROR:北海道道1147号大曲工业团地美丘线,Hokkaido Prefectural Road Route 1147,Japan
***ERROR:北海道道1155号落部连络线,Hokkaido Prefectural Road Route 1155,Japan
***ERROR:北海道道1174号发足前田线,Hokkaido Prefectural Road Route 1174,Japan
***ERROR:北海道道118号美深中川线,Hokkaido Prefectural Road Route 118,Japan
***ERROR:千葉縣道277號神門八街線,Chiba Prefectural Road Route 277,Japan
***ERROR:千葉縣道279號豐四季停車場高田原線,Chiba Prefectural Road Route 279,Japan
***ERROR:千葉縣道285號內浦山公園線,Chiba Prefectural Road Route 285,Japan
***ERROR:千葉縣道290號大里小池線,Chiba Prefectural Road Route 290,Japan
***ERROR:埼玉縣道325號大野島越谷線,Saitama Prefectural Road Route 325,Japan
***ERROR:埼玉縣道32號鴻巢羽生線,Saitama Prefectural Road Route 32,Japan
***ERROR:埼玉縣道34號埼玉草加線,Saitama Prefectural Road Route 34,Japan
***ERROR:埼玉縣道375號西寶珠花屏風線,Saitama Prefectural Road Route 375,Japan
***ERROR:埼玉縣道382號早瀨埼玉線,Saitama Prefectural Road Route 382,Japan
***ERROR:大阪府道、兵庫縣道41號大阪伊丹線,Osaka Prefectural Road and Hyogo Prefectural Road Route 41,Japan
***ERROR:廣島縣道43號嚴島公園線,Hiroshima Prefectural Road Route 43,Japan
***ERROR:房總Skyline,Boso Skyline,Japan
***ERROR:分レ繞道,Minute Rebaipasu,Japan
***ERROR:北海道道1081号东室兰停车场线,Hokkaido Prefectural Road Route 1081,Japan
***ERROR:北海道道1083号网走港线,Hokkaido Prefectural Road Route 1083,Japan
***ERROR:北海道道1115号摩周湖斜里线,Hokkaido Prefectural Road Route 1115,Japan
***ERROR:北海道道1117号落合停车场线,Hokkaido Prefectural Road Route 1117,Japan
***ERROR:北海道道1124号近文停车场绿町线,Hokkaido Prefectural Road Route 1124,Japan
***ERROR:北海道道1134号当麻上川线,Hokkaido Prefectural Road Route 1134,Japan
***ERROR:北海道道1141号长万部公园线,Hokkaido Prefectural Road Route 1141,Japan
***ERROR:北海道道1161號士別劍淵交流道線,Hokkaido Prefectural Road Route 1161,Japan
***ERROR:北海道道1175號新千歲機場交流道線,Hokkaido Prefectural Road Route 1175,Japan
***ERROR:北海道道119號遠別中川線,Hokkaido Prefectural Road Route 119,Japan
***ERROR:北海道道11號月形厚田線,Hokkaido Prefectural Road Route 11,Japan
***ERROR:北海道道12號枝幸音威子府線,Hokkaido Prefectural Road Route 12,Japan
***ERROR:北海道道136號夕張新得線,Hokkaido Prefectural Road Route 136,Japan
***ERROR:北海道道141號樽前錦岡線,Hokkaido Prefectural Road Route 141,Japan
***ERROR:北海道道146号旭川鹰栖连络线,Hokkaido Prefectural Road Route 146,Japan
***ERROR:北海道道17號小樽港線,Hokkaido Prefectural Road Route 17,Japan
***ERROR:千葉縣道283號若宮西船市川線,Chiba Prefectural Road Route 283,Japan
***ERROR:千葉縣道284號鶴舞牛久線,Chiba Prefectural Road Route 284,Japan
***ERROR:千葉縣道287號袖浦姊崎停車場線,Chiba Prefectural Road Route 287,Japan
***ERROR:千葉縣道28號旭小見川線,Chiba Prefectural Road Route 28,Japan
***ERROR:埼玉縣道260號鯨井狹山線,Saitama Prefectural Road Route 260,Japan
***ERROR:埼玉縣道264號原鄉熊谷線,Saitama Prefectural Road Route 264,Japan
***ERROR:埼玉縣道327號草加八潮三郷線,Saitama Prefectural Road Route 327,Japan
***ERROR:埼玉縣道328號金明町鳩谷線,Saitama Prefectural Road Route 328,Japan
***ERROR:埼玉縣道332號根岸本町線,Saitama Prefectural Road Route 332,Japan
***ERROR:埼玉縣道334號三芳富士見線,Saitama Prefectural Road Route 334,Japan
***ERROR:埼玉縣道364號上新鄉埼玉線,Saitama Prefectural Road Route 364,Japan
***ERROR:埼玉縣道370號北中曾根大桑線,Saitama Prefectural Road Route 370,Japan
***ERROR:埼玉縣道391號大谷材木町線,Saitama Prefectural Road Route 391,Japan
***ERROR:北海道道109号新带广空港线,Hokkaido Prefectural Road Route 109,Japan
***ERROR:北海道道1126号钱函停车场线,Hokkaido Prefectural Road Route 1126,Japan
***ERROR:北海道道1156號森交流道線,Hokkaido Prefectural Road Route 1156,Japan
***ERROR:北海道道1168号女满别空港连络线,Hokkaido Prefectural Road Route 1168,Japan
***ERROR:北海道道127號室蘭交流道線,Hokkaido Prefectural Road Route 127,Japan
***ERROR:北海道道135號美唄富良野線,Hokkaido Prefectural Road Route 135,Japan
***ERROR:北海道道144号登别室兰连络线,Hokkaido Prefectural Road Route 144,Japan
***ERROR:北海道道145号伊达连络线,Hokkaido Prefectural Road Route 145,Japan
***ERROR:北海道道149號大沼公園交流道線,Hokkaido Prefectural Road Route 149,Japan
***ERROR:千葉縣道276號西浦安停車場線,Chiba Prefectural Road Route 276,Japan
***ERROR:千葉縣道280號白井流山線,Chiba Prefectural Road Route 280,Japan
***ERROR:和歌山縣道118號高野橋本線,Wakayama Prefectural Road Route 118,Japan
***ERROR:埼玉縣道257號冑山熊谷線,Saitama Prefectural Road Route 257,Japan
***ERROR:埼玉縣道262號日高狹山線,Saitama Prefectural Road Route 262,Japan
***ERROR:埼玉縣道263號弁財深谷線,Saitama Prefectural Road Route 263,Japan
***ERROR:埼玉縣道266號富士見野朝霞線,Saitama Prefectural Road Route 266,Japan
***ERROR:埼玉縣道339號平沼中老袋線,Saitama Prefectural Road Route 339,Japan
***ERROR:埼玉縣道345號小八林久保田下青鳥線,Saitama Prefectural Road Route 345,Japan
***ERROR:埼玉縣道351號沼和田杉山線,Saitama Prefectural Road Route 351,Japan
***ERROR:埼玉縣道356號成塚中瀨線,Saitama Prefectural Road Route 356,Japan
***ERROR:埼玉縣道357號美土里町新堀線,Saitama Prefectural Road Route 357,Japan
***ERROR:埼玉縣道359號葛和田新堀線,Saitama Prefectural Road Route 359,Japan
***ERROR:埼玉縣道37號皆野兩神荒川線,Saitama Prefectural Road Route 37,Japan
***ERROR:埼玉縣道381號東大門安行西立野線,Saitama Prefectural Road Route 381,Japan
***ERROR:埼玉縣道385號武藏丘陵森林公園廣瀨線,Saitama Prefectural Road Route 385,Japan
***ERROR:川越繞道 (國道16號),Kawagoe bypass,Japan
***ERROR:新潟縣道245號,Niigata Prefectural Road Route 245,Japan
***ERROR:北海道道107號室蘭環狀線,Hokkaido Prefectural Road Route 107,Japan
***ERROR:北海道道1092号荣町温泉线,Hokkaido Prefectural Road Route 1092,Japan
***ERROR:北海道道1128号厚岸昆布森线,Hokkaido Prefectural Road Route 1128,Japan
***ERROR:北海道道1132号函馆临空工业团地线,Hokkaido Prefectural Road Route 1132,Japan
***ERROR:北海道道1151号新纹别空港线,Hokkaido Prefectural Road Route 1151,Japan
***ERROR:北海道道1152号芽室带广连络线,Hokkaido Prefectural Road Route 1152,Japan
***ERROR:北海道道130号新千岁机场线,Hokkaido Prefectural Road Route 130,Japan
***ERROR:北海道道147號錢函聯絡線,Hokkaido Prefectural Road Route 147,Japan
***ERROR:千葉縣道288號夏見小室線,Chiba Prefectural Road Route 288,Japan
***ERROR:千葉縣道292號犬成海士有木線,Chiba Prefectural Road Route 292,Japan
***ERROR:埼玉縣道265號寄居岡部深谷線,Saitama Prefectural Road Route 265,Japan
***ERROR:埼玉縣道272號東大久保富士見野線,Saitama Prefectural Road Route 272,Japan
***ERROR:埼玉縣道350號南飯能線,Saitama Prefectural Road Route 350,Japan
***ERROR:埼玉縣道352號兒玉町蛭川普濟寺線,Saitama Prefectural Road Route 352,Japan
***ERROR:埼玉縣道35號川口上尾線,Saitama Prefectural Road Route 35,Japan
***ERROR:埼玉縣道362號上中條齋條線,Saitama Prefectural Road Route 362,Japan
***ERROR:埼玉縣道365號鎌塚鴻巢線,Saitama Prefectural Road Route 365,Japan
***ERROR:埼玉縣道38號加須鴻巢線,Saitama Prefectural Road Route 38,Japan
***ERROR:富山縣道43號,Toyama Prefectural Road Route 43,Japan
***ERROR:新國道4號,new Japan National Route 4,Japan
***ERROR:北海道道1080号栗山北广岛线,Hokkaido Prefectural Road Route 1080,Japan
***ERROR:北海道道1116号富良野上川线,Hokkaido Prefectural Road Route 1116,Japan
***ERROR:北海道道1121号月形幌向线,Hokkaido Prefectural Road Route 1121,Japan
***ERROR:北海道道1122号当麻比布线,Hokkaido Prefectural Road Route 1122,Japan
***ERROR:北海道道1125号岚山公园线,Hokkaido Prefectural Road Route 1125,Japan
***ERROR:北海道道112號札幌當別線,Hokkaido Prefectural Road Route 112,Japan
***ERROR:北海道道113號釧路環狀線,Hokkaido Prefectural Road Route 113,Japan
***ERROR:北海道道1149号南千岁停车场线,Hokkaido Prefectural Road Route 1149,Japan
***ERROR:北海道道114號赤平奈井江線,Hokkaido Prefectural Road Route 114,Japan
***ERROR:北海道道125號前田新川線,Hokkaido Prefectural Road Route 125,Japan
***ERROR:北海道道138號豐富猿拂線,Hokkaido Prefectural Road Route 138,Japan
***ERROR:北海道道1010号能取三眺线,Hokkaido Prefectural Road Route 1010,Japan
***ERROR:北海道道1022号仁木赤井川线,Hokkaido Prefectural Road Route 1022,Japan
***ERROR:北海道道1039号雾多布岬线,Hokkaido Prefectural Road Route 1039,Japan
***ERROR:北海道道1046号鹉川厚真线,Hokkaido Prefectural Road Route 1046,Japan
***ERROR:北海道道1050号常元中里线,Hokkaido Prefectural Road Route 1050,Japan
***ERROR:埼玉縣道278號秩父多摩甲斐國立公園三峰線,Saitama Prefectural Road Route 278,Japan
***ERROR:埼玉縣道307號福田鴻巢線,Saitama Prefectural Road Route 307,Japan
***ERROR:埼玉縣道320號西寶珠花春日部線,Saitama Prefectural Road Route 320,Japan
***ERROR:愛媛縣道22號,Ehime Prefectural Road Route 22,Japan
***ERROR:愛媛縣道24號,Ehime Prefectural Road Route 24,Japan
***ERROR:東京都道160號下柚木八王子線,Tokyo Metropolitan Road Route 160,Japan
***ERROR:東京都道220號昭島停車場熊川線,Tokyo Metropolitan Road Route 220,Japan
***ERROR:東京都道227號小平停車場野中新田線,Tokyo Metropolitan Road Route 227,Japan
***ERROR:東京都道233號東大泉田無線,Tokyo Metropolitan Road Route 233,Japan
***ERROR:東京都道247號府中小金井線,Tokyo Metropolitan Road Route 247,Japan
***ERROR:東京都道256號八王子國立線,Tokyo Metropolitan Road Route 256,Japan
***ERROR:東京都道29號立川青梅線,Tokyo Metropolitan Road Route 29,Japan
***ERROR:大阪府道、京都府道14號大阪高槻京都線,Osaka Prefectural Road and Kyoto Prefectural Road Route 14,Japan
***ERROR:縣道146號,County Road 146,Taiwan
***ERROR:北海道道1009号长沼南幌线,Hokkaido Prefectural Road Route 1009,Japan
***ERROR:北海道道1032号远轻安国线,Hokkaido Prefectural Road Route 1032,Japan
***ERROR:北海道道105号利尻富士利尻线,Hokkaido Prefectural Road Route 105,Japan
***ERROR:北海道道1060号久著吕原野塘路线,Hokkaido Prefectural Road Route 1060,Japan
***ERROR:北海道道1066号石狩湾新港线,Hokkaido Prefectural Road Route 1066,Japan
***ERROR:北海道道1067号七重滨停车场线,Hokkaido Prefectural Road Route 1067,Japan
***ERROR:埼玉縣道303號彌藤吾行田線,Saitama Prefectural Road Route 303,Japan
***ERROR:埼玉縣道310號笠原菖蒲線,Saitama Prefectural Road Route 310,Japan
***ERROR:埼玉縣道313號北根菖蒲線,Saitama Prefectural Road Route 313,Japan
***ERROR:埼玉縣道323號上尾環狀線,Saitama Prefectural Road Route 323,Japan
***ERROR:大阪府道2號大阪中央環狀線,Osaka Prefectural Road Route 2,Japan
***ERROR:大阪府道30號大阪和泉泉南線,Osaka Prefectural Road Route 30,Japan
***ERROR:宮城縣道117號槻木停車場線,Miyagi Prefectural Road Route 117,Japan
***ERROR:宮城縣道203號有壁停車場線,Miyagi Prefectural Road Route 203,Japan
***ERROR:東京都道164號拜島停車場線,Tokyo Metropolitan Road Route 164,Japan
***ERROR:東京都道229號府中調布線,Tokyo Metropolitan Road Route 229,Japan
***ERROR:東京都道230號小平停車場小川新田線,Tokyo Metropolitan Road Route 230,Japan
***ERROR:東京都道248號府中小平線,Tokyo Metropolitan Road Route 248,Japan
***ERROR:東京都道253號保谷狹山自然公園自轉車道線,Tokyo Metropolitan Road Route 253,Japan
***ERROR:神奈川縣道、東京都道137號上麻生連光寺線,Kanagawa Prefectural Road and Tokyo Metropolitan Road Route 137,Japan
***ERROR:北海道道1021号惠庭停车场线,Hokkaido Prefectural Road Route 1021,Japan
***ERROR:北海道道1040号弟子屈熊牛原野线,Hokkaido Prefectural Road Route 1040,Japan
***ERROR:北海道道1045号千岁白老线,Hokkaido Prefectural Road Route 1045,Japan
***ERROR:北海道道1056号江别长沼线,Hokkaido Prefectural Road Route 1056,Japan
***ERROR:埼玉縣道305號禮羽騎西線,Saitama Prefectural Road Route 305,Japan
***ERROR:埼玉縣道319號惣新田春日部線,Saitama Prefectural Road Route 319,Japan
***ERROR:宮城縣道110號大河原高倉線,Miyagi Prefectural Road Route 110,Japan
***ERROR:宮城縣道1號古川佐沼線,Miyagi Prefectural Road Route 1,Japan
***ERROR:愛媛縣道19號,Ehime Prefectural Road Route 19,Japan
***ERROR:縣道124號,County Road 124,Taiwan
***ERROR:縣道147號,County Road 147,Taiwan
***ERROR:環狀3號線,Circular 3,Japan
***ERROR:新潟縣道280號、長野縣道119號杉野澤黑姬停車場線,Niigata Prefectural Road Route 280 and Nagano Prefectural Road Route 119,Japan
***ERROR:東京都道163號羽村瑞穗線,Tokyo Metropolitan Road Route 163,Japan
***ERROR:東京都道165號伊奈福生線,Tokyo Metropolitan Road Route 165,Japan
***ERROR:東京都道226號東村山清瀨線,Tokyo Metropolitan Road Route 226,Japan
***ERROR:東京都道245號杉並田無線,Tokyo Metropolitan Road Route 245,Japan
***ERROR:栃木縣道303號黑磯高久線,Tochigi Prefectural Road Route 303,Japan
***ERROR:神奈川縣道、東京都道9號川崎府中線,Kanagawa Prefectural Road and Tokyo Metropolitan Road Route 9,Japan
***ERROR:神奈川縣道、東京都道140號川崎町田線,Kanagawa Prefectural Road and Tokyo Metropolitan Road Route 140,Japan
***ERROR:橫濱市主要地方道84號保土谷宮元線,Q11542985,Japan
***ERROR:北海道道1001号北光置户线,Hokkaido Prefectural Road Route 1001,Japan
***ERROR:北海道道1028号森砂原线,Hokkaido Prefectural Road Route 1028,Japan
***ERROR:北海道道1029号花浦内浦线,Hokkaido Prefectural Road Route 1029,Japan
***ERROR:北海道道1055号纹别兴部线,Hokkaido Prefectural Road Route 1055,Japan
***ERROR:北海道道1057号稀府停车场线,Hokkaido Prefectural Road Route 1057,Japan
***ERROR:北海道道1069号宇远内幌内保线,Hokkaido Prefectural Road Route 1069,Japan
***ERROR:埼玉縣道282號藤倉吉田線,Saitama Prefectural Road Route 282,Japan
***ERROR:埼玉縣道283號下小鹿野吉田線,Saitama Prefectural Road Route 283,Japan
***ERROR:埼玉縣道287號長瀞兒玉線,Saitama Prefectural Road Route 287,Japan
***ERROR:宮城縣道216號大河原停車場線,Miyagi Prefectural Road Route 216,Japan
***ERROR:北海道道1000号富士川上线,Hokkaido Prefectural Road Route 1000,Japan
***ERROR:北海道道1003号远野别保线,Hokkaido Prefectural Road Route 1003,Japan
***ERROR:北海道道1005号野幌综合运动公园线,Hokkaido Prefectural Road Route 1005,Japan
***ERROR:北海道道1024号川向端野线,Hokkaido Prefectural Road Route 1024,Japan
***ERROR:北海道道1030号石胜高原几寅线,Hokkaido Prefectural Road Route 1030,Japan
***ERROR:北海道道1070号上武利丸濑布线,Hokkaido Prefectural Road Route 1070,Japan
***ERROR:北海道道888號東陽多寄線,Hokkaido Prefectural Road Route 1065,Japan
***ERROR:埼玉縣道284號下日野澤東門平吉田線,Saitama Prefectural Road Route 284,Japan
***ERROR:埼玉縣道2號埼玉春日部線,Saitama Prefectural Road Route 2,Japan
***ERROR:埼玉縣道30號飯能寄居線,Saitama Prefectural Road Route 30,Japan
***ERROR:埼玉縣道321號西金野井春日部線,Saitama Prefectural Road Route 321,Japan
***ERROR:縣道149號,County Road 149,Taiwan
***ERROR:愛媛縣道18號,Ehime Prefectural Road Route 18,Japan
***ERROR:愛媛縣道334號,Ehime Prefectural Road Route 334,Japan
***ERROR:東京都道157號乞田東寺方線,Tokyo Metropolitan Road Route 157,Japan
***ERROR:東京都道159號豐田高幡線,Tokyo Metropolitan Road Route 159,Japan
***ERROR:東京都道15號府中清瀨線,Tokyo Metropolitan Road Route 15,Japan
***ERROR:東京都道161號八王子停車場線,Tokyo Metropolitan Road Route 161,Japan
***ERROR:東京都道162號三木八王子線,Tokyo Metropolitan Road Route 162,Japan
***ERROR:東京都道235號豐田停車場線,Tokyo Metropolitan Road Route 235,Japan
***ERROR:東京都道238號大久野青梅線,Tokyo Metropolitan Road Route 238,Japan
***ERROR:東京都道250號秋留野羽村線,Tokyo Metropolitan Road Route 250,Japan
***ERROR:栃木縣道265號粟宮喜澤線,Tochigi Prefectural Road Route 265,Japan
***ERROR:神奈川縣道、東京都道503號相模原立川線,Kanagawa Prefectural Road and Tokyo Metropolitan Road Route 503,Japan
***ERROR:福島縣道114號福島安達線,Fukushima Prefectural Road Route 114,Japan
***ERROR:新潟縣道542號上越糸魚川單車道線,Niigata Prefectural Road Route 542,Japan
***ERROR:東京都道158號小山乞田線,Tokyo Metropolitan Road Route 158,Japan
***ERROR:東京都道20號、神奈川縣道525號府中相模原線,Tokyo Metropolitan Road Route 20 and Kanagawa Prefectural Road Route 525,Japan
***ERROR:東京都道222號國立停車場戀窪線,Tokyo Metropolitan Road Route 222,Japan
***ERROR:東京都道249號福生青梅線,Tokyo Metropolitan Road Route 249,Japan
***ERROR:東京都道251號青梅日之出線,Tokyo Metropolitan Road Route 251,Japan
***ERROR:縣道102號,City Road 102,Taiwan
***ERROR:縣道115號,City Road 115,Taiwan
***ERROR:縣道148號,County Road 148,Taiwan
***ERROR:福島縣道148號水原福島線,Fukushima Prefectural Road Route 148,Japan
***ERROR:東京都道194號成木河邊線,Tokyo Metropolitan Road Route 194,Japan
***ERROR:東京都道307號王子金町江戶川線,Tokyo Metropolitan Road Route 307,Japan
***ERROR:東京都道314號言問大谷田線,Tokyo Metropolitan Road Route 314,Japan
***ERROR:東京都道31號青梅秋留野線,Tokyo Metropolitan Road Route 31,Japan
***ERROR:東京都道438號向井町新町線,Tokyo Metropolitan Road Route 438,Japan
***ERROR:東京都道443號南田中町旭町線,Tokyo Metropolitan Road Route 443,Japan
***ERROR:栃木縣道、福島縣道76號伊王野白河線,Tochigi Prefectural Road and Fukushima Prefectural Road Route 76,Japan
***ERROR:神奈川縣道30號戶塚茅崎線,Kanagawa Prefectural Road Route 30,Japan
***ERROR:神奈川縣道407號杉久保座間線,Kanagawa Prefectural Road Route 407,Japan
***ERROR:神奈川縣道43號藤澤厚木線,Kanagawa Prefectural Road Route 43,Japan
***ERROR:神奈川縣道47號藤澤平塚線,Kanagawa Prefectural Road Route 47,Japan
***ERROR:山梨縣道、東京都道33號上野原秋留野線,Yamanashi Prefectural Road and Tokyo Metropolitan Road Route 33,Japan
***ERROR:東京都道110號府中三鷹線,Tokyo Metropolitan Road Route 110,Japan
***ERROR:東京都道114號武藏野狛江線,Tokyo Metropolitan Road Route 114,Japan
***ERROR:東京都道12號調布田無線,Tokyo Metropolitan Road Route 12,Japan
***ERROR:東京都道134號戀窪新田三鷹線,Tokyo Metropolitan Road Route 134,Japan
***ERROR:東京都道14號新宿國立線,Tokyo Metropolitan Road Route 14,Japan
***ERROR:東京都道18號府中町田線,Tokyo Metropolitan Road Route 18,Japan
***ERROR:東京都道196號青梅停車場線,Tokyo Metropolitan Road Route 196,Japan
***ERROR:東京都道205號水根本宿線,Tokyo Metropolitan Road Route 205,Japan
***ERROR:東京都道41號稻城日野線,Tokyo Metropolitan Road Route 41,Japan
***ERROR:東京都道439號椎名町上石神井線,Tokyo Metropolitan Road Route 439,Japan
***ERROR:東京都道444號下石神井大泉線,Tokyo Metropolitan Road Route 444,Japan
***ERROR:東京都道450號新荒川葛西堤防線,Tokyo Metropolitan Road Route 450,Japan
***ERROR:栃木縣道10號宇都宮那須烏山線,Tochigi Prefectural Road Route 10,Japan
***ERROR:千葉縣道107號江戶崎神崎線,Ibaraki Prefectural Road and Chiba Prefectural Road Route 107,Japan
***ERROR:茨城縣道、千葉縣道3號つくば野田線,Ibaraki Prefectural Road and Chiba Prefectural Road Route 3,Japan
***ERROR:茨城縣道、千葉縣道47號守谷流山線,Ibaraki Prefectural Road and Chiba Prefectural Road Route 47,Japan
***ERROR:茨城縣道、千葉縣道、埼玉縣道26號境杉戶線,"Ibaraki Prefectural Road, Chiba Prefectural Road and Saitama Prefectural Road route  26"
***ERROR:茨城縣道·千葉縣道11號取手東線,Ibaraki Prefectural Road and Chiba Prefectural Road Route 11,Japan
***ERROR:神奈川縣道306號藤澤停車場線,Kanagawa Prefectural Road Route 306,Japan
***ERROR:神奈川縣道32號藤澤鎌倉線,Kanagawa Prefectural Road Route 32,Japan
***ERROR:神奈川縣道403號菖蒲澤戶塚線,Kanagawa Prefectural Road Route 403,Japan
***ERROR:神奈川縣道404號遠藤茅崎線,Kanagawa Prefectural Road Route 404,Japan
***ERROR:神奈川縣道705號堀山下秦野停車場線,Kanagawa Prefectural Road Route 705,Japan
***ERROR:島根縣道299號下府江津線,Shimane Prefectural Road Route 299,Japan
***ERROR:東京都道112號雲雀丘停車場線,Tokyo Metropolitan Road Route 112,Japan
***ERROR:東京都道11號大田調布線,Tokyo Metropolitan Road Route 11,Japan
***ERROR:東京都道136號武藏小金井停車場貫井線,Tokyo Metropolitan Road Route 136,Japan
***ERROR:東京都道166號瑞穗秋留野八王子線,Tokyo Metropolitan Road Route 166,Japan
***ERROR:東京都道167號羽村停車場線,Tokyo Metropolitan Road Route 167,Japan
***ERROR:東京都道168號東秋留停車場線,Tokyo Metropolitan Road Route 168,Japan
***ERROR:東京都道199號梅鄉日向和田線,Tokyo Metropolitan Road Route 199,Japan
***ERROR:東京都道311號環狀八號線,Tokyo Metropolitan Road Route 311,Japan
***ERROR:東京都道415號高輪麻布線,Tokyo Metropolitan Road Route 415,Japan
***ERROR:東京都道420號鮫洲大山線,Tokyo Metropolitan Road Route 420,Japan
***ERROR:東京都道426號上馬奧澤線,Tokyo Metropolitan Road Route 426,Japan
***ERROR:東京都道428號高圓寺砧淨水場線,Tokyo Metropolitan Road Route 428,Japan
***ERROR:東京都道442號北町豐玉線,Tokyo Metropolitan Road Route 442,Japan
***ERROR:沖繩縣道172號瀨底健堅線,Okinawa Prefectural Road Route 172,Japan
***ERROR:神奈川縣道309號茅崎停車場線,Kanagawa Prefectural Road Route 309,Japan
***ERROR:神奈川縣道44號伊勢原藤澤線,Kanagawa Prefectural Road Route 44,Japan
***ERROR:茨城縣道·千葉縣道2號水戶鉾田佐原線,Ibaraki Prefectural Road and Chiba Prefectural Road Route 2,Japan
***ERROR:東京都道113號杉並武藏野線,Tokyo Metropolitan Road Route 113,Japan
***ERROR:東京都道123號境調布線,Tokyo Metropolitan Road Route 123,Japan
***ERROR:東京都道128號東村山東大和線,Tokyo Metropolitan Road Route 128,Japan
***ERROR:東京都道129號東村山東久留米線,Tokyo Metropolitan Road Route 129,Japan
***ERROR:東京都道144號中島十番線,Tokyo Metropolitan Road Route 144,Japan
***ERROR:東京都道181號藤橋小作線,Tokyo Metropolitan Road Route 181,Japan
***ERROR:東京都道185號山田平井線,Tokyo Metropolitan Road Route 185,Japan
***ERROR:東京都道187號多摩御陵線,Tokyo Metropolitan Road Route 187,Japan
***ERROR:東京都道201號十里木御嶽停車場線,Tokyo Metropolitan Road Route 201,Japan
***ERROR:東京都道206號川野上川乘線,Tokyo Metropolitan Road Route 206,Japan
***ERROR:東京都道306號王子千住南砂町線,Tokyo Metropolitan Road Route 306,Japan
***ERROR:東京都道401號麴町竹平線,Tokyo Metropolitan Road Route 401,Japan
***ERROR:東京都道427號瀨田貫井線,Tokyo Metropolitan Road Route 427,Japan
***ERROR:東京都道434號牛込小石川線,Tokyo Metropolitan Road Route 434,Japan
***ERROR:東京都道43號立川東大和線,Tokyo Metropolitan Road Route 43,Japan
***ERROR:東京都道440號落合井草線,Tokyo Metropolitan Road Route 440,Japan
***ERROR:東京都道44號瑞穗富岡線,Tokyo Metropolitan Road Route 44,Japan
***ERROR:東京都道451號江戶川堤防線,Tokyo Metropolitan Road Route 451,Japan
***ERROR:栃木縣道、群馬縣道、埼玉縣道20號足利邑樂行田線,"Tochigi Prefectural Road, Gunma Prefectural Road and Saitama Prefectural Road Route 20"
***ERROR:神奈川縣道310號茅崎停車場茅崎線,Kanagawa Prefectural Road Route 310,Japan
***ERROR:神奈川縣道45號丸子中山茅崎線,Kanagawa Prefectural Road Route 45,Japan
***ERROR:茨城縣道·千葉縣道101號潮來佐原線,Ibaraki Prefectural Road and Chiba Prefectural Road Route 101,Japan
***ERROR:東京都道116號關町吉祥寺線,Tokyo Metropolitan Road Route 116,Japan
***ERROR:東京都道119號北浦上石原線,Tokyo Metropolitan Road Route 119,Japan
***ERROR:東京都道133號小川山府中線,Tokyo Metropolitan Road Route 133,Japan
***ERROR:東京都道145號立川國分寺線,Tokyo Metropolitan Road Route 145,Japan
***ERROR:東京都道146號國立停車場谷保線,Tokyo Metropolitan Road Route 146,Japan
***ERROR:東京都道152號中神停車場線,Tokyo Metropolitan Road Route 152,Japan
***ERROR:東京都道153號立川昭島線,Tokyo Metropolitan Road Route 153,Japan
***ERROR:東京都道155號町田平山八王子線,Tokyo Metropolitan Road Route 155,Japan
***ERROR:東京都道169號淵上日野線,Tokyo Metropolitan Road Route 169,Japan
***ERROR:東京都道173號上館日野線,Tokyo Metropolitan Road Route 173,Japan
***ERROR:東京都道174號長沼北野線,Tokyo Metropolitan Road Route 174,Japan
***ERROR:東京都道176號楢原秋留野線,Tokyo Metropolitan Road Route 176,Japan
***ERROR:東京都道186號高月楢原線,Tokyo Metropolitan Road Route 186,Japan
***ERROR:東京都道189號高尾山線,Tokyo Metropolitan Road Route 188,Japan
***ERROR:東京都道202號上成木川井線,Tokyo Metropolitan Road Route 202,Japan
***ERROR:東京都道204號日原鍾乳洞線,Tokyo Metropolitan Road Route 204,Japan
***ERROR:東京都道313號上野尾竹橋線,Tokyo Metropolitan Road Route 313,Japan
***ERROR:東京都道319號環狀三號線,Tokyo Metropolitan Road Route 319,Japan
***ERROR:東京都道32號八王子五日市線,Tokyo Metropolitan Road Route 32,Japan
***ERROR:東京都道406號皇居前鍛冶橋線,Tokyo Metropolitan Road Route 406,Japan
***ERROR:東京都道408號八重洲寶町線,Tokyo Metropolitan Road Route 408,Japan
***ERROR:東京都道421號東品川下丸子線,Tokyo Metropolitan Road Route 421,Japan
***ERROR:東京都道446號長後赤塚線,Tokyo Metropolitan Road Route 446,Japan
***ERROR:東京都道449號新荒川堤防線,Tokyo Metropolitan Road Route 449,Japan
***ERROR:栃木縣道125號氏家宇都宮線,Tochigi Prefectural Road Route 125,Japan
***ERROR:熊本縣道226號六嘉秋津新町線,Kumamoto Prefectural Road Route 226,Japan
***ERROR:神奈川縣道46號相模原茅崎線,Kanagawa Prefectural Road Route 46,Japan
***ERROR:神奈川縣道704號秦野停車場線,Kanagawa Prefectural Road Route 704,Japan
***ERROR:湘南海岸・砂濱のみち,Q11563339,Japan
***ERROR:千葉縣道68號美浦榮線,Ibaraki Prefectural Road and Chiba Prefectural Road Route 68,Japan
***ERROR:茨城縣道、千葉縣道17號結城野田線,Ibaraki Prefectural Road and Chiba Prefectural Road Route 17,Japan
***ERROR:山梨縣道、神奈川縣道、東京都道521號上野原八王子線,"Yamanashi Prefectural Road, Kanagawa Prefectural Road and Tokyo Metropolitan Road Route 521"
***ERROR:東京都道125號東久留米停車場線,Tokyo Metropolitan Road Route 125,Japan
***ERROR:東京都道127號秋津停車場線,Tokyo Metropolitan Road Route 127,Japan
***ERROR:東京都道131號小川停車場線,Tokyo Metropolitan Road Route 131,Japan
***ERROR:東京都道132號小川山田無線,Tokyo Metropolitan Road Route 132,Japan
***ERROR:東京都道149號立川日野線,Tokyo Metropolitan Road Route 149,Japan
***ERROR:東京都道151號東中神停車場線,Tokyo Metropolitan Road Route 151,Japan
***ERROR:東京都道156號町田日野線,Tokyo Metropolitan Road Route 156,Japan
***ERROR:東京都道184號奧多摩秋留野線,Tokyo Metropolitan Road Route 184,Japan
***ERROR:東京都道、千葉縣道50號東京市川線,Tokyo Metropolitan Road and Chiba Prefectural Road Route 50,Japan
***ERROR:東京都道、埼玉縣道53號青梅秩父線,Tokyo Metropolitan Road and Saitama Prefectural Road Route 53,Japan
***ERROR:東京都道、神奈川縣道139號真光寺長津田線,Tokyo Metropolitan Road and Kanagawa Prefectural Road Route 139,Japan
***ERROR:東京都道45號奧多摩青梅線,Tokyo Metropolitan Road Route 45,Japan
***ERROR:東京都道460號中十條赤羽線,Tokyo Metropolitan Road Route 460,Japan
***ERROR:東京都道477號龜戶葛西橋線,Tokyo Metropolitan Road Route 477,Japan
***ERROR:東京都道61號山田宮之前線,Tokyo Metropolitan Road Route 61,Japan
***ERROR:栃木縣道、群馬縣道、埼玉縣道、茨城縣道9號佐野古河線,"Tochigi Prefectural Road, Gunma Prefectural Road
***ERROR:4號灣岸線,Route 4 Bayshore Line,Japan
***ERROR:長野縣道36號信濃信州新線,Nagano Prefectural Road Route 36,Japan
***ERROR:長野縣道55號大町麻績IC千曲線,Nagano Prefectural Road Route 55,Japan
***ERROR:長野縣道9號佐久輕井澤線,Nagano Prefectural Road Route 9,Japan
***ERROR:青森縣道47號青森東中線,Aomori Prefectural Road Route 47,Japan
***ERROR:阪神高速3號神戶線,Route 3 Kobe Line,Japan
***ERROR:阪神高速7號北神戶線,Route 7 Kita-Kobe Line,Japan
***ERROR:阪神高速8號京都線,Route 8 Kyoto Line,Japan
***ERROR:靜岡縣道141號清水函南停車場線,Shizuoka Prefectural Road Route 141,Japan
***ERROR:靜岡縣道21號三島裾野線,Shizuoka Prefectural Road Route 21,Japan
***ERROR:靜岡縣道51號三島停車場線,Shizuoka Prefectural Road Route 51,Japan
***ERROR:神奈川縣道12號橫濱上麻生線,Kanagawa Prefectural Road Route 12,Japan
***ERROR:神奈川縣道21號橫濱鎌倉線,Kanagawa Prefectural Road Route 21,Japan
***ERROR:長野縣道77號長野上田線,Nagano Prefectural Road Route 77,Japan
***ERROR:阪神高速13號東大阪線,Route 13 Higashi-Osaka Line,Japan
***ERROR:靜岡縣道142號三谷谷田線,Shizuoka Prefectural Road Route 142,Japan
***ERROR:靜岡縣道143號三島田町停車場線,Shizuoka Prefectural Road Route 143,Japan
***ERROR:靜岡縣道145號沼津三島線,Shizuoka Prefectural Road Route 145,Japan
***ERROR:靜岡縣道22號三島富士線,Shizuoka Prefectural Road Route 22,Japan
***ERROR:東京都道・埼玉縣道36號保谷志木線,Tokyo Metropolitan Road and Saitama Prefectural Road Route 36,Japan
***ERROR:東京都道、埼玉縣道107號東京川口線,Tokyo Metropolitan Road and Saitama Prefectural Road Route 107,Japan
***ERROR:東京都道、埼玉縣道255號足立埼玉自行車道線,Tokyo Metropolitan Road and Saitama Prefectural Road Route 255,Japan
***ERROR:東京都道、埼玉縣道63號青梅入間線,Tokyo Metropolitan Road and Saitama Prefectural Road Route 63,Japan
***ERROR:東京都道455號本鄉赤羽線,Tokyo Metropolitan Road Route 455,Japan
***ERROR:東京都道457號駒込宮地線,Tokyo Metropolitan Road Route 457,Japan
***ERROR:東京都道467號千住新宿町線,Tokyo Metropolitan Road Route 467,Japan
***ERROR:東京都道7號杉並秋留野線,Tokyo Metropolitan Road Route 7,Japan
***ERROR:栃木縣道、群馬縣道、埼玉縣道7號佐野行田線,"Tochigi Prefectural Road, Gunma Prefectural Road and Saitama Prefectural Road Route 7"
***ERROR:沖繩縣道241號宜野灣南風原線,Okinawa Prefectural Road Route 241,Japan
***ERROR:國道77號 (韓國),National Highway 77,South Korea
***ERROR:阪神高速6號大和川線,Route 6 Yamatogawa Line,Japan
***ERROR:靜岡縣道140號三島靜浦港線,Shizuoka Prefectural Road Route 140,Japan
***ERROR:東京都道、埼玉縣道49號足立越谷線,Tokyo Metropolitan Road and Saitama Prefectural Road Route 49,Japan
***ERROR:東京都道、神奈川縣道506號八王子城山線,Tokyo Metropolitan Road and Kanagawa Prefectural Road Route 506,Japan
***ERROR:東京都道461號吾妻橋伊興町線,Tokyo Metropolitan Road Route 461,Japan
***ERROR:東京都道464號言問橋南千住線,Tokyo Metropolitan Road Route 464,Japan
***ERROR:東京都道46號八王子秋留野線,Tokyo Metropolitan Road Route 46,Japan
***ERROR:關繞道 (三重縣),Seki bypass,Japan
***ERROR:沖繩縣道38號浦添西原線,Okinawa Prefectural Road Route 38,Japan
***ERROR:神奈川縣道208號浦賀港線,Kanagawa Prefectural Road Route 208,Japan
***ERROR:神奈川縣道27號橫須賀葉山線,Kanagawa Prefectural Road Route 27,Japan
***ERROR:東京都道、千葉縣道10號東京浦安線,Tokyo Metropolitan Road and Chiba Prefectural Road Route 10,Japan
***ERROR:東京都道、埼玉縣道16號立川所澤線,Tokyo Metropolitan Road and Saitama Prefectural Road Route 16,Japan
***ERROR:東京都道、埼玉縣道195號富岡入間線,Tokyo Metropolitan Road and Saitama Prefectural Road Route 195,Japan
***ERROR:東京都道、埼玉縣道218號二本木飯能線,Tokyo Metropolitan Road and Saitama Prefectural Road Route 218,Japan
***ERROR:東京都道、埼玉縣道239號足立川口線,Tokyo Metropolitan Road and Saitama Prefectural Road Route 239,Japan
***ERROR:東京都道、埼玉縣道28號青梅飯能線,Tokyo Metropolitan Road and Saitama Prefectural Road Route 28,Japan
***ERROR:東京都道、埼玉縣道68號練馬川口線,Tokyo Metropolitan Road and Saitama Prefectural Road Route 68,Japan
***ERROR:東京都道、神奈川縣道516號淺川相模湖線,Tokyo Metropolitan Road and Kanagawa Prefectural Road Route 516,Japan
***ERROR:東京都道、神奈川縣道6號東京大師橫濱線,Tokyo Metropolitan Road and Kanagawa Prefectural Road Route 6,Japan
***ERROR:東京都道·神奈川縣道51號町田厚木線,Tokyo Metropolitan Road and Kanagawa Prefectural Road Route 51,Japan
***ERROR:東京都道465號深川吾嬬線,Tokyo Metropolitan Road Route 465,Japan
***ERROR:東京都道473號新富晴海線,Tokyo Metropolitan Road Route 473,Japan
***ERROR:東京都道475號永代葛西橋線,Tokyo Metropolitan Road Route 475,Japan
***ERROR:沖繩縣道249號東風平豐見城線,Okinawa Prefectural Road Route 249,Japan
***ERROR:沖繩縣道252號平良下地島機場線,Okinawa Prefectural Road Route 252,Japan
***ERROR:神奈川縣道23號原宿六浦線,Kanagawa Prefectural Road Route 23,Japan
***ERROR:神奈川縣道24號橫須賀逗子線,Kanagawa Prefectural Road Route 24,Japan
***ERROR:笹原山中繞道,Sasahara Mountains bypass,Japan
***ERROR:東京都道、神奈川縣道19號町田調布線,Tokyo Metropolitan Road and Kanagawa Prefectural Road Route 19,Japan
***ERROR:靜岡縣道138號御園伊豆仁田停車場線,Shizuoka Prefectural Road Route 138,Japan
***ERROR:笹谷隧道,Q11602658,Japan
***ERROR:長崎縣道·佐賀縣道109號鷹島肥前線,Nagasaki Prefectural Road and Saga Prefectural Road Route 109,Japan
***ERROR:阪神高速11號池田線,Route 11 Ikeda Line,Japan
***ERROR:阪神高速14號松原線,Route 14 Matsubara Line,Japan
***ERROR:阪神高速15號堺線,Route 15 Sakai Line,Japan
***ERROR:阪神高速5號灣岸線,Route 5 Bayshore Line,Japan
***ERROR:阪神高速道路1號環狀,Route 1 Ring Line,Japan
***ERROR:國道107號,National Highway 107,India
***ERROR:國道48號 (韓國),National Highway 48,South Korea
***ERROR:國道101號,National Highway 101,India
***ERROR:國道43號 (韓國),National Highway 43,South Korea
***ERROR:東京都道、埼玉縣道106號東京鳩谷線,Tokyo Metropolitan Road and Saitama Prefectural Road Route 106,Japan
***ERROR:東京都道、埼玉縣道24號練馬所澤線,Tokyo Metropolitan Road and Saitama Prefectural Road Route 24,Japan
***ERROR:東京都道·埼玉縣道234號前澤保谷線,Tokyo Metropolitan Road and Saitama Prefectural Road Route 234,Japan
***ERROR:東京都道452號神田白山線,Tokyo Metropolitan Road Route 452,Japan
***ERROR:東京都道459號尾久町屋線,Tokyo Metropolitan Road Route 459,Japan
***ERROR:東京都道474號濱町北砂町線,Tokyo Metropolitan Road Route 474,Japan
***ERROR:東京都道476號南砂町吾嬬町線,Tokyo Metropolitan Road Route 476,Japan
***ERROR:東京都道47號八王子町田線,Tokyo Metropolitan Road Route 47,Japan
***ERROR:東京都道481號新橋日之出埠頭線,Tokyo Metropolitan Road Route 481,Japan
***ERROR:東京都道484號豐洲有明線,Tokyo Metropolitan Road Route 484,Japan
***ERROR:東京都道59號八王子武藏村山線,Tokyo Metropolitan Road Route 59,Japan
***ERROR:沖繩縣道3號線,Okinawa Prefectural Road Route 3,Japan
***ERROR:沖繩縣道68號線,Okinawa Prefectural Road Route 68,Japan
***ERROR:沖繩縣道82號那霸糸滿線,Okinawa Prefectural Road Route 82,Japan
***ERROR:神奈川縣道13號橫濱生田線,Kanagawa Prefectural Road Route 13,Japan
***ERROR:熊本縣道・福岡縣道6號玉名立花線,Kumamoto Prefectural Road and Fukuoka Prefectural Road Route 6,Japan
***ERROR:童心路 (广州),Q18336558,People's Republic of China
***ERROR:洛東大路 (釜山),Q12589690,South Korea
***ERROR:埼玉縣道230號東吾野停車場線,Saitama Prefectural Road Route 230,Japan
***ERROR:士丹利街 (布里斯班),Stanley Street,Australia
***ERROR:群馬縣道、埼玉縣道259號新野岡部停車場線,Gunma Prefectural Road and Saitama Prefectural Road Route 259,Japan
***ERROR:青森縣道258號三戶南部線,Aomori Prefectural Road Route 258,Japan
***ERROR:鳥取縣道325號岩美連絡線,Tottori Prefectural Road Route 325,Japan
***ERROR:鳥取縣道33號三朝中線,Tottori Prefectural Road Route 33,Japan
***ERROR:埼玉縣道13號前橋長瀞線,Gunma Prefectural Road and Saitama Prefectural Road Route 13,Japan
***ERROR:群馬縣道、埼玉縣道341號太田熊谷線,Gunma Prefectural Road and Saitama Prefectural Road Route 341,Japan
***ERROR:長野縣道44號下仁田淺科線,Gunma Prefectural Road and Nagano Prefectural Road Route 44,Japan
***ERROR:長野縣道213號栗林宮田停車場線,Nagano Prefectural Road Route 213,Japan
***ERROR:長野縣道24號上高地公園線,Nagano Prefectural Road Route 24,Japan
***ERROR:青森縣道233號淺水南部線,Aomori Prefectural Road Route 233,Japan
***ERROR:埼玉縣道413號羽生停車場線,Saitama Prefectural Road Route 413,Japan
***ERROR:鳥取縣道273號三朝溫泉木地山線,Tottori Prefectural Road Route 273,Japan
***ERROR:鳥取縣道274號青谷停車場井手線,Tottori Prefectural Road Route 274,Japan
***ERROR:鳥取縣道27號網代港線,Tottori Prefectural Road Route 27,Japan
***ERROR:長野縣道162號上田停車場線,Nagano Prefectural Road Route 162,Japan
***ERROR:長野縣道221號宮田澤渡線,Nagano Prefectural Road Route 221,Japan
***ERROR:鳥取縣道309號大柿上古川線,Tottori Prefectural Road Route 309,Japan
***ERROR:2号州际公路,Interstate 2,United States of America
***ERROR:縣道164號,County Road 164,Taiwan
***ERROR:縣道200號,County Road 200,Taiwan
***ERROR:環河路 (新店區),Q15937921,Taiwan
***ERROR:縣道158號,County Road 158,Taiwan
***ERROR:首都高速5號池袋線,Route 5,Japan
***ERROR:群馬縣道·埼玉縣道14號伊勢崎深谷線,Gunma Prefectural Road and Saitama Prefectural Road Route 14,Japan
***ERROR:埼玉縣道·群馬縣道275號由良深谷線,Gunma Prefectural Road and Saitama Prefectural Road Route 275,Japan
***ERROR:群馬縣道、埼玉縣道71號高崎神流秩父線,Gunma Prefectural Road and Saitama Prefectural Road Route 71,Japan
***ERROR:縣道150號,County Road 150,Taiwan
***ERROR:鳥取縣道279號淀江連絡線,Tottori Prefectural Road Route 279,Japan
***ERROR:鳥取縣道308號桑原阪本線,Tottori Prefectural Road Route 308,Japan
***ERROR:鳥取縣道38號倉吉福本線,Tottori Prefectural Road Route 38,Japan
***ERROR:102省道,S102,People's Republic of China
***ERROR:蘆之湖Skyline,Ashinoko Skyline,Japan
***ERROR:青森縣道14號今別蟹田線,Aomori Prefectural Road Route 14,Japan
***ERROR:青森縣道243號馬門野邊地線,Aomori Prefectural Road Route 243,Japan
***ERROR:鳥取縣道310號坊領淀江停車場線,Tottori Prefectural Road Route 310,Japan
***ERROR:縣道159號,County Road 159,Taiwan
***ERROR:縣道181號,City Road 181,Taiwan
***ERROR:中央大路 (釜山),Q12617650,South Korea
***ERROR:359省道,S359,People's Republic of China
***ERROR:滨江路 (广州),Q13164092,People's Republic of China
***ERROR:亞的斯亞貝巴-阿達瑪高速公路,Addis Ababa–Adama Expressway,Ethiopia
***ERROR:縣道157號,County Road 157,Taiwan
***ERROR:縣道163號,County Road 163,Taiwan
***ERROR:縣道197號,County Road 197,Taiwan
***ERROR:國道109號,National Highway 109,India
***ERROR:進教圍 (香港),St. Francis Yard,People's Republic of China
***ERROR:縣道162號,County Road 162,Taiwan
***ERROR:縣道169號,County Road 169,Taiwan
***ERROR:縣道199號,County Road 199,Taiwan
***ERROR:縣道192號,County Road 192,Taiwan
***ERROR:千葉縣道118號成東山武線,Chiba Prefectural Road Route 118,Japan
***ERROR:亚洲公路13号线,AH13,Thailand
***ERROR:亚洲公路13号线,AH13,Laos
***ERROR:縣道196號,County Road 196,Taiwan
***ERROR:縣道170號,County Road 170,Taiwan
***ERROR:縣道205號,County Road 205,Taiwan
***ERROR:縣道202號,County Road 202,Taiwan
***ERROR:鳥取縣道·島根縣道1號溝口伯太線,Tottori Prefectural Road and Shimane Prefectural Road Route 1,Japan
***ERROR:縣道161號,County Road 161,Taiwan
***ERROR:縣道204號,County Road 204,Taiwan
***ERROR:解放路 (广州),Q15911576,People's Republic of China
***ERROR:環中東路 (中壢市),Q15942713,Taiwan
***ERROR:環北路 (中壢市),Q15942591,Taiwan
***ERROR:縣道153號,County Road 153,Taiwan
***ERROR:縣道191號,County Road 191,Taiwan
***ERROR:千葉縣道185號犬掛館山線,Chiba Prefectural Road Route 185,Japan
***ERROR:鳥取縣道·島根縣道2號境美保關線,Tottori Prefectural Road and Shimane Prefectural Road Route 2,Japan
***ERROR:埼玉縣道178號北河原熊谷線,Saitama Prefectural Road Route 178,Japan
***ERROR:亞洲公路34號線,AH34,People's Republic of China
***ERROR:縣道189號,County Road 189,Taiwan
***ERROR:亚洲公路83号线,AH83,Armenia
***ERROR:亚洲公路83号线,AH83,Azerbaijan
***ERROR:青山公路－荃灣段,Castle Peak Road - Tsuen Wan,People's Republic of China
***ERROR:縣道201號,County Road 201,Taiwan
***ERROR:縣道187號,County Road 187,Taiwan
***ERROR:縣道203號,County Road 203,Taiwan
***ERROR:65號堪薩斯州州道,K-65 (Kansas highway),United States of America
***ERROR:241国道,China National Highway 241,People's Republic of China
***ERROR:國道47號 (韓國),National Highway 47,South Korea
***ERROR:E35高速公路,E35 expressway,Pakistan
***ERROR:社稷路 (首爾),Q16100430,South Korea
***ERROR:自由路 (韓國),Jayu-ro,South Korea
***ERROR:343国道,China National Highway 343,People's Republic of China
***ERROR:344国道,China National Highway 344,People's Republic of China
***ERROR:31號堪薩斯州州道,K-31,United States of America
***ERROR:A404公路,A404 road,United Kingdom
***ERROR:福島縣道353號國見福島線,Fukushima Prefectural Road Route 353,Japan
***ERROR:鹿兒島縣道462號堂山宮之城線,Kagoshima Prefectural Road Route 462,Japan
***ERROR:鳥取縣道162號泊港線,Tottori Prefectural Road Route 162,Japan
***ERROR:鳥取縣道212號福部停車場線,Tottori Prefectural Road Route 212,Japan
***ERROR:鳥取縣道213號八橋停車場線,Tottori Prefectural Road Route 213,Japan
***ERROR:鳥取縣道214號國英停車場線,Tottori Prefectural Road Route 214,Japan
***ERROR:鳥取縣道21號鳥取鹿野倉吉線,Tottori Prefectural Road Route 21,Japan
***ERROR:鳥取縣道205號木地山倉吉線,Tottori Prefectural Road Route 205,Japan
***ERROR:鳥取縣道215號土師停車場線,Tottori Prefectural Road Route 215,Japan
***ERROR:鳥取縣道235號本泉大瀨線,Tottori Prefectural Road Route 235,Japan
***ERROR:49號堪薩斯州州道,K-49,United States of America
***ERROR:縣道172號,City Road 172,Taiwan
***ERROR:縣道155號,County Road 155,Taiwan
***ERROR:靜安路 (新北市),Q15917021,Taiwan
***ERROR:亚洲公路78号线,AH78,Iran
***ERROR:亚洲公路78号线,AH78,Turkmenistan
***ERROR:縣道156號,County Road 156,Taiwan
***ERROR:334省道,Q16077816,People's Republic of China
***ERROR:聯邦1號公路,Malaysia Federal Route 1,Malaysia
***ERROR:亚洲公路84号线,AH84,Turkey
***ERROR:亚洲公路82号线,AH82,Russia
***ERROR:亚洲公路82号线,AH82,Armenia
***ERROR:亚洲公路82号线,AH82,Georgia
***ERROR:亚洲公路82号线,AH82,Iran
***ERROR:鹿兒島縣道26號櫻島港黑神線,Kagoshima Prefectural Road Route 26,Japan
***ERROR:鳥取縣道176號若櫻停車場線,Tottori Prefectural Road Route 176,Japan
***ERROR:國道10號 (馬達加斯加),Route nationale 10,Madagascar
***ERROR:鳥取縣道182號寶木停車場上光線,Tottori Prefectural Road Route 182,Japan
***ERROR:鳥取縣道191號矢矯松原線,Tottori Prefectural Road Route 191,Japan
***ERROR:亚洲公路85号线,AH85,Turkey
***ERROR:兵庫縣道9號豐岡竹野線,Hyogo Prefectural Road Route 9,Japan
***ERROR:亚洲公路71号线,AH71,Iran
***ERROR:台29線,Provincial Highway 29,Taiwan
***ERROR:亚洲公路71号线,AH71,Afghanistan
***ERROR:亚洲公路86号线,AH86,Turkey
***ERROR:平和路 (議政府-鐵原),Q16101548,South Korea
***ERROR:44號堪薩斯州州道,K-44,United States of America
***ERROR:和歌山縣道102號宿九度山線,Wakayama Prefectural Road Route 102,Japan
***ERROR:228国道,China National Highway 228,People's Republic of China
***ERROR:縣道167號,County Road 167,Taiwan
***ERROR:縣道194號,County Road 194,Taiwan
***ERROR:47號堪薩斯州州道,K-47,United States of America
***ERROR:北海道道921号开发峰延线,Hokkaido Prefectural Road Route 921,Japan
***ERROR:鹿兒島縣道508號志布志停車場線,Kagoshima Prefectural Road Route 508,Japan
***ERROR:雙橋路 (廣州),Q27581719,People's Republic of China
***ERROR:长寿路 (广州),Q15927121,People's Republic of China
***ERROR:S303,S303,People's Republic of China
***ERROR:白莲路 (珠海),Q19696099,People's Republic of China
***ERROR:125省道,S125,People's Republic of China
***ERROR:新豐路 (首爾),Sinpung-ro,South Korea
***ERROR:331国道,China National Highway 331,People's Republic of China
***ERROR:13號堪薩斯州州道,K-13,United States of America
***ERROR:縣道154號,County Road 154,Taiwan
***ERROR:縣道166號,County Road 166,Taiwan
***ERROR:縣道122號,County Road 122,Taiwan
***ERROR:縣道104號,Q15931576,Taiwan
***ERROR:越秀路 (广州),Q15930307,People's Republic of China
***ERROR:台37線,Provincial Highway 37,Taiwan
***ERROR:縣道151號,County Road 151,Taiwan
***ERROR:縣道152號,County Road 152,Taiwan
***ERROR:縣道193號,County Road 193,Taiwan
***ERROR:229省道,S229,People's Republic of China
***ERROR:231省道,S231,People's Republic of China
***ERROR:縣道168號,County Road 168,Taiwan
***ERROR:縣道185號,County Road 185,Taiwan
***ERROR:縣道165號,City Road 165,Taiwan
***ERROR:縣道188號,City Road 188,Taiwan
***ERROR:345国道,China National Highway 345,People's Republic of China
***ERROR:雙橋路 (佛山),Q26846990,People's Republic of China
***ERROR:A5高速公路 (意大利),Autostrada A5,Italy
***ERROR:大碶疏港高速公路,Dagang Shugang Expressway,People's Republic of China
***ERROR:A20高速公路 (義大利),Autostrada A20,Italy
***ERROR:A16高速公路 (義大利),Autostrada A16,Italy
***ERROR:A23高速公路 (義大利),Autostrada A23,Italy
***ERROR:A25高速公路 (義大利),Autostrada A25,Italy
***ERROR:首都高速2號目黑線,Route 2,Japan
***ERROR:A8高速公路 (葡萄牙),A8 motorway,Portugal
***ERROR:首都高速道路10號晴海線,Route 10,Japan
***ERROR:魁北克20號高速公路,Quebec Autoroute 20,Canada
***ERROR:魁北克40号高速公路,Quebec Autoroute 40,Canada
***ERROR:欧洲E903公路,European route E903,Spain
***ERROR:A21高速公路 (義大利),Autostrada A21,Italy
***ERROR:A6高速公路 (義大利),Autostrada A6,Italy
***ERROR:A9高速公路 (義大利),Autostrada A9,Italy
***ERROR:A5高速公路 (葡萄牙),A5 motorway,Portugal
***ERROR:A7高速公路 (義大利),Autostrada A7,Italy
***ERROR:海角路 (廣州),Q26846547,People's Republic of China
***ERROR:紅樓路 (惠州),Q26846563,People's Republic of China
***ERROR:成绵(复线)高速公路,S1,People's Republic of China
***ERROR:A6公路 (荷蘭),A6 motorway,Netherlands
***ERROR:A91高速公路 (義大利),Autostrada A91,Italy
***ERROR:首都高速3號澀谷線,Route 3,Japan
***ERROR:A13高速公路 (義大利),Autostrada A13,Italy
***ERROR:A19高速公路 (義大利),Autostrada A19,Italy
***ERROR:A24高速公路 (義大利),Autostrada A24,Italy
***ERROR:A9高速公路 (葡萄牙),A9 motorway,Portugal
***ERROR:紅樓路 (廣州),Q26846561,People's Republic of China
***ERROR:大江路 (廣州),Q32186634,People's Republic of China
***ERROR:富康路 (廣州),Q32186791,People's Republic of China
***ERROR:廣新路 (廣州從化),Q32184829,People's Republic of China
***ERROR:怡樂路 (廣州增城),Q32184743,People's Republic of China
***ERROR:怡樂路 (廣州海珠),Q32184702,People's Republic of China
***ERROR:東平大道 (廣州),Q32183330,People's Republic of China
***ERROR:東平路 (佛山南海),Q32183215,People's Republic of China
***ERROR:龍興路 (佛山),Q32183823,People's Republic of China
***ERROR:七星路 (惠州),Q32186574,People's Republic of China
***ERROR:廣新路 (廣州黃埔),Q32184814,People's Republic of China
***ERROR:朝陽路 (廣州番禺),Q32183434,People's Republic of China
***ERROR:東平路 (中山三角),Q32184090,People's Republic of China
***ERROR:東平路 (佛山順德),Q32183230,People's Republic of China
***ERROR:東平路 (惠州),Q32183298,People's Republic of China
***ERROR:沿江路 (廣州番禺大石),Q32183452,People's Republic of China
***ERROR:蟠龍路 (廣州),Q32184059,People's Republic of China
***ERROR:龍興路 (廣州),Q32183806,People's Republic of China
***ERROR:匯星路 (廣州),Q32186115,People's Republic of China
***ERROR:大江路 (佛山),Q32186649,People's Republic of China
***ERROR:廣新路 (珠海),Q32184841,People's Republic of China
***ERROR:大塘路 (廣州),Q32184122,People's Republic of China
***ERROR:富康路 (惠州),Q32186823,People's Republic of China
***ERROR:東平大道 (惠州),Q32183347,People's Republic of China
***ERROR:永興路 (廣州白雲),Q32184447,People's Republic of China
***ERROR:七星路 (廣州花都),Q32186561,People's Republic of China
***ERROR:南湖路 (惠州惠東),Q32183247,People's Republic of China
***ERROR:南湖路 (深圳),Q32183265,People's Republic of China
***ERROR:大塘路 (惠州),Q32184151,People's Republic of China
***ERROR:大塘路 (韶關),Q32184137,People's Republic of China
***ERROR:富康路 (深圳),Q32186808,People's Republic of China
***ERROR:怡海路 (廣州),Q32185074,People's Republic of China
***ERROR:東平路 (中山坦洲),Q32183282,People's Republic of China
***ERROR:永興路 (中山),Q32184477,People's Republic of China
***ERROR:萬壽路 (廣州),Q32183612,People's Republic of China
***ERROR:蟠龍路 (中山),Q32184074,People's Republic of China
***ERROR:集賢路 (廣州白雲),Q32183376,People's Republic of China
***ERROR:興雲路 (廣州),Q32181271,People's Republic of China
***ERROR:香山路 (廣州),Q32181531,People's Republic of China
***ERROR:A28高速公路 (意大利),Autostrada A28,Italy
***ERROR:A29高速公路 (葡萄牙),A29 motorway,Portugal
***ERROR:國道四號 (中華民國),National Highway 4,Taiwan
***ERROR:A2高速公路 (葡萄牙),A2 motorway,Portugal
***ERROR:A25高速公路 (葡萄牙),A25 motorway,Portugal
***ERROR:A50高速公路 (意大利),Autostrada A50,Italy
***ERROR:A21高速公路 (葡萄牙),A21 motorway,Portugal
***ERROR:A22高速公路 (葡萄牙),A22 motorway,Portugal
***ERROR:A24高速公路 (葡萄牙),A24 motorway,Portugal
***ERROR:A36高速公路 (葡萄牙),A36 motorway,Portugal
***ERROR:A38高速公路 (葡萄牙),A38 motorway,Portugal
***ERROR:A41高速公路 (葡萄牙),A41 motorway,Portugal
***ERROR:A43高速公路 (葡萄牙),A43 motorway,Portugal
***ERROR:A4高速公路 (葡萄牙),A4 motorway,Portugal
***ERROR:A1高速公路 (義大利),Autostrada A1,Italy
***ERROR:A27高速公路,A27 motorway,Portugal
***ERROR:翠竹路 (深圳龍崗),Q23498084,People's Republic of China
***ERROR:A27高速公路 (義大利),Autostrada A27,Italy
***ERROR:A31高速公路 (義大利),Autostrada A31,Italy
***ERROR:翠竹路 (廣州),Q23378650,People's Republic of China
***ERROR:翠竹路 (深圳羅湖),Q23377857,People's Republic of China
***ERROR:興安路 (中山),Q23348506,People's Republic of China
***ERROR:A7高速公路 (葡萄牙),A7 motorway,Portugal
***ERROR:A26高速公路 (義大利),Autostrada A26,Italy
***ERROR:A51高速公路 (意大利),Autostrada A51,Italy
***ERROR:A8高速公路 (義大利),Autostrada A8,Italy
***ERROR:A23高速公路 (葡萄牙),A23 motorway,Portugal
***ERROR:A3高速公路 (羅馬尼亞),A3 motorway,Romania
***ERROR:A29高速公路 (義大利),Autostrada A29,Italy
***ERROR:A6高速公路 (葡萄牙),A6 motorway,Portugal
***ERROR:A30高速公路 (義大利),Autostrada A30,Italy
***ERROR:A42高速公路 (葡萄牙),A42 motorway,Portugal
***ERROR:國道二號 (中華民國),National Highway 2,Taiwan
***ERROR:英國M62高速公路,M62 motorway,United Kingdom
***ERROR:A3高速公路 (葡萄牙),A3 motorway,Portugal
***ERROR:向陽路 (佛山),Q32180443,People's Republic of China
***ERROR:科學大道 (廣州),Q32181601,People's Republic of China
***ERROR:紅荔路 (廣州從化),Q32180311,People's Republic of China
***ERROR:綠蔭路 (深圳),Q32181429,People's Republic of China
***ERROR:聯華路 (廣州黃埔),Q32181121,People's Republic of China
***ERROR:開發大道 (廣州),Q32179089,People's Republic of China
***ERROR:龍井路 (廣州),Q32180907,People's Republic of China
***ERROR:龍井路 (深圳寶安),Q32180919,People's Republic of China
***ERROR:米市路 (英德),Q23531214,People's Republic of China
***ERROR:翠竹路 (深圳寶安),Q23498075,People's Republic of China
***ERROR:A18高速公路 (義大利),Autostrada A18,Italy
***ERROR:A32高速公路 (義大利),Autostrada A32,Italy
***ERROR:A4高速公路 (意大利),Autostrada A4,Italy
***ERROR:南田路 (廣州),Q32182013,People's Republic of China
***ERROR:南華路 (佛山),Q32181697,People's Republic of China
***ERROR:南華路 (廣州番禺市橋),Q32181684,People's Republic of China
***ERROR:攬月路 (廣州),Q32181630,People's Republic of China
***ERROR:聯華路 (佛山),Q32181150,People's Republic of China
***ERROR:興泰路 (中山),Q32181351,People's Republic of China
***ERROR:興泰路 (廣州番禺),Q32181316,People's Republic of China
***ERROR:龍井路 (深圳南山),Q32180933,People's Republic of China
***ERROR:A19高速公路 (葡萄牙),A19 motorway,Portugal
***ERROR:A14高速公路,Autostrada A14,Italy
***ERROR:41号密西西比州州道,Mississippi Highway 41,United States of America
***ERROR:A37高速公路 (葡萄牙),A37 motorway,Portugal
***ERROR:A4高速公路,A4 motorway,Tunisia
***ERROR:A33高速公路 (葡萄牙),A33 motorway,Portugal
***ERROR:英國M6高速公路,M6 motorway,United Kingdom
***ERROR:A28高速公路 (葡萄牙),A28 motorway,Portugal
***ERROR:南華路 (廣州番禺南村),Q32181671,People's Republic of China
***ERROR:向陽路 (惠州),Q32180457,People's Republic of China
***ERROR:康樂路 (廣州從化),Q32179059,People's Republic of China
***ERROR:怡海路 (佛山),Q32182168,People's Republic of China
***ERROR:河東路 (深圳),Q32180350,People's Republic of China
***ERROR:紅荔路 (廣州增城),Q32180324,People's Republic of China
***ERROR:綠蔭路 (廣州),Q32181414,People's Republic of China
***ERROR:金園路 (廣州),Q32181836,People's Republic of China
***ERROR:龍井路 (珠海),Q32181104,People's Republic of China
***ERROR:龍口路 (廣州),Q32181966,People's Republic of China
***ERROR:龍富路 (深圳),Q32182045,People's Republic of China
***ERROR:A3高速公路,Autostrada A3,Italy
***ERROR:友誼路 (廣州黃埔),Q32180216,People's Republic of China
***ERROR:廣場路 (廣州番禺市橋),Q32181334,People's Republic of China
***ERROR:文明路 (廣州番禺),Q32181725,People's Republic of China
***ERROR:興泰路 (廣州白雲),Q32181299,People's Republic of China
***ERROR:金園路 (珠海),Q32181852,People's Republic of China
***ERROR:南華路 (惠州),Q32181711,People's Republic of China
***ERROR:向陽路 (廣州從化),Q32180430,People's Republic of China
***ERROR:向陽路 (廣州花都),Q32180417,People's Republic of China
***ERROR:明珠路 (廣州白雲),Q32179113,People's Republic of China
***ERROR:牡丹路 (佛山南海),Q32182301,People's Republic of China
***ERROR:聯華路 (廣州花都),Q32181135,People's Republic of China
***ERROR:府前路 (廣州從化鰲頭),Q32179787,People's Republic of China
***ERROR:府前路 (惠州),Q32179804,People's Republic of China
***ERROR:明珠路 (中山南朗),Q32179180,People's Republic of China
***ERROR:明珠路 (惠州惠東),Q32179197,People's Republic of China
***ERROR:碧溪路 (佛山),Q32180019,People's Republic of China
***ERROR:碧溪路 (廣州),Q32180034,People's Republic of China
***ERROR:西寧路 (佛山),Q32180147,People's Republic of China
***ERROR:西寧路 (廣州從化),Q32180133,People's Republic of China
***ERROR:青年路 (佛山),Q32179298,People's Republic of China
***ERROR:青雲路 (佛山順德容奇),Q32179401,People's Republic of China
***ERROR:青雲路 (佛山順德陳村),Q32179387,People's Republic of China
***ERROR:青雲路 (韶關),Q32179455,People's Republic of China
***ERROR:鳳儀路 (中山),Q32179864,People's Republic of China
***ERROR:中田路 (廣州),Q32180062,People's Republic of China
***ERROR:城南路 (佛山),Q32179563,People's Republic of China
***ERROR:府前路 (韶關曲江),Q32179818,People's Republic of China
***ERROR:廣場路 (廣州番禺小谷圍),Q32179670,People's Republic of China
***ERROR:明珠路 (廣州從化),Q32179231,People's Republic of China
***ERROR:青年路 (深圳寶安),Q32179272,People's Republic of China
***ERROR:青雲路 (清遠),Q32179444,People's Republic of China
***ERROR:鳳儀路 (廣州),Q32179848,People's Republic of China
***ERROR:城中路 (清遠連山),Q32179645,People's Republic of China
***ERROR:大成街 (韶關),Q32179481,People's Republic of China
***ERROR:廣場路 (中山),Q32179744,People's Republic of China
***ERROR:廣場路 (廣州從化),Q32179683,People's Republic of China
***ERROR:明珠路 (佛山),Q32179213,People's Republic of China
***ERROR:明珠路 (廣州黃埔),Q32179126,People's Republic of China
***ERROR:城中路 (佛山),Q32179578,People's Republic of China
***ERROR:城中路 (廣州),Q32179594,People's Republic of China
***ERROR:城南路 (廣州),Q32179547,People's Republic of China
***ERROR:廣場路 (深圳龍崗),Q32179714,People's Republic of China
***ERROR:建設路 (廣州從化),Q32179879,People's Republic of China
***ERROR:明珠路 (中山東升),Q32179153,People's Republic of China
***ERROR:河濱路 (深圳),Q32179973,People's Republic of China
***ERROR:青雲路 (中山),Q32179429,People's Republic of China
***ERROR:青雲路 (佛山三水),Q32179414,People's Republic of China
***ERROR:城中路 (清遠清城),Q32179629,People's Republic of China
***ERROR:府前路 (廣州從化街口),Q32179772,People's Republic of China
***ERROR:廣場路 (佛山),Q32179758,People's Republic of China
***ERROR:廣場路 (深圳寶安),Q32179699,People's Republic of China
***ERROR:新城路 (廣州番禺),Q32180090,People's Republic of China
***ERROR:明珠路 (中山港),Q32179139,People's Republic of China
***ERROR:明珠路 (惠州惠城),Q32179167,People's Republic of China
***ERROR:河濱路 (廣州花都),Q32179957,People's Republic of China
***ERROR:青年路 (廣州),Q32179258,People's Republic of China
***ERROR:青年路 (深圳龍崗),Q32179286,People's Republic of China
***ERROR:青雲路 (廣州從化),Q32179359,People's Republic of China
***ERROR:青雲路 (廣州白雲),Q32179373,People's Republic of China
***ERROR:東平路 (廣州白雲),Q32183179,People's Republic of China
***ERROR:洞庭路 (佛山),Q32183110,People's Republic of China
***ERROR:亞洲公路5號線,AH5,Turkey
***ERROR:南湖路 (廣州),Q32183127,People's Republic of China
***ERROR:南湖路 (惠州惠城),Q32183147,People's Republic of China
***ERROR:康樂路 (廣州海珠),Q32165292,People's Republic of China
***ERROR:新洲路 (廣州),Q32165733,People's Republic of China
***ERROR:泮塘路 (廣州),Q32156297,People's Republic of China
***ERROR:犀牛路 (廣州越秀),Q32155895,People's Republic of China
***ERROR:紫荊路 (佛山南海),Q32182364,People's Republic of China
***ERROR:紫荊路 (深圳),Q32182399,People's Republic of China
***ERROR:羅沙路 (廣州),Q32156159,People's Republic of China
***ERROR:較場路 (廣州),Q32156057,People's Republic of China
***ERROR:駿業路 (佛山),Q32165160,People's Republic of China
***ERROR:麓景路 (廣州),Q32162924,People's Republic of China
***ERROR:A12高速公路,Autostrada A12,Italy
***ERROR:A52高速公路,Autostrada A52,Italy
***ERROR:A20高速公路,A20 motorway,Portugal
***ERROR:A30高速公路,A30 motorway,Portugal
***ERROR:希臘5號高速公路,Ionia Odos,Greece
***ERROR:A10高速公路 (義大利),Autostrada A10,Italy
***ERROR:希腊1号高速公路,Motorway 1,Greece
***ERROR:人民路 (廣州番禺鍾村),Q32165185,People's Republic of China
***ERROR:南湖路 (佛山三水),Q32183076,People's Republic of China
***ERROR:南湖路 (佛山南海),Q32183063,People's Republic of China
***ERROR:和意路 (廣州),Q32182554,People's Republic of China
***ERROR:康樂路 (廣州番禺),Q32165281,People's Republic of China
***ERROR:康樂路 (惠州),Q32165306,People's Republic of China
***ERROR:廟前直街 (越秀),Q32155975,People's Republic of China
***ERROR:廣雲路 (廣州),Q32164287,People's Republic of China
***ERROR:桂花路 (廣州白雲),Q32155950,People's Republic of China
***ERROR:江月路 (廣州),Q32164613,People's Republic of China
***ERROR:法政路 (廣州越秀),Q32156620,People's Republic of China
***ERROR:白雲大道 (廣州),Q32155573,People's Republic of China
***ERROR:白雲路 (廣州越秀),Q32153456,People's Republic of China
***ERROR:紫荊路 (中山),Q32182382,People's Republic of China
***ERROR:西麗路 (廣州),Q32165220,People's Republic of China
***ERROR:越華路 (深圳),Q32156419,People's Republic of China
***ERROR:駿業路 (廣州番禺),Q32165146,People's Republic of China
***ERROR:A15高速公路 (義大利),Autostrada A15,Italy
***ERROR:希臘3號高速公路,Central Greece Motorway,Greece
***ERROR:希腊2号高速公路,Egnatia Odos,Greece
***ERROR:北較場路 (廣州),Q32155363,People's Republic of China
***ERROR:東華路 (廣州越秀),Q32153253,People's Republic of China
***ERROR:南湖路 (惠州惠陽),Q32183163,People's Republic of China
***ERROR:同慶路 (深圳福田),Q32162883,People's Republic of China
***ERROR:同慶路 (深圳龍崗),Q32162892,People's Republic of China
***ERROR:康樂路 (深圳寶安),Q32165330,People's Republic of China
***ERROR:康樂路 (深圳龍崗),Q32165317,People's Republic of China
***ERROR:淘金路 (廣州),Q32165093,People's Republic of China
***ERROR:珠光路 (深圳),Q32165267,People's Republic of China
***ERROR:紫荊路 (廣州),Q32182434,People's Republic of China
***ERROR:紫荊路 (清遠),Q32182416,People's Republic of China
***ERROR:西麗路 (深圳),Q32165233,People's Republic of China
***ERROR:迎賓大道 (廣州花都),Q32163006,People's Republic of China
***ERROR:同慶路 (廣州海珠),Q32162860,People's Republic of China
***ERROR:太和路 (廣州),Q32155799,People's Republic of China
***ERROR:康樂路 (深圳南山),Q32165342,People's Republic of China
***ERROR:康樂路 (韶關曲江),Q32165392,People's Republic of China
***ERROR:康樂路 (韶關翁源),Q32165403,People's Republic of China
***ERROR:廣衛路 (中山),Q32156524,People's Republic of China
***ERROR:德星路 (廣州),Q32154894,People's Republic of China
***ERROR:東泰路 (廣州),Q32164723,People's Republic of China
***ERROR:東湖路 (廣州),Q32155777,People's Republic of China
***ERROR:海安路 (珠海),Q32164648,People's Republic of China
***ERROR:農林路 (深圳),Q32164034,People's Republic of China
***ERROR:逢源路 (中山),Q32156696,People's Republic of China
***ERROR:A22高速公路,Autostrada A22,Italy
***ERROR:共和路 (廣州),Q32156083,People's Republic of China
***ERROR:將軍路 (廣州),Q32155106,People's Republic of China
***ERROR:廣德路 (廣州),Q32155021,People's Republic of China
***ERROR:站前路 (廣州荔灣),Q32156393,People's Republic of China
***ERROR:革新路 (廣州),Q32152605,People's Republic of China
***ERROR:光明路 (廣州番禺市橋),Q32165245,People's Republic of China
***ERROR:廣雲路 (佛山),Q32164300,People's Republic of China
***ERROR:海安路 (佛山),Q32164658,People's Republic of China
***ERROR:海安路 (廣州),Q32164642,People's Republic of China
***ERROR:迎賓大道 (廣州番禺),Q32163049,People's Republic of China
***ERROR:馬場路 (廣州),Q32164919,People's Republic of China
***ERROR:杜鵑路 (佛山南海),Q32182329,People's Republic of China
***ERROR:東平路 (廣州番禺),Q32183197,People's Republic of China
***ERROR:寶源路 (中山),Q32156722,People's Republic of China
***ERROR:寶源路 (深圳),Q32156710,People's Republic of China
***ERROR:小港路 (廣州),Q32158767,People's Republic of China
***ERROR:正南路 (廣州),Q32158816,People's Republic of China
***ERROR:泮塘路 (佛山),Q32160341,People's Republic of China
***ERROR:臨江大道 (廣州),Q32158246,People's Republic of China
***ERROR:華明路 (廣州),Q32156938,People's Republic of China
***ERROR:黃石路 (廣州),Q32158520,People's Republic of China
***ERROR:天榮路 (廣州),Q32157056,People's Republic of China
***ERROR:華夏路 (廣州),Q32156898,People's Republic of China
***ERROR:華穗路 (廣州),Q32157107,People's Republic of China
***ERROR:金穗路 (廣州),Q32157025,People's Republic of China
***ERROR:南華路 (中山),Q32158779,People's Republic of China
***ERROR:梅東路 (廣州),Q32159680,People's Republic of China
***ERROR:海濱路 (廣州),Q32159714,People's Republic of China
***ERROR:西華路 (廣州番禺),Q32157335,People's Republic of China
***ERROR:鎮安路 (廣州),Q32157851,People's Republic of China
***ERROR:培正路 (佛山),Q32159961,People's Republic of China
***ERROR:大德路 (佛山南海),Q32159985,People's Republic of China
***ERROR:興安路 (廣州),Q32158207,People's Republic of China
***ERROR:興盛路 (廣州),Q32157118,People's Republic of China
***ERROR:蓬萊路 (廣州荔灣),Q32158613,People's Republic of China
***ERROR:龍津路 (佛山),Q32157823,People's Republic of China
***ERROR:浣花路 (廣州),Q32157218,People's Republic of China
***ERROR:華成路 (廣州),Q32156925,People's Republic of China
***ERROR:達道路 (廣州),Q32156843,People's Republic of China
***ERROR:體育路 (廣州天河),Q32156868,People's Republic of China
***ERROR:僑光路 (廣州),Q32158953,People's Republic of China
***ERROR:僑光路 (珠海),Q32158964,People's Republic of China
***ERROR:光孝路 (韶關),Q32158869,People's Republic of China
***ERROR:南華路 (珠海),Q32158792,People's Republic of China
***ERROR:培正路 (廣州),Q32159946,People's Republic of China
***ERROR:文德路 (中山),Q32158824,People's Republic of China
***ERROR:燕嶺路 (廣州),Q32159894,People's Republic of China
***ERROR:靖遠路 (廣州),Q32158917,People's Republic of China
***ERROR:體育路 (佛山禪城),Q32157784,People's Republic of China
***ERROR:海濱路 (深圳),Q32159702,People's Republic of China
***ERROR:觀綠路 (佛山),Q32159004,People's Republic of China
***ERROR:雲泉路 (廣州),Q32166108,People's Republic of China
***ERROR:龍湖路 (廣州花都),Q32189018,People's Republic of China
***ERROR:亞洲公路5號線,AH5,Uzbekistan
***ERROR:亞洲公路5號線,AH5,People's Republic of China
***ERROR:亞洲公路5號線,AH5,Turkmenistan
***ERROR:A10高速公路 (葡萄牙),A10 motorway,Portugal
***ERROR:A11高速公路,Autostrada A11,Italy
***ERROR:青岛前湾港区1号疏港高速公路,S7601,People's Republic of China
***ERROR:豐澤路 (廣州),Q32187779,People's Republic of China
***ERROR:迎龍路 (廣州),Q32188947,People's Republic of China
***ERROR:金洲路 (深圳),Q32166082,People's Republic of China
***ERROR:龍湖路 (廣州白雲),Q32189003,People's Republic of China
***ERROR:龍湖路 (惠州),Q32189047,People's Republic of China
***ERROR:龍湖路 (深圳),Q32189032,People's Republic of China
***ERROR:A33高速公路,Autostrada A33,Italy
***ERROR:前進路 (佛山順德),Q32165907,People's Republic of China
***ERROR:前進路 (深圳),Q32165882,People's Republic of China
***ERROR:天府路 (廣州),Q32166393,People's Republic of China
***ERROR:挹翠路 (廣州),Q32166225,People's Republic of China
***ERROR:政民路 (廣州),Q32166358,People's Republic of China
***ERROR:東曉路 (廣州),Q32165769,People's Republic of China
***ERROR:東湖路 (深圳),Q32165794,People's Republic of China
***ERROR:迎龍路 (佛山),Q32188962,People's Republic of China
***ERROR:金洲路 (廣州黃埔),Q32166069,People's Republic of China
***ERROR:雲龍路 (廣州),Q32166159,People's Republic of China
***ERROR:高田路 (清遠),Q32186979,People's Republic of China
***ERROR:龍湖路 (廣州天河),Q32188990,People's Republic of China
***ERROR:前進路 (廣州海珠),Q32165869,People's Republic of China
***ERROR:上市路 (廣州),Q32188309,People's Republic of China
***ERROR:上市路 (惠州),Q32188320,People's Republic of China
***ERROR:龍洞路 (廣州從化),Q32189354,People's Republic of China
***ERROR:東曉路 (深圳),Q32165783,People's Republic of China
***ERROR:塔新路 (惠州),Q32187737,People's Republic of China
***ERROR:豐澤路 (佛山),Q32187794,People's Republic of China
***ERROR:香雪路 (廣州),Q32187065,People's Republic of China
***ERROR:高田路 (廣州),Q32186965,People's Republic of China
***ERROR:龍洞路 (廣州天河),Q32189113,People's Republic of China
***ERROR:亞洲公路5號線,AH5,Kazakhstan
***ERROR:亞洲公路5號線,AH5,Kyrgyzstan
***ERROR:亞洲公路5號線,AH5,Azerbaijan
***ERROR:亞洲公路5號線,AH5,Georgia
***ERROR:前進路 (佛山南海),Q32165919,People's Republic of China
***ERROR:富康路 (中山),Q32186838,People's Republic of China
***ERROR:沿江路 (廣州從化),Q32186853,People's Republic of China
***ERROR:石牌路 (廣州),Q32166183,People's Republic of China
***ERROR:中華大道 (廣州),Q32167845,People's Republic of China
***ERROR:大北路 (廣州),Q32167989,People's Republic of China
***ERROR:富華路 (廣州番禺),Q32168033,People's Republic of China
***ERROR:東園路 (廣州),Q32168856,People's Republic of China
***ERROR:橋東路 (佛山順德勒流),Q32167956,People's Republic of China
***ERROR:沙園路 (深圳寶安),Q32166549,People's Republic of China
***ERROR:環城路 (佛山順德),Q32168008,People's Republic of China
***ERROR:富華路 (惠州博羅),Q32168052,People's Republic of China
***ERROR:星際路 (廣州),Q32170811,People's Republic of China
***ERROR:映日路 (廣州),Q32169448,People's Republic of China
***ERROR:站南路 (韶關),Q32170290,People's Republic of China
***ERROR:聚德路 (廣州),Q32170655,People's Republic of China
***ERROR:工業路 (廣州番禺市橋),Q32168095,People's Republic of China
***ERROR:新滘路 (佛山),Q32170399,People's Republic of China
***ERROR:棠安路 (天河),Q32167489,People's Republic of China
***ERROR:沙園路 (深圳龍崗),Q32166563,People's Republic of China
***ERROR:港灣路 (廣州),Q32169702,People's Republic of China
***ERROR:環城路 (廣州番禺),Q32167999,People's Republic of China
***ERROR:白沙路 (佛山),Q32170344,People's Republic of China
***ERROR:華美路 (珠海),Q32167442,People's Republic of China
***ERROR:西環路 (廣州番禺市橋),Q32167823,People's Republic of China
***ERROR:豐樂路 (廣州),Q32169741,People's Republic of China
***ERROR:遠景路 (廣州),Q32168526,People's Republic of China
***ERROR:工業路 (廣州番禺南浦),Q32168083,People's Republic of China
***ERROR:東園路 (深圳),Q32168868,People's Republic of China
***ERROR:橋東路 (佛山順德容奇),Q32167968,People's Republic of China
***ERROR:橋東路 (廣州),Q32167918,People's Republic of China
***ERROR:沙園路 (佛山),Q32166578,People's Republic of China
***ERROR:白沙路 (廣州番禺),Q32170332,People's Republic of China
***ERROR:福景路 (廣州),Q32167882,People's Republic of China
***ERROR:站南路 (廣州),Q32170277,People's Republic of China
***ERROR:華美路 (廣州),Q32167416,People's Republic of China
***ERROR:遠景路 (佛山),Q32168537,People's Republic of China
***ERROR:喜鵲路 (廣州),Q32167725,People's Republic of China
***ERROR:福景路 (深圳),Q32167895,People's Republic of China
***ERROR:齊富路 (廣州),Q32160924,People's Republic of China
***ERROR:A1高速公路 (葡萄牙),A1 motorway,Portugal
***ERROR:新城路 (廣州從化街口),Q28796246,People's Republic of China
***ERROR:A12高速公路 (葡萄牙),A12 motorway,Portugal
***ERROR:A15高速公路 (葡萄牙),A15 motorway,Portugal
***ERROR:河東路 (廣州),Q28796290,People's Republic of China
***ERROR:A17高速公路 (葡萄牙),A17 motorway,Portugal
***ERROR:A11高速公路 (葡萄牙),A11 motorway,Portugal
***ERROR:同福路 (佛山順德),Q32162746,People's Republic of China
***ERROR:萬福路 (廣州),Q32162633,People's Republic of China
***ERROR:萬福路 (深圳),Q32162653,People's Republic of China
***ERROR:亚洲公路81号线,AH81,Kazakhstan
***ERROR:亚洲公路81号线,AH81,Armenia
***ERROR:亚洲公路81号线,AH81,Azerbaijan
***ERROR:寶業路 (佛山),Q32161003,People's Republic of China
***ERROR:恆安路 (廣州),Q32160741,People's Republic of China
***ERROR:棠安路 (白雲),Q32160892,People's Republic of China
***ERROR:興華路 (珠海),Q32161062,People's Republic of China
***ERROR:飛鵝路 (佛山),Q32162291,People's Republic of China
***ERROR:亚洲公路81号线,AH81,Georgia
***ERROR:A14高速公路 (葡萄牙),A14 motorway,Portugal
***ERROR:寶業路 (廣州),Q32160979,People's Republic of China
***ERROR:寶業路 (深圳),Q32160991,People's Republic of China
***ERROR:恆安路 (佛山),Q32160751,People's Republic of China
***ERROR:政通路 (廣州白雲),Q32162388,People's Republic of China
***ERROR:江灣路 (廣州海珠),Q32160953,People's Republic of China
***ERROR:興華路 (廣州天河),Q32161052,People's Republic of China
***ERROR:A16高速公路 (葡萄牙),A16 motorway,Portugal
***ERROR:卡爾·李卜克內西大街,Karl-Liebknecht-Straße,Germany
***ERROR:廣雅路 (廣州),Q32162234,People's Republic of China
***ERROR:河濱路 (廣州從化),Q28796260,People's Republic of China
***ERROR:A13高速公路 (葡萄牙),A13 motorway,Portugal
***ERROR:351国道,Q32505441,People's Republic of China
***ERROR:同福路 (深圳),Q32162710,People's Republic of China
***ERROR:同福路 (珠海),Q32162721,People's Republic of China
***ERROR:天河路 (佛山),Q32161409,People's Republic of China
***ERROR:建設路 (廣州花都),Q32162599,People's Republic of China
***ERROR:飛鵝路 (廣州),Q32162286,People's Republic of China
***ERROR:華洲路 (廣州),Q32171041,People's Republic of China
***ERROR:金蝶路 (廣州),Q32171732,People's Republic of China
***ERROR:首都高速9號深川線,Route 9,Japan
***ERROR:港前路 (深圳),Q32172068,People's Republic of China
***ERROR:煙雨路 (廣州),Q32171499,People's Republic of China
***ERROR:華泰路 (惠州),Q32171086,People's Republic of China
***ERROR:首都高速神奈川1號橫羽線,Kanagawa Route 1,Japan
***ERROR:首都高速1號上野線,Route 1 Ueno Line,Japan
***ERROR:首都高速神奈川6號川崎線,Kanagawa Route 6,Japan
***ERROR:文昌路 (佛山南海桂城),Q32172782,People's Republic of China
***ERROR:科普路 (廣州),Q32171261,People's Republic of China
***ERROR:華泰路 (佛山),Q32171101,People's Republic of China
***ERROR:金菊路 (深圳),Q32171415,People's Republic of China
***ERROR:長洲路 (中山),Q32171795,People's Republic of China
***ERROR:首都高速神奈川5號大黑線,Kanagawa Route 5,Japan
***ERROR:首都高速6號三鄉線,Route 6 Misato Line,Japan
***ERROR:首都高速神奈川2號三澤線,Kanagawa Route 2,Japan
***ERROR:首都高速神奈川3號狩場線,Kanagawa Route 3,Japan
***ERROR:宏達路 (中山),Q32172837,People's Republic of China
***ERROR:福龍路 (廣州),Q32172658,People's Republic of China
***ERROR:科普路 (佛山),Q32171274,People's Republic of China
***ERROR:華泰路 (中山),Q32171114,People's Republic of China
***ERROR:長洲路 (廣州),Q32171780,People's Republic of China
***ERROR:沙園路 (廣州海珠),Q32166521,People's Republic of China
***ERROR:華泰路 (廣州),Q32171071,People's Republic of China
***ERROR:金菊路 (廣州),Q32171401,People's Republic of China
***ERROR:23街,23rd Street,United States of America
***ERROR:34街,34th Street,United States of America
***ERROR:宏達路 (廣州),Q32172822,People's Republic of China
***ERROR:港前路 (廣州黃埔魚珠至大沙),Q32172054,People's Republic of China
***ERROR:紅梅路 (廣州),Q32171351,People's Republic of China
***ERROR:青岛前湾港区2号疏港高速公路,S7602,People's Republic of China
***ERROR:尼古拉·帕西奇廣場,Nikola Pašić Square,Serbia
***ERROR:卡尔·施皮特勒滨河路,Q1036605,Switzerland
***ERROR:荷里路德 (愛丁堡),Holyrood,United Kingdom
***ERROR:玛丽亚·特蕾西亚大街,Q647485,Austria
***ERROR:17哩路,17-Mile Drive,United States of America
***ERROR:Spreuerhofstraße巷,Spreuerhofstraße,Germany
***ERROR:绍塞-昂坦街,rue de la Chaussée-d'Antin,France
***ERROR:福爾頓街 (曼哈頓),Fulton Street,United States of America
***ERROR:卡尔·马克思大道,Karl-Marx-Allee,Germany
***ERROR:皇后街 (奧克蘭),"Queen Street, Auckland"
***ERROR:Labicana街,Via Labicana,Italy
***ERROR:青岛前湾港区3号疏港高速公路,S7603,People's Republic of China
***ERROR:72街,72nd Street,United States of America
***ERROR:恆福路 (廣州),Q32176307,People's Republic of China
***ERROR:渤海路 (佛山),Q32173067,People's Republic of China
***ERROR:翠華路 (珠海),Q32177088,People's Republic of China
***ERROR:雲港路 (珠海),Q32176792,People's Republic of China
***ERROR:北站路 (廣州),Q32174074,People's Republic of China
***ERROR:南珠路 (廣州海珠),Q32179034,People's Republic of China
***ERROR:友愛路 (廣州),Q32176260,People's Republic of China
***ERROR:德康路 (廣州),Q32174636,People's Republic of China
***ERROR:教育路 (廣州增城),Q32174223,People's Republic of China
***ERROR:東海路 (佛山順德),Q32176203,People's Republic of China
***ERROR:東湖路 (佛山),Q32173039,People's Republic of China
***ERROR:石崗路 (廣州海珠),Q32177639,People's Republic of China
***ERROR:黃海路 (佛山),Q32173053,People's Republic of China
***ERROR:齊心路 (廣州),Q32176593,People's Republic of China
***ERROR:龍德路 (佛山),Q32173471,People's Republic of China
***ERROR:龍德路 (深圳),Q32173485,People's Republic of China
***ERROR:席勒大街 (慕尼黑),Schillerstraße,Germany
***ERROR:申肯多夫街 (慕尼黑),Q969594,Germany
***ERROR:光明路 (廣州越秀),Q32176566,People's Republic of China
***ERROR:南邊路 (佛山),Q32177562,People's Republic of China
***ERROR:大新路 (廣州增城),Q32174192,People's Republic of China
***ERROR:太湖路 (佛山),Q32173216,People's Republic of China
***ERROR:學海路 (佛山),Q32173198,People's Republic of China
***ERROR:恆福路 (中山),Q32176324,People's Republic of China
***ERROR:東海路 (廣州),Q32175790,People's Republic of China
***ERROR:海樂路 (深圳),Q32178996,People's Republic of China
***ERROR:石崗路 (廣州番禺),Q32177658,People's Republic of China
***ERROR:翠華路 (廣州),Q32177075,People's Republic of China
***ERROR:克洛德-德卡昂路,rue Claude-Decaen,France
***ERROR:中北路 (中山),Q32173393,People's Republic of China
***ERROR:北站路 (深圳),Q32174088,People's Republic of China
***ERROR:團結路 (廣州越秀),Q32176524,People's Republic of China
***ERROR:學海路 (深圳),Q32173204,People's Republic of China
***ERROR:宏威路 (深圳),Q32172996,People's Republic of China
***ERROR:愛國路 (廣州越秀),Q32176427,People's Republic of China
***ERROR:愛國路 (深圳寶安),Q32176481,People's Republic of China
***ERROR:東海路 (中山),Q32175807,People's Republic of China
***ERROR:東海路 (佛山三水),Q32176214,People's Republic of China
***ERROR:洪湖路 (佛山),Q32173095,People's Republic of China
***ERROR:洪湖路 (深圳),Q32173108,People's Republic of China
***ERROR:石崗路 (惠州),Q32177675,People's Republic of China
***ERROR:西環路 (佛山南海),Q32173441,People's Republic of China
***ERROR:雲港路 (廣州),Q32176778,People's Republic of China
***ERROR:齊心路 (深圳),Q32176608,People's Republic of China
***ERROR:13號公路,Route 13,Laos
***ERROR:巴爾拜·德·茹伊街,rue Barbet-de-Jouy,France
***ERROR:中北路 (佛山),Q32173364,People's Republic of China
***ERROR:北海路 (佛山),Q32173340,People's Republic of China
***ERROR:北環路 (佛山南海黃岐),Q32173167,People's Republic of China
***ERROR:南邊路 (廣州海珠),Q32177534,People's Republic of China
***ERROR:南邊路 (廣州番禺),Q32177549,People's Republic of China
***ERROR:太湖路 (深圳),Q32173226,People's Republic of China
***ERROR:宏威路 (佛山),Q32172982,People's Republic of China
***ERROR:愛國路 (中山),Q32176441,People's Republic of China
***ERROR:愛國路 (深圳羅湖),Q32176468,People's Republic of China
***ERROR:海樂路 (廣州),Q32178983,People's Republic of China
***ERROR:海樂路 (清遠),Q32179010,People's Republic of China
***ERROR:西湖路 (佛山),Q32173025,People's Republic of China
***ERROR:雲霄路 (廣州),Q32176986,People's Republic of China
***ERROR:範·巴爾勒大街,Van Baerlestraat,Netherlands
***ERROR:九月二十日街 (罗马),Via Venti Settembre,Italy
***ERROR:弗拉基米爾街 (基輔),"Volodymyrska Street, Kiev"
***ERROR:第14街,14th Street,United States of America
***ERROR:巴黎街 (布拉格),Pařížská,Czech Republic
***ERROR:列夫·托爾斯泰廣場 (基輔),Q3406876,Ukraine
***ERROR:阿馬林街 (哥本哈根),Amaliegade,Denmark
***ERROR:華盛頓街 (曼哈頓),Washington Street,United States of America
***ERROR:亞皆老街 (格拉斯哥),Argyle Street,United Kingdom
***ERROR:馬克思大街 (莫斯科),Q4381244,Russia
***ERROR:Rue de Bruxelles (Lille),rue de Bruxelles,France
***ERROR:友誼大街 (莫斯科),Druzhby Street,Russia
***ERROR:市政廳路 (巴黎),rue de l'Hôtel-de-Ville,France
***ERROR:Rue Jean-Bart (Lille),Rue Jean-Bart,France
***ERROR:穆林-瓦特路,rue du Moulin-Vert,France
***ERROR:ㄓㄨㄥ ㄨㄣˊ,rue des Pyrénées,France
***ERROR:Rue du Lombard (街道 里尔),Rue du Lombard (Lille),France
***ERROR:Rue Jeanne-d'Arc (街道 里尔),Rue Jeanne-d'Arc,France
***ERROR:列日路 (巴黎),rue de Liège,France
***ERROR:圣罗曼街 (鲁昂),rue Saint-Romain,France
***ERROR:Kronprinsessegade,Kronprinsessegade,Denmark
***ERROR:納爾遜·曼德拉廣場,Nelson Mandela Square,South Africa
***ERROR:玛丽亚·克里斯蒂娜王后大道,Avinguda de la Reina Maria Cristina,Spain
***ERROR:櫻桃街 (曼克頓),Cherry Street,United States of America
***ERROR:行為劇院 (紐約市),Theatre Row,United States of America
***ERROR:银街 (剑桥),"Silver Street, Cambridge"
***ERROR:皇后街 (格拉斯哥),"Queen Street, Glasgow"
***ERROR:格羅茨卡街 (克拉科夫),Grodzka Street in Krakow,Poland
***ERROR:方濟各街 (克拉科夫),Q9365153,Poland
***ERROR:Lilla Nygatan,Lilla Nygatan,Sweden
***ERROR:西蒙·彼得留拉街 (基輔),Q4473996,Ukraine
***ERROR:东长街 (斯德哥尔摩),Österlånggatan,Sweden
***ERROR:116街 (曼哈頓),116th Street,United States of America
***ERROR:三好街 (沈阳),Sanhao Street,People's Republic of China
***ERROR:运河街 (新奥尔良),"Canal Street, New Orleans"
***ERROR:威廉街 (曼哈頓),William Street,United States of America
***ERROR:温斯顿·丘吉尔大道,Winston Churchill Avenue,United Kingdom
***ERROR:告士打道 (布里斯托),"Gloucester Road, Bristol"
***ERROR:Ffordd Pen Llech路,Ffordd Pen Llech,United Kingdom
***ERROR:长乐路 (上海),"Changle Road, Shanghai"
***ERROR:乔治街 (爱丁堡),George Street,United Kingdom
***ERROR:縣道183號,Q15914243,Taiwan
***ERROR:縣道186號,Q15925955,Taiwan
***ERROR:Engherzandweg,Engherzandweg,Netherlands
***ERROR:Stromenlaan,Stromenlaan,Netherlands
***ERROR:縣道176號,Q15939630,Taiwan
***ERROR:縣道177號,Q15927317,Taiwan
***ERROR:Albanusweg,Albanusweg,Netherlands
***ERROR:Van Heelulaan,Van Heelulaan,Netherlands
***ERROR:北103線,Q16077922,Taiwan
***ERROR:Steinhagenseweg,Steinhagenseweg,Netherlands
***ERROR:縣道129號,Q1530464,Taiwan
***ERROR:恩贾梅纳－吉布提高速公路,Ndjamena–Djibouti Highway,Chad
***ERROR:恩贾梅纳－吉布提高速公路,Ndjamena–Djibouti Highway,Sudan
***ERROR:恩贾梅纳－吉布提高速公路,Ndjamena–Djibouti Highway,Djibouti
***ERROR:土耳其大街 (慕尼黑),Q21406630,Germany
***ERROR:恩贾梅纳－吉布提高速公路,Ndjamena–Djibouti Highway,Ethiopia
***ERROR:美国国道30,U.S. Route 30,United States of America
***ERROR:縣道132號,Q1588498,Taiwan
***ERROR:開羅－達卡高速公路,Cairo–Dakar Highway,Algeria
***ERROR:開羅－達卡高速公路,Cairo–Dakar Highway,Libya
***ERROR:開羅－開普敦高速公路,Cairo – Cape Town Highway,Sudan
***ERROR:開羅－達卡高速公路,Cairo–Dakar Highway,Egypt
***ERROR:開羅－開普敦高速公路,Cairo – Cape Town Highway,Egypt
***ERROR:開羅－達卡高速公路,Cairo–Dakar Highway,Mauritania
***ERROR:開羅－開普敦高速公路,Cairo – Cape Town Highway,South Africa
***ERROR:開羅－開普敦高速公路,Cairo – Cape Town Highway,Zimbabwe
***ERROR:開羅－開普敦高速公路,Cairo – Cape Town Highway,Tanzania
***ERROR:開羅－開普敦高速公路,Cairo – Cape Town Highway,Kenya
***ERROR:開羅－開普敦高速公路,Cairo – Cape Town Highway,Botswana
***ERROR:開羅－達卡高速公路,Cairo–Dakar Highway,Tunisia
***ERROR:開羅－達卡高速公路,Cairo–Dakar Highway,Western Sahara
***ERROR:開羅－達卡高速公路,Cairo–Dakar Highway,Morocco
***ERROR:開羅－開普敦高速公路,Cairo – Cape Town Highway,Zambia
***ERROR:Batestein,Batestein,Netherlands
***ERROR:開羅－開普敦高速公路,Cairo – Cape Town Highway,Ethiopia
***ERROR:開羅－達卡高速公路,Cairo–Dakar Highway,Senegal
***ERROR:Skutslûs,Skutslûs,Netherlands
***ERROR:縣道173號,Q15930195,Taiwan
***ERROR:縣道180號,Q15925589,Taiwan
***ERROR:縣道116號,Q93892,Taiwan
***ERROR:Glipsdijk,Glipsdijk,Netherlands
***ERROR:Jan van Scorelstraat,Jan van Scorelstraat,Netherlands
***ERROR:Sportlaan,Sportlaan,Netherlands
***ERROR:縣道174號,Q15942975,Taiwan
***ERROR:縣道178號,Q15934132,Taiwan
***ERROR:苗35線,Q15938799,Taiwan
***ERROR:高專1線,Q15931965,Taiwan
***ERROR:Kikkutveien,Kikkutveien,Norway
***ERROR:Skutterswei,Skutterswei,Netherlands
***ERROR:縣道125號,Q649240,Taiwan
***ERROR:高132號鄉道,Q10566661,Taiwan
***ERROR:北19線,Q15913860,Taiwan
***ERROR:南39線,Q15895734,Taiwan
***ERROR:南54線,Q15922510,Taiwan
***ERROR:苗20線,Q15932995,Taiwan
***ERROR:拉各斯－蒙巴薩高速公路,Lagos–Mombasa Highway,Democratic Republic of the Congo
***ERROR:拉各斯－蒙巴薩高速公路,Lagos–Mombasa Highway,Nigeria
***ERROR:拉各斯－蒙巴薩高速公路,Lagos–Mombasa Highway,Uganda
***ERROR:拉各斯－蒙巴薩高速公路,Lagos–Mombasa Highway,Cameroon
***ERROR:拉各斯－蒙巴薩高速公路,Lagos–Mombasa Highway,Kenya
***ERROR:拉各斯－蒙巴薩高速公路,Lagos–Mombasa Highway,Central African Republic
***ERROR:de Kruipin,de Kruipin,Netherlands
***ERROR:南45線,Q15912367,Taiwan
***ERROR:縣道171號,Q15914635,Taiwan
***ERROR:縣道182號,Q15931447,Taiwan
***ERROR:花64線,Q15927828,Taiwan
***ERROR:苗33線,Q15931236,Taiwan
***ERROR:Prins Bernhardlaan,Prins Bernhardlaan,Netherlands
***ERROR:Kwietheuvel,Kwietheuvel,Netherlands
***ERROR:縣道127號,Q722392,Taiwan
***ERROR:Burg. Breenplantsoen,Burg. Breenplantsoen,Netherlands
***ERROR:北71線,Q10901915,Taiwan
***ERROR:北74線,Q10901918,Taiwan
***ERROR:北87線,Q10901926,Taiwan
***ERROR:北88線,Q10901928,Taiwan
***ERROR:北89線,Q10901929,Taiwan
***ERROR:北8線,Q10901930,Taiwan
***ERROR:北97線,Q10901941,Taiwan
***ERROR:北98線,Q10901942,Taiwan
***ERROR:北9線,Q10901944,Taiwan
***ERROR:南14線,Q10906471,Taiwan
***ERROR:南24線,Q10906483,Taiwan
***ERROR:南27線,Q10906487,Taiwan
***ERROR:南30線,Q10906491,Taiwan
***ERROR:南31線,Q10906492,Taiwan
***ERROR:南32線,Q10906494,Taiwan
***ERROR:南48線,Q10906513,Taiwan
***ERROR:南50線,Q10906514,Taiwan
***ERROR:南52線,Q10906516,Taiwan
***ERROR:南7線,Q10906522,Taiwan
***ERROR:投29線,Q11076427,Taiwan
***ERROR:投36線,Q11076428,Taiwan
***ERROR:投4線,Q11076432,Taiwan
***ERROR:投67線,Q11076434,Taiwan
***ERROR:投9線,Q11076437,Taiwan
***ERROR:北68線,Q10901909,Taiwan
***ERROR:北6線,Q10901910,Taiwan
***ERROR:北75線,Q10901919,Taiwan
***ERROR:北81線,Q10901920,Taiwan
***ERROR:北99線,Q10901943,Taiwan
***ERROR:南10線,Q10906469,Taiwan
***ERROR:南15線,Q10906473,Taiwan
***ERROR:南19線,Q10906475,Taiwan
***ERROR:南22線,Q10906481,Taiwan
***ERROR:南23線,Q10906482,Taiwan
***ERROR:南25線,Q10906484,Taiwan
***ERROR:南40線,Q10906503,Taiwan
***ERROR:南42線,Q10906505,Taiwan
***ERROR:南43線,Q10906506,Taiwan
***ERROR:南47線,Q10906511,Taiwan
***ERROR:南6線,Q10906521,Taiwan
***ERROR:投73線,Q11076435,Taiwan
***ERROR:投8線,Q11076436,Taiwan
***ERROR:北59線,Q10901904,Taiwan
***ERROR:北60線,Q10901905,Taiwan
***ERROR:北64線,Q10901906,Taiwan
***ERROR:南20線,Q10906479,Taiwan
***ERROR:南34線,Q10906496,Taiwan
***ERROR:南36線,Q10906498,Taiwan
***ERROR:南3線,Q10906502,Taiwan
***ERROR:南49線,Q10906512,Taiwan
***ERROR:南51線,Q10906515,Taiwan
***ERROR:南9線,Q10906523,Taiwan
***ERROR:縣道103號,Q11582719,Taiwan
***ERROR:縣道105號,Q11582721,Taiwan
***ERROR:北67線,Q10901908,Taiwan
***ERROR:北73線,Q10901917,Taiwan
***ERROR:北84線,Q10901923,Taiwan
***ERROR:北94線,Q10901936,Taiwan
***ERROR:北95線,Q10901938,Taiwan
***ERROR:南12線,Q10906470,Taiwan
***ERROR:南18線,Q10906474,Taiwan
***ERROR:南21線,Q10906480,Taiwan
***ERROR:南26線,Q10906486,Taiwan
***ERROR:南28線,Q10906488,Taiwan
***ERROR:南29線,Q10906489,Taiwan
***ERROR:南37線,Q10906499,Taiwan
***ERROR:南44線,Q10906507,Taiwan
***ERROR:南46線,Q10906509,Taiwan
***ERROR:南55線,Q10906519,Taiwan
***ERROR:北66線,Q10901907,Taiwan
***ERROR:北70線,Q10901914,Taiwan
***ERROR:北72線,Q10901916,Taiwan
***ERROR:北83線,Q10901922,Taiwan
***ERROR:北85線,Q10901925,Taiwan
***ERROR:北90線,Q10901932,Taiwan
***ERROR:北91線,Q10901933,Taiwan
***ERROR:北92線,Q10901934,Taiwan
***ERROR:北93線,Q10901935,Taiwan
***ERROR:北96線,Q10901939,Taiwan
***ERROR:南13線,Q10906472,Taiwan
***ERROR:南1線,Q10906478,Taiwan
***ERROR:南2線,Q10906490,Taiwan
***ERROR:南33線,Q10906495,Taiwan
***ERROR:南35線,Q10906497,Taiwan
***ERROR:南38線,Q10906500,Taiwan
***ERROR:南41線,Q10906504,Taiwan
***ERROR:南53線,Q10906517,Taiwan
***ERROR:南5線,Q10906520,Taiwan
***ERROR:宜專1線,Q10948881,Taiwan
***ERROR:投14線,Q11076425,Taiwan
***ERROR:投18線,Q11076426,Taiwan
***ERROR:投39線,Q11076429,Taiwan
***ERROR:投44線,Q11076430,Taiwan
***ERROR:投65線,Q11076433,Taiwan
***ERROR:北42線,Q10901898,Taiwan
***ERROR:北4線,Q10901900,Taiwan
***ERROR:北55線,Q10901903,Taiwan
***ERROR:北102線,Q10901860,Taiwan
***ERROR:北111線,Q10901869,Taiwan
***ERROR:北115線,Q10901872,Taiwan
***ERROR:北118線,Q10901876,Taiwan
***ERROR:北122線,Q10901879,Taiwan
***ERROR:北15線,Q10901881,Taiwan
***ERROR:北2線,Q10901886,Taiwan
***ERROR:北30線,Q10901887,Taiwan
***ERROR:北31線,Q10901889,Taiwan
***ERROR:北3線,Q10901897,Taiwan
***ERROR:北13線,Q18109634,Taiwan
***ERROR:北26線,Q18109694,Taiwan
***ERROR:北78線,Q18109721,Taiwan
***ERROR:屏203線,Q18111570,Taiwan
***ERROR:彰2線,Q18111849,Taiwan
***ERROR:投10線,Q18109631,Taiwan
***ERROR:東72線,Q18118577,Taiwan
***ERROR:竹41線,Q17031193,Taiwan
***ERROR:市5線,Q18384139,Taiwan
***ERROR:市5線,Q18384140,Taiwan
***ERROR:中92線,Q18651274,Taiwan
***ERROR:北49線,Q18233512,Taiwan
***ERROR:雲220線,Q18236664,Taiwan
***ERROR:投54線,Q24839245,Taiwan
***ERROR:278省道,Q2113974,Netherlands
***ERROR:北121線,Q17499054,Taiwan
***ERROR:高112線,Q19854067,Taiwan
***ERROR:縣道112號,Q11582729,Taiwan
***ERROR:縣道108號,Q11582725,Taiwan
***ERROR:縣道114號,Q11582731,Taiwan
***ERROR:駒歸IC,Komagaeri crossing,Japan
***ERROR:北24線,Q17499048,Taiwan
***ERROR:北29線,Q17499051,Taiwan
***ERROR:北51線,Q17499080,Taiwan
***ERROR:北63線,Q17499086,Taiwan
***ERROR:雲197線,Q17499802,Taiwan
***ERROR:中90線,Q10871640,Taiwan
***ERROR:中91線,Q10871638,Taiwan
***ERROR:坂根IC,Sakane crossing,Japan
***ERROR:投27線,Q24839237,Taiwan
***ERROR:投58線,Q24839241,Taiwan
***ERROR:中專8線,Q10875177,Taiwan
***ERROR:北11線,Q10901878,Taiwan
***ERROR:北17線,Q10901883,Taiwan
***ERROR:北1線,Q10901885,Taiwan
***ERROR:北33線,Q10901891,Taiwan
***ERROR:苗21線,Q17030186,Taiwan
***ERROR:中3線,Q10871636,Taiwan
***ERROR:中44線,Q10871637,Taiwan
***ERROR:中專7線,Q10875176,Taiwan
***ERROR:北110線,Q18109637,Taiwan
***ERROR:屏205線,Q18111577,Taiwan
***ERROR:北106線,Q10901863,Taiwan
***ERROR:北107線,Q10901865,Taiwan
***ERROR:北10線,Q10901868,Taiwan
***ERROR:北113線,Q10901870,Taiwan
***ERROR:北32線,Q10901890,Taiwan
***ERROR:北35線,Q10901894,Taiwan
***ERROR:縣道175號,Q16929199,Taiwan
***ERROR:北65線,Q17499089,Taiwan
***ERROR:雲201線,Q17499804,Taiwan
***ERROR:北112線,Q18109639,Taiwan
***ERROR:北43線,Q18109712,Taiwan
***ERROR:北61線,Q18109716,Taiwan
***ERROR:北76線,Q18109717,Taiwan
***ERROR:屏202線,Q18111567,Taiwan
***ERROR:東66線,Q18118575,Taiwan
***ERROR:東70線,Q18118576,Taiwan
***ERROR:雲1線,Q18119421,Taiwan
***ERROR:斯帕-弗朗科尔尚赛道,Spa-Francorchamps,Belgium
***ERROR:北100線,Q10901857,Taiwan
***ERROR:北104線,Q10901861,Taiwan
***ERROR:北114線,Q10901871,Taiwan
***ERROR:北14線,Q10901882,Taiwan
***ERROR:北34線,Q10901892,Taiwan
***ERROR:北37線,Q10901895,Taiwan
***ERROR:北39線,Q10901896,Taiwan
***ERROR:北54線,Q10901901,Taiwan
***ERROR:縣道107號,Q11582722,Taiwan
***ERROR:縣道110號,Q11582726,Taiwan
***ERROR:縣道113號,Q11582728,Taiwan
***ERROR:北119線,Q17499029,Taiwan
***ERROR:北45線,Q17499077,Taiwan
***ERROR:北77線,Q17499092,Taiwan
***ERROR:彰129線,Q17499223,Taiwan
***ERROR:苗1線,Q17498884,Taiwan
***ERROR:高125線,Q17500552,Taiwan
***ERROR:海特-艾許伯里區,Haight-Ashbury,United States of America
***ERROR:市北11線,Q18384141,Taiwan
***ERROR:北123線,Q17499056,Taiwan
***ERROR:北79線,Q17499107,Taiwan
***ERROR:北25線,Q18110884,Taiwan
***ERROR:北36線,Q18109705,Taiwan
***ERROR:北40線,Q18109710,Taiwan
***ERROR:屏201線,Q18111563,Taiwan
***ERROR:屏206線,Q18111581,Taiwan
***ERROR:39號堪薩斯州州道,K-39,United States of America
***ERROR:北120線,Q18109700,Taiwan
***ERROR:北20線,Q18110880,Taiwan
***ERROR:北27線,Q18109696,Taiwan
***ERROR:北28線,Q18109698,Taiwan
***ERROR:屏204線,Q18111574,Taiwan
***ERROR:內未爾馬涅-古赫賽道,Circuit de Nevers Magny-Cours,France
***ERROR:尼韋爾-包勒賽道,Nivelles-Baulers,Belgium
***ERROR:中1線,Q10871634,Taiwan
***ERROR:中93線,Q10871642,Taiwan
***ERROR:吉耶·維倫紐夫賽道,Circuit Gilles Villeneuve,Canada
***ERROR:中專1線,Q10875174,Taiwan
***ERROR:竹專2線,Q17040576,Taiwan
***ERROR:北101線,Q10901859,Taiwan
***ERROR:北105線,Q10901862,Taiwan
***ERROR:北108線,Q10901866,Taiwan
***ERROR:北116線,Q10901873,Taiwan
***ERROR:北117線,Q10901874,Taiwan
***ERROR:北12線,Q10901880,Taiwan
***ERROR:329省道 (浙江),S329,People's Republic of China
***ERROR:穆萊·哈桑賽道,Circuit International Automobile Moulay El Hassan,Morocco
***ERROR:奧斯卡·阿弗雷多·蓋爾維茲賽道,Autódromo Juan y Oscar Gálvez,Argentina
***ERROR:213省道 (浙江),S213,People's Republic of China
***ERROR:309省道 (江西),S309,People's Republic of China
***ERROR:尼爾森·畢奇國際賽道,Autódromo Internacional Nelson Piquet,Brazil
***ERROR:225省道,S225,People's Republic of China
***ERROR:國家支援地方道23號,National support road 23,South Korea
***ERROR:226省道,S226,People's Republic of China
***ERROR:228省道 (浙江),S228,People's Republic of China
***ERROR:322省道 (浙江),S322,People's Republic of China
***ERROR:328省道 (浙江),S328,People's Republic of China
***ERROR:332省道 (浙江),S332,People's Republic of China
***ERROR:211省道 (浙江),S211,People's Republic of China
***ERROR:304省道 (江西),S304,People's Republic of China
***ERROR:225省道 (浙江),S225,People's Republic of China
***ERROR:228省道,S228,People's Republic of China
***ERROR:224省道,S224,People's Republic of China
***ERROR:227省道,S227,People's Republic of China
***ERROR:321省道 (浙江),S321,People's Republic of China
***ERROR:215省道 (浙江),S215,People's Republic of China
***ERROR:317省道 (浙江),S317,People's Republic of China
***ERROR:324省道 (浙江),S324,People's Republic of China
***ERROR:223省道,S223,People's Republic of China
***ERROR:第戎-普瑞諾斯賽道,Dijon-Prenois,France
***ERROR:安佐與迪諾·法拉利賽道,Autodromo Enzo e Dino Ferrari,Italy
***ERROR:101省道,S101,People's Republic of China
***ERROR:318省道 (浙江),S318,People's Republic of China
***ERROR:331省道 (浙江),S331,People's Republic of China
***ERROR:330省道 (浙江),S330,People's Republic of China
***ERROR:231省道 (浙江),S231,People's Republic of China
***ERROR:222省道 (江西),S222,People's Republic of China
***ERROR:214省道,Q15898178,People's Republic of China
***ERROR:310省道,Q15903596,People's Republic of China
***ERROR:232省道,S232,People's Republic of China
***ERROR:226省道 (浙江),S226,People's Republic of China
***ERROR:212省道 (江西),S212,People's Republic of China
***ERROR:308省道 (江西),S308,People's Republic of China
***ERROR:里卡多·帕萊蒂賽道,Autodromo Riccardo Paletti,Italy
***ERROR:230省道,S230,People's Republic of China
***ERROR:理姆斯-格鎮賽道,Reims-Gueux,France
***ERROR:202省道 (江西),S202,People's Republic of China
***ERROR:204省道 (江西),S204,People's Republic of China
***ERROR:307省道 (江西),S307,People's Republic of China
***ERROR:216省道 (浙江),S216,People's Republic of China
***ERROR:320省道 (浙江),S320,People's Republic of China
***ERROR:203省道,S203,People's Republic of China
***ERROR:贝尔塔·本茨纪念之路,Bertha Benz Memorial Route,Germany
***ERROR:希臘90號國道,Greek National Road 90,Greece
***ERROR:309省道 (浙江),S309,People's Republic of China
***ERROR:232省道 (浙江),S232,People's Republic of China
***ERROR:保羅·里卡德賽道,Circuit Paul Ricard,France
***ERROR:229省道 (浙江),S229,People's Republic of China
***ERROR:魯昂-萊塞薩爾賽道,Rouen-Les-Essarts,France
***ERROR:223省道 (浙江),S223,People's Republic of China
***ERROR:雷古納·賽卡賽道,Mazda Raceway Laguna Seca,United States of America
***ERROR:201省道 (江西),S201,People's Republic of China
***ERROR:324省道 (江西),S324,People's Republic of China
***ERROR:214省道 (浙江),S214,People's Republic of China
***ERROR:311省道 (浙江),S311,People's Republic of China
***ERROR:319省道 (浙江),S319,People's Republic of China
***ERROR:325省道 (浙江),S325,People's Republic of China
***ERROR:303省道 (江西),S303,People's Republic of China
***ERROR:213省道,S213,People's Republic of China
***ERROR:315省道 (江西),S315,People's Republic of China
***ERROR:323省道,S323,People's Republic of China
***ERROR:215省道,S215,People's Republic of China
***ERROR:301省道 (江西),S301,People's Republic of China
***ERROR:207省道,S207,People's Republic of China
***ERROR:305省道,S305,People's Republic of China
***ERROR:221省道,S221,People's Republic of China
***ERROR:216省道,Q16078343,People's Republic of China
***ERROR:216省道,S216,People's Republic of China
***ERROR:214省道,S214,People's Republic of China
***ERROR:208省道,S208,People's Republic of China
***ERROR:211省道 (江西),S211,People's Republic of China
***ERROR:219省道,S219,People's Republic of China
***ERROR:220省道,S220,People's Republic of China
***ERROR:306省道 (江西),S306,People's Republic of China
***ERROR:205省道,S205,People's Republic of China
***ERROR:210省道,S210,People's Republic of China
***ERROR:209省道,S209,People's Republic of China
***ERROR:217省道,S217,People's Republic of China
***ERROR:捷克Brno站,Masaryk Circuit,Czech Republic
***ERROR:206省道,S206,People's Republic of China
***ERROR:302省道,S302,People's Republic of China
***ERROR:218省道,S218,People's Republic of China
***ERROR:chinesisch,Q398398,Russia
***ERROR:吉福德·平肖國家森林,Gifford Pinchot National Forest,United States of America
***ERROR:布里德－蒂頓國家森林公園,Bridger-Teton National Forest,United States of America
***ERROR:獭头-鹿栈国家森林,Beaverhead-Deerlodge National Forest,United States of America
***ERROR:貝克山-斯諾誇爾米國家森林,Mount Baker-Snoqualmie National Forest,United States of America
***ERROR:雅頓 (瓦立克郡),"Arden, Warwickshire"
***ERROR:莫吉利夫-波季利西基區,Mohyliv-Podilskyi Raion,Ukraine
***ERROR:基輔-斯維亞托申區,Kiev-Sviatoshyn Raion,Ukraine
***ERROR:卡緬卡-布濟卡區,Kamianka-Buzka Raion,Ukraine
***ERROR:諾夫哥羅德-謝韋爾斯基區,Novhorod-Siverskyi Raion,Ukraine
***ERROR:佩列亞斯拉夫-赫梅利尼茨基區,Pereiaslav-Khmelnytskyi Raion,Ukraine
***ERROR:卡緬涅茨-波多利斯基區,Kamianets-Podilskyi Raion,Ukraine
***ERROR:卡明-卡希爾西基區,Kamin-Kashyrskyi Raion,Ukraine
***ERROR:弗拉基米爾-沃倫斯基區,Volodymyr-Volynskyi Raion,Ukraine
***ERROR:沃洛達爾西克-沃林西基區,Khoroshiv Raion,Ukraine
***ERROR:科爾孫-舍甫琴柯夫斯基區,Korsun-Shevchenkivskyi Raion,Ukraine
***ERROR:比爾戈羅德-德尼斯特羅夫西基區,Bilhorod-Dnistrovskyi Raion,Ukraine
***ERROR:烏納-薩納州,Una-Sana Canton,Bosnia and Herzegovina
***ERROR:波斯尼亞-波德里涅州,Bosnian Podrinje Canton,Bosnia and Herzegovina
***ERROR:澤尼察-多博伊州,Zenica-Doboj Canton,Bosnia and Herzegovina
***ERROR:黑塞哥維那-涅雷特瓦州,Herzegovina-Neretva Canton,Bosnia and Herzegovina
***ERROR:克里昂 (法國),canton of Créon,France
***ERROR:"梅迪亞, 賓夕法尼亞州",Media
***ERROR:巴金-達格納姆區,London Borough of Barking and Dagenham,United Kingdom
***ERROR:多伊爾斯敦 (賓夕法尼亞州),Doylestown,United States of America
***ERROR:米爾佛特 (賓夕法尼亞州),Milford,United States of America
***ERROR:阿普蘭 (賓夕凡尼亞州),Upland,United States of America
***ERROR:霍姆斯特德 (賓州),Homestead,United States of America
***ERROR:哈默史密斯-富勒姆區,London Borough of Hammersmith and Fulham,United Kingdom
***ERROR:麥迪遜，新澤西,Madison,United States of America
***ERROR:李堡 (新澤西州),"Fort Lee, New Jersey"
***ERROR:聖克萊爾 (賓夕法尼亞州),St. Clair,United States of America
***ERROR:艾恩摩爾 (賓夕法尼亞州),Avonmore,United States of America
***ERROR:安茹 (魁北克省),Anjou,Canada
***ERROR:肯辛頓-切爾西區,Royal Borough of Kensington and Chelsea,United Kingdom
***ERROR:克利爾菲 (賓夕法尼亞州),Clearfield,United States of America
***ERROR:奧斯汀 (賓夕法尼亞),Austin,United States of America
***ERROR:學院村 (賓夕法尼亞州),Collegeville,United States of America
***ERROR:帕拉莫斯 (紐澤西州),Paramus,United States of America
***ERROR:韦茅斯-波特兰,Weymouth and Portland,United Kingdom
***ERROR:卡特萊特 (紐澤西州),Carteret,United States of America
***ERROR:薩斯奎漢納車站 (賓夕法尼亞州),Susquehanna Depot,United States of America
***ERROR:麥基斯羅克斯 (賓夕法尼亞州),McKees Rocks,United States of America
***ERROR:布里斯托 (賓夕法尼亞州),Bristol,United States of America
***ERROR:東斯特勞斯堡 (賓夕法尼亞州),East Stroudsburg,United States of America
***ERROR:快樂角 (紐澤西州),Point Pleasant,United States of America
***ERROR:拉姆森 (新澤西州),Rumson,United States of America
***ERROR:法明代爾 (新澤西州),"Farmingdale, New Jersey"
***ERROR:英吉利敦 (新澤西州),Englishtown,United States of America
***ERROR:埃普瑟姆-尤厄爾,Epsom and Ewell,United Kingdom
***ERROR:Green Tree (賓夕凡尼亞州),Green Tree,United States of America
***ERROR:貝爾馬 (新澤西州),"Belmar, New Jersey"
***ERROR:韋斯特伍德 (新澤西州),Westwood,United States of America
***ERROR:奧克蘭 (新澤西州),Oakland,United States of America
***ERROR:Côte de Bohissau,Côte de Bohissau,Belgium
***ERROR:金馬倫山 (香港),Mount Cameron,People's Republic of China
***ERROR:稻荷山古墳 (高島市),Q17193420,Japan
***ERROR:稻荷山古墳 (行田市),Inariyama Kofun,Japan
***ERROR:45號沙丘,Dune 45,Namibia
***ERROR:Côte de Cherave,Côte de Cherave,Belgium
***ERROR:淺間山古墳 (榮町),Q11557461,Japan
***ERROR:淺間山古墳 (高崎市),Q11557462,Japan
***ERROR:月山 (晋宁县),Q11091925,People's Republic of China
***ERROR:茶臼山古墳 (大津市),Q27926911,Japan
***ERROR:塚穴古墳 (羽曳野市),Q11428560,Japan
***ERROR:吹田站 (JR西日本),Suita Station,Japan
***ERROR:乙支路3街站,Euljiro 3-ga Station,South Korea
***ERROR:三門站 (千葉縣),Mikado Station,Japan
***ERROR:西大橋站 (大阪府),Nishiōhashi Station,Japan
***ERROR:希斯洛機場5號航廈站,Heathrow Terminal 5 station,United Kingdom
***ERROR:大原站 (千葉縣),Ōhara Station,Japan
***ERROR:板橋站 (日本),Itabashi Station,Japan
***ERROR:保田站 (千葉縣),Hota Station,Japan
***ERROR:元町站 (兵庫縣),Motomachi Station,Japan
***ERROR:大塚站 (東京都),Ōtsuka Station,Japan
***ERROR:日野站 (東京都),Hino Station,Japan
***ERROR:柏林-万湖站,Berlin-Wannsee station,Germany
***ERROR:玉川站 (大阪府),Tamagawa Station,Japan
***ERROR:布里翁-蒙特雷阿拉克吕斯站,Q568330,France
***ERROR:小倉站 (福岡縣),Kokura Station,Japan
***ERROR:내수站,Naesu Station,South Korea
***ERROR:慕尼黑-帕興車站,München-Pasing station,Germany
***ERROR:漢堡-哈爾堡車站,Hamburg-Harburg station,Germany
***ERROR:千歲站 (千葉縣),Chitose Station,Japan
***ERROR:永田車站 (千葉縣),Nagata Station,Japan
***ERROR:小路站 (日本),Shōji Station,Japan
***ERROR:贝尔福-蒙贝利亚TGV站,Gare de Belfort – Montbéliard TGV,France
***ERROR:富浦站 (千葉縣),Tomiura Station,Japan
***ERROR:十條站 (東京都),Jūjō Station,Japan
***ERROR:列日-吉耶曼车站,Liège-Guillemins railway station,Belgium
***ERROR:马西TGV站,Gare de Massy TGV,France
***ERROR:村上站 (千葉縣),Murakami Station,Japan
***ERROR:默兹TGV站,Gare de Meuse TGV,France
***ERROR:柏林-瓦達曼史爾斯特車站,Berlin-Waidmannslust station,Germany
***ERROR:莫斯科-瞭望塔站,Moskva-Kalanchevskaya,Russia
***ERROR:加萊－弗和丹車站,Gare de Calais-Fréthun,France
***ERROR:洛林TGV站,Gare de Lorraine TGV,France
***ERROR:香槟-阿登TGV站,Gare de Champagne-Ardenne TGV,France
***ERROR:马西-帕莱索站,Gare de Massy-Palaiseau,France
***ERROR:马恩河谷－雪西站,Gare de Marne-la-Vallée – Chessy,France
***ERROR:乙支路4街站,Euljiro 4-ga Station,South Korea
***ERROR:御影車站 (阪急),Mikage Station,Japan
***ERROR:斯圖加特-法因恩車站,Stuttgart-Vaihingen station,Germany
***ERROR:吉爾福德站 (薩里郡),Guildford railway station,United Kingdom
***ERROR:夏特雷-大堂站,Gare de Châtelet – Les Halles,France
***ERROR:斯圖加特-祖文豪森車站,Stuttgart-Zuffenhausen station,Germany
***ERROR:贝桑松TGV站,Gare de Besançon Franche-Comté TGV,France
***ERROR:堺市站,Sakaishi Station,Japan
***ERROR:挂法Renecite站,Gwaebeop Renecite Station,South Korea
***ERROR:巴黎戴高樂機場2號車站,Aéroport Charles de Gaulle 2 TGV,France
***ERROR:阿拉木图2号站,Almaty-2 railway station,Kazakhstan
***ERROR:阿拉木图1号站,Almaty-1 railway station,Kazakhstan
***ERROR:高崎站 (日本),Takasaki Station,Japan
***ERROR:前垈·爱宝乐园站,Jeondae–Everland Station,South Korea
***ERROR:曾根車站 (兵庫縣),Sone Station,Japan
***ERROR:上皮卡第TGV站,TGV Haute-Picardie railway station,France
***ERROR:慕尼黑-特魯德林格車站,München Trudering station,Germany
***ERROR:慕尼黑-萊姆畔貝格車站,München-Berg am Laim station,Germany
***ERROR:杰斐逊/南加大站,Jefferson/USC,United States of America
***ERROR:江南站 (愛知縣),Kōnan Station,Japan
***ERROR:慕尼黑-基興車站,München-Giesing station,Germany
***ERROR:慕尼黑-萊姆車站,München-Laim station,Germany
***ERROR:默恩-耶弗尔站,Q607296,France
***ERROR:中津車站 (阪急),Nakatsu Station,Japan
***ERROR:Wilshire/Western 站,Wilshire/Western,United States of America
***ERROR:慕尼黑-費爾德莫興車站,München-Feldmoching station,Germany
***ERROR:慕尼黑-里姆車站,München-Riem station,Germany
***ERROR:青笹站,Aozasa Station,Japan
***ERROR:斯圖加特-巴特康斯達特車站,Stuttgart-Bad Cannstatt station,Germany
***ERROR:夏洛滕堡站 (柏林),Berlin-Charlottenburg station,Germany
***ERROR:屯田站 (京畿道),Dunjeon Station,South Korea
***ERROR:花郎台站 (韩国铁道公社),Hwarangdae Station,South Korea
***ERROR:市厅·龙仁大站,City Hall–Yongin University Station,South Korea
***ERROR:运动场·松潭大站,Stadium–Songdam College Station,South Korea
***ERROR:柏林-西區車站,Berlin-Westend station,Germany
***ERROR:双D港站,DD Port Station,People's Republic of China
***ERROR:贾特拉帕蒂·希瓦吉终点站,Chhatrapati Shivaji Maharaj Terminus,India
***ERROR:深川站 (忠清北道),Simcheon Station,South Korea
***ERROR:三十街車站 (費城),30th Street Station,United States of America
***ERROR:鹤洞·证心寺入口站,Hakdong·Jeungsimsa Station,South Korea
***ERROR:克朗丹·塞爾頓站,Corentin Celton,France
***ERROR:岡山站 (日本),Okayama Station,Japan
***ERROR:馬喰橫山站,Bakuro-yokoyama Station,Japan
***ERROR:笹塚站,Sasazuka Station,Japan
***ERROR:东大邱站 (大邱地铁),Dongdaegu Station,South Korea
***ERROR:德累斯顿-新城车站,Dresden-Neustadt station,Germany
***ERROR:赤碕車站,Akasaki Station,Japan
***ERROR:科隆展会/道依茨车站,Köln Messe/Deutz station,Germany
***ERROR:佩尔桑-博蒙站,Gare de Persan-Beaumont,France
***ERROR:海因里希-海涅大街站,Heinrich-Heine-Straße,Germany
***ERROR:櫻川站 (大阪府),Sakuragawa Station,Japan
***ERROR:埃本豪森-謝夫特拉恩車站,Ebenhausen-Schäftlarn station,Germany
***ERROR:日本國鐵203系電力動車組,203 series,Japan
***ERROR:里永-沙泰勒吉永站,Q521237,France
***ERROR:長原站 (大阪府),Nagahara Station,Japan
***ERROR:柏林-舍讷费尔德机场站,Berlin Schönefeld Flughafen station,Germany
***ERROR:機場第2大樓站,Airport Terminal 2 Station,Japan
***ERROR:肯德爾/麻省理工鐵路站,Kendall/MIT,United States of America
***ERROR:漢堡-貝格多夫車站,Hamburg-Bergedorf station,Germany
***ERROR:姶良站,Aira Station,Japan
***ERROR:洛桑-Flon 车站,Lausanne-Flon railway station,Switzerland
***ERROR:柏林-舍訥魏德車站,Berlin-Schöneweide station,Germany
***ERROR:杁中車站,Irinaka Station,Japan
***ERROR:馬喰町站,Bakurochō Station,Japan
***ERROR:柏原車站 (大阪府),Kashiwara Station,Japan
***ERROR:體育館－華埠站,Stadium–Chinatown Station,Canada
***ERROR:空斯塔布勒-瓦赫車站,Frankfurt Konstablerwache station,Germany
***ERROR:福山車站 (日本),Fukuyama Station,Japan
***ERROR:長尾站 (大阪府),Nagao Station,Japan
***ERROR:18街,18th Street,United States of America
***ERROR:JR長瀨站,JR Nagase Station,Japan
***ERROR:福島站 (福島縣),Fukushima Station,Japan
***ERROR:長浦站 (千葉縣),Nagaura Station,Japan
***ERROR:阿尼耶-熱訥維耶-古蒂爾站,Asnières – Gennevilliers – Les Courtilles,France
***ERROR:廣野車站 (兵庫縣),Hirono Station,Japan
***ERROR:草野站 (兵庫縣),Kusano Station,Japan
***ERROR:圣米歇尔-巴黎圣母院站,Gare de Saint-Michel-Notre-Dame,France
***ERROR:辻站,Tsuji Station,Japan
***ERROR:JR三山木站,JR Miyamaki Station,Japan
***ERROR:下狛站,Shimokoma Station,Japan
***ERROR:郡山站 (奈良縣),Kōriyama Station,Japan
***ERROR:埃斯林根(內卡)車站,Esslingen (Neckar) station,Germany
***ERROR:新橋站 (日本),Shimbashi Station,Japan
***ERROR:拉馬克-戈蘭古站,Lamarck – Caulaincourt,France
***ERROR:雫石車站,Shizukuishi Station,Japan
***ERROR:高畠車站,Takahata Station,Japan
***ERROR:堺田車站,Sakaida Station,Japan
***ERROR:Sierra Madre Villa 站,Sierra Madre Villa,United States of America
***ERROR:新田站 (京都府),Shinden Station,Japan
***ERROR:圣莫尔-克雷泰伊站,Saint-Maur – Créteil,France
***ERROR:汉堡-阿尔托纳车站,Hamburg-Altona station,Germany
***ERROR:215街車站,215th Street,United States of America
***ERROR:JR難波車站,JR Namba Station,Japan
***ERROR:比蒂格海姆-比辛根车站,Bietigheim-Bissingen station,Germany
***ERROR:伊丹站 (JR西日本),Itami Station,Japan
***ERROR:鴫野站,Shigino Station,Japan
***ERROR:日本國鐵207系電力動車組,207 series,Japan
***ERROR:弗拉米尼奧 - 人民廣場站,Flaminio,Italy
***ERROR:金野站 (日本),Kinno Station,Japan
***ERROR:小川町站 (埼玉縣),Ogawamachi Station,Japan
***ERROR:加布里耶爾·佩里站,Gabriel Péri,France
***ERROR:西鐵福岡（天神）車站,Nishitetsu Fukuoka (Tenjin) Station,Japan
***ERROR:豐川站 (愛知縣),Toyokawa Station,Japan
***ERROR:塚口站 (JR西日本),Tsukaguchi Station,Japan
***ERROR:加茂站 (京都府),Kamo Station,Japan
***ERROR:大川站 (神奈川縣),Ōkawa Station,Japan
***ERROR:扇町站 (神奈川縣),Ōgimachi Station,Japan
***ERROR:巴贝里尼-特莱维喷泉站,Barberini,Italy
***ERROR:慕尼黑-諾伊佩爾拉赫南站,München Neuperlach Süd station,Germany
***ERROR:锦南路4街站,Geumnamno 4-ga Station,South Korea
***ERROR:市厅站 (大田),City Hall Station,South Korea
***ERROR:西條站 (長野縣),Nishijō Station,Japan
***ERROR:大诺瓦西－东峰站,Noisy-le-Grand – Mont d'Est,France
***ERROR:柏原車站 (兵庫縣),Kaibara Station,Japan
***ERROR:中之島車站 (大阪府),Nakanoshima Station,Japan
***ERROR:黑井車站 (兵庫縣),Kuroi Station,Japan
***ERROR:國王十字火車站 (悉尼),Kings Cross railway station,Australia
***ERROR:JR藤森車站,JR Fujinomori Station,Japan
***ERROR:桃山站 (日本),Momoyama Station,Japan
***ERROR:上狛站,Kamikoma Station,Japan
***ERROR:孔弗朗-雅尔尼站,Q2116516,France
***ERROR:辻堂站,Tsujidō Station,Japan
***ERROR:緬街－科學世界站,Main Street – Science World Station,Canada
***ERROR:金馬素－百老匯站,Commercial–Broadway Station,Canada
***ERROR:奧夫埃斯蒂安-三一堂站,Trinité – d'Estienne d'Orves,France
***ERROR:蒙特雷若-古尔当波利尼昂站,Gare de Montréjeau-Gourdan-Polignan,France
***ERROR:溫哥華社區學院－克拉克站,VCC–Clark Station,Canada
***ERROR:竹田站 (京都府),Takeda Station,Japan
***ERROR:橋本站 (京都府),Hashimoto Station,Japan
***ERROR:Gala湯澤車站,Gala-Yuzawa Station,Japan
***ERROR:190街,190th Street,United States of America
***ERROR:元町、中華街站,Motomachi-Chūkagai Station,Japan
***ERROR:柏林-赫爾曼大街車站,Hermannstraße railway station,Germany
***ERROR:井野車站 (群馬縣),Ino Station,Japan
***ERROR:馬拉科夫-埃蒂安·多雷路站,Malakoff – Rue Étienne Dolet,France
***ERROR:91街車站,91st Street,United States of America
***ERROR:Corrour火車站,Corrour railway station,United Kingdom
***ERROR:大和田站 (大阪府),Ōwada Station,Japan
***ERROR:沙蒂隆－蒙魯日車站,Châtillon - Montrouge,France
***ERROR:上牧車站 (群馬縣),Kamimoku Station,Japan
***ERROR:Darnytsia火車站,Darnytsia Railway Station,Ukraine
***ERROR:大浦站 (江原道),Q1592250,South Korea
***ERROR:愛、地球博記念公園車站,Aichikyūhaku-kinen-kōen Station,Japan
***ERROR:水上車站 (日本),Minakami Station,Japan
***ERROR:杁池公園車站,Irigaike-kōen Station,Japan
***ERROR:南光州站 (廢站),Namgwangju Station (defunct station),South Korea
***ERROR:本莊站 (福井縣),Honjō Station,Japan
***ERROR:沙勒维尔-梅济耶尔站,Gare de Charleville-Mézières,France
***ERROR:我孙子站 (大阪府),Abiko Station,Japan
***ERROR:Orange Town站,Orange Town Station,Japan
***ERROR:耶魯鎮－弘藝中心站,Yaletown–Roundhouse Station,Canada
***ERROR:史柏靈－本拿比湖站,Sperling – Burnaby Lake Station,Canada
***ERROR:生產路－大學站,Production Way – University Station,Canada
***ERROR:勒特雷波尔-梅尔斯站,Gare du Tréport-Mers,France
***ERROR:29街站,29th Avenue Station,Canada
***ERROR:載絲－哥靈活站,Joyce–Collingwood Station,Canada
***ERROR:加茂站 (三重縣),Kamo Station,Japan
***ERROR:昭和町站 (大阪府),Shōwachō Station,Japan
***ERROR:三條站 (京都府),Sanjo Station,Japan
***ERROR:河原町站 (京都府),Kawaramachi Station,Japan
***ERROR:欧巴津-圣蒂莱尔站,Gare d'Aubazine-Saint-Hilaire,France
***ERROR:米尼亚卢-努艾耶站,Q2149362,France
***ERROR:襄阳站 (江原道),Q1592887,South Korea
***ERROR:草梁站 (国铁),Q1593300,South Korea
***ERROR:西宮站 (JR西日本),Nishinomiya Station,Japan
***ERROR:維拉爾 (印度),Virar,India
***ERROR:馬克思·多莫瓦站,Marx Dormoy,France
***ERROR:叙西-博讷伊站,Sucy – Bonneuil (Paris RER),France
***ERROR:宇治站 (京阪),Uji Station,Japan
***ERROR:普尼-尚西站,Pougny - Chancy,France
***ERROR:馬拉科夫-旺沃台站,Malakoff – Plateau de Vanves,France
***ERROR:山崎站 (京都府),Yamazaki Station,Japan
***ERROR:22街站,22nd Street Station,Canada
***ERROR:讷维-巴于站,Q2055777,France
***ERROR:145街車站,145th Street,United States of America
***ERROR:175街,175th Street,United States of America
***ERROR:布卢瓦-香波站,Gare de Blois,France
***ERROR:Gare de Noisiel,Noisiel,France
***ERROR:大久保站 (兵庫縣),Ōkubo Station,Japan
***ERROR:草野車站 (福島縣),Kusano Station,Japan
***ERROR:廣野車站 (福島縣),Hirono Station,Japan
***ERROR:蘭加拉－49街站,Langara – 49th Avenue Station,Canada
***ERROR:圣弗洛朗-谢尔站,Q2168788,France
***ERROR:塩屋駅站(兵庫縣),Shioya Station,Japan
***ERROR:诺瓦西－田场站,Noisy - Champs Station,France
***ERROR:南方四賤客（第3季）,Q2271585,France
***ERROR:维勒-莫朗站,Q2022973,France
***ERROR:马孔-洛什TGV站,Gare de Mâcon-Loché TGV,France
***ERROR:拉罗什-弗隆站,La Roche-sur-Foron,France
***ERROR:百老匯－市政廳站,Broadway – City Hall Station,Canada
***ERROR:列治文－布里格豪斯站,Richmond–Brighouse Station,Canada
***ERROR:索利尼亚克-勒维让站,Gare de Solignac-Le Vigen,France
***ERROR:谢勒-古尔奈站,Gare de Chelles-Gournay,France
***ERROR:蒙特福阿莫里-梅雷,Q2260519,France
***ERROR:23街車站,23rd Street,United States of America
***ERROR:平原-法兰西体育场站,Gare de La Plaine-Stade de France,France
***ERROR:艾姆-拉普拉涅站,Gare d'Aime-La Plagne,France
***ERROR:自由城-韦尔内莱班站,Q2672817,France
***ERROR:查令十字站 (格拉斯哥),Charing Cross railway station,United Kingdom
***ERROR:沃思街車站 (IRT萊辛頓大道線),Worth Street,United States of America
***ERROR:埃尔蒙-奥博讷站,Gare d'Ermont-Eaubonne,France
***ERROR:渥烈治－41街站,Oakridge – 41st Avenue Station,Canada
***ERROR:第五大道/53街車站,Fifth Avenue / 53rd Street,United States of America
***ERROR:乌邑-塞纳河畔采石场站,Gare de Houilles – Carrières-sur-Seine,France
***ERROR:维托勒-马赛机场站,Q2462992,France
***ERROR:23街站,23rd Street,United States of America
***ERROR:孔弗朗-瓦兹河尾站,Gare de Conflans-Fin-d'Oise,France
***ERROR:181街,181st Street,United States of America
***ERROR:老城站 (布拉格),Staroměstská,Czech Republic
***ERROR:163街-阿姆斯特丹大道,163rd Street – Amsterdam Avenue,United States of America
***ERROR:23街,23rd Street,United States of America
***ERROR:黑斯廷斯站 (英國),Hastings railway station,United Kingdom
***ERROR:夏伊-布瓦西堡,Q3096166,France
***ERROR:雅尔纳克-夏朗特站,Q2839048,France
***ERROR:帕尔梅拉斯-巴拉丰达站,Palmeiras-Barra Funda Intermodal Terminal,Brazil
***ERROR:诺齐埃-布里尼翁站,Q3097231,France
***ERROR:GO會展車站,Exhibition GO Station,Canada
***ERROR:韦讷-德沃吕站,Q2669992,France
***ERROR:弗朗索瓦·密特朗图书馆站,Bibliothèque François Mitterrand Station,France
***ERROR:Gare de Vincennes,Vincennes,France
***ERROR:尼斯CP站,Gare de Nice CP,France
***ERROR:艾克斯莱班-勒赫瓦尔站,Gare d'Aix-les-Bains-Le Revard,France
***ERROR:森林山站 (波士頓),Forest Hills,United States of America
***ERROR:埃姆兰维勒-蓬托孔博站,Émerainville – Pontault-Combault (Paris RER),France
***ERROR:沙拉托加大道車站 (IRT紐羅次線),Saratoga Avenue,United States of America
***ERROR:拉巴斯提德-圣洛朗莱班站,Q3096747,France
***ERROR:新堡-夏朗特站,Q2872674,France
***ERROR:聯合車站 (聖迭戈),Union Station,United States of America
***ERROR:圣弗卢尔-热针站,Q3097518,France
***ERROR:圣阿芒蒙通-奥尔瓦勒站,Saint-Amand-Montrond - Orval train station,France
***ERROR:上長瀞車站,Kami-Nagatoro Station,Japan
***ERROR:新屋站 (秋田縣),Araya Station,Japan
***ERROR:櫻澤站 (埼玉縣),Sakurazawa Station,Japan
***ERROR:巴爾的摩賓州車站（輕軌）,Pennsylvania Station,United States of America
***ERROR:丰-圣马梅尔站,Q3096441,France
***ERROR:聯合車站 (溫尼伯),Union Station,Canada
***ERROR:南鄉18丁目車站,Nangō-Jūhatchōme Station,Japan
***ERROR:翠安農-藝術博物館站,Trianon-Masp,Brazil
***ERROR:南鄉13丁目車站,Nangō-Jūsan-Chōme Station,Japan
***ERROR:西28丁目車站,Nishi-Nijūhatchōme Station,Japan
***ERROR:塚口站 (阪急),Tsukaguchi Station,Japan
***ERROR:迪尼-新庭,Q3096405,France
***ERROR:瀧站 (兵庫縣),Taki Station,Japan
***ERROR:阿马涅-吕基站,Q3095619,France
***ERROR:市場站 (JR西日本),Ichiba Station,Japan
***ERROR:北18條車站,Kita-Jūhachi-Jō Station,Japan
***ERROR:西11丁目車站,Nishi-Jūitchōme Station,Japan
***ERROR:弗朗谢-代斯佩里站,Q3096474,France
***ERROR:北34條車站,Kita-Sanjūyo-Jō Station,Japan
***ERROR:大江站 (京都府),Ōe Station,Japan
***ERROR:北12條車站,Kita-Jūni-Jō Station,Japan
***ERROR:14街/第六大道車站,14th Street / Sixth Avenue,United States of America
***ERROR:江津站 (日本),Gōtsu Station,Japan
***ERROR:五條站 (奈良縣),Gojō Station,Japan
***ERROR:高安車站 (日本),Takayasu Station,Japan
***ERROR:百利/巴黎站,Bally's / Paris Las Vegas (LV Monorail station),United States of America
***ERROR:普鲁维-蒂昂站,Q3097348,France
***ERROR:聯合車站 (丹佛),Union Station,United States of America
***ERROR:塔夫勒-大郵局車站 (阿爾及爾地鐵),Tafourah - Grande Poste,Algeria
***ERROR:奥尔贾泰-卡尔科-布里维奥站,Olgiate-Calco-Brivio railway station,Italy
***ERROR:Bowdoin站,Bowdoin,United States of America
***ERROR:高田車站 (奈良縣),Takada Station,Japan
***ERROR:本鄉站 (廣島縣),Hongō Station,Japan
***ERROR:尼崎車站 (阪神),Amagasaki Station,Japan
***ERROR:上道站 (岡山縣),Jōtō Station,Japan
***ERROR:山本車站 (兵庫縣),Yamamoto Station,Japan
***ERROR:7街/大都会中心站,7th Street/Metro Center,United States of America
***ERROR:麻省大道站 (波士頓地鐵橙線),Massachusetts Avenue,United States of America
***ERROR:山田站 (大阪府),Yamada Station,Japan
***ERROR:大澤車站 (新潟縣),Ōsawa Station,Japan
***ERROR:列治文站 (加利福尼亞州),Richmond Station,United States of America
***ERROR:岡本站 (兵庫縣),Okamoto Station,Japan
***ERROR:维克-米尔瓦勒站,Q3097971,France
***ERROR:雷扎克-德拉济尼昂站,Q3098144,France
***ERROR:旺多姆TGV站,Gare de Vendôme-Villiers-sur-Loir TGV,France
***ERROR:曾根站 (大阪府),Sone Station,Japan
***ERROR:機場站 (鹽湖城),Airport railway station,United States of America
***ERROR:雷洛姆-阿雷西亚站,Q3098164,France
***ERROR:機場站 (紐卡素),Airport,United Kingdom
***ERROR:生田站 (神奈川縣),Ikuta Station,Japan
***ERROR:米山站 (日本),Yoneyama Station,Japan
***ERROR:狛江站,Komae Station,Japan
***ERROR:平和車站 (日本),Heiwa Station,Japan
***ERROR:新橋站 (愛爾蘭),Newbridge railway station,Ireland
***ERROR:大泊站 (樺太廳),Q4234301,Russia
***ERROR:機場站 (巴塞隆拿),Aeroport railway station,Spain
***ERROR:機場站 (亞特蘭大),Airport railway station,United States of America
***ERROR:卡尔塔雷1号站,Kartaly 1 railway station,Russia
***ERROR:栢山站 (日本),Kayama Station,Japan
***ERROR:布城/賽城站,Putrajaya/Cyberjaya ERL station,Malaysia
***ERROR:春日野道站 (阪急),Kasuganomichi Station,Japan
***ERROR:美丽城-旺代站,Belleville,France
***ERROR:伏爾加格勒1號站,Volgograd railway station,Russia
***ERROR:舊城轉運中心 (聖地牙哥),Old Town Transit Center,United States of America
***ERROR:相生站 (岐阜县),Aioi Station,Japan
***ERROR:落合站 (樺太廳),Q4165009,Russia
***ERROR:中野站 (樺太廳),Q4331878,Russia
***ERROR:味美站 (东海交通事业),Ajiyoshi Station,Japan
***ERROR:明智站 (岐阜县可儿市),Akechi Station,Japan
***ERROR:武吉班让地铁/轻轨站,Bukit Panjang MRT/LRT Station,Singapore
***ERROR:文化中心站 (高雄市),Cultural Center Station,Taiwan
***ERROR:Marine/Redondo 車站,Redondo Beach,United States of America
***ERROR:新場站 (日本),Q4155458,Russia
***ERROR:茶山車站 (福岡縣),Chayama Station,Japan
***ERROR:大澤站 (樺太廳),Q4091323,Russia
***ERROR:十九道站 (METRO輕鐵),19th Avenue and Camelback Road,United States of America
***ERROR:味美站 (名铁),Ajiyoshi Station,Japan
***ERROR:明智站 (岐阜县惠那市),Akechi Station,Japan
***ERROR:芦屋站 (阪神),Ashiya Station,Japan
***ERROR:真岡站 (樺太),Q4499224,Russia
***ERROR:豐南站 (樺太廳),Q4501526,Russia
***ERROR:爱宕站 (千叶县),Atago Station,Japan
***ERROR:赤坂站 (群马县),Akasaka Station,Japan
***ERROR:青山站 (新潟县),Aoyama Station,Japan
***ERROR:青山站 (爱知县),Aoyama Station,Japan
***ERROR:赤池站 (岐阜县),Akaike Station,Japan
***ERROR:德田站 (三重縣),Tokuda Station,Japan
***ERROR:體育中心站 (千葉縣),Sports Center Station,Japan
***ERROR:15-16街及蝗蟲車站,15–16th & Locust,United States of America
***ERROR:16街車站,16th Street Station,United States of America
***ERROR:巴爾的摩/華盛頓瑟古德·馬歇爾車站,BWI Rail Station,United States of America
***ERROR:穴川站 (三重縣),Anagawa Station,Japan
***ERROR:穴川站 (千葉縣),Anagawa Station,Japan
***ERROR:祇園車站 (福岡県),Gion Station,Japan
***ERROR:橋本車站 (福岡縣),Hashimoto Station,Japan
***ERROR:大寶站 (日本),Daihō Station,Japan
***ERROR:藤崎車站 (福岡県),Fujisaki Station,Japan
***ERROR:奧本站 (墨爾本),Auburn,Australia
***ERROR:大門站 (廣島縣),Daimon Station,Japan
***ERROR:大門站 (愛知縣),Daimon Station,Japan
***ERROR:大場站 (日本),Daiba Station,Japan
***ERROR:別府車站 (福岡縣),Befu Station,Japan
***ERROR:黑川站 (神奈川縣),Kurokawa Station,Japan
***ERROR:豐原站 (樺太廳),Toyohara Station,Russia
***ERROR:梅林車站 (福岡縣),Umebayashi Station,Japan
***ERROR:大學車站 (日本),Daigaku Station,Japan
***ERROR:第12街與華盛頓街站和第12街與傑斐遜街站,12th Street and Washington and 12th Street and Jefferson (Eastlake Park),United States of America
***ERROR:第3街與華盛頓街站和第3街與傑斐遜街站,3rd Street and Washington Street and 3rd Street and Jefferson Street (Convention Center),United States of America
***ERROR:清水車站 (樺太廳),Q4516449,Russia
***ERROR:尼辻站,Amagatsuji Station,Japan
***ERROR:第24街與華盛頓街站和第24街與傑斐遜街站,24th Street and Washington Street and 24th Street and Jefferson Street,United States of America
***ERROR:鲇喰站,Akui Station,Japan
***ERROR:吳服町車站 (福岡縣),Gofukumachi Station,Japan
***ERROR:美國廣場 (聖地牙哥電車),America Plaza,United States of America
***ERROR:荒町站 (宮城縣),Aramachi Station,Japan
***ERROR:旭丘站 (宮城縣),Asahigaoka Station,Japan
***ERROR:淺草站 (首都圈新都市鐵道),Asakusa Station,Japan
***ERROR:朝仓站 (爱知县),Asakura Station,Japan
***ERROR:荒井車站 (兵庫縣),Arai Station,Japan
***ERROR:丹鳳站 (新北市),Danfeng Station,Taiwan
***ERROR:旭站 (高知縣),Asahi Station,Japan
***ERROR:大田站 (中国),Datian Station,People's Republic of China
***ERROR:嵐山站 (阪急),Arashiyama Station,Japan
***ERROR:新木站 (千葉縣),Araki Station,Japan
***ERROR:新野站 (德島縣),Aratano Station,Japan
***ERROR:朝倉站 (JR四國),Asakura Station,Japan
***ERROR:安平站 (日本),Abira Station,Japan
***ERROR:鳳凰城上城區站 (METRO輕鐵),Central Avenue and Camelback Road (Uptown),United States of America
***ERROR:407號公路站,Highway 407,Canada
***ERROR:有明站 (長野縣),Ariake Station,Japan
***ERROR:朝仓站 (土佐电气铁道),Asakura Station,Japan
***ERROR:65街總站車站 (BMT第五大道線),65th Street Terminal,United States of America
***ERROR:梅羅斯區站 (METRO輕鐵),7th Avenue and Camelback Road (Melrose),United States of America
***ERROR:富貴車站 (日本),Fuki Station,Japan
***ERROR:府中站 (廣島縣),Fuchū Station,Japan
***ERROR:深江站 (兵庫縣),Fukae Station,Japan
***ERROR:薊野站 (高知縣),Azōno Station,Japan
***ERROR:芦川站 (山梨县),Ashigawa Station,Japan
***ERROR:土橋站 (廣島縣),Dobashi Station,Japan
***ERROR:番田車站 (神奈川縣),Banda Station,Japan
***ERROR:番田車站 (福井縣),Banden Station,Japan
***ERROR:萬博紀念公園站 (茨城縣),Bampaku-kinenkōen Station,Japan
***ERROR:橫川站 (廣島縣),Yokogawa Station,Japan
***ERROR:糀谷站,Kōjiya Station,Japan
***ERROR:南櫻井站 (埼玉縣),Minami-Sakurai Station,Japan
***ERROR:安田站 (新潟縣),Yasuda Station,Japan
***ERROR:福爾頓街車站 (BMT第五大道線),Fulton Street,United States of America
***ERROR:泉車站 (福島縣磐城市),Izumi Station,Japan
***ERROR:櫻井車站 (奈良縣),Sakurai Station,Japan
***ERROR:城野站 (JR九州),Jōno Station,Japan
***ERROR:植田車站 (福島縣),Ueda Station,Japan
***ERROR:中津站 (大分縣),Nakatsu Station,Japan
***ERROR:札苅站,Satsukari Station,Japan
***ERROR:枝川站 (JR四國),Edagawa Station,Japan
***ERROR:石岡車站 (日本),Ishioka Station,Japan
***ERROR:茶山車站 (京都府),Chayama Station,Japan
***ERROR:豐岡車站 (靜岡市),Toyooka Station,Japan
***ERROR:小林站 (千葉縣),Kobayashi Station,Japan
***ERROR:競艇場前站 (東京都),Kyōteijō-mae Station,Japan
***ERROR:森林公園站 (埼玉縣),Shinrinkōen Station,Japan
***ERROR:大和田站 (埼玉縣),Ōwada Station,Japan
***ERROR:千歲站 (北海道),Chitose Station,Japan
***ERROR:中央大學、明星大學站,Chūō-Daigaku-Meisei-Daigaku Station,Japan
***ERROR:中田站 (德島縣),Chūden Station,Japan
***ERROR:克隆威爾/格蘭伯尼輕軌站,Cromwell Station / Glen Burnie,United States of America
***ERROR:中和站 (黄海北道),Chunghwa Station,North Korea
***ERROR:Bob Mintzer大樂團,Horinouchi Station,Japan
***ERROR:哥林多-伊塔蓋拉站,Corinthians-Itaquera,Brazil
***ERROR:東鄉站 (日本),Tōgō Station,Japan
***ERROR:野田站 (阪神),Noda Station,Japan
***ERROR:拉法基湖－道格拉斯站,Douglas College Station,Canada
***ERROR:古市站 (大阪府),Furuichi Station,Japan
***ERROR:古市站 (廣島縣),Furuichi Station,Japan
***ERROR:田野站 (宮崎縣),Tano Station,Japan
***ERROR:龍水站 (日本),Ryūgamizu Station,Japan
***ERROR:伏見站 (京都府),Fushimi Station,Japan
***ERROR:原田站 (福岡縣),Haruda Station,Japan
***ERROR:船津站 (三重縣鳥羽市),Funatsu Station,Japan
***ERROR:梶屋敷站,Kajiyashiki Station,Japan
***ERROR:灣前／E街,Bayfront/E Street,United States of America
***ERROR:新宮站 (和歌山縣),Shingū Station,Japan
***ERROR:北門站 (台北市),Beimen Station,Taiwan
***ERROR:千里車站 (三重縣),Chisato Station,Japan
***ERROR:學園前車站 (奈良縣),Gakuen-mae Station,Japan
***ERROR:八幡站 (靜岡縣),Hachiman Station,Japan
***ERROR:八幡前車站 (京都府),Hachiman-mae Station,Japan
***ERROR:GO美都維爾車站,Meadowvale GO Station,Canada
***ERROR:別府車站 (兵庫縣),Befu Station,Japan
***ERROR:學園前站 (千葉縣),Gakuenmae Station,Japan
***ERROR:羽田機場第1大樓站,Haneda Airport Terminal 1 Station,Japan
***ERROR:阪堺電氣軌道阪堺線,Hankai Line,Japan
***ERROR:羽黑車站 (茨城縣),Haguro Station,Japan
***ERROR:長田站 (神戶市營地下鐵),Nagata Station,Japan
***ERROR:四辻站,Yotsutsuji Station,Japan
***ERROR:市政廳車站 (PATCO),City Hall,United States of America
***ERROR:東海車站 (日本),Tōkai Station,Japan
***ERROR:別府站 (大分縣),Beppu Station,Japan
***ERROR:羽田機場第2大樓站,Haneda Airport Terminal 2 Station,Japan
***ERROR:大倉山站 (兵庫縣),Ōkurayama Station,Japan
***ERROR:Essex Street站,Essex Street,United States of America
***ERROR:白馬站 (日本),Hakuba Station,Japan
***ERROR:榎戶站 (千葉縣),Enokido Station,Japan
***ERROR:羽黑站 (爱知县),Haguro Station,Japan
***ERROR:市政廳車站 (IRT第二大道線),City Hall,United States of America
***ERROR:高濱車站 (茨城縣),Takahama Station,Japan
***ERROR:妙法寺站 (兵庫縣),Myōhōji Station,Japan
***ERROR:湖北站 (日本),Kohoku Station,Japan
***ERROR:市政中心/聯合國廣場站,Civic Center / UN Plaza Station,United States of America
***ERROR:白山站 (新潟縣),Hakusan Station,Japan
***ERROR:神戸車站（群馬縣）,Gōdo Station,Japan
***ERROR:希斯洛機場4號航廈站,Heathrow Terminal 4 railway station,United Kingdom
***ERROR:金寶道站 (METRO輕鐵),Campbell Avenue and Central Avenue,United States of America
***ERROR:中央車站 (芝加哥),Central Station (Chicago terminal),United States of America
***ERROR:龜山站 (三重縣),Kameyama Station,Japan
***ERROR:霞關站 (埼玉縣),Kasumigaseki Station,Japan
***ERROR:平城站 (日本),Heijō Station,Japan
***ERROR:坎伯韋爾站 (墨爾本),Camberwell,Australia
***ERROR:東紐約車站 (長島鐵路),East New York,United States of America
***ERROR:縣廳前站 (兵庫縣),Kenchōmae Station,Japan
***ERROR:別所車站 (兵庫縣),Bessho Station,Japan
***ERROR:Eccles站,Eccles Interchange,United Kingdom
***ERROR:御領站 (鹿兒島縣),Goryō Station,Japan
***ERROR:日野站 (滋賀縣),Hino Station,Japan
***ERROR:石川站 (JR東日本),Ishikawa Station,Japan
***ERROR:日比野車站 (名古屋市),Hibino Station,Japan
***ERROR:平田站 (靜岡縣),Hiranda Station,Japan
***ERROR:祇園車站 (千葉縣),Gion Station,Japan
***ERROR:平田站 (高知縣),Hirata Station,Japan
***ERROR:入野站 (鹿兒島縣),Irino Station,Japan
***ERROR:石井站 (兵庫縣),Ishii Station,Japan
***ERROR:嘉川站 (日本),Kagawa Station,Japan
***ERROR:平岸車站 (北海道赤平市),Hiragishi Station,Japan
***ERROR:火鶴/凱薩宮站,Flamingo/Caesars Palace (LV Monorail station),United States of America
***ERROR:石原站 (埼玉縣),Ishiwara Station,Japan
***ERROR:平原站 (日本),Hirahara Station,Japan
***ERROR:漢默史密斯（果園路）站,Hammersmith (Grove Road) railway station,United Kingdom
***ERROR:比良站 (愛知縣),Hira Station,Japan
***ERROR:石場車站 (日本),Ishiba Station,Japan
***ERROR:高宮車站 (滋賀縣),Takamiya Station,Japan
***ERROR:平野車站 (兵庫縣),Hirano Station,Japan
***ERROR:西條站 (廣島縣),Saijō Station,Japan
***ERROR:法拉盛緬街車站 (長島鐵路),Flushing – Main Street,United States of America
***ERROR:春日井站 (JR東海),Kasugai Station,Japan
***ERROR:今川車站 (大阪府),Imagawa Station,Japan
***ERROR:市場車站 (神戶電鐵),Ichiba Station,Japan
***ERROR:生野站 (北海道),Ikuno Station,Japan
***ERROR:生野站 (兵庫縣),Ikuno Station,Japan
***ERROR:哈拉斯/皇宮站,Harrah's / The Quad,United States of America
***ERROR:今里車站 (近鐵),Imazato Station,Japan
***ERROR:元町站 (首尔),Q6853884,South Korea
***ERROR:長谷車站 (兵庫縣),Hase Station,Japan
***ERROR:春日站 (福岡縣),Kasuga Station,Japan
***ERROR:入野站 (廣島縣),Nyūno Station,Japan
***ERROR:服部站 (岡山縣),Hattori Station,Japan
***ERROR:井原站 (岡山縣),Ibara Station,Japan
***ERROR:大桑站 (長野縣),Ōkuwa Station,Japan
***ERROR:富田車站 (三重縣),Tomida Station,Japan
***ERROR:今津站 (兵庫縣),Imazu Station,Japan
***ERROR:南方車站 (大阪府),Minamikata Station,Japan
***ERROR:三鄉車站 (埼玉縣),Misato Station,Japan
***ERROR:實籾站,Mimomi Station,Japan
***ERROR:美並苅安站,Minami-Kariyasu Station,Japan
***ERROR:細谷站 (群馬縣),Hosoya Station,Japan
***ERROR:星丘車站 (大阪府),Hoshigaoka Station,Japan
***ERROR:東野站 (岐阜縣),Higashino Station,Japan
***ERROR:市政中心/格兰德公园站,Civic Center,United States of America
***ERROR:星川站 (神奈川縣),Hoshikawa Station,Japan
***ERROR:細谷站 (靜岡縣),Hosoya Station,Japan
***ERROR:瓢簞山車站 (愛知縣),Hyōtan-yama Station,Japan
***ERROR:史提爾印第安人學院公園站 (METRO輕鐵),Indian School Road and Central Avenue,United States of America
***ERROR:美薗中央公園站,Misono-Chūō-kōen Station,Japan
***ERROR:稻田車站 (茨城縣),Inada Station,Japan
***ERROR:稻荷町站 (廣島縣),Inari-machi Station,Japan
***ERROR:堀田站 (名鐵),Horita Station,Japan
***ERROR:東山車站 (奈良縣),Higashiyama Station,Japan
***ERROR:愛野站 (北海道),Itoshino Station,Japan
***ERROR:老街站 (越南),Lao Cai Railway Station,Vietnam
***ERROR:岩峅寺車站,Iwakuraji Station,Japan
***ERROR:岩倉車站 (京都府),Iwakura Station,Japan
***ERROR:子供之國站 (愛知縣),Kodomonokuni Station,Japan
***ERROR:河原町站 (宮城縣),Kawaramachi Station,Japan
***ERROR:东田中站 (爱知县),Higashitanaka Station,Japan
***ERROR:木幡站 (兵庫縣),Kobata Station,Japan
***ERROR:JATCO前站,Jatco-mae Station,Japan
***ERROR:神代站 (秋田縣),Jindai Station,Japan
***ERROR:泉中央車站 (神奈川縣),Izumi-chūō Station,Japan
***ERROR:Lechmere站,Lechmere,United States of America
***ERROR:川西站 (大阪府),Kawanishi Station,Japan
***ERROR:子供之國站 (宮崎縣),Kodomonokuni Station,Japan
***ERROR:小牧原站 (桃花台新交通),Komakihara Station,Japan
***ERROR:小池站 (日本),Koike Station,Japan
***ERROR:上戶車站 (福島縣),Jōko Station,Japan
***ERROR:小林車站 (兵庫縣),Obayashi Station,Japan
***ERROR:十條站 (近鐵),Jūjō Station,Japan
***ERROR:古見站 (愛知縣),Komi Station,Japan
***ERROR:宮內站 (山形縣),Miyauchi Station,Japan
***ERROR:小俁車站 (三重縣),Obata Station,Japan
***ERROR:小泉町站 (群馬縣),Koizumimachi Station,Japan
***ERROR:金浦站 (日本),Konoura Station,Japan
***ERROR:御幸辻站,Miyukitsuji Station,Japan
***ERROR:宮內站 (新潟縣),Miyauchi Station,Japan
***ERROR:桂川站 (福岡縣),Keisen Station,Japan
***ERROR:狛田站,Komada Station,Japan
***ERROR:小川站 (東京都),Ogawa Station,Japan
***ERROR:春日井站 (名铁),Kasugai Station,Japan
***ERROR:霞丘車站 (兵庫縣),Kasumigaoka Station,Japan
***ERROR:三宮-花時計前站,Sannomiya-Hanadokeimae Station,Japan
***ERROR:自由站 (聖保羅地鐵),Liberdade,Brazil
***ERROR:霞浦車站 (日本),Kasumigaura Station,Japan
***ERROR:貝塚車站 (大阪府),Kaizuka Station,Japan
***ERROR:小倉站 (京都府),Ogura Station,Japan
***ERROR:春日野道站 (阪神),Kasuganomichi Station,Japan
***ERROR:追分站 (滋賀縣),Oiwake Station,Japan
***ERROR:龜山車站 (兵庫縣),Kameyama Station,Japan
***ERROR:樫山車站,Kashiyama Station,Japan
***ERROR:苅藻站,Karumo Station,Japan
***ERROR:追分站 (秋田縣),Oiwake Station,Japan
***ERROR:北24條車站,Kita-Nijūyo-Jō Station,Japan
***ERROR:温莎-伊顿河畔车站,Windsor & Eton Riverside railway station,United Kingdom
***ERROR:金島站 (群馬縣),Kanashima Station,Japan
***ERROR:烏山站 (日本),Karasuyama Station,Japan
***ERROR:觀音寺站 (愛知縣),Kannonji Station,Japan
***ERROR:金華站 (北海道),Kanehana Station,Japan
***ERROR:北河內站 (德島縣),Kitagawachi Station,Japan
***ERROR:喜多山車站 (愛知縣),Kitayama Station,Japan
***ERROR:神前站 (香川縣),Kanzaki Station,Japan
***ERROR:木津站 (兵庫縣),Kizu Station,Japan
***ERROR:蒙提貝羅路與第19大道站,Montebello Avenue (Bethany Home Road) and 19th Avenue (Christown),United States of America
***ERROR:北野桝塚站,Kitano-Masuzuka Station,Japan
***ERROR:格蘭特·麥伊雲大學,MacEwan station,Canada
***ERROR:加茂站 (新潟縣),Kamo Station,Japan
***ERROR:北濱車站 (北海道),Kitahama Station,Japan
***ERROR:清畠站,Kiyohata Station,Japan
***ERROR:本宿站 (愛知縣),Motojuku Station,Japan
***ERROR:西18丁目車站,Nishi-Jūhatchōme Station,Japan
***ERROR:村上站 (新潟縣),Murakami Station,Japan
***ERROR:森下車站 (愛知縣),Morishita Station,Japan
***ERROR:縣廳前車站 (廣島縣),Kenchō-mae Station,Japan
***ERROR:議會站 (澳洲),Parliament,Australia
***ERROR:馬拉德 (孟買),Malad,India
***ERROR:大學站 (吉隆坡),Universiti LRT station,Malaysia
***ERROR:追分車站 (北海道),Oiwake Station,Japan
***ERROR:元山站 (千葉縣),Motoyama Station,Japan
***ERROR:縣廳前站 (千葉縣),Kenchō-mae Station,Japan
***ERROR:堅尼地GO車站,Kennedy GO Station,Canada
***ERROR:聯合車站 (紐黑文),Union Station,United States of America
***ERROR:𠄳站,Kep Railway Station,Vietnam
***ERROR:九龍車站 (尖沙咀),Kowloon Station,People's Republic of China
***ERROR:吳Portopia站,Kure-Portopia Station,Japan
***ERROR:黑笹站,Kurozasa Station,Japan
***ERROR:小浦站 (長崎縣),Koura Station,Japan
***ERROR:琴平站 (北海道),Kotohira Station,Japan
***ERROR:黑石站 (青森縣),Kuroishi Station,Japan
***ERROR:小俁車站 (栃木縣),Omata Station,Japan
***ERROR:奧林匹克公園站 (悉尼),Olympic Park railway station,Australia
***ERROR:小野站 (長野縣),Ono Station,Japan
***ERROR:小野站 (兵庫縣),Ono Station,Japan
***ERROR:松浦車站 (長崎縣),Matsuura Station,Japan
***ERROR:新市車站 (日本),Shin-ichi Station,Japan
***ERROR:九條站 (奈良縣),Kujō Station,Japan
***ERROR:新鄉站 (埼玉縣),Shingō Station,Japan
***ERROR:汐留站 (國鐵),Shiodome Freight Terminal,Japan
***ERROR:草薙站 (靜岡鐵道),Kusanagi Station,Japan
***ERROR:長田車站 (神戶電鐵),Nagata Station,Japan
***ERROR:長谷站 (廣島縣),Nagatani Station,Japan
***ERROR:新座站 (新潟縣),Shinza Station,Japan
***ERROR:長崎車站 (高知縣),Nagasaki Station,Japan
***ERROR:草津車站 (廣島縣),Kusatsu Station,Japan
***ERROR:長尾站 (香川縣),Nagao Station,Japan
***ERROR:長沼駅 (靜岡縣),Naganuma Station,Japan
***ERROR:根岸站 (福島縣),Negishi Station,Japan
***ERROR:舊居留地、大丸前,Kyūkyoryūchi-Daimarumae Station,Japan
***ERROR:綠丘站 (東京都),Midorigaoka Station,Japan
***ERROR:永田站 (埼玉縣),Nagata Station,Japan
***ERROR:綠丘站 (兵庫縣),Midorigaoka Station,Japan
***ERROR:三杮野站,Mikakino Station,Japan
***ERROR:御影站 (阪神),Mikage Station,Japan
***ERROR:聯合車站 (新倫敦),New London Union Station,United States of America
***ERROR:三木站 (神戶電鐵),Miki Station,Japan
***ERROR:清水車站 (愛知縣),Shimizu Station,Japan
***ERROR:丸山車站 (兵庫縣),Maruyama Station,Japan
***ERROR:丸之內車站 (名鐵),Marunouchi Station,Japan
***ERROR:三木車站 (三木鐵道),Miki Station,Japan
***ERROR:三川車站 (新潟縣),Mikawa Station,Japan
***ERROR:西宮站 (阪神),Nishinomiya Station,Japan
***ERROR:南浦站 (上海市),Q6849874,People's Republic of China
***ERROR:三川站 (北海道),Mikawa Station,Japan
***ERROR:匹茲堡／灣角站,Pittsburg / Bay Point,United States of America
***ERROR:中野站 (群馬縣),Nakano Station,Japan
***ERROR:中川站 (山形縣),Nakagawa Station,Japan
***ERROR:128號國道車站 (MBTA),Route 128,United States of America
***ERROR:櫻站 (愛知縣),Sakura Station,Japan
***ERROR:榮站 (兵庫縣),Sakae Station,Japan
***ERROR:松代站 (新潟縣),Matsudai Station,Japan
***ERROR:萬座·鹿澤口站,Manza-Kazawaguchi Station,Japan
***ERROR:聖馬克斯大道車站 (BMT第五大道線),Saint Marks Avenue,United States of America
***ERROR:日進站 (北海道),Nisshin Station,Japan
***ERROR:櫻木站 (千葉縣),Sakuragi Station,Japan
***ERROR:榮町車站 (愛知縣),Sakaemachi Station,Japan
***ERROR:坂本站 (熊本縣),Sakamoto Station,Japan
***ERROR:堺東站,Sakaihigashi Station,Japan
***ERROR:堺站,Sakai Station,Japan
***ERROR:榮町站 (千葉県),Sakaechō Station,Japan
***ERROR:櫻站 (三重縣),Sakura Station,Japan
***ERROR:白石站 (熊本縣),Shiroishi Station,Japan
***ERROR:江北站 (日本),Kōhoku Station,Japan
***ERROR:宍喰站,Shishikui Station,Japan
***ERROR:關屋車站 (奈良縣),Sekiya Station,Japan
***ERROR:關屋站 (新潟縣),Sekiya Station,Japan
***ERROR:笹川站,Sasagawa Station,Japan
***ERROR:篠原車站 (愛知縣),Sasabara Station,Japan
***ERROR:白丸站 (東京都),Shiromaru Station,Japan
***ERROR:都會區園林車站（Metropolitan Grove）,Metropolitan Grove,United States of America
***ERROR:三本松站 (香川縣),Sambommatsu Station,Japan
***ERROR:高野站 (東京都),Kōya Station,Japan
***ERROR:Metropark車站,Metropark,United States of America
***ERROR:笹原田站,Sasaharada Station,Japan
***ERROR:笹子站,Sasago Station,Japan
***ERROR:關車站 (三重縣),Seki Station,Japan
***ERROR:清水車站 (台灣),Qingshui Station,Taiwan
***ERROR:青年路站 (北京),Qingnianlu Station,People's Republic of China
***ERROR:諾斯特蘭全車站 (長島鐵路),Nostrand Avenue,United States of America
***ERROR:笹木野站,Sasakino Station,Japan
***ERROR:笹部站,Sasabe Station,Japan
***ERROR:市役所前車站 (福井縣),Shiyakushomae Station,Japan
***ERROR:住吉站 (大阪府),Sumiyoshi Station,Japan
***ERROR:中山車站 (樺太廳),Q7485425,Russia
***ERROR:中山車站 (樺太廳),Q7485425,Japan
***ERROR:新野車站 (兵庫縣),Niino Station,Japan
***ERROR:吹田車站 (阪急),Suita Station,Japan
***ERROR:住吉站 (阪神),Sumiyoshi Station,Japan
***ERROR:市役所前車站 (和歌山縣),Shiyakusho-mae Station,Japan
***ERROR:新座車站 (埼玉縣),Niiza Station,Japan
***ERROR:Shudehill轉車站,Shudehill Interchange,United Kingdom
***ERROR:額田車站 (大阪府),Nukata Station,Japan
***ERROR:新津站 (日本),Niitsu Station,Japan
***ERROR:新鄉站 (岡山縣),Niizato Station,Japan
***ERROR:末廣町停留場 (富山縣),Suehirochō Station,Japan
***ERROR:住吉車站 (熊本縣),Sumiyoshi Station,Japan
***ERROR:生田站 (秋田縣),Shōden Station,Japan
***ERROR:水原站 (日本),Suibara Station,Japan
***ERROR:仁川站 (日本),Nigawa Station,Japan
***ERROR:仁井田站 (栃木縣),Niita Station,Japan
***ERROR:新井站 (兵庫縣),Nii Station,Japan
***ERROR:山王車站 (愛知縣),Sannō Station,Japan
***ERROR:南碼頭車站 (IRT高架車站),South Ferry,United States of America
***ERROR:聯合車站 (春田),Springfield Union Station,United States of America
***ERROR:三郷車站 (愛知縣),Sangō Station,Japan
***ERROR:三條站 (新潟縣),Sanjō Station,Japan
***ERROR:慕尼黑-法桑加爾滕車站,München-Fasangarten station,Germany
***ERROR:圣本笃站 (圣保罗地铁),São Bento,Brazil
***ERROR:慕尼黑-萊西滕貝格環路車站,München-Leuchtenbergring station,Germany
***ERROR:七里站 (日本),Nanasato Station,Japan
***ERROR:聖布魯諾站 (三藩市灣區捷運系統),San Bruno,United States of America
***ERROR:苏州火车站 (地铁),Suzhou Railway Station,People's Republic of China
***ERROR:普林斯顿站 (伊利诺伊),Princeton,United States of America
***ERROR:納珀維爾站 (Amtrak/Metra),Naperville,United States of America
***ERROR:月岡站 (新潟縣),Tsukioka Station,Japan
***ERROR:筒井站 (奈良縣),Tsutsui Station,Japan
***ERROR:豐富車站 (北海道),Toyotomi Station,Japan
***ERROR:大江站 (愛知縣),Ōe Station,Japan
***ERROR:多田車站 (兵庫縣),Tada Station,Japan
***ERROR:大原站 (岡山縣),Ōhara Station,Japan
***ERROR:雲雀丘站 (東京都),Hibarigaoka Station,Japan
***ERROR:成島站 (群馬縣),Narushima Station,Japan
***ERROR:新埔車站 (苗栗縣),Sinpu Station,Taiwan
***ERROR:新城（太魯閣）車站,Sincheng Station,Taiwan
***ERROR:大桑站 (栃木縣),Ōkuwa Station,Japan
***ERROR:大曲車站 (青森縣),Ōmagari Station,Japan
***ERROR:大町車站 (廣島縣),Ōmachi Station,Japan
***ERROR:威克菲爾德車站 (大都會北方鐵路),Wakefield,United States of America
***ERROR:大村車站 (兵庫縣),Ōmura Station,Japan
***ERROR:大久保站 (京都府),Ōkubo Station,Japan
***ERROR:大學中心/巴爾的摩街輕軌站,University Center / Baltimore Street,United States of America
***ERROR:巴爾的摩大學/皇家山輕軌站,University of Baltimore / Mt. Royal,United States of America
***ERROR:大町站 (千葉線),Ōmachi Station,Japan
***ERROR:大橋站 (福岡縣),Ōhashi Station,Japan
***ERROR:范布倫路與中央大道站和范布倫路與第1大道站,Van Buren Street and Central Avenue and Van Buren Street and 1st Avenue (Central Station),United States of America
***ERROR:瀧谷站 (大阪府),Takidani Station,Japan
***ERROR:玉村站 (日本),Tamamura Station,Japan
***ERROR:瀧谷站 (福島縣),Takiya Station,Japan
***ERROR:聯合車站 (奧馬哈),Omaha Union Station,United States of America
***ERROR:大森、金城學院前車站,Ōmori-Kinjōgakuin-mae Station,Japan
***ERROR:若林站 (東京都),Wakabayashi Station,Japan
***ERROR:瀧站 (栃木縣),Taki Station,Japan
***ERROR:台北101/世貿站,Taipei 101/World Trade Center Station,Taiwan
***ERROR:十日市場站 (山梨縣),Tōkaichiba Station,Japan
***ERROR:高尾站 (岐阜縣),Takao Station,Japan
***ERROR:塔之岪站,Tō-no-Hetsuri Station,Japan
***ERROR:植田站 (愛知縣豐橋市),Ueta Station,Japan
***ERROR:南舊金山站 (灣區捷運),South San Francisco,United States of America
***ERROR:多田站 (栃木縣),Tada Station,Japan
***ERROR:高木車站 (兵庫縣),Takagi Station,Japan
***ERROR:內海車站 (宮崎縣),Uchiumi Station,Japan
***ERROR:笹島號誌站,Q8515660,Japan
***ERROR:高砂車站 (兵庫縣),Takasago Station,Japan
***ERROR:十川站 (高知縣),Tōkawa Station,Japan
***ERROR:寺田站 (富山縣),Terada Station,Japan
***ERROR:竹田站 (兵庫縣),Takeda Station,Japan
***ERROR:高擶站,Takatama Station,Japan
***ERROR:大塚、帝京大學站,Ōtsuka-Teikyō-Daigaku Station,Japan
***ERROR:內海站 (愛知縣),Utsumi Station,Japan
***ERROR:大谷站 (滋賀縣),Ōtani Station,Japan
***ERROR:柚木站 (靜岡縣富士市),Yunoki Station,Japan
***ERROR:牛田站 (東京都),Ushida Station,Japan
***ERROR:大山站 (鹿兒島縣),Ōyama Station,Japan
***ERROR:牛田站 (愛知縣),Ushida Station,Japan
***ERROR:漆山站 (山形縣),Urushiyama Station,Japan
***ERROR:寺田站 (京都府),Terada Station,Japan
***ERROR:太田站 (群馬縣),Ōta Station,Japan
***ERROR:長瀞站,Nagatoro Station,Japan
***ERROR:大山站 (東京都),Ōyama Station,Japan
***ERROR:大島站 (岐阜縣),Ōshima Station,Japan
***ERROR:伍德羅恩車站 (大都會北方鐵路),Woodlawn,United States of America
***ERROR:八幡站 (福岡縣),Yahata Station,Japan
***ERROR:梅之辻停留場,Umenotsuji Station,Japan
***ERROR:牛田站 (廣島縣),Ushita Station,Japan
***ERROR:大连站 (快轨),Q10938169,People's Republic of China
***ERROR:大町站 (北海道),Omachi,Japan
***ERROR:大稻埕車站 (鐵道部),Q10937177,Taiwan
***ERROR:大碶站,Daqi Railway Station,People's Republic of China
***ERROR:大里站 (臺中市),Q10938251,Taiwan
***ERROR:天津南站 (货运),Q10939980,People's Republic of China
***ERROR:九里站 (四川省),Jiuli Railway Station,People's Republic of China
***ERROR:天湖站 (新疆),Q10940393,People's Republic of China
***ERROR:九龙塘站 (贵州),Jiulongtang Railway Station,People's Republic of China
***ERROR:九龙山站 (河北省),Jiulongshan Railway Station,People's Republic of China
***ERROR:立野車站 (熊本縣),Tateno Station,Japan
***ERROR:南鄉7丁目車站,Nangō-Nana-Chōme Station,Japan
***ERROR:溝墘站,Q8998583,Taiwan
***ERROR:田原町站 (福井縣),Tawaramachi Station,Japan
***ERROR:二等站 (台鐵),Q10880311,Taiwan
***ERROR:二塘站 (湘桂铁路),Q10880145,People's Republic of China
***ERROR:二塘站 (重庆),Ertang Station,People's Republic of China
***ERROR:云锦路站 (上海),Yunjin Road Station,People's Republic of China
***ERROR:富平站 (中国),Q10954182,People's Republic of China
***ERROR:YRP野比站,YRP Nobi Station,Japan
***ERROR:矢田車站 (愛知縣),Yada Station,Japan
***ERROR:小北站 (内蒙古),Q10957914,People's Republic of China
***ERROR:小寨站 (勉县),Q10958727,People's Republic of China
***ERROR:山田站 (岐阜縣),Yamada Station,Japan
***ERROR:中兴站 (凤城市),Zhongxing Railway Station,People's Republic of China
***ERROR:丸山站 (埼玉縣),Maruyama Station,Japan
***ERROR:人民公园站 (成都市),People's Park Station,People's Republic of China
***ERROR:会展中心站 (大连),Huizhanzhongxin Station,People's Republic of China
***ERROR:伊野站 (JR四國),Ino Station,Japan
***ERROR:体育中心站 (天津地铁),Q10885997,People's Republic of China
***ERROR:交通大学站 (大连),Q10883005,People's Republic of China
***ERROR:橫山站 (石川縣),Yokoyama Station,Japan
***ERROR:德田站 (石川縣),Tokuda Station,Japan
***ERROR:戶田車站 (愛知縣),Toda Station,Japan
***ERROR:栂·美木多站,Toga-Mikita Station,Japan
***ERROR:鳳凰城中城區站 (METRO輕鐵),Thomas Road and Central Avenue,United States of America
***ERROR:1000N系,Sendai Subway 1000 series,Japan
***ERROR:小本車站 (愛知縣),Komoto Station,Japan
***ERROR:富田車站 (栃木縣),Tomita Station,Japan
***ERROR:大学城南站 (昆明),Q10934796,People's Republic of China
***ERROR:大学城站 (昆明),Q10934798,People's Republic of China
***ERROR:大学城站 (天津),Daxuecheng Station,People's Republic of China
***ERROR:大兴站 (黑龙江省),Q10933663,People's Republic of China
***ERROR:大桥站 (长图铁路),Q10935975,People's Republic of China
***ERROR:大江站 (泰来县),Q10936181,People's Republic of China
***ERROR:大江站 (重庆),Q10936182,People's Republic of China
***ERROR:大渡口站 (单轨),Dadukou Station,People's Republic of China
***ERROR:大安車站 (日本),Daian Station,Japan
***ERROR:大成站 (埼玉縣),Ōnari Station,Japan
***ERROR:北苑站 (西安),Beiyuan Station,People's Republic of China
***ERROR:北門車站 (嘉義市),Beimen Station,Taiwan
***ERROR:全州站 (中國),Q10891574,People's Republic of China
***ERROR:时代广场站 (苏州),Times Square Station,People's Republic of China
***ERROR:渡瀨站 (群馬縣),Watarase Station,Japan
***ERROR:吉水站 (日本),Yoshimizu Station,Japan
***ERROR:吉田車站 (大阪府),Yoshita Station,Japan
***ERROR:千歲町站 (北海道),Q10904932,Japan
***ERROR:吉田站 (新潟縣),Yoshida Station,Japan
***ERROR:早稻田站 (東京都交通局),Waseda Stop,Japan
***ERROR:華盛頓街與中央大道站和傑斐遜街與第1大道站,Washington Street and Central Avenue and Jefferson Street and 1st Avenue (City Hall),United States of America
***ERROR:光明站 (江原道),Kwangmyong Station,North Korea
***ERROR:榮町站 (北海道函館市),Q11120519,Japan
***ERROR:榮町車站 (嘉義市),Q11120523,Taiwan
***ERROR:奥体中心站 (沈阳),Q10942479,People's Republic of China
***ERROR:奥体中心站 (南京),Olympic Stadium Station,People's Republic of China
***ERROR:JR河內永和車站,JR-Kawachi-Eiwa Station,Japan
***ERROR:134公里號誌站,134 Km Signal Station,Taiwan
***ERROR:大和車站 (茨城縣),Yamato Station,Japan
***ERROR:山下站 (東京都),Yamashita Station,Japan
***ERROR:柳澤站 (青森縣),Yanagizawa Station,Japan
***ERROR:矢田車站 (大阪府),Yata Station,Japan
***ERROR:山本站 (佐賀縣),Yamamoto Station,Japan
***ERROR:129公里站,129gongli Railway Station,People's Republic of China
***ERROR:鑓見內站,Yariminai Station,Japan
***ERROR:山下車站 (兵庫縣),Yamashita Station,Japan
***ERROR:167公里號誌站,167 Km Signal Station,Taiwan
***ERROR:黑須站 (埼玉縣豐岡町),Kurosu Station,Japan
***ERROR:山口站 (愛知縣),Yamaguchi Station,Japan
***ERROR:八幡站 (愛知縣),Yawata Station,Japan
***ERROR:安國站 (北海道),Yasukuni Station,Japan
***ERROR:柳津車站 (宮城縣),Yanaizu Station,Japan
***ERROR:JR俊德道車站,Station JR Shuntokumichi,Japan
***ERROR:橫山站 (桃園市),Hengshan Station,Taiwan
***ERROR:樹林站 (台北捷運),Q11121781,Taiwan
***ERROR:横山站 (广西壮族自治区),Q11121396,People's Republic of China
***ERROR:橫山車站 (新竹縣),Hengshan Station,Taiwan
***ERROR:安亭站 (京沪铁路),Anting Station,People's Republic of China
***ERROR:师范大学站 (大连),Q11059826,People's Republic of China
***ERROR:市役所前站 (北海道),Q11059472,Japan
***ERROR:市图书馆站 (沈阳),Q11059438,People's Republic of China
***ERROR:市图书馆站 (西安),Shi Tushuguan Station,People's Republic of China
***ERROR:市政府站 (台中市),Q11059478,Taiwan
***ERROR:帷子之辻車站,Katabiranotsuji Station,Japan
***ERROR:河东站 (国铁),Q11141208,People's Republic of China
***ERROR:沙河口火车站 (地铁),Q11140219,People's Republic of China
***ERROR:平田站 (貴州省),Q11061210,People's Republic of China
***ERROR:平沼站 (京濱電氣鐵道),Hiranuma Station,Japan
***ERROR:星海广场站 (大连),Q11088583,People's Republic of China
***ERROR:山鼻9条站,Q11047852,Japan
***ERROR:日進車站 (愛知縣),Nisshin Station,Japan
***ERROR:新莊車站 (新竹市),Xin Zhuang Station (Hsinchu City),Taiwan
***ERROR:山口站 (新疆),Q11044785,People's Republic of China
***ERROR:山鼻19条站,Q11047845,Japan
***ERROR:岞山站,Q11048757,People's Republic of China
***ERROR:泰安車站 (舊山線),Tai'an Station,Taiwan
***ERROR:泰山站 (新北市),Taishan Station,Taiwan
***ERROR:中原站 (新北市),Q10872616,Taiwan
***ERROR:中島車站 (愛知縣),Nakajima Station,Japan
***ERROR:川村車站 (熊本縣),Kawamura Station,Japan
***ERROR:劲松站 (内蒙古),Q10901034,People's Republic of China
***ERROR:劳动路站 (苏州),Q10901074,People's Republic of China
***ERROR:東門車站 (台南市),Dongmen Station,Taiwan
***ERROR:東園站 (台北市),Q11103187,Taiwan
***ERROR:黑井站 (云南省),Q11178884,People's Republic of China
***ERROR:黄磏站,Huangqian Railway Station,People's Republic of China
***ERROR:林口站 (機場捷運),Linkou Station,Taiwan
***ERROR:INTEC本社前停留場,Q11287588,Japan
***ERROR:柏慧中心站 (METRO輕鐵),Osborn Road and Central Avenue,United States of America
***ERROR:板桥站 (安徽),Banqiao Railway Station,People's Republic of China
***ERROR:古河站 (新疆),Q10913428,People's Republic of China
***ERROR:合川站 (日本),Aikawa Station,Japan
***ERROR:台鐵捷運紅線 (桃園),Q10915940,Taiwan
***ERROR:麒麟站 (日本),Kirin Station,Japan
***ERROR:中野站 (岐阜縣),Nakano Station,Japan
***ERROR:千疊敷站 (青森縣),Senjōjiki Station,Japan
***ERROR:向原站 (東京都),Mukōhara Stop,Japan
***ERROR:名古屋港車站 (JR貨物),Nagoya Minato Station,Japan
***ERROR:東所澤站 (武藏野鐵道),Higashi-Tokorozawa Station,Japan
***ERROR:營地·車車站,Q11297395,Japan
***ERROR:十川站 (青森縣),Togawa Station,Japan
***ERROR:北野站 (京都府),Kitano Station,Japan
***ERROR:北野站 (大阪府),Kitano Station,Japan
***ERROR:北野站 (福岡縣),Kitano Station,Japan
***ERROR:千鳥町站 (神奈川縣),Chidorichō Station,Japan
***ERROR:招呼站 (台鐵),Q11077284,Taiwan
***ERROR:中野站 (大阪府),Nakano,Japan
***ERROR:回龙站 (湖南省),Q10925578,People's Republic of China
***ERROR:坂田站 (中国),Q10928499,People's Republic of China
***ERROR:園博園站 (重慶),The EXPO Garden Station,People's Republic of China
***ERROR:坑口站 (桃園市),Q10928605,Taiwan
***ERROR:水湳站,Q11130230,Taiwan
***ERROR:永宁站 (沈吉铁路),Q11131514,People's Republic of China
***ERROR:龜山車站 (日本國鐵),Kameyama Station,Japan
***ERROR:南峧站,Q10907663,People's Republic of China
***ERROR:塘坑站 (广州),Q10930993,People's Republic of China
***ERROR:中野站 (長野縣),Nakano Station,Japan
***ERROR:井野站 (千葉縣),Ino Station,Japan
***ERROR:龜田站 (北海道),Kameda Station,Japan
***ERROR:新村站 (長野縣),Niimura Station,Japan
***ERROR:中野站 (青森縣),Nakano Station,Japan
***ERROR:末廣町站 (北海道),Q11093308,Japan
***ERROR:京王線新宿站附近的廢站#京王新宿站,Q11374634,Japan
***ERROR:朝日站 (北海道),Asahi Station,Japan
***ERROR:朝霧站 (熊本縣),Asagiri Station,Japan
***ERROR:康城站 (武安市),Q11063627,People's Republic of China
***ERROR:新场站 (上海),Xinchang Station,People's Republic of China
***ERROR:新场站 (贵州省),Q11081867,People's Republic of China
***ERROR:文化區站 (METRO輕鐵),McDowell Road and Central Avenue,United States of America
***ERROR:文化中心站 (天津地铁),Q11079564,People's Republic of China
***ERROR:新屋站 (惠州),Xinwu Railway Station,People's Republic of China
***ERROR:UNESCO村站,UNESCO Village Station,Japan
***ERROR:机场站 (大连),Q11095045,People's Republic of China
***ERROR:新川町站 (北海道),Q11082386,Japan
***ERROR:新洲站 (武汉),Q11083197,People's Republic of China
***ERROR:遊園地前站 (埼玉縣),Amusement Park Station,Japan
***ERROR:川內站 (宮城縣),Kawauchi Station,Japan
***ERROR:市民廣場站 (兵庫縣),Shimin Hiroba Station,Japan
***ERROR:新川站 (兵庫縣),Shinkawa station,Japan
***ERROR:川西站 (北海道),Kawanishi Station,Japan
***ERROR:新富車站 (日本),Shimtomi Station,Japan
***ERROR:本山站 (神奈川縣),Honzan Station,Japan
***ERROR:末廣町車站 (神奈川縣),Suehirochō Station,Japan
***ERROR:木津川站 (京都府),Q11519244,Japan
***ERROR:JR總持寺站,Q11226302,Japan
***ERROR:市役所前車站 (長野縣),Shiyakushomae Station,Japan
***ERROR:木野站 (北海道),Kino Station,Japan
***ERROR:公園前站 (長野縣),Kouenmae Station,Japan
***ERROR:市民醫院前停留場 (長崎縣),Q11480601,Japan
***ERROR:市役所前停留場 (鹿兒島縣),Q11480476,Japan
***ERROR:川東站 (佐賀縣),Kawahigashi Station,Japan
***ERROR:龙华站 (河北省),Longhua Railway Station,People's Republic of China
***ERROR:八丁堀站 (廣島縣),Hatchōbori Station,Japan
***ERROR:公園站 (千葉縣),Kōen Station,Japan
***ERROR:新川站 (阪神),Shinkawa station,Japan
***ERROR:新川站 (輕石軌道),Shinkawa Station,Japan
***ERROR:材木町站 (北海道),Q11522640,Japan
***ERROR:新橋站 (威爾斯),Newbridge (Caerphilly) railway station,United Kingdom
***ERROR:三等站 (台鐵),Q10866574,Taiwan
***ERROR:洲頭站 (廣深港高速鐵路),Q11147503,People's Republic of China
***ERROR:浦东火车站 (地铁),Q11148974,People's Republic of China
***ERROR:桐梓林站 (成都),Tongzilin Station,People's Republic of China
***ERROR:笹島演奏廳站,Sasashima-raibu Station,Japan
***ERROR:三谷站 (岡山縣),Mitani Station,Japan
***ERROR:和平車站 (台北市),Q10921518,Taiwan
***ERROR:古田站 (日本),Q11411524,Japan
***ERROR:三笠站 (北海道),Mikasa Station,Japan
***ERROR:中山車站 (岡山縣),Nakayama Station,Japan
***ERROR:向島站 (東京都),Mukōjima Station,Japan
***ERROR:Atre,Q11284027,Japan
***ERROR:三重車站 (日本),Mie Station,Japan
***ERROR:卸町站 (宮城縣),Oroshimachi Station,Japan
***ERROR:卸町站 (福島縣),Oroshimachi Station,Japan
***ERROR:清㘵站,Qingbu Station,People's Republic of China
***ERROR:內野站 (福島縣),Utsuno Station,Japan
***ERROR:海濱車站 (台灣),Haibin Station,Taiwan
***ERROR:海洋公园站 (成都),Jincheng Plaza Station,People's Republic of China
***ERROR:植物園站 (台北市),Q11117396,Taiwan
***ERROR:西原站 (廣島縣),Nishihara Station,Japan
***ERROR:鳳鳴車站 (新北市),Q11173846,Taiwan
***ERROR:海湾站 (轨道交通),Q11151044,People's Republic of China
***ERROR:山之內站 (京都府),Yamanouchi Station,Japan
***ERROR:梶原站,Kajiwara,Japan
***ERROR:西原站 (三重縣),Nishihara Station,Japan
***ERROR:山谷站 (東京都),San-ya Station,Japan
***ERROR:山城站 (三重縣),Yamajo Station,Japan
***ERROR:岡田站 (香川縣),Okada Station,Japan
***ERROR:圓山站 (北海道),Maruyama Station,Japan
***ERROR:蘆川站 (北海道),Ashikawa Station,Japan
***ERROR:東札幌站 (國鐵),Higashisapporo Station,Japan
***ERROR:東港站 (日本),Tōkō Station,Japan
***ERROR:加太站 (和歌山縣),Kada Station,Japan
***ERROR:住吉站 (靜岡縣),Sumiyoshi Station,Japan
***ERROR:花園站 (香川縣),Hanazono Station,Japan
***ERROR:西武T.O.前站,Q11628877,Japan
***ERROR:西線16条站,Q11629391,Japan
***ERROR:前川站 (新潟縣),Maekawa Station,Japan
***ERROR:西線11條站,Q11629390,Japan
***ERROR:西線9條旭山公園通站,Q11629393,Japan
***ERROR:嵐山車站 (京福電氣鐵道),Arashiyama Station,Japan
***ERROR:住吉停留場 (長崎縣),Sumiyoshi,Japan
***ERROR:依田站 (北海道),Yoda Station,Japan
***ERROR:伊丹站 (阪急),Itami Station,Japan
***ERROR:今川站 (新潟縣),Imagawa Station,Japan
***ERROR:東新川站 (群馬縣),Higashi-Nikkawa Station,Japan
***ERROR:茶屋町站 (大阪府),Chayamachi Station,Japan
***ERROR:荒井站 (宮城縣),Arai Station,Japan
***ERROR:西新站 (國鐵),Nishijin Station,Japan
***ERROR:西線14條站,Q11629392,Japan
***ERROR:西線6條站,Q11629394,Japan
***ERROR:御領站 (廣島縣),Goryō Station,Japan
***ERROR:大佛站 (日本),Daibutsu Station,Japan
***ERROR:運動公園站 (群馬縣),Undō-Kōen Station,Japan
***ERROR:迎宾路站 (沈阳),Yingbin Lu Station,People's Republic of China
***ERROR:平山站 (日本),Hirayama Station,Japan
***ERROR:大宮站 (西武),Ōmiya Station,Japan
***ERROR:春日站 (北海道),Kasuga Station,Japan
***ERROR:北埠頭站 (北海道),Kita Futō Station,Japan
***ERROR:大津町站 (愛知縣),Otsumachi Station,Japan
***ERROR:新生站 (北海道),Shinsei Station,Japan
***ERROR:東花園車站 (日本),Higashi-Hanazono Station,Japan
***ERROR:新田站 (岐阜縣),Shinden Station,Japan
***ERROR:熊本城、市役所前車站,Q11567971,Japan
***ERROR:大島站 (石川縣),Q11434993,Japan
***ERROR:蹴上車站 (京阪),Keage Station,Japan
***ERROR:日吉站 (滋賀縣),Hiyoshi Station,Japan
***ERROR:平林站 (新潟縣),Hirabayashi Station,Japan
***ERROR:旭站 (北海道),Asahi Station,Japan
***ERROR:大嶺站 (日本),Ōmine Station,Japan
***ERROR:新生站 (千葉縣),Araoi Station,Japan
***ERROR:新興站 (神奈川縣),Shinkō Station,Japan
***ERROR:爱野站 (长崎县),Aino Station,Japan
***ERROR:新田站 (福島縣),Nitta Station,Japan
***ERROR:犬伏站 (德島縣),Inubushi Station,Japan
***ERROR:新田站 (宮城電氣鐵道),Q11503784,Japan
***ERROR:犬伏車站 (栃木縣),Inubushi Station,Japan
***ERROR:平沼站 (日本國鐵),Hiranuma Station,Japan
***ERROR:荻窪站 (福島縣),Ogikubo Station,Japan
***ERROR:車站前車站 (名古屋市),Ekimae Station,Japan
***ERROR:石岡車站 (台灣),Shihkang Station,Taiwan
***ERROR:武佐站 (滋賀縣),Musa Station,Japan
***ERROR:城下站 (長野縣),Shiroshita Station,Japan
***ERROR:壬生站 (京都府),Mibu Station,Japan
***ERROR:高校前站 (新潟縣),Kōkōmae Station,Japan
***ERROR:高島站 (神奈川縣),Takashima Station,Japan
***ERROR:神奈川站 (國鐵),Kanagawa Station,Japan
***ERROR:鹽濱站 (神奈川縣),Shiohama Station,Japan
***ERROR:神奈川站 (東急),Kanagawa Station,Japan
***ERROR:石井站 (愛媛縣),Ishii Station,Japan
***ERROR:橫山站 (兵庫縣),Yokoyama Station,Japan
***ERROR:國際中心站 (宮城縣),International Center Station,Japan
***ERROR:赤岩站 (长野县),Akaiwa Station,Japan
***ERROR:高濱站 (島根縣),Takahama Station,Japan
***ERROR:高田站 (福岡縣),Takata Station,Japan
***ERROR:柳澤站 (長野縣),Yanagisawa Station,Japan
***ERROR:梶谷站,Kajigaya Station,Japan
***ERROR:槙峰站,Makimine Station,Japan
***ERROR:豐野站 (大阪府),Toyono Station,Japan
***ERROR:榮站 (北海道),Sakae Station,Japan
***ERROR:梶谷貨運總站,Kajigaya Freight Terminal,Japan
***ERROR:深谷站 (滋賀縣),Fukatani Station,Japan
***ERROR:清水車站 (岐阜縣),Kiyomizu Station,Japan
***ERROR:榮町站 (東京都),Sakaechō Station (Tokyo),Japan
***ERROR:藥師堂站 (秋田縣),Yakushidō Station,Japan
***ERROR:西4丁目站,Q11627033,Japan
***ERROR:西8丁目站,Q11627036,Japan
***ERROR:豐榮站 (日本),Toyosaka Station,Japan
***ERROR:清水車站 (岡山縣),Shimizu Station,Japan
***ERROR:森下站 (福岡縣),Morishita Station,Japan
***ERROR:藥師堂站 (宮城縣),Yakushido Station,Japan
***ERROR:豐田車站 (台灣),Fengtian Station,Taiwan
***ERROR:長陽車站 (日本),Chōyō Station,Japan
***ERROR:西15丁目站,Q11627034,Japan
***ERROR:赤池站 (福冈县),Akaike Station,Japan
***ERROR:金川站 (日本),Kanagawa Station,Japan
***ERROR:太田站 (香川縣),Ota Station,Japan
***ERROR:柳原站 (長野縣),Yanagihara Station,Japan
***ERROR:黑田站 (奈良縣),Kuroda Station,Japan
***ERROR:東坮站,Q12593283,North Korea
***ERROR:球場前站 (岡山縣),Kyūjōmae Station,Japan
***ERROR:高山站 (江原道),Kosan Station,North Korea
***ERROR:白山站 (香川縣),Shirayama Station,Japan
***ERROR:黃金車站 (愛知縣),Kogane Station,Japan
***ERROR:黑川站 (佐賀縣),Kurogou Station,Japan
***ERROR:孝子車站 (大阪府),Kyōshi Station,Japan
***ERROR:福井站 (岡山縣),Fukui Station,Japan
***ERROR:神田站 (長崎縣),Kouda Station,Japan
***ERROR:神明站 (福井縣),Shinmei Station,Japan
***ERROR:黑山站 (日本),Kuroyama Station,Japan
***ERROR:神田站 (鹿兒島縣),Q11590680,Japan
***ERROR:瑞穗車站 (神奈川縣),Mizuho Station,Japan
***ERROR:瓢簞山車站 (大阪府),Hyōtan-yama Station,Japan
***ERROR:22街站,22nd Street (Caltrain station),United States of America
***ERROR:守山站 (愛知縣),Moriyama Station,Japan
***ERROR:Pegae峰站,Pegaebong Station,North Korea
***ERROR:黑斯廷斯站 (墨爾本),Hastings,Australia
***ERROR:醫學中心-金禧站,Health Sciences/Jubilee station,Canada
***ERROR:第十大道車站 (IRT法拉盛線),10th Avenue (IRT Flushing Line),United States of America
***ERROR:劳动路站 (西安),Laodong Lu Station (Xi'an),People's Republic of China
***ERROR:笹島車站,Sasashima Station,Japan
***ERROR:黑斯廷斯站 (波士頓),Hastings (MBTA station),United States of America
***ERROR:競馬場前站 (北海道),Q11598613,Japan
***ERROR:麥科南-貝爾格拉維亞站,McKernan/Belgravia station,Canada
***ERROR:枣园站 (西安),Zayuan Station,People's Republic of China
***ERROR:競艇場前站 (廣島縣),Kyōteijō-mae Station,Japan
***ERROR:羅下坮站,Q16188305,North Korea
***ERROR:高雄捷運紅線 (主線),Q15899934,Taiwan
***ERROR:蓮花村站 (重慶),Q15894741,People's Republic of China
***ERROR:田浦車站 (花蓮縣),Tienpu Station,Taiwan
***ERROR:金谷站 (江原道),Q13593319,South Korea
***ERROR:榆谷站 (江原道),Q13596195,South Korea
***ERROR:西屯站 (甘肃),Q15927337,People's Republic of China
***ERROR:大连北站 (地铁),Q15923678,People's Republic of China
***ERROR:清水站 (新北市),Q15928148,Taiwan
***ERROR:跨站式站房 (台鐵),Q15922706,Taiwan
***ERROR:高雄捷運橘線 (主線),Q15903235,Taiwan
***ERROR:田坝站 (重庆),Q15927886,People's Republic of China
***ERROR:重庆西站 (人和场),Q15921530,People's Republic of China
***ERROR:革镇堡站 (地铁),Q15924809,People's Republic of China
***ERROR:石门站 (河北省),Shimen Station,People's Republic of China
***ERROR:金野站 (咸镜南道),Kumya Station,North Korea
***ERROR:潖江口站,Q17033047,People's Republic of China
***ERROR:重庆东站 (上桥),Q15916556,People's Republic of China
***ERROR:中和站 (新北市),Q15908518,Taiwan
***ERROR:人民广场站 (大连),Q15920401,People's Republic of China
***ERROR:簕竹站,Q17066766,People's Republic of China
***ERROR:石硊镇站,Q17038928,People's Republic of China
***ERROR:聯合車站 (波特蘭),Union Station,United States of America
***ERROR:東明站 (北海道),Tōmei Station,Japan
***ERROR:鹿部車站 (大沼電鐵),Shikabe Station,Japan
***ERROR:銚子口站 (大沼電鐵),Chōshiguchi Station,Japan
***ERROR:中野站 (兵庫縣),Nakano Station,Japan
***ERROR:須賀站 (東京都),Suka Station,Japan
***ERROR:长河碥站,Q17030824,People's Republic of China
***ERROR:南京林业大学·新庄站,Nanjing Forestry University Xinzhuang Station,People's Republic of China
***ERROR:梅田站 (阪急),Umeda Station (Hankyu),Japan
***ERROR:方庄站 (北京),Fangzhuang Station,People's Republic of China
***ERROR:萬大-中和-樹林線,Wanda Line (Taipei Metro),Taiwan
***ERROR:カジェウル站,Gajaeul Station,South Korea
***ERROR:モレネ市場站,Moraenae Market Station,South Korea
***ERROR:麻田站 (仁川),Majeon Station,South Korea
***ERROR:磁浮㮾梨站,Langli Station,People's Republic of China
***ERROR:紫阳站 (黄海南道),Chayang Station,North Korea
***ERROR:柏林－利希滕贝格车站,Berlin-Lichtenberg station,Germany
***ERROR:聖馬丁站 (巴黎),Saint-Martin,France
***ERROR:RRI站,Q29032429,Malaysia
***ERROR:盧西奧·塞斯提奧站,Lucio Sestio,Italy
***ERROR:克里斯多福街-謝里登廣場車站,Christopher Street – Sheridan Square,United States of America
***ERROR:曼佐尼-自由博物館站,Manzoni,Italy
***ERROR:第三大道-149街車站 (IRT白原路線),Third Avenue – 149th Street,United States of America
***ERROR:勒杜-羅蘭站,Ledru-Rollin,France
***ERROR:59街站,59th Street,United States of America
***ERROR:猶太城-雷奧·拉格朗日站,Villejuif – Léo Lagrange,France
***ERROR:36街車站,36th Street,United States of America
***ERROR:雷奧繆爾-賽巴斯托波爾站,Réaumur – Sébastopol,France
***ERROR:阿納托勒·法蘭西站,Anatole France,France
***ERROR:時報廣場-42街車站,Times Square – 42nd Street,United States of America
***ERROR:聖塞巴斯蒂安-弗瓦薩站,Saint-Sébastien – Froissart,France
***ERROR:新庭-1945年5月8日站,La Courneuve – 8 Mai 1945,France
***ERROR:港墘站,Gangqian Station,Taiwan
***ERROR:75大道車站,75th Avenue,United States of America
***ERROR:自然博物館站 (柏林),Naturkundemuseum,Germany
***ERROR:格奥尔格·布劳赫勒环路站,Georg-Brauchle-Ring,Germany
***ERROR:柏林-斯潘道站,Berlin-Spandau station,Germany
***ERROR:Sutphin大道－射手大道－甘迺迪機場,Sutphin Boulevard – Archer Avenue – JFK Airport,United States of America
***ERROR:唭哩岸站,Qilian Station,Taiwan
***ERROR:Centum City站,Centum City Station,South Korea
***ERROR:石坮站,Seokdae Station,South Korea
***ERROR:拉莫特-皮凯-格勒内勒站,La Motte-Picquet – Grenelle,France
***ERROR:霍華德灘–甘迺迪機場,Howard Beach – JFK Airport,United States of America
***ERROR:市政大廈站 (斯德哥爾摩),Rådhuset metro station,Sweden
***ERROR:慶星大、釜慶大站,Kyungsung University–Pukyong National University Station,South Korea
***ERROR:勒伊-狄德罗站,Reuilly – Diderot,France
***ERROR:黎塞留-杜羅站,Richelieu – Drouot,France
***ERROR:托登罕宮路站（圖騰漢廳路站）,Tottenham Court Road tube station,United Kingdom
***ERROR:弗朗索瓦·密特朗圖書館站,Bibliothèque François Mitterrand,France
***ERROR:穆頓-杜維內站,Mouton-Duvernet,France
***ERROR:79街車站,79th Street,United States of America
***ERROR:斯特拉斯堡-聖德尼站,Strasbourg – Saint-Denis,France
***ERROR:2号航站楼站,Terminal 2 Station,People's Republic of China
***ERROR:萊辛頓大道/59街車站,Lexington Avenue / 59th Street (New York City Subway),United States of America
***ERROR:布羅爾－央街站,Bloor-Yonge,Canada
***ERROR:191街車站,191st Street,United States of America
***ERROR:25街車站,25th Street,United States of America
***ERROR:東180街車站 (IRT白原路線),East 180th Street,United States of America
***ERROR:市政廳車站 (BMT),City Hall,United States of America
***ERROR:3号航站楼站,Terminal 3 Station,People's Republic of China
***ERROR:博比尼-巴勃羅·畢卡索站,Bobigny – Pablo Picasso,France
***ERROR:博比尼-龐丹-雷蒙·克諾站,Bobigny – Pantin – Raymond Queneau,France
***ERROR:亞勒頓大道車站 (IRT白原路線),Allerton Avenue,United States of America
***ERROR:體育場站 (斯德哥爾摩),Stadion metro station,Sweden
***ERROR:28街,28th Street,United States of America
***ERROR:埃蒂安·馬塞爾站,Étienne Marcel,France
***ERROR:桑西埃-多邦頓站,Censier – Daubenton,France
***ERROR:布洛涅-圣克卢桥站,Boulogne – Pont de Saint-Cloud,France
***ERROR:菲得比-沙利尼站,Faidherbe – Chaligny,France
***ERROR:前景大道車站 (IRT白原路線),Prospect Avenue,United States of America
***ERROR:克拉克街車站 (IRT百老匯－第七大道線),Clark Street,United States of America
***ERROR:博物館站 (布拉格),Muzeum,Czech Republic
***ERROR:夏尔东-拉加什站,Chardon Lagache,France
***ERROR:奕德華·蒙比提站,Édouard-Montpetit,Canada
***ERROR:拉德芳斯站 (巴黎地铁),La Défense,France
***ERROR:萊克朗蘭-比塞特爾站,Le Kremlin-Bicêtre,France
***ERROR:朱利奧·阿格里科拉站,Giulio Agricola,Italy
***ERROR:老城站 (斯德哥爾摩),Gamla stan metro station,Sweden
***ERROR:旭利-莫隆站,Sully – Morland,France
***ERROR:福瑞奧-卡米洛站,Furio Camillo,Italy
***ERROR:科倫坦·卡里烏站,Corentin Cariou,France
***ERROR:平野站 (大阪市營地下鐵),Hirano Station,Japan
***ERROR:米歇尔-安热-莫利托站,Michel-Ange – Molitor,France
***ERROR:扇町站 (大阪府),Ogimachi Station,Japan
***ERROR:鍾路3街站,Jongno 3-ga Station,South Korea
***ERROR:125街車站 (IRT萊諾克斯大道線),125th Street,United States of America
***ERROR:猶太城-路易·阿拉貢站,Villejuif - Louis Aragon,France
***ERROR:法蘭克尼亞-春田站,Franconia–Springfield Station,United States of America
***ERROR:呂西安·拉利耶站,Lucien-L'Allier,Canada
***ERROR:20大道車站,20th Avenue,United States of America
***ERROR:Cité Scientifique - Professeur Gabillard,Cité Scientifique - Professeur Gabillard (métro de Lille Métropole),France
***ERROR:Quatre Cantons - Grand Stade,Quatre Cantons - Grand Stade (métro de Lille Métropole),France
***ERROR:103街車站,103rd Street,United States of America
***ERROR:亞歷山大·涅夫斯基廣場I站,Ploshchad Alexandra Nevskogo I,Russia
***ERROR:鍾路5街站,Jongno 5-ga Station,South Korea
***ERROR:今里站 (大阪市營地鐵),Imazato Station,Japan
***ERROR:33街车站,33rd Street,United States of America
***ERROR:虹桥2号航站楼站,Hongqiao Airport Terminal 2 Station,People's Republic of China
***ERROR:清水站 (大阪府),Shimizu Station,Japan
***ERROR:共和国广场-歌剧院站,Repubblica metro station,Italy
***ERROR:埃德加·吉涅站,Edgar Quinet,France
***ERROR:努米迪奧·奎阿德拉羅站,Numidio Quadrato,Italy
***ERROR:弗爾巴-奎阿德拉羅港站,Porta Furba Quadraro,Italy
***ERROR:維托里奧·埃馬努埃萊站,Vittorio Emanuele,Italy
***ERROR:米歇尔-安热-奥特伊站,Michel-Ange – Auteuil,France
***ERROR:歌劇院站 (馬德里),Ópera,Spain
***ERROR:鲍伊奇－日林斯基大街站,Bajcsy-Zsilinszky út,Hungary
***ERROR:戴阿克·费伦茨广场站,Deák Ferenc tér,Hungary
***ERROR:亞當斯/瓦伯許大道站,Adams/Wabash,United States of America
***ERROR:醍醐車站 (京都府),Daigo Station,Japan
***ERROR:雪柏－央街站,Sheppard–Yonge,Canada
***ERROR:于勒·若夫蘭站,Jules Joffrin,France
***ERROR:猶太城-保羅·維揚站,Villejuif – Paul Vaillant-Couturier,France
***ERROR:安特卫普站 (巴黎地铁),Anvers,France
***ERROR:米歇爾·比佐站,Michel Bizot,France
***ERROR:洛里默街/大都會大道車站,Lorimer Street / Metropolitan Avenue (New York City Subway),United States of America
***ERROR:肯辛顿(奥林匹亚)站,Kensington (Olympia) station,United Kingdom
***ERROR:日本橋站 (大阪府),Nippombashi Station,Japan
***ERROR:卢浮-里沃利站,Louvre – Rivoli,France
***ERROR:王宫-卢浮宫站,Palais Royal – Musée du Louvre,France
***ERROR:安德烈·雪铁龙站,Javel – André Citroën,France
***ERROR:皇冠高地-猶提卡大道車站,Crown Heights – Utica Avenue,United States of America
***ERROR:维克多·雨果站,Victor Hugo,France
***ERROR:第49街站 (BMT百老匯線),49th Street,United States of America
***ERROR:布朗克斯公園東車站 (IRT白原路線),Bronx Park East,United States of America
***ERROR:布洛涅-让·饶勒斯站,Boulogne – Jean Jaurès,France
***ERROR:虹桥1号航站楼站,Hongqiao Airport Terminal 1 Station,People's Republic of China
***ERROR:46街-布利斯街車站,46th Street – Bliss Street,United States of America
***ERROR:85街-森林園道車站,85th Street – Forest Parkway,United States of America
***ERROR:1905年街站,Ulitsa 1905 Goda,Russia
***ERROR:佩藍公園路車站 (IRT白原路線),Pelham Parkway,United States of America
***ERROR:77街站,77th Street,United States of America
***ERROR:佐治·雲尼亞站,Georges-Vanier,Canada
***ERROR:168街車站,168th Street,United States of America
***ERROR:西農莊廣場-東翠蒙大道車站 (IRT白原路線),West Farms Square – East Tremont Avenue,United States of America
***ERROR:馬塞爾·松巴站,Marcel Sembat,France
***ERROR:馬布爾小丘-225街車站,Marble Hill – 225th Street,United States of America
***ERROR:锦南路5街站,Geumnamno 5-ga Station,South Korea
***ERROR:霍伊特-歇爾美角街車站,Hoyt–Schermerhorn Streets,United States of America
***ERROR:西四街-華盛頓廣場車站,West Fourth Street – Washington Square,United States of America
***ERROR:菲力·佛爾站,Félix Faure,France
***ERROR:72街車站,72nd Street,United States of America
***ERROR:勒瓦盧瓦橋-培根站,Pont de Levallois – Bécon,France
***ERROR:塞夫爾-勒古布站,Sèvres – Lecourbe,France
***ERROR:巴貝斯-洛舒雅站,Barbès – Rochechouart,France
***ERROR:阿夫尔-科马丹站,Havre – Caumartin,France
***ERROR:克呂尼-巴黎大學站,Cluny – La Sorbonne,France
***ERROR:富兰克林·D·罗斯福站,Franklin D. Roosevelt,France
***ERROR:65街車站,65th Street,United States of America
***ERROR:居伊·莫戈站,Guy Môquet,France
***ERROR:50街車站,50th Street,United States of America
***ERROR:里夏爾-勒諾瓦站,Richard-Lenoir,France
***ERROR:克雷特伊-雷沙站,Créteil - L'Échat,France
***ERROR:丹佛-羅什洛站,Denfert-Rochereau,France
***ERROR:170街車站,170th Street,United States of America
***ERROR:71街車站,71st Street,United States of America
***ERROR:路易·布朗站,Louis Blanc,France
***ERROR:聖德尼-巴黎門站,Saint-Denis – Porte de Paris,France
***ERROR:夏尔·米歇尔站,Charles Michels,France
***ERROR:110街車站,110th Street,United States of America
***ERROR:安諾希·波格朗站,Honoré-Beaugrand,Canada
***ERROR:116街,116th Street,United States of America
***ERROR:34街-賓州車站,34th Street – Penn Station,United States of America
***ERROR:羅斯福大道/74街車站,Roosevelt Avenue / 74th Street,United States of America
***ERROR:內文斯街車站 (IRT東公園大道線),Nevins Street,United States of America
***ERROR:希斯洛機場4號航廈站,Heathrow Terminal 4 tube station,United Kingdom
***ERROR:德米特里·頓斯科伊林蔭路站,Bulvar Dmitriya Donskogo,Russia
***ERROR:奧貝維埃-龐丹-四條徑站,Aubervilliers – Pantin – Quatre Chemins,France
***ERROR:彼得羅夫－拉祖莫夫站,Petrovsko-Razumovskaya,Russia
***ERROR:紐羅次大道車站 (IRT紐羅次線),New Lots Avenue,United States of America
***ERROR:81街－自然歷史博物館車站,81st Street – Museum of Natural History,United States of America
***ERROR:18大道車站,18th Avenue,United States of America
***ERROR:"希斯洛機場1,2,3號航廈站"
***ERROR:布雷格-薩本站,Bréguet – Sabin,France
***ERROR:石田車站 (京都府),Ishida Station,Japan
***ERROR:市民廣場站 (斯德哥爾摩),Medborgarplatsen metro station,Sweden
***ERROR:116街車站,116th Street,United States of America
***ERROR:第五大道-59街車站,Fifth Avenue / 59th Street,United States of America
***ERROR:蒙帕納斯-比耶維紐站,Montparnasse – Bienvenüe,France
***ERROR:邁松阿爾福-茹伊奧特站,Maisons-Alfort – Les Juilliottes,France
***ERROR:聖日耳曼-德佩站,Saint-Germain-des-Prés,France
***ERROR:138街-大廣場車站,138th Street – Grand Concourse,United States of America
***ERROR:67大道車站,67th Avenue,United States of America
***ERROR:布利克街/百老匯－拉法葉街車站,Bleecker Street / Broadway – Lafayette Street,United States of America
***ERROR:207街車站,207th Street,United States of America
***ERROR:88街車站,88th Street,United States of America
***ERROR:蔡厝港地铁/轻轨站,Choa Chu Kang MRT/LRT Station,Singapore
***ERROR:176街車站,176th Street,United States of America
***ERROR:昂利·布哈沙站,Henri-Bourassa,Canada
***ERROR:桑斯車站 (巴塞隆拿地鐵),Sants Estació,Spain
***ERROR:塞夫爾-巴比倫站,Sèvres – Babylone,France
***ERROR:169街車站,169th Street,United States of America
***ERROR:183街車站,183rd Street,United States of America
***ERROR:第四大道/第九街車站,Fourth Avenue / Ninth Street,United States of America
***ERROR:莫貝-醫保互助會站,Maubert - Mutualité,France
***ERROR:21街車站,21st Street,United States of America
***ERROR:大學站 (斯德哥爾摩),Universitetet metro station,Sweden
***ERROR:116街-哥倫比亞大學車站,116th Street – Columbia University,United States of America
***ERROR:125街車站,125th Street,United States of America
***ERROR:教堂大道-110街車站,Cathedral Parkway – 110th Street,United States of America
***ERROR:夏爾·戴高樂-星形站,Charles de Gaulle – Étoile,France
***ERROR:泰格・巴哈杜爾大師站,GTB Nagar,India
***ERROR:埃米尔·左拉大街站,Avenue Émile Zola,France
***ERROR:25大道車站,25th Avenue,United States of America
***ERROR:33街車站,33rd Street,United States of America
***ERROR:21街-皇后橋車站,21st Street – Queensbridge,United States of America
***ERROR:14街車站,14th Street,United States of America
***ERROR:167街車站,167th Street,United States of America
***ERROR:第三大道車站 (BMT卡納西線),Third Avenue,United States of America
***ERROR:EUR帕拉斯波站,EUR Palasport,Italy
***ERROR:EUR費爾米站,EUR Fermi,Italy
***ERROR:亞歷山大·涅夫斯基廣場II站,Ploshchad Alexandra Nevskogo II (Saint Petersburg Metro),Russia
***ERROR:75街-埃德茨里車站,75th Street – Elderts Lane,United States of America
***ERROR:155街車站,155th Street,United States of America
***ERROR:EUR馬格利亞納站,EUR Magliana,Italy
***ERROR:231街車站,231st Street,United States of America
***ERROR:東山車站 (京都府),Higashiyama Station,Japan
***ERROR:96街車站,96th Street,United States of America
***ERROR:23街车站,23rd Street,United States of America
***ERROR:111街車站,111th Street,United States of America
***ERROR:卡納西-洛克威公園車站 (BMT卡納西線),Canarsie – Rockaway Parkway,United States of America
***ERROR:貝佛里路車站 (IRT諾斯特蘭大道線),Beverly Road,United States of America
***ERROR:市政廳車站 (IRT勒辛頓大道線),City Hall,United States of America
***ERROR:86街車站,86th Street,United States of America
***ERROR:14街车站,14th Street PATH station,United States of America
***ERROR:34街－哈德遜車場車站 (IRT法拉盛線),34th Street – Hudson Yards,United States of America
***ERROR:AIIMS站,AIIMS,India
***ERROR:第八街-紐約大學車站,Eighth Street – New York University,United States of America
***ERROR:萊辛頓大道－63街車站,Lexington Avenue – 63rd Street,United States of America
***ERROR:95街-湾脊区站,Bay Ridge – 95th Street,United States of America
***ERROR:洛克威大道車站 (IRT紐羅次線),Rockaway Avenue,United States of America
***ERROR:坂田站 (地铁),Bantian Station,People's Republic of China
***ERROR:80街車站,80th Street,United States of America
***ERROR:主教座堂站 (布宜諾斯艾利斯地鐵),Catedral,Argentina
***ERROR:IFFCO市集,IFFCO Chowk,India
***ERROR:北山站 (京都府),Kitayama Station,Japan
***ERROR:大中央-42街車站,Grand Central – 42nd Street,United States of America
***ERROR:南苑站 (杭州地铁),Nanyuan Station (Hangzhou Metro),People's Republic of China
***ERROR:大碶站,Daqi Station,People's Republic of China
***ERROR:太平桥站 (地铁),Taipingqiao Station,People's Republic of China
***ERROR:104街車站,104th Street,United States of America
***ERROR:53街站,53rd Street,United States of America
***ERROR:友谊路站 (武汉),Youyi Road Station,People's Republic of China
***ERROR:南三环站 (长春),Nansanhuan Station,People's Republic of China
***ERROR:28街車站,28th Street,United States of America
***ERROR:68街－亨特學院車站,68th Street – Hunter College,United States of America
***ERROR:亞特蘭提大道-巴克萊中心車站,Atlantic Avenue – Barclays Center,United States of America
***ERROR:34街-先鋒廣場車站,34th Street – Herald Square,United States of America
***ERROR:北京地铁1号线未开放车站,"Restricted stations of Line 1, Beijing Subway"
***ERROR:堺筋本町站,Sakaisuji-Hommachi Station,Japan
***ERROR:Bellvitge,Hospital de Bellvitge,Spain
***ERROR:阿爾揚・加爾站,Arjan Garh,India
***ERROR:萊辛頓大道/51-53街車站,Lexington Avenue / 51st – 53rd Streets,United States of America
***ERROR:大軍廣場車站 (IRT東公園大道線),Grand Army Plaza,United States of America
***ERROR:凡希克凌大道車站 (IRT紐羅次線),Van Siclen Avenue,United States of America
***ERROR:前程公園車站 (BMT布萊頓線),Prospect Park,United States of America
***ERROR:66街-林肯中心車站,66th Street – Lincoln Center,United States of America
***ERROR:125街,125th Street,United States of America
***ERROR:北濱站 (大阪府),Kitahama Station,Japan
***ERROR:塔拉斯·舍甫琴科站,Tarasa Shevchenka,Ukraine
***ERROR:香榭丽舍-克列孟梭站,Champs-Élysées – Clemenceau,France
***ERROR:157街車站,157th Street,United States of America
***ERROR:47-50街-洛克斐勒中心車站,47th–50th Streets – Rockefeller Center,United States of America
***ERROR:九條車站 (京都府),Kujō Station,Japan
***ERROR:萊昂內爾·格魯站,Lionel-Groulx,Canada
***ERROR:紐刻克大道車站 (IRT諾斯特蘭大道線),Newkirk Avenue,United States of America
***ERROR:公園廣場車站 (BMT法蘭克林大道線),Park Place,United States of America
***ERROR:雅克·邦塞尚站,Jacques Bonsergent,France
***ERROR:人民广场站 (杭州),People Square Station,People's Republic of China
***ERROR:小野車站 (京都府),Ono Station,Japan
***ERROR:181街車站,181st Street,United States of America
***ERROR:貝德福德公園大道車站 (IND匯集線),Bedford Park Boulevard,United States of America
***ERROR:文士洛普街車站 (IRT諾斯特蘭大道線),Winthrop Street,United States of America
***ERROR:范科特蘭公園-242街車站,Van Cortlandt Park – 242nd Street,United States of America
***ERROR:法拉盛-緬街車站,Flushing – Main Street,United States of America
***ERROR:121街車站,121st Street,United States of America
***ERROR:夫拉特布殊大道-布魯克林學院車站 (IRT諾斯特蘭大道線),Flatbush Avenue – Brooklyn College,United States of America
***ERROR:174街車站 (IRT白原路線),174th Street,United States of America
***ERROR:东亭站 (无锡),Dongting Station (Wuxi),People's Republic of China
***ERROR:屯門站 (輕鐵),Tuen Mun Stop,People's Republic of China
***ERROR:42街/第五大道-布來恩特公園車站,42nd Street / Fifth Avenue – Bryant Park,United States of America
***ERROR:63路-雷哥公園車站,63rd Drive – Rego Park,United States of America
***ERROR:諾斯特蘭大道車站 (IRT東公園大道線),Nostrand Avenue,United States of America
***ERROR:59街-哥倫布圓環車站,59th Street–Columbus Circle,United States of America
***ERROR:斯特陵街車站 (IRT諾斯特蘭大道線),Sterling Street,United States of America
***ERROR:東野車站 (京都府),Higashino Station,Japan
***ERROR:40街-勞爾利街車站,40th Street – Lowery Street,United States of America
***ERROR:中央公園北-110街車站,Central Park North – 110th Street,United States of America
***ERROR:朱尼烏斯街車站 (IRT紐羅次線),Junius Street,United States of America
***ERROR:庄桥站 (无锡),Zhuangqiao Station,People's Republic of China
***ERROR:柏庄站 (无锡),Baizhuang Station,People's Republic of China
***ERROR:列夫·托爾斯泰廣場站,Ploshcha Lva Tolstoho,Ukraine
***ERROR:福爾頓街/百老匯-納蘇街車站,Fulton Street,United States of America
***ERROR:總統街車站 (IRT諾斯特蘭大道線),President Street,United States of America
***ERROR:阿爾瑪-瑪索站,Alma – Marceau,France
***ERROR:虾子𡎚站,Q15914194,People's Republic of China
***ERROR:55街車站,55th Street,United States of America
***ERROR:德瓦卡部門11,Dwarka Sector 11,India
***ERROR:德瓦卡部門13站,Dwarka Sector 13 metro station,India
***ERROR:德瓦卡部門21站,Dwarka Sector 21 metro station,India
***ERROR:德瓦卡部門8站,Dwarka Sector 8 metro station,India
***ERROR:德瓦卡部門10站,Dwarka Sector 10 metro station,India
***ERROR:德瓦卡部門12站,Dwarka Sector 12 metro station,India
***ERROR:德瓦卡部門9站,Dwarka Sector 9 metro station,India
***ERROR:德爾瓦卡・莫爾站,Dwarka Mor metro station,India
***ERROR:135街車站 (IRT萊諾克斯大道線),135th Street,United States of America
***ERROR:174-175街車站,174th–175th Streets,United States of America
***ERROR:28街站,28th Street,United States of America
***ERROR:大新站 (深圳),Daxin Station,People's Republic of China
***ERROR:德瓦卡部門14站,Dwarka Sector 14 metro station,India
***ERROR:金坑站 (广州),Q15901192,People's Republic of China
***ERROR:頂埔站 (新北市),Dingpu Station,Taiwan
***ERROR:第一-第二-第三航廈站,Aeropuerto T1-T2-T3,Spain
***ERROR:30大道車站,30th Avenue,United States of America
***ERROR:Shaw and Crompton站,Shaw and Crompton tram stop,United Kingdom
***ERROR:牙買加－179街車站 (IND皇后大道線),Jamaica – 179th Street,United States of America
***ERROR:57街車站,57th Street,United States of America
***ERROR:布魯克林橋-市政府／錢伯斯街車站,Brooklyn Bridge – City Hall / Chambers Street,United States of America
***ERROR:南碼頭／白廳街車站,South Ferry – Whitehall Street,United States of America
***ERROR:77街車站,77th Street,United States of America
***ERROR:馬嘉德-魚店站,Marcadet – Poissonniers,France
***ERROR:石碶站,Shiqi Station,People's Republic of China
***ERROR:路易斯·米歇爾站,Louise Michel,France
***ERROR:青年路站 (武汉地铁),Qingnian Road Station,People's Republic of China
***ERROR:182-183街車站,182nd–183rd Streets,United States of America
***ERROR:14街-聯合廣場車站,14th Street – Union Square,United States of America
***ERROR:155街,155th Street,United States of America
***ERROR:145街,145th Street,United States of America
***ERROR:蘇特大道-魯特蘭路車站 (IRT紐羅次線),Sutter Avenue – Rutland Road,United States of America
***ERROR:牙買加中心－帕森斯/射手車站 (IND射手大道線),Jamaica Center – Parsons/Archer,United States of America
***ERROR:14街,14th Street – Eighth Avenue,United States of America
***ERROR:Exchange Place站,Exchange Place,United States of America
***ERROR:傑街－都會科技車站,Jay Street – MetroTech,United States of America
***ERROR:法蘭克林大道－福爾頓街車站,Franklin Avenue – Fulton Street,United States of America
***ERROR:50街,50th Street,United States of America
***ERROR:61街-木邊車站,61st Street – Woodside,United States of America
***ERROR:柏克大道車站 (IRT白原路線),Burke Avenue,United States of America
***ERROR:辛普森街車站 (IRT白原路線),Simpson Street,United States of America
***ERROR:麦朵大道-威科夫大道站,Myrtle–Wyckoff Avenues,United States of America
***ERROR:維農大道-傑克遜大道車站,Vernon Boulevard – Jackson Avenue,United States of America
***ERROR:33街-羅森街車站,33rd Street – Rawson Street,United States of America
***ERROR:中山公园站 (武汉市),Zhongshan Park Station,People's Republic of China
***ERROR:中医药大学站 (长春),Changchun University of Chinese Medicine Station,People's Republic of China
***ERROR:北13條東車站,Kita-Jūsan-Jō-Higashi Station,Japan
***ERROR:东大桥站 (长春),Dongda Bridge Station,People's Republic of China
***ERROR:乔司站 (地铁),Qiaosi Station,People's Republic of China
***ERROR:Landover車站,Landover Station,United States of America
***ERROR:凱沙夫・普勒姆站,Keshav Puram metro station,India
***ERROR:46街車站,46th Street,United States of America
***ERROR:市政廳車站 (SEPTA),City Hall,United States of America
***ERROR:135街,135th Street,United States of America
***ERROR:柏林-斯平德勒斯菲爾德車站,Berlin-Spindlersfeld station,Germany
***ERROR:Lufthavnen站,Lufthavnen Station,Denmark
***ERROR:查理·巴扎爾站,Chawri Bazar,India
***ERROR:市民广场站 (天津地铁),Citizen Plaza Station,People's Republic of China
***ERROR:卑爾根街車站 (IRT東公園大道線),Bergen Street,United States of America
***ERROR:69街車站,69th Street,United States of America
***ERROR:低地大道車站 (IRT白原路線),Intervale Avenue,United States of America
***ERROR:苏宁总部·徐庄站,Q28418469,People's Republic of China
***ERROR:90街-艾姆赫斯特大道車站,90th Street – Elmhurst Avenue,United States of America
***ERROR:德蘭西街-埃塞克斯街車站,Delancey Street – Essex Street,United States of America
***ERROR:法庭街－區公所車站,Court Street – Borough Hall,United States of America
***ERROR:科尼島－斯提威爾大道車站,Coney Island – Stillwell Avenue,United States of America
***ERROR:荷伊特街車站 (IRT東公園大道線),Hoyt Street,United States of America
***ERROR:161街－洋基體育場車站,161st Street – Yankee Stadium,United States of America
***ERROR:57街 – 第七大道車站,57th Street – Seventh Avenue,United States of America
***ERROR:史密斯街-第九街車站,Smith–Ninth Streets,United States of America
***ERROR:新烏德勒支大道/62街車站,New Utrecht Avenue / 62nd Street,United States of America
***ERROR:植物园地铁站 (新加坡),Botanic Gardens MRT Station,Singapore
***ERROR:MG路站,MG Road metro station,India
***ERROR:45街站,45th Street,United States of America
***ERROR:議會站 (奧斯陸地鐵),Stortinget,Norway
***ERROR:149街-大廣場車站 (IRT白原路線),149th Street – Grand Concourse,United States of America
***ERROR:82街-傑克森高地車站,82nd Street – Jackson Heights,United States of America
***ERROR:錢伯斯街-世界貿易中心/帕克廣場車站,Chambers Street – World Trade Center / Park Place,United States of America
***ERROR:西八街-紐約水族館車站,West Eighth Street – New York Aquarium,United States of America
***ERROR:86街站,86th Street,United States of America
***ERROR:15街-前景公園車站,15th Street – Prospect Park,United States of America
***ERROR:36大道車站,36th Avenue,United States of America
***ERROR:法蘭克林大道－植物園車站,Franklin Avenue – Botanic Garden,United States of America
***ERROR:京斯頓大道車站 (IRT東公園大道線),Kingston Avenue,United States of America
***ERROR:225街車站 (IRT白原路線),225th Street,United States of America
***ERROR:238街車站,238th Street,United States of America
***ERROR:219街車站 (IRT白原路線),219th Street,United States of America
***ERROR:137街-市立學院車站,137th Street – City College,United States of America
***ERROR:新田站 (香港),San Tin Station,People's Republic of China
***ERROR:52街車站,52nd Street,United States of America
***ERROR:傑克森大道車站 (IRT白原路線),Jackson Avenue,United States of America
***ERROR:威克菲爾德-241街車站,Wakefield – 241st Street,United States of America
***ERROR:札幌車站 (札幌市營地下鐵),Sapporo Station,Japan
***ERROR:103街-可樂娜廣場車站,103rd Street – Corona Plaza,United States of America
***ERROR:18街車站,18th Street,United States of America
***ERROR:友谊路站 (长沙),Q27458396,People's Republic of China
***ERROR:西洋站 (福州),Xiyang Station,People's Republic of China
***ERROR:南门口站 (长沙),Nanmenkou Station,People's Republic of China
***ERROR:39大道車站,39th Avenue,United States of America
***ERROR:蘭德斯特拉塞站 (維也納地鐵),Landstraße (Vienna U-Bahn),Austria
***ERROR:南医大·江苏经贸学院站,Nanjing Medical University - Jiangsu Institute of Economic and Trade Technology Station,People's Republic of China
***ERROR:南艺·二师·草场门站,NUA/JSSNU/Caochangmen Station,People's Republic of China
***ERROR:鯉魚門（三家村碼頭）巴士總站,Q11172735,People's Republic of China
***ERROR:深水埗（東京街西）巴士總站,Sham Shui Po (Tonkin Street West) Bus Terminus,People's Republic of China
***ERROR:深水埗（欽州街）巴士總站,Sham Shui Po (Yen Chow Street) Bus Terminus,People's Republic of China
***ERROR:鴨脷洲（利樂街）巴士總站,Ap Lei Chau (Lee Lok Street) Bus Terminus,People's Republic of China
***ERROR:慈雲山（北）巴士總站,Q11074071,People's Republic of China
***ERROR:柴灣（東）巴士總站,Q11110186,People's Republic of China
***ERROR:慈雲山（中）巴士總站,Q11074069,People's Republic of China
***ERROR:觀塘（雅麗道）巴士總站,Q15902650,People's Republic of China
***ERROR:藍田（廣田邨）巴士總站,Lam Tin (Kwong Tin Estate) Bus Terminus,People's Republic of China
***ERROR:觀塘（月華街）巴士總站,Kwun Tong (Yuet Wah Street) Bus Terminus,People's Republic of China
***ERROR:觀塘（翠屏道）巴士總站,Kwun Tong (Tsui Ping Road) Bus Terminus,People's Republic of China
***ERROR:銅鑼灣（摩頓台）巴士總站,Causeway Bay (Moreton Terrace) Bus Terminus,People's Republic of China
***ERROR:鴨脷洲（利南道工業區）巴士總站,Ap Lei Chau (Lee Nam Road Industrial Area) Bus Terminus,People's Republic of China
***ERROR:荃灣（愉景新城）巴士總站,Q15907929,People's Republic of China
***ERROR:機場（地面運輸中心）巴士總站,Q11122148,People's Republic of China
***ERROR:洪水橋（洪元路、田心路）巴士總站,Q11147051,People's Republic of China
***ERROR:233街車站 (IRT白原路線),233rd Street,United States of America
***ERROR:大興（南）站,Tai Hing (South) Stop,People's Republic of China
***ERROR:山景（北）站,Shan King (North) Stop,People's Republic of China
***ERROR:山景（南）站,Shan King (South) Stop,People's Republic of China
***ERROR:𧒽崗站,Leigang Station,People's Republic of China
***ERROR:椥辻車站,Nagitsuji Station,Japan
***ERROR:新圍站 (香港),San Wai Stop,People's Republic of China
***ERROR:大興（北）站,Tai Hing (North) Stop,People's Republic of China
***ERROR:Vienna車站,Vienna Station,United States of America
***ERROR:華富（北）巴士總站,Wah Fu (North) Bus Terminus,People's Republic of China
***ERROR:華富（南）巴士總站,Wah Fu (South) Bus Terminus,People's Republic of China
***ERROR:荃灣（如心廣場）巴士總站,Q15913931,People's Republic of China
***ERROR:葵盛（東）巴士總站,Q15913302,People's Republic of China
***ERROR:金鐘（德立街）巴士總站,Q15926232,People's Republic of China
***ERROR:銅鑼灣（威非路道）巴士總站,Q15915373,People's Republic of China
***ERROR:石籬（大隴街）巴士總站,Q15915097,People's Republic of China
***ERROR:跑馬地（下）巴士總站,Q15914105,People's Republic of China
***ERROR:金鐘（樂禮街）巴士總站,Q15932898,People's Republic of China
***ERROR:灣仔（會展新翼）巴士總站,Wan Chai (Convention Centre) Bus Terminus,People's Republic of China
***ERROR:藍田（北）巴士總站,Lam Tin (North) Bus Terminus,People's Republic of China
***ERROR:華富（中）巴士總站,Wah Fu Central Bus Terminus,People's Republic of China
***ERROR:金鐘（添馬街）巴士總站,Q15929214,People's Republic of China
***ERROR:長沙灣（甘泉街）巴士總站,Q15925545,People's Republic of China
***ERROR:金鐘（西）巴士總站,Q15911934,People's Republic of China
***ERROR:荃灣（灣景廣場）總站,Skyline Plaza,People's Republic of China
***ERROR:Olham Mumps站,Oldham Mumps tram stop,United Kingdom
***ERROR:石籬（梨貝街）巴士總站,Q15923748,People's Republic of China
***ERROR:荔景（北）巴士總站,Q15925398,People's Republic of China
***ERROR:葵盛（中）巴士總站,Q15916288,People's Republic of China
***ERROR:尖沙咀東（麼地道）巴士總站,Q11038400,People's Republic of China
***ERROR:彩雲（豐盛街）巴士總站,Choi Wan (Fung Shing Street) Bus Terminus,People's Republic of China
***ERROR:尖沙咀（廣東道）巴士總站,Q11038433,People's Republic of China
***ERROR:明珠城站 (德里),Moti Nagar metro station,India
***ERROR:內塔吉·蘇巴斯廣場站,Netaji Subhash Place metro station,India
***ERROR:元朗（鳳翔路）巴士總站,Yuen Long (Fung Cheung Road) Bus Terminus,People's Republic of China
***ERROR:Busta新宿,Shinjuku Expressway Bus Terminal,Japan
***ERROR:21號碼頭,Pier 21,Canada
***ERROR:洪水橋（洪元路）巴士總站,Q17164053,People's Republic of China
***ERROR:河海大学·佛城西路站,Hohai University - Fochengxilu Station,People's Republic of China
***ERROR:市役所前車站 (岐阜縣),Shiyakushomae station,Japan
***ERROR:G-Mex站,Deansgate-Castlefield tram stop,United Kingdom
***ERROR:Mosley Street站,Mosley Street tram stop,United Kingdom
***ERROR:金鐘（東）巴士總站,Admiralty (East) Public Transport Interchange,People's Republic of China
***ERROR:Cornbrook站,Cornbrook tram stop,United Kingdom
***ERROR:中環（港澳碼頭）巴士總站,Central (Macau Ferry) Bus Terminus,People's Republic of China
***ERROR:INA站,INA,India
***ERROR:Ashton-under-Lyne站,Ashton-under-Lyne tram stop,United Kingdom
***ERROR:中環（交易廣場）巴士總站,Central (Exchange Square) Bus Terminus,People's Republic of China
***ERROR:Droylsden站,Droylsden tram stop,United Kingdom
***ERROR:柏林-格綠瑙車站,Berlin-Grünau station,Germany
***ERROR:溁湾镇站,Yingwanzhen Station,People's Republic of China
***ERROR:双流机场2航站楼站,Q38787029,People's Republic of China
***ERROR:双流机场1航站楼站,Q38787087,People's Republic of China
***ERROR:柏林-瀚藍湖車站,Berlin-Halensee station,Germany
***ERROR:松前站 (北海道),Matsumae Station,Japan
***ERROR:大正車站 (北海道),Taishō Station,Japan
***ERROR:St Werburgh's Road站,St Werburgh's Road tram stop,United Kingdom
***ERROR:Trafford Bar站,Trafford Bar tram stop,United Kingdom
***ERROR:中環5號碼頭巴士總站,Q10875856,People's Republic of China
***ERROR:佐敦（匯翔道）巴士總站,Jordan (Wui Cheung Road) Bus Terminus,People's Republic of China
***ERROR:元朗（東）巴士總站,Q10889729,People's Republic of China
***ERROR:堅尼地城（卑路乍灣）巴士總站,Q10930537,People's Republic of China
***ERROR:中環（大會堂）巴士總站,Q10875873,People's Republic of China
***ERROR:元朗（西）巴士總站,Q10889730,People's Republic of China
***ERROR:北角（百福道）巴士總站,Q10903959,People's Republic of China
***ERROR:堅尼地城（西寧街）巴士總站,Q10930538,People's Republic of China
***ERROR:中環（天星碼頭）巴士總站,Q10875874,People's Republic of China
***ERROR:中環（林士街）巴士總站,Q10875875,People's Republic of China
***ERROR:佐敦（渡華路）巴士總站,Q10885934,People's Republic of China
***ERROR:北角（健康中街）巴士總站,Q10903957,People's Republic of China
***ERROR:友愛（南）巴士總站,Q10911689,People's Republic of China
***ERROR:林肯公園 (芝加哥),Lincoln Park,United States of America
***ERROR:喷泉广场 (辛辛那提),"Fountain Square, Cincinnati"
***ERROR:林肯公園 (舊金山),Lincoln Park,United States of America
***ERROR:弗洛伊德·班尼特機場,Floyd Bennett Field,United States of America
***ERROR:Kooipark,Kooipark,Netherlands
***ERROR:Huijgenspark,Huijgenspark,Netherlands
***ERROR:21世紀之森與廣場,Forest and Park for the 21st Century,Japan
***ERROR:肯辛頓公園 (本那比),Kensington Park,Canada
***ERROR:華盛頓公園 (芝加哥),Washington Park,United States of America
***ERROR:夢幻樂園 (曼谷),Dream World,Thailand
***ERROR:拉法耶特广场 (新奥尔良),Lafayette Square,United States of America
***ERROR:傑·普利茲克露天音樂廳,Jay Pritzker Pavilion,United States of America
***ERROR:大濱海岸 (洲本市),Q11437424,Japan
***ERROR:Ja：常磐公園,Tokiwa Park,Japan
***ERROR:高爾基公園 (莫斯科),Gorky Park,Russia
***ERROR:愛・地球博紀念公園,Q11493428,Japan
***ERROR:西公園 (馬德里),Parque del Oeste,Spain
***ERROR:哲学家小径 (多伦多),Philosopher's Walk,Canada
***ERROR:Playland遊樂場,Playland,Canada
***ERROR:勞勃·愛德華·李紀念公園,Robert E. Lee Memorial Park,United States of America
***ERROR:西奥多·羅斯福國家公園,Theodore Roosevelt National Park,United States of America
***ERROR:東京SUMMERLAND,Tokyo Summerland,Japan
***ERROR:弗蘭格爾－聖伊萊亞斯國家公園,Wrangell–St. Elias National Park and Preserve,United States of America
***ERROR:綠丘公園 (帶廣市),Midorigaoka Park (Obihiro City),Japan
***ERROR:Kidzania東京,Kidzania Tokyo,Japan
***ERROR:東京JoyPolis,Joypolis,Japan
***ERROR:埃爾芬 (荷蘭),Archeon,Netherlands
***ERROR:世界之窗 (长沙),Window of the World,People's Republic of China
***ERROR:伊勢－安土桃山文化村,Ise Azuchi Momoyama Culture Village,Japan
***ERROR:隆斯達爾-維斯登國家公園,Lomsdal–Visten National Park,Norway
***ERROR:亚历杭德罗·德洪堡国家公园,Alejandro de Humboldt National Park,Cuba
***ERROR:亞納查加-切米連國家公園,Yanachaga–Chemillén National Park,Peru
***ERROR:巴華亞-索尼尼國家公園,Bahuaja-Sonene National Park,Peru
***ERROR:尼奥科罗-科巴国家公园,Niokolo-Koba National Park,Senegal
***ERROR:苏珊·伦格伦体育公园,parc omnisports Suzanne-Lenglen,France
***ERROR:Lakewoods Garden姬春之里,Q17214706,Japan
***ERROR:西貢西郊野公園（灣仔擴建部份）,Sai Kung West Country Park (Wan Tsai Extension),People's Republic of China
***ERROR:東京MEATREA,Q11524428,Japan
***ERROR:石勒蘇益格-荷爾斯泰因瓦登海國家公園,Schleswig-Holstein Wadden Sea National Park,Germany
***ERROR:多弗勒山-松達爾國家公園,Dovrefjell–Sunndalsfjella National Park,Norway
***ERROR:W国家公园,W National Park,Niger
***ERROR:W国家公园,W National Park,Benin
***ERROR:W国家公园,W National Park,Burkina Faso
***ERROR:迪布魯－塞科瓦國家公園,Dibru-Saikhowa National Park,India
***ERROR:高哈內瓦-波揚岡斯國家公園,Kauhaneva–Pohjankangas National Park,Finland
***ERROR:巴明吉—班戈兰国家公园,Bamingui-Bangoran National Park and Biosphere Reserve,Central African Republic
***ERROR:皮海-海基国家公园,Pyhä-Häkki National Park,Finland
***ERROR:卡森提諾森林、法爾特羅納峰、坎皮納國家公園,"Foreste Casentinesi, Monte Falterona
***ERROR:博爾若米-哈拉加烏利國家公園,Borjomi-Kharagauli National Park,Georgia
***ERROR:亞平寧托斯科-埃米利亞諾國家公園,Appennino Tosco-Emiliano National Park,Italy
***ERROR:和平公園 (長崎市),Nagasaki Peace Park,Japan
***ERROR:卡胡兹－别加国家公园,Kahuzi-Biéga National Park,Democratic Republic of the Congo
***ERROR:阿比加塔－沙拉國家公園,Abijatta-Shalla National Park,Ethiopia
***ERROR:露紋-納多魯列斯國家公園,Leeuwin-Naturaliste National Park,Australia
***ERROR:桑贾伊·甘地国家公园,Sanjay Gandhi National Park,India
***ERROR:馬諾沃-貢達聖弗洛里斯國家公園,Manovo-Gounda St. Floris National Park,Central African Republic
***ERROR:帕拉斯-于莱斯山国家公园,Pallas-Yllästunturi National Park,Finland
***ERROR:納米布-諾克盧福國家公園,Namib-Naukluft National Park,Namibia
***ERROR:內華達山脈國家公園 (委內瑞拉),Sierra Nevada National Park,Venezuela
***ERROR:蘇馬科納波-加勒拉斯國家公園,Sumaco Napo-Galeras National Park,Ecuador
***ERROR:峰牙－己榜國家公園,Phong Nha-Ke Bang National Park,Vietnam
***ERROR:瓦蘇爾Wasur國家公園,Wasur National Park,Indonesia
***ERROR:孔夸提-杜里國家公園,Conkouati-Douli National Park,Republic of the Congo
***ERROR:杜爾塞河 (危地馬拉),Dulce River,Guatemala
***ERROR:克勒勒-米勒博物館,Kröller-Müller Museum,Netherlands
***ERROR:希-佛克桑多国家公园,Shey Phoksundo National Park,Nepal
***ERROR:朝阳公园 (北京),Beijing Chaoyang Park,People's Republic of China
***ERROR:烏魯汝－卡塔楚塔國家公園,Uluṟu-Kata Tjuṯa National Park,Australia
***ERROR:奧拉基/庫克山國家公園,Aoraki/Mount Cook National Park,New Zealand
***ERROR:多瑙河-伊波伊河國家公園,Danube-Ipoly National Park,Hungary
***ERROR:鹽山-斯瓦蒂森山國家公園,Saltfjellet–Svartisen National Park,Norway
***ERROR:阿布魯佐、拉齊奧和莫利塞國家公園,"Parco Nazionale d'Abruzzo, Lazio e Molise"
***ERROR:帕里馬-塔皮拉佩科國家公園,Parima Tapirapecó National Park,Venezuela
***ERROR:伊斯塔西瓦特爾-波波卡特佩特國家公園,Izta-Popo Zoquiapan National Park,Mexico
***ERROR:喬治-巴桑公園,parc Georges-Brassens,France
***ERROR:皮海-洛斯托国家公园,Pyhä-Luosto National Park,Finland
***ERROR:塔卡瓦·卡鲁国家公园,Tankwa Karoo National Park,South Africa
***ERROR:百年公園 (新南威爾士州),Centennial Park,Australia
***ERROR:安德烈·雪鐵龍公園,Parc André Citroën,France
***ERROR:克勒什-穆列什國家公園,Körös-Maros National Park,Hungary
***ERROR:多瑙河-德拉瓦河國家公園,Danube-Drava National Park,Hungary
***ERROR:沃泊爾－諾那魯普國家公園,Walpole-Nornalup National Park,Australia
***ERROR:伍爾維奇 (新南威爾斯州),Woolwich,Australia
***ERROR:克利夫頓 (布里斯托),Clifton,United Kingdom
***ERROR:高登 (新南威爾斯州),Gordon,Australia
***ERROR:代希瓦勒-芒特拉维尼,Dehiwala-Mount Lavinia,Sri Lanka
***ERROR:阿比恩区 (昆士兰州),Albion,Australia
***ERROR:格林威治 (新南威爾斯州),Greenwich,Australia
***ERROR:Robina區,Robina,Australia
***ERROR:聖彼得斯 (新南威爾士州),St Peters,Australia
***ERROR:蒙摩拉湖 (新南威爾斯省),Lake Munmorah,Australia
***ERROR:Coolangatta,Coolangatta,Australia
***ERROR:纽马克特 (昆士兰州),Newmarket,Australia
***ERROR:沃森灣（澳大利亞）,Watsons Bay,Australia
***ERROR:江景 (新南威爾斯州),Riverview,Australia
***ERROR:科堡（維多利亞省）,Coburg,Australia
***ERROR:德拉姆科德拉 (都柏林),Drumcondra,Ireland
***ERROR:博德山區 (昆士蘭州),Bald Hills,Australia
***ERROR:尼德蘭茲 (西澳洲),Nedlands,Australia
***ERROR:新镇 (新南威尔士),Newtown,Australia
***ERROR:波茲山 (新南威爾斯州),Potts Hill,Australia
***ERROR:切爾滕納姆 (新南威爾斯州,Cheltenham,Australia
***ERROR:伊麗莎白灣 (新南威爾士州),Elizabeth Bay,Australia
***ERROR:百年公園 (新南威爾士州),Centennial Park,Australia
***ERROR:艾斯比力区 (昆士兰州),Aspley,Australia
***ERROR:劉易舍姆 (新南威爾士),Lewisham,Australia
***ERROR:維多利亞山 (新南威爾斯省),Mount Victoria,Australia
***ERROR:吉邦區 (昆士蘭州),Geebung,Australia
***ERROR:Mairangi灣,Mairangi Bay,New Zealand
***ERROR:洛欽瓦 (新南威爾士州),Lochinvar,Australia
***ERROR:薩里山，維多利亞,Surrey Hills,Australia
***ERROR:博文山區 (昆士蘭州),Bowen Hills,Australia
***ERROR:漢茲沃思 (南約克郡),Handsworth,United Kingdom
***ERROR:西切姆塞德區 (昆士蘭州),Chermside West,Australia
***ERROR:阿德摩爾 (紐西蘭),"Ardmore, New Zealand"
***ERROR:伊諾給拉區 (昆士蘭州),Enoggera,Australia
***ERROR:木麻黃 (達爾文港),Casuarina,Australia
***ERROR:索恩 (新南威爾斯州),Thornleigh,Australia
***ERROR:布林巴 (昆士蘭州),Bulimba,Australia
***ERROR:費茲吉邦區 (昆士蘭州),Fitzgibbon,Australia
***ERROR:克利夫頓 (約克),"Clifton, York"
***ERROR:愛丁堡 (南澳大利亞省),Edinburgh,Australia
***ERROR:克萊菲區 (昆士蘭州),Clayfield,Australia
***ERROR:瓦瑞布如克 (新南威尔士州),Warabrook,Australia
***ERROR:凱恩巴克 (新南威爾斯州),Cranebrook,Australia
***ERROR:布里治曼平原 (昆士蘭州),Bridgeman Downs,Australia
***ERROR:Dee Why,Dee Why,Australia
***ERROR:羅馬-日耳曼博物館,Romano-Germanic Museum,Germany
***ERROR:威廉·哈克博物館,Wilhelm-Hack-Museum,Germany
***ERROR:林登·詹森總統圖書館暨博物館,Lyndon Baines Johnson Library and Museum,United States of America
***ERROR:尼古拉·特斯拉博物館,Nikola Tesla Museum,Serbia
***ERROR:班·施瓦茨,Museum of the Portuguese Language,Brazil
***ERROR:博伊曼斯·范伯宁恩美术馆,Museum Boijmans Van Beuningen,Netherlands
***ERROR:普朗坦-莫雷图斯博物馆,Museum Plantin-Moretus,Belgium
***ERROR:Bunkamura,Bunkamura,Japan
***ERROR:V&A兒童博物館,V&A Museum of Childhood,United Kingdom
***ERROR:亞斯納亞-博利爾納,Yasnaya Polyana,Russia
***ERROR:21號碼頭,Pier 21,Canada
***ERROR:瓦爾拉夫-里夏茨博物館,Wallraf-Richartz-Museum,Germany
***ERROR:喬治·布希總統圖書館,George Bush Presidential Library,United States of America
***ERROR:德·法尔克风车,Museum De Valk,Netherlands
***ERROR:UBC人類學博物館,Museum of Anthropology at UBC,Canada
***ERROR:EMP博物館,EMP Museum,United States of America
***ERROR:柏林-霍恩舍恩豪森,Berlin-Hohenschönhausen Memorial,Germany
***ERROR:多利亚-图尔西宫,Q162965,Italy
***ERROR:美第奇-里卡迪宫,Palazzo Medici Riccardi,Italy
***ERROR:傑拉爾德·福特總統博物館,Gerald R. Ford Presidential Museum,United States of America
***ERROR:赖斯·恩格尔霍恩博物馆群,Museums Reiss-Engelhorn,Germany
***ERROR:深川 江戶資料館,Q3090685,Japan
***ERROR:黑森州立博物馆 达姆施塔特,Hessisches Landesmuseum Darmstadt,Germany
***ERROR:國立藝術、建築和設計博物館,"National Museum of Art, Architecture and Design"
***ERROR:Den Gamle By,The Old Town,Denmark
***ERROR:約翰·藍儂博物館,John Lennon Museum,Japan
***ERROR:科学与工业博物馆 (芝加哥),Museum of Science and Industry,United States of America
***ERROR:罗伯特-乌丹魔幻屋,La Maison de la Magie Robert-Houdin,France
***ERROR:musée Grévin de La Rochelle,musée Grévin de La Rochelle,France
***ERROR:雅克馬爾·安德烈博物館,Musée Jacquemart-André,France
***ERROR:马克斯·尤伟中心,Max Euwe Centrum,Netherlands
***ERROR:奎利尼·斯坦帕里亚基金会,Fondazione Querini Stampalia,Italy
***ERROR:波爾迪·佩佐利美術館,Museo Poldi Pezzoli,Italy
***ERROR:國家博物館 (新德里),"National Museum, New Delhi"
***ERROR:國立現代藝術畫廊 (新德里),National Gallery of Modern Art,India
***ERROR:沙爾夫-蓋爾斯滕貝格美術館,Scharf-Gerstenberg Collection,Germany
***ERROR:罗纳德·里根总统图书馆,Ronald Reagan Presidential Library,United States of America
***ERROR:亞瑟·M·薩克勒畫廊,Arthur M. Sackler Gallery,United States of America
***ERROR:阿拉德·皮尔逊博物馆,Allard Pierson Museum,Netherlands
***ERROR:北莱茵-威斯特法伦艺术品收藏馆,Kunstsammlung Nordrhein-Westfalen,Germany
***ERROR:路易吉·佩奇当代艺术中心,Centro per l'arte contemporanea Luigi Pecci,Italy
***ERROR:提森-博内米萨博物馆,Thyssen-Bornemisza Museum,Spain
***ERROR:居斯塔夫·莫羅美術館,musée Gustave-Moreau,France
***ERROR:朱尔·谢雷美术博物馆,musée des beaux-arts Jules Chéret,France
***ERROR:阿莫斯·安德尔松美术馆,Amos Anderson Art Museum,Finland
***ERROR:阿爾布雷希特·杜勒之家,Albrecht Dürer's House,Germany
***ERROR:芙烈達·卡蘿紀念館,Frida Kahlo Museum,Mexico
***ERROR:奧斯卡·尼邁耶國際文化中心,Oscar Niemeyer International Cultural Centre,Spain
***ERROR:艺术厅 (鹿特丹),Kunsthal,Netherlands
***ERROR:让·吕萨博物馆,musée Jean Lurçat,France
***ERROR:榮勳宮 (舊金山),Legion of Honor,United States of America
***ERROR:歐仁·德拉克羅瓦美術館,musée national Eugène-Delacroix,France
***ERROR:查爾斯·舒茲博物館暨研究中心,Charles M. Schulz Museum and Research Center,United States of America
***ERROR:克勒勒-米勒博物館,Kröller-Müller Museum,Netherlands
***ERROR:佩姬·古根漢美術館,Peggy Guggenheim Collection,Italy
***ERROR:金澤21世紀美術館,21st Century Museum of Contemporary Art,Japan
***ERROR:齐白石故居 (北京),Q4165228,People's Republic of China
***ERROR:所羅門·古根漢美術館,Solomon R. Guggenheim Museum,United States of America
***ERROR:國立美術博物館 (布宜諾斯艾利斯),Museo Nacional de Bellas Artes,Argentina
***ERROR:帕拉维奇尼-罗斯皮利奥斯宫,Palazzo Pallavicini-Rospigliosi,Italy
***ERROR:薩基普·薩班哲博物館,Sakıp Sabancı Museum,Turkey
***ERROR:淡路大磯藝術山、大石可久也美術館,Q11559811,Japan
***ERROR:总督宫 (热那亚),"Doge's Palace, Genoa"
***ERROR:玛丽·贝克·艾迪图书馆,Mary Baker Eddy Library,United States of America
***ERROR:安迪·沃荷博物館,Andy Warhol Museum,United States of America
***ERROR:ARCAM,ARCAM,Netherlands
***ERROR:鐵心齋文庫·伊勢物語文華館,Q11649552,Japan
***ERROR:阿尔伯特·席麦思·阿雷亚诺·阿隆索 基金会,Foundation Alberto Jimenez-Arellano Alonso,Spain
***ERROR:秤量房 (斯洪霍芬),Q2166962,Netherlands
***ERROR:保罗·盖蒂博物馆,J. Paul Getty Museum,United States of America
***ERROR:皮博迪·艾塞克斯博物館,Peabody Essex Museum,United States of America
***ERROR:和泉市久保惣紀念美術館,Kubosō Memorial Museum of Arts,Japan
***ERROR:約翰·索恩爵士博物館,Sir John Soane's Museum,United Kingdom
***ERROR:MOA美術館,MOA Museum of Art,Japan
***ERROR:諾曼·洛克威爾博物館,Norman Rockwell Museum,United States of America
***ERROR:賈瓦哈拉爾·尼赫魯博物館 (伊塔那噶),Jawaharlal Nehru State Museum,India
***ERROR:喬治·古斯塔夫·海伊中心,National Museum of the American Indian George Gustav Heye Center,United States of America
***ERROR:溫斯頓·林克博物館,O. Winston Link Museum,United States of America
***ERROR:巴加蒂·瓦爾塞基博物館,Bagatti Valsecchi Museum,Italy
***ERROR:康納克·傑伊博物館,musée Cognacq-Jay,France
***ERROR:國家雕塑博物館 (巴亞多利德),National Sculpture Museum,Spain
***ERROR:国立美术馆 (锡耶纳),Pinacoteca Nazionale,Italy
***ERROR:沖繩縣立博物館、美術館,Okinawa Prefectural Museum & Art Museum,Japan
***ERROR:Museo de la batalla de las Navas de Tolosa,Museo de la batalla de las Navas de Tolosa,Spain
***ERROR:POLA美術館,Pola Museum of Art,Japan
***ERROR:Alpineum,Alpineum,Switzerland
***ERROR:歐布萊-諾克斯美術館,Albright–Knox Art Gallery,United States of America
***ERROR:Steppingstone 博物館,Steppingstone Museum,United States of America
***ERROR:福斯林路20號,20 Forthlin Road,United Kingdom
***ERROR:塞萬提斯晚年住宅 (巴亞多利德),Museo Casa de Cervantes,Spain
***ERROR:李四光纪念馆 (北京),Q11095756,People's Republic of China
***ERROR:21 21 Design Sight美術館,21 21 DESIGN SIGHT,Japan
***ERROR:加拿大最著名軍艦 HMCS Haida (G63),HMCS Haida,Canada
***ERROR:海事博物館 (澳門),Macau Maritime Museum,People's Republic of China
***ERROR:消防博物館 (澳門),Fire Services Museum,People's Republic of China
***ERROR:齐白石故居 (湘潭),Q7278677,People's Republic of China
***ERROR:SS大不列顛,SS Great Britain,United Kingdom
***ERROR:尼辛德·卡蒙多博物館,Musée Nissim-de-Camondo,France
***ERROR:武家屋敷 (鹽見繩手),Q11545900,Japan
***ERROR:NHK檔案館,Q11234989,Japan
***ERROR:丹波市立植野紀念’美術館,Q11368569,Japan
***ERROR:Musée Grévin – Forum des Halles,Musée Grévin – Forum des Halles,France
***ERROR:丘頂 (坎布里亞郡),Hill Top Farm,United Kingdom
***ERROR:玻璃屋 (美國),Glass House,United States of America
***ERROR:日野AUTO PLAZA,Q11510539,Japan
***ERROR:碧雅翠絲·波特資料館,Q11436141,Japan
***ERROR:UCC咖啡博物館,UCC Coffee Museum,Japan
***ERROR:BMW博物館,BMW Museum,Germany
***ERROR:梅賽德斯-賓士博物館,Mercedes-Benz Museum,Germany
***ERROR:GAS MUSEUM 瓦斯資料館,Gas Museum,Japan
***ERROR:鲁昂海事、内河航运和港口博物馆,"Maritime, Fluvial and Harbor Museum of Rouen"
***ERROR:Yaoko川越美術館,Q11344966,Japan
***ERROR:千尋美術館·東京,Q11271822,Japan
***ERROR:威奇托-塞奇威克縣歷史博物館,Wichita-Sedgwick County Historical Museum,United States of America
***ERROR:安妮·弗兰克之家,Anne Frank House,Netherlands
***ERROR:消防博物館 (日本),Fire Museum (Tokyo),Japan
***ERROR:Emba中國近代美術館,Q11291442,Japan
***ERROR:SATOE紀念21世紀美術館,Q11304884,Japan
***ERROR:田川市煤炭·歷史博物館,Q11576740,Japan
***ERROR:町田市民文學館KOTOBA LAND,Q11578292,Japan
***ERROR:萨瓦托·菲拉格慕博物馆,Salvatore Ferragamo Museum,Italy
***ERROR:藤子·F·不二雄博物館,Fujiko·F·Fujio Museum,Japan
***ERROR:巴迪斯萊·克林頓,Baddesley Clinton,United Kingdom
***ERROR:九·一八历史博物馆,9.18 Historical Museum,People's Republic of China
***ERROR:中山纪念堂 (梧州),Q10875315,People's Republic of China
***ERROR:北九州市立自然史・歷史博物館,Kitakyushu Museum of Natural History & Human History,Japan
***ERROR:「留聲歲月」音響博物館,Q10863722,People's Republic of China
***ERROR:交通博物館 (東京),Q10882995,Japan
***ERROR:無畏號海、空暨太空博物館,"Intrepid Sea, Air & Space Museum"
***ERROR:警察博物館 (日本),Q11632332,Japan
***ERROR:钱学森图书馆 (上海交通大学),Qian Xuesen Library & Museum,People's Republic of China
***ERROR:皮埃尔·库贝故居,Cuypershuis,Netherlands
***ERROR:芝山古墳·埴輪博物館,Q11614636,Japan
***ERROR:香港3D奇幻世界,Hong Kong 3D Museum,People's Republic of China
***ERROR:1940航站大樓博物館,1940 Air Terminal Museum,United States of America
***ERROR:通訊博物館 (澳門),Communications Museum (Macau),People's Republic of China
***ERROR:史蒂文·乌德沃尔哈齐中心,Steven F. Udvar-Hazy Center,United States of America
***ERROR:卢瓦尔-谢尔省抵抗运动、流放和解放博物馆,Q20723535,France
***ERROR:F11攝影博物館,Q18109850,People's Republic of China
***ERROR:NEMO博物館,NEMO,Netherlands
***ERROR:Musée Grévin Montreal,Musée Grévin Montreal,Canada
***ERROR:中央軍事博物館 (莫斯科),Central Armed Forces Museum,Russia
***ERROR:磁浮·鐵道館,SCMaglev and Railway Park,Japan
***ERROR:萊姆‧里吉斯博物館,Lyme Regis Museum,United Kingdom
***ERROR:格羅斯-羅森集中營,Gross-Rosen concentration camp,Poland
***ERROR:Karlsborg要塞,Karlsborg Fortress,Sweden
***ERROR:[圖盧茲博物館,Muséum de Toulouse,France
***ERROR:Overloon戰爭博物館,Overloon War Museum,Netherlands
***ERROR:茅特豪森－古森集中營,Mauthausen-Gusen concentration camp,Austria
***ERROR::en:更大型集中營,Stutthof concentration camp,Poland
***ERROR:Ribe VikingeCenter,Ribe VikingeCenter,Denmark
***ERROR:艾迪臣號驅逐艦 (DD-946),USS Edson,United States of America
***ERROR:國家科學中心 (德里),National Science Centre,India
***ERROR:奧斯維辛－比克瑙國家博物館,Auschwitz-Birkenau State Museum,Poland
***ERROR:埃爾芬 (荷蘭),Archeon,Netherlands
***ERROR:Kids Plaza大阪,Kids Plaza Osaka,Japan
***ERROR:密特爾堡-多拉集中營,Mittelbau-Dora,Germany
***ERROR:JEATH戰爭博物館,JEATH War Museum,Thailand
***ERROR:维克多·雨果之家,Maison de Victor Hugo,France
***ERROR:Naturalis,Naturalis,Netherlands
***ERROR:'t Zilte,'t Zilte,Belgium
***ERROR:蓝色列车 (餐厅),Le Train Bleu,France
***ERROR:Patagonia,"Patagonia, Inc."
***ERROR:Hostellerie Bretonne,Hostellerie Bretonne,Belgium
***ERROR:戈登·拉姆齊的飛機餐,Gordon Ramsay Plane Food,United Kingdom
***ERROR:Va Doux Vent,Va Doux Vent,Belgium
***ERROR:儒勒·凡尔纳餐厅,Le Jules Verne,France
***ERROR:Le Chalet de la Forêt,Le Chalet de la Forêt,Belgium
***ERROR:Telstra,Telstra,Australia
***ERROR:La Paix,La Paix,Belgium
***ERROR:罗伯特·博世有限公司,Robert Bosch GmbH,Germany
***ERROR:Château du Mylord,Château du Mylord,Belgium
***ERROR:'t Koetshuis,'t Koetshuis,Netherlands
***ERROR:Bon-bon,Bon-bon,Belgium
***ERROR:La Trinité,La Trinité,Netherlands
***ERROR:Pure C,Pure C,Netherlands
***ERROR:BeIN Sports,beIN SPORTS,Qatar
***ERROR:Auberge de Herborist,Auberge de Herborist,Belgium
***ERROR:EMI,EMI,United Kingdom
***ERROR:尤利烏斯 (紐約市),Julius,United States of America
***ERROR:Centpourcent,Centpourcent,Belgium
***ERROR:Carré des Champ.,Carré des Champ.,Netherlands
***ERROR:Noma (餐廳),Noma,Denmark
***ERROR:Kokkeriet,Kokkeriet,Denmark
***ERROR:Haymarket傳媒集團,Haymarket Media Group,Germany
***ERROR:梅赛德斯-奔驰银行,Mercedes-Benz Bank,Germany
***ERROR:Heart Attack Grill餐廳,Heart Attack Grill,United States of America
***ERROR:La Durée,La Durée,Belgium
***ERROR:聘珍樓 (香港),Heichinrou Hong Kong,People's Republic of China
***ERROR:WY,WY,Belgium
***ERROR:Bij Lam en Yin,Bij Lam en Yin,Belgium
***ERROR:ABB,ABB Group,Switzerland
***ERROR:La Pérouse,La Pérouse,Belgium
***ERROR:Den Gouden Harynck,Den Gouden Harynck,Belgium
***ERROR:Nuance,Nuance,Belgium
***ERROR:Table d'Amis,Table d'Amis,Belgium
***ERROR:SoundCloud,SoundCloud,Germany
***ERROR:'t Laurierblad,'t Laurierblad,Belgium
***ERROR:"Cuines,33","Cuines
***ERROR:De Kristalijn,De Kristalijn,Belgium
***ERROR:Akrame,Akrame,France
***ERROR:De Jonkman,De Jonkman,Belgium
***ERROR:'t Overhamme,'t Overhamme,Belgium
***ERROR:奇緣3,Serendipity 3,United States of America
***ERROR:Parkheuvel,Parkheuvel,Netherlands
***ERROR:Dôme,Dôme,Belgium
***ERROR:Razer,Razer Inc.,United States of America
***ERROR:STX歐洲造船,STX Europe,Norway
***ERROR:53街和第6大道快餐推车,The Halal Guys,United States of America
***ERROR:Frantzén,Frantzén,Sweden
***ERROR:Chez Panisse,Chez Panisse,United States of America
***ERROR:Corbis公司,Corbis,United States of America
***ERROR:麥奀雲吞麵世家,Mak's Noodle,People's Republic of China
***ERROR:4A Games,4A Games,Malta
***ERROR:Bagatelle,Bagatelle,Norway
***ERROR:Can Jubany,Can Jubany,Spain
***ERROR:King.com,King,United Kingdom
***ERROR:Perceel,Perceel,Netherlands
***ERROR:Le Calandre,Le Calandre,Italy
***ERROR:L129A1精確射手步槍,Lewis Machine and Tool Company,United States of America
***ERROR:Bankia,Bankia,Spain
***ERROR:Brienen aan de Maas,Brienen aan de Maas,Netherlands
***ERROR:'t Fornuis,'t Fornuis,Belgium
***ERROR:戈登·拉姆齊餐廳,Restaurant Gordon Ramsay,United Kingdom
***ERROR:聯合車站 (蒙特利爾),Union Station,Canada
***ERROR:麥當勞第433號分店標誌,McDonald's sign,United States of America
***ERROR:De Gieser Wildeman,De Gieser Wildeman,Netherlands
***ERROR:中國工商銀行（亞洲）,Industrial and Commercial Bank of China (Asia),People's Republic of China
***ERROR:PrivatBank,PrivatBank,Ukraine
***ERROR:Heesen 游艇,Heesen Yachts,Netherlands
***ERROR:Edsbacka krog,Edsbacka krog,Sweden
***ERROR:Terracotta公司,"Terracotta, Inc."
***ERROR:De Molen,De Molen,Netherlands
***ERROR:Café Royal,Café Royal,United Kingdom
***ERROR:Chapeau!,Chapeau!,Netherlands
***ERROR:L'Ambroisie,L'Ambroisie,France
***ERROR:DHL,DHL Express,Germany
***ERROR:Angelina,Angelina,France
***ERROR:Tadich Grill,Tadich Grill,United States of America
***ERROR:Chez Bruce,Chez Bruce,United Kingdom
***ERROR:Kadeau Bornholm,Kadeau Bornholm,Denmark
***ERROR:Combal.Zero,Combal.Zero,Italy
***ERROR:Lapérouse,Lapérouse,France
***ERROR:Shamrock,Shamrock,Belgium
***ERROR:Alexandre,Alexandre,Belgium
***ERROR:Spanx,"Spanx, Inc."
***ERROR:羅勃特 史帝文森公司,Robert Stephenson and Company,United Kingdom
***ERROR:Maaemo,Maaemo,Norway
***ERROR:Vanderlande,Vanderlande,Netherlands
***ERROR:TPG网络,TPG Telecom,Australia
***ERROR:Saüc,Saüc,Spain
***ERROR:Jean-François Piège,Jean-François Piège,France
***ERROR:Regal娛樂集團,Regal Entertainment Group,United States of America
***ERROR:Animax,Animax,Germany
***ERROR:斯托克頓－達林頓鐵路,Stockton and Darlington Railway,United Kingdom
***ERROR:华道夫-阿斯多里亚酒店,Waldorf-Astoria Hotel,United States of America
***ERROR:Villa Lorraine,Villa Lorraine,Belgium
***ERROR:BLS股份公司,BLS AG,Switzerland
***ERROR:343 Industries,343 Industries,United States of America
***ERROR:倫敦、蒂爾伯里與紹森德鐵路,"London, Tilbury and Southend Railway"
***ERROR:Finam 控股集团,Finam Holdings,Russia
***ERROR:Cracco Peck,Cracco Peck,Italy
***ERROR:利物浦－曼徹斯特鐵路,Liverpool and Manchester Railway,United Kingdom
***ERROR:首尔地铁9号线株式会社,Seoul Metro Line9 Corporation,South Korea
***ERROR:Codemasters,Codemasters,United Kingdom
***ERROR:'t Amsterdammertje,'t Amsterdammertje,Netherlands
***ERROR:JW萬豪酒店,JW Marriott Hotels,United States of America
***ERROR:Christophe,Christophe,Netherlands
***ERROR:皇后酒店 (维多利亚),The Empress,Canada
***ERROR:Villa San Michele Hotel,Villa San Michele Hotel,Italy
***ERROR:Gusto,Gusto,United States of America
***ERROR:C2c鐵路公司,c2c,United Kingdom
***ERROR:中信銀行（國際）,CITIC Bank International,People's Republic of China
***ERROR:芒果TV,Mango TV,People's Republic of China
***ERROR:Dal Pescatore,Dal Pescatore,Italy
***ERROR:Auguste,Auguste,Netherlands
***ERROR:Vendome,Vendome,Germany
***ERROR:CAPCOM,Capcom,Japan
***ERROR:The Creative Assembly,Creative Assembly,United Kingdom
***ERROR:VH1,VH1,United States of America
***ERROR:Interplay娱乐,Interplay Entertainment,United States of America
***ERROR:ANA Inter Continental Hotel東京,ANA InterContinental Tokyo,Japan
***ERROR:柯提茲酒店 (聖地牙哥),El Cortez Apartment Hotel,United States of America
***ERROR:新肯特縣 (維吉尼亞州),Chestnut Grove,United States of America
***ERROR:Pandemic Studios,Pandemic Studios,United States of America
***ERROR:Bullfrog Productions,Bullfrog Productions,United Kingdom
***ERROR:Banco de Aragón,Banco de Aragón,Spain
***ERROR:CTV電視網,CTV Television Network,Canada
***ERROR:俄羅斯-1,Russia-1,Russia
***ERROR:N-tv,n-tv,Germany
***ERROR:今日新聞24,Tagesschau24,Germany
***ERROR:俄羅斯-1,Russia-1,Soviet Union
***ERROR:交通银行旧址 (重庆),Q17156504,People's Republic of China
***ERROR:WMS产业,WMS Industries,United States of America
***ERROR:Rai 1,Rai 1,Italy
***ERROR:查令十字，尤斯頓暨漢普斯特鐵路,"Charing Cross, Euston and Hampstead Railway"
***ERROR:2K Play,2K Play,United States of America
***ERROR:TX物流,TX Logistik,Germany
***ERROR:BBC加拿大,BBC Canada,Canada
***ERROR:Rockstar North,Rockstar North,United Kingdom
***ERROR:第一銀行 (日本),Q11602127,Japan
***ERROR:Indie Built,Indie Built,United States of America
***ERROR:Here!,HereTV,United States of America
***ERROR:Turn 10工作室,Turn 10 Studios,United States of America
***ERROR:Visual Concepts,Visual Concepts,United States of America
***ERROR:2K Games,2K Games,United States of America
***ERROR:阿穆爾-雅庫茨克鐵路,Amur Yakutsk Mainline,Russia
***ERROR:法国24,France 24,France
***ERROR:Crytek,Crytek,Germany
***ERROR:TV3,TV3,Ireland
***ERROR:THQ,THQ,United States of America
***ERROR:Volition,Deep Silver Volition,United States of America
***ERROR:ESPN,ESPN,United States of America
***ERROR:AXN,AXN,Romania
***ERROR:Nitrome,Nitrome,United Kingdom
***ERROR:巴黎-里昂-地中海铁路公司,Compagnie des chemins de fer de Paris à Lyon et à la Méditerranée,France
***ERROR:Rockstar Games,Rockstar Games,United States of America
***ERROR:Take-Two Interactive,Take-Two Interactive,United States of America
***ERROR:沙德維爾 (弗吉尼亞州),Shadwell,United States of America
***ERROR:Danger Close,Danger Close Games,United States of America
***ERROR:Big Huge Games,Big Huge Games,United States of America
***ERROR:Turtle Rock工作室,Turtle Rock Studios,United States of America
***ERROR:Gotham Games,Gotham Games,United States of America
***ERROR:Ubisoft Blue Byte,Ubisoft Blue Byte,Germany
***ERROR:A+E頻道,A&E,United States of America
***ERROR:3sat,3sat,Germany
***ERROR:EA Mobile,EA Mobile,United States of America
***ERROR:ABS-CBN公司,ABS-CBN Corporation,Philippines
***ERROR:LucasArts,LucasArts,United States of America
***ERROR:Sat.1,Sat.1,Germany
***ERROR:Xbox娱乐工作室,Xbox Entertainment Studios,United States of America
***ERROR:2K Marin,2K Marin,United States of America
***ERROR:Criterion Games,Criterion Games,United Kingdom
***ERROR:Infinity Ward,Infinity Ward,United States of America
***ERROR:Sledgehammer Games,Sledgehammer Games,United States of America
***ERROR:Lionhead Studios,Lionhead Studios,United Kingdom
***ERROR:Irrational Games,Irrational Games,United States of America
***ERROR:MSNBC,MSNBC,United States of America
***ERROR:Accolade,Accolade,United States of America
***ERROR:Italia 1,Italia 1,Italy
***ERROR:Epic Games,Epic Games,United States of America
***ERROR:Runic Games,Runic Games,United States of America
***ERROR:C-SPAN,C-SPAN,United States of America
***ERROR:Dynamix (電子遊戲公司),Dynamix,United States of America
***ERROR:Telltale Games,Telltale Games,United States of America
***ERROR:Gust,Gust Co. Ltd.,Japan
***ERROR:Eurosport,Eurosport,Germany
***ERROR:Bungie,Bungie,United States of America
***ERROR:Naughty Dog,Naughty Dog,United States of America
***ERROR:HBO,HBO,United States of America
***ERROR:Press TV,Press TV,Iran
***ERROR:Double Fine Productions,Double Fine Productions,United States of America
***ERROR:PopTop Software,PopTop Software,United States of America
***ERROR:Rare,Rare Ltd.,United Kingdom
***ERROR:Shiny Entertainment,Shiny Entertainment,United States of America
***ERROR:EA加拿大,EA Canada,Canada
***ERROR:4J Studios,4J Studios,United Kingdom
***ERROR:Aspyr Media,Aspyr,United States of America
***ERROR:Behaviour Santiago,Wanako Studios,United States of America
***ERROR:LEVEL-5,Level-5,Japan
***ERROR:Maxis,Maxis,United States of America
***ERROR:Slightly Mad Studios,Slightly Mad Studios,United Kingdom
***ERROR:Eidos Interactive,Eidos Interactive,United Kingdom
***ERROR:Zynga,Zynga,United States of America
***ERROR:ArenaNet,ArenaNet,United States of America
***ERROR:Arte,Arte,Germany
***ERROR:Radical Entertainment,Radical Entertainment,Canada
***ERROR:Budcat Creations,Budcat Creations,United States of America
***ERROR:Deep Silver,Deep Silver,United Kingdom
***ERROR:Deep Silver,Deep Silver,Germany
***ERROR:Id Software,id Software,United States of America
***ERROR:Jaleco,Jaleco,Japan
***ERROR:BioWare,BioWare,Canada
***ERROR:Rockstar New England,Rockstar New England,United States of America
***ERROR:Kush Games,Kush Games,United States of America
***ERROR:3D Realms,3D Realms,United States of America
***ERROR:Treyarch,Treyarch,United States of America
***ERROR:ITV,iTV,Thailand
***ERROR:CD Projekt RED,CD Projekt RED,Poland
***ERROR:TV4 (瑞典),TV4,Sweden
***ERROR:Ascaron Entertainment公司,Ascaron,Germany
***ERROR:NCsoft,NCsoft,South Korea
***ERROR:Thatgamecompany,thatgamecompany,United States of America
***ERROR:Rebellion Developments,Rebellion Developments,United Kingdom
***ERROR:RTL電視台,RTL Television,Germany
***ERROR:MachineGames,MachineGames,Sweden
***ERROR:Rockstar Leeds,Rockstar Leeds,United Kingdom
***ERROR:RTL第二頻道,RTL II,Germany
***ERROR:RTL電視台,RTL Television,Luxembourg
***ERROR:Rockstar London,Rockstar London,United Kingdom
***ERROR:Raven Software,Raven Software,United States of America
***ERROR:The Sims Studio,The Sims Studio,United States of America
***ERROR:QVC公司,QVC,United States of America
***ERROR:W酒店,W St. Petersburg,Russia
***ERROR:Nicalis,Nicalis,United States of America
***ERROR:保罗·尼普科夫电视台,Fernsehsender Paul Nipkow,Germany
***ERROR:CD Projekt,CD Projekt,Poland
***ERROR:Realtime Worlds,Realtime Worlds,United Kingdom
***ERROR:Toys for Bob,Toys For Bob,United States of America
***ERROR:FreeStyle Games,FreeStyleGames,United Kingdom
***ERROR:戰遊網芝加哥·巴爾的摩,Day 1 Studios,United States of America
***ERROR:Neversoft,Neversoft,United States of America
***ERROR:New World Computing,New World Computing,United States of America
***ERROR:Neowiz Games,Neowiz Games,South Korea
***ERROR:TalonSoft,TalonSoft,United States of America
***ERROR:Rocksteady Studios,Rocksteady Studios,United Kingdom
***ERROR:HB工作室學校,HB Studios,Canada
***ERROR:Firaxis Games,Firaxis Games,United States of America
***ERROR:Rockstar San Diego,Rockstar San Diego,United States of America
***ERROR:Monolith Productions,Monolith Productions,United States of America
***ERROR:Sir-Tech,Sir-Tech,United States of America
***ERROR:3M公司,3M,United States of America
***ERROR:區域鐵路 (倫敦),District Railway,United Kingdom
***ERROR:Jagex,Jagex,United Kingdom
***ERROR:約瑟·斯密紀念大廈,Joseph Smith Memorial Building,United States of America
***ERROR:Swingin' Ape Studios,Swingin' Ape Studios,United States of America
***ERROR:FOX德國,Fox Channel,Germany
***ERROR:CNBC歐洲台,CNBC Europe,Germany
***ERROR:BigPark,BigPark,Canada
***ERROR:S2 Games,S2 Games,United States of America
***ERROR:Playfish,Playfish,United Kingdom
***ERROR:CTV新聞網,CTV News Channel,Canada
***ERROR:Canal+,Canal+,Finland
***ERROR:薩哈拉·太浩賭場,Hard Rock Hotel and Casino (Stateline),United States of America
***ERROR:W酒店,W Barcelona,Spain
***ERROR:Hello Games,Hello Games,United Kingdom
***ERROR:NTV,NTV,Russia
***ERROR:泰國第5電視台,Royal Thai Army Radio and Television Channel 5,Thailand
***ERROR:Mythic Entertainment,Mythic Entertainment,United States of America
***ERROR:1-UP工作室,1-UP Studio,Japan
***ERROR:Rovio Entertainment,Rovio Entertainment,Finland
***ERROR:Brøderbund,Brøderbund,United States of America
***ERROR:NuFX,NuFX,United States of America
***ERROR:Ninja Theory,Ninja Theory,United Kingdom
***ERROR:Vicarious Visions,Vicarious Visions,United States of America
***ERROR:超級RTL頻道,Super RTL,Germany
***ERROR:NBC新聞,NBC News,United States of America
***ERROR:FASA Studio,FASA Studio,United States of America
***ERROR:Ritual Entertainment,Ritual Entertainment,United States of America
***ERROR:NovaLogic,NovaLogic,United States of America
***ERROR:W酒店,W Hong Kong,People's Republic of China
***ERROR:Loki Software,Loki Software,United States of America
***ERROR:美食頻道 (美國),Food Network,United States of America
***ERROR:魯斯塔維2,Rustavi 2,Georgia
***ERROR:Gray Matter Interactive,Gray Matter Interactive,United States of America
***ERROR:DMAX,DMAX,Germany
***ERROR:Daybreak Game Company,Daybreak Game Company,United States of America
***ERROR:Frog City Software,Frog City Software,United States of America
***ERROR:SUN電視台,Sun Television,Japan
***ERROR:Splash Damage,Splash Damage,United Kingdom
***ERROR:Frontier Developments,Frontier Developments,United Kingdom
***ERROR:IFREMER,IFREMER,France
***ERROR:Bizarre Creations,Bizarre Creations,United Kingdom
***ERROR:Digital Anvil,Digital Anvil,United States of America
***ERROR:Press Play,Press Play,Denmark
***ERROR:Channel櫻,Japanese Culture Channel Sakura,Japan
***ERROR:X光小子工作室,X-Ray Kid Studios,United States of America
***ERROR:Hired Gun,Hired Gun,United States of America
***ERROR:Venom Games,Venom Games,United Kingdom
***ERROR:Nitro+CHiRAL,Nitro+chiral,Japan
***ERROR:Titan Studios,Titan Studios,United States of America
***ERROR:TV5Monde,TV5Monde,France
***ERROR:CNN西語電視臺,CNN en Español,United States of America
***ERROR:TVA (加拿大),TVA,Canada
***ERROR:High Moon Studios,High Moon Studios,United States of America
***ERROR:Twisted Pixel Games,Twisted Pixel Games,United States of America
***ERROR:Core Design,Core Design,United Kingdom
***ERROR:Good Science Studio,Good Science Studio,United States of America
***ERROR:Publix超市,Publix,United States of America
***ERROR:Neople,Neople,South Korea
***ERROR:Trendy 娱乐公司,Trendy Entertainment,United States of America
***ERROR:泰國第3電視台,Channel 3 (Thailand),Thailand
***ERROR:LG集团,LG Corporation,South Korea
***ERROR:2K Australia,2K Australia,Australia
***ERROR:The Asylum,The Asylum,United States of America
***ERROR:Aldi,Aldi,Germany
***ERROR:Launchworks,Launchworks,United States of America
***ERROR:Film4,Film4,United Kingdom
***ERROR:Nitro+,Nitroplus,Japan
***ERROR:ITV2,ITV2,United Kingdom
***ERROR:The Mira Hong Kong,The Mira Hong Kong,People's Republic of China
***ERROR:Fuse電視網,Fuse,United States of America
***ERROR:俄罗斯24,Russia-24,Russia
***ERROR:E4,E4,United Kingdom
***ERROR:Respawn Entertainment,Respawn Entertainment,United States of America
***ERROR:Fairmont旅館,Fairmont San Jose,United States of America
***ERROR:法國麵包 (同人社團),French Bread,Japan
***ERROR:Whole Foods Market,Whole Foods Market,United States of America
***ERROR:ZeptoLab,ZeptoLab,Russia
***ERROR:Carbonated Games,Carbonated Games,United States of America
***ERROR:Chair Entertainment,Chair Entertainment,United States of America
***ERROR:國家地理頻道 (加拿大),National Geographic Channel,Canada
***ERROR:CNN國際新聞網絡,CNN International,United States of America
***ERROR:CNN 土耳其,CNN Türk,United States of America
***ERROR:MTV Russia,MTV Russia,Russia
***ERROR:EA Salt Lake,EA Salt Lake,United States of America
***ERROR:科隆/波恩機場,Cologne Bonn Airport,Germany
***ERROR:N24,N24,Germany
***ERROR:Colossal Order,Colossal Order,Finland
***ERROR:LTV集團,Ling-Temco-Vought,United States of America
***ERROR:Telefe,Telefe,Argentina
***ERROR:Discovery特偵組,Investigation Discovery,United States of America
***ERROR:Climax Studios,Climax Studios,United Kingdom
***ERROR:Stellar Stone,Stellar Stone,United States of America
***ERROR:Underground Development,Underground Development,United States of America
***ERROR:Essanay工作室,Essanay Studios,United States of America
***ERROR:Eidos蒙特利尔,Eidos Montreal,Canada
***ERROR:Backflip Studios,Backflip Studios,United States of America
***ERROR:Arby's,Arby's,United States of America
***ERROR:EA Tiburon,EA Tiburon,United States of America
***ERROR:Bang Bros,Bang Bros,United States of America
***ERROR:828宾馆,Q10846201,People's Republic of China
***ERROR:CBS電影公司,CBS Films,United States of America
***ERROR:Tengen,Tengen,United States of America
***ERROR:IFC電影公司,IFC Films,United States of America
***ERROR:Renegade Kid,Renegade Kid,United States of America
***ERROR:Netflix,Netflix,United States of America
***ERROR:Eurogate,"Eurogate GmbH & Co. KGaA, KG"
***ERROR:DOGTV,DOGTV,United States of America
***ERROR:Tilted Kilt Pub & Eatery餐廳,Tilted Kilt Pub & Eatery,United States of America
***ERROR:Havok,Havok,Ireland
***ERROR:InXile娛樂,inXile entertainment,United States of America
***ERROR:Bamiyan (連鎖餐廳),Bamiyan,Japan
***ERROR:Lawry's the Prime Rib,Lawry's,United States of America
***ERROR:布利克街 (公司),Bleecker Street,United States of America
***ERROR:CBS體育,CBS Sports,United States of America
***ERROR:Skip,Skip Ltd.,Japan
***ERROR:Swordfish Studios,Swordfish Studios,United Kingdom
***ERROR:United Front Games,United Front Games,Canada
***ERROR:Showtime電視網,Showtime,United States of America
***ERROR:漢堡－美洲公司,Hamburg America Line,Germany
***ERROR:CNN,CNN,United States of America
***ERROR:21圈娛樂,21 Laps Entertainment,United States of America
***ERROR:Quiznos,Quiznos,United States of America
***ERROR:塞內卡·尼亞加拉賭場度假村,Seneca Niagara Casino & Hotel,United States of America
***ERROR:A.C.G.T,A.C.G.T,Japan
***ERROR:I24news,i24news,Israel
***ERROR:Cloo頻道,Cloo,United States of America
***ERROR:NBCSN,NBC Sports Network,United States of America
***ERROR:勵駿酒店 (北京),Legendale Hotel Beijing,People's Republic of China
***ERROR:北德意志-劳埃德,Norddeutscher Lloyd,Germany
***ERROR:FOX土耳其,Fox,Turkey
***ERROR:YES電視網,YES Network,United States of America
***ERROR:施普林格科学+商业媒体,Springer Science+Business Media,Germany
***ERROR:David Production,David Production,Japan
***ERROR:哈奇森 (出版社),Hutchinson,United Kingdom
***ERROR:札幌新大谷INN,New Otani Inn Sapporo,Japan
***ERROR:Prentice Hall,Prentice Hall,United States of America
***ERROR:G.亨乐出版社,G. Henle Verlag,Germany
***ERROR:Arms,Arms Corporation,Japan
***ERROR:S·菲舍爾出版社,S. Fischer Verlag,Germany
***ERROR:Vertigo (漫畫),Vertigo,United States of America
***ERROR:ANA葡萄牙機場集團,ANA – Aeroportos de Portugal,Portugal
***ERROR:萊卡 (動畫公司),Laika,United States of America
***ERROR:G4,G4,United States of America
***ERROR:迪士尼XD,Disney XD,United States of America
***ERROR:CBeebies,CBeebies,United Kingdom
***ERROR:貓頭鷹出版社 (德國),Ullstein Verlag,Germany
***ERROR:TASCHEN出版,Taschen,Germany
***ERROR:札幌JR飯店,JR INN Sapporo,Japan
***ERROR:A-1 Pictures,A-1 Pictures,Japan
***ERROR:IFC (電視網),IFC,United States of America
***ERROR:法勒、斯特勞斯和吉魯,"Farrar, Straus and Giroux"
***ERROR:德·迪昂·布通,De Dion-Bouton,France
***ERROR:Informa,Informa,United Kingdom
***ERROR:科學出版社 (俄羅斯),Nauka,Russia
***ERROR:Enterbrain,Enterbrain,Japan
***ERROR:IEEE計算機學會,IEEE Computer Society,United States of America
***ERROR:Sprite (摩托車品牌),Sprite,United Kingdom
***ERROR:Google Voice,Google Voice,United States of America
***ERROR:威立－布萊克威爾,Wiley-Blackwell,United States of America
***ERROR:DK公司,Dorling Kindersley,United Kingdom
***ERROR:讓-胥席·苟德佛華,Q3165282,France
***ERROR:Addison-Wesley,Addison-Wesley,Germany
***ERROR:巴爾-史特勞德,Barr and Stroud,United Kingdom
***ERROR:Beetrain,Bee Train,Japan
***ERROR:NSU車廠,NSU Motorenwerke,Germany
***ERROR:Production IMS,Production IMS,Japan
***ERROR:CBS運動網,CBS Sports Network,United States of America
***ERROR:哈珀 (出版社),Harper,United States of America
***ERROR:R·歐登堡出版社,R. Oldenbourg Verlag,Germany
***ERROR:KUSA (電視節目),KUSA,United States of America
***ERROR:Kana (出版商),Kana,France
***ERROR:CRC出版社,CRC Press,United States of America
***ERROR:Conrad Tokyo,Conrad Tokyo,Japan
***ERROR:Anime國際公司,Anime International Company,Japan
***ERROR:アルモニーサンク 北九州ソレイユホール,Q17192358,Japan
***ERROR:保罗·盖蒂博物馆,J. Paul Getty Museum,United States of America
***ERROR:Bloomsbury Publishing,Bloomsbury Publishing,United Kingdom
***ERROR:VDM出版社,VDM Publishing,Germany
***ERROR:帕爾格雷夫·麥克米蘭,Palgrave Macmillan,United Kingdom
***ERROR:EK出版社,Q1274983,Germany
***ERROR:學術出版社 (美國),Academic Press,United States of America
***ERROR:路德維希·馮·米塞斯研究所,Ludwig von Mises Institute,United States of America
***ERROR:UL,UL,Germany
***ERROR:Actas,Actas,Japan
***ERROR:K芭蕾舞團,K-ballet,Japan
***ERROR:KSL電視,KSL-TV,United States of America
***ERROR:ABC News,ABC News,Albania
***ERROR:吉爾吉斯電影 (製片廠),Kyrgyzfilm,Kyrgyzstan
***ERROR:MTV電影公司,MTV Films,United States of America
***ERROR:12 bis雜誌,12 bis,France
***ERROR:B計劃娛樂,Plan B Entertainment,United States of America
***ERROR:罪惡之城 (工作室),Sin City,United States of America
***ERROR:千年之湯 古Man,Koman,Japan
***ERROR:克魯斯-華格納製片,Cruise/Wagner Productions,United States of America
***ERROR:Mutant Enemy製作公司,Mutant Enemy Productions,United States of America
***ERROR:布洛克威爾·麥納瑪拉娛樂,Brookwell McNamara Entertainment,United States of America
***ERROR:格雷·桑切斯製片公司,Gary Sanchez Productions,United States of America
***ERROR:8頻道,Channel 8 (Thailand),Thailand
***ERROR:托馬斯·尼爾森,Thomas Nelson,United States of America
***ERROR:Skydance製片公司,Skydance Productions,United States of America
***ERROR:DIC娛樂公司,DIC Entertainment,United States of America
***ERROR:Paulaner,Paulaner Brewery,Germany
***ERROR:A.D. Vision,A.D. Vision,United States of America
***ERROR:Continuum (出版商),Continuum International Publishing Group,United States of America
***ERROR:Imagine Entertainment,Imagine Entertainment,United States of America
***ERROR:围棋TV,Badook TV,South Korea
***ERROR:KLG,KLG,Taiwan
***ERROR:KLG,KLG,Malaysia
***ERROR:1013製片公司,Ten Thirteen Productions,United States of America
***ERROR:1492電影公司,1492 Pictures,United States of America
***ERROR:Working Title Films,Working Title Films,United Kingdom
***ERROR:康斯特堡&罗宾森出版社,Constable & Robinson,United Kingdom
***ERROR:IOS出版社,IOS Press,Netherlands
***ERROR:Roadrunner唱片,Roadrunner Records,United States of America
***ERROR:SANAA,SANAA,Japan
***ERROR:YG娛樂,YG Entertainment,South Korea
***ERROR:冯·格康，玛格及合伙人建筑师事务所,"Gerkan, Marg and Partners"
***ERROR:HUGO BOSS,Hugo Boss,Germany
***ERROR:路易·威登,Louis Vuitton,France
***ERROR:CODEO啤酒,CODEO,Japan
***ERROR:Sankt Gallen (日本),Sankt Gallen Brewery,Japan
***ERROR:Ecco出版社,Ecco Press,United States of America
***ERROR:Hurricane Electric,Hurricane Electric,United States of America
***ERROR:愛德華·埃爾加出版社,Edward Elgar Publishing,United States of America
***ERROR:卡爾曼、米金奈和伍德建築師事務所,Kallmann McKinnell & Wood,United States of America
***ERROR:施耐德+舒马赫,schneider+schumacher,Germany
***ERROR:Woollim娛樂,Woollim Entertainment,South Korea
***ERROR:E-Plus,E-Plus,Germany
***ERROR:Arriva威爾士鐵路,Arriva Trains Wales,United Kingdom
***ERROR:Annapurna Pictures,Annapurna Pictures,United States of America
***ERROR:ABC工作室,ABC Studios,United States of America
***ERROR:勞倫斯·惠沙特,Lawrence and Wishart,United Kingdom
***ERROR:SOM建築設計事務所,"Skidmore, Owings and Merrill"
***ERROR:Arriva默西塞德,Arriva Trains Merseyside,United Kingdom
***ERROR:寶利發啤酒(荷蘭),Bavaria Brewery,Netherlands
***ERROR:EE,EE,United Kingdom
***ERROR:4Kids娱乐公司,4Licensing Corporation,United States of America
***ERROR:雅什－拉吉影片公司,Yash Raj Films,India
***ERROR:烏爾斯基·布羅德國營兵工廠,Česká zbrojovka Uherský Brod,Czech Republic
***ERROR:史萊夫、蘭布與哈蒙建築公司,"Shreve, Lamb & Harmon"
***ERROR:阿爾卡特-朗訊,Alcatel-Lucent,France
***ERROR:BBC出版公司,BBC Books,United Kingdom
***ERROR:FX,FX,United States of America
***ERROR:Jive Records,Jive Records,United States of America
***ERROR:Epitaph唱片,Epitaph Records,United States of America
***ERROR:M5实业公司,M5 Industries,United States of America
***ERROR:Elektra唱片公司,Elektra Records,United States of America
***ERROR:布尼姆/美利製作,Bunim/Murray Productions,United States of America
***ERROR:Vee-Jay唱片,Vee-Jay Records,United States of America
***ERROR:RSO唱片,RSO Records,United Kingdom
***ERROR:Napalm Records,Napalm Records,Austria
***ERROR:CNN紀錄片,CNN Films,United States of America
***ERROR:TS娛樂,TS Entertainment,South Korea
***ERROR:20世紀福克斯電視公司,20th Century Fox Television,United States of America
***ERROR:MFS 音樂廠牌,MFS,Germany
***ERROR:Mecanoo,Mecanoo,Netherlands
***ERROR:CA集團,CA,Japan
***ERROR:Core Contents Media,MBK Entertainment,South Korea
***ERROR:Bronze唱片,Bronze Records,United Kingdom
***ERROR:Pledis娛樂,Pledis Entertainment,South Korea
***ERROR:Moshi Moshi唱片,Moshi Moshi Records,United Kingdom
***ERROR:Endemol,Endemol,Netherlands
***ERROR:哈索·普拉特納研究學院,Hasso Plattner Institute,Germany
***ERROR:Sub Pop,Sub Pop,United States of America
***ERROR:Cube娛樂,Cube Entertainment,South Korea
***ERROR:DSP媒體,DSP Media,South Korea
***ERROR:JYP娛樂,JYP Entertainment,South Korea
***ERROR:Priority唱片公司,Priority Records,United States of America
***ERROR:M·沙普提亞,Chapoutier,France
***ERROR:Loud唱片公司,Loud Records,United States of America
***ERROR:J唱片公司,J Records,United States of America
***ERROR:MPS唱片,MPS Records,Germany
***ERROR:尼尔斯·托普,Niels Torp AS,Norway
***ERROR:生活·读书·新知三联书店,SDX Joint Publishing Company,People's Republic of China
***ERROR:SM娛樂,S.M. Entertainment,South Korea
***ERROR:Aftermath唱片公司,Aftermath Entertainment,United States of America
***ERROR:Mnet媒體,CJ E&M Music and Live,South Korea
***ERROR:SPV唱片,SPV,Germany
***ERROR:ViSalus,ViSalus,United States of America
***ERROR:PM国际股份有限公司,PM-International,Germany
***ERROR:Epic Records Japan,Epic/Sony Records,Japan
***ERROR:羅塞斯造船廠（Rosyth Dockyard）,Rosyth Dockyard,United Kingdom
***ERROR:麥格勞-希爾國際出版公司,McGraw-Hill Education,United States of America
***ERROR:DefSTAR Records,Defstar Records,Japan
***ERROR:XanGo公司,XanGo,United States of America
***ERROR:Pret A Manger,Pret a Manger,United Kingdom
***ERROR:EMI音樂日本,EMI Music Japan,Japan
***ERROR:Kapp唱片,Kapp Records,United States of America
***ERROR:ABC唱片,ABC Records,United States of America
***ERROR:Spinefarm唱片,Spinefarm Records,Finland
***ERROR:NEGANETWORK,Nega Network,South Korea
***ERROR:Nothing唱片,Nothing Records,United States of America
***ERROR:Alphabet,Alphabet Inc.,United States of America
***ERROR:Underground Resistance,Underground Resistance,United States of America
***ERROR:Riese und Müller,Riese und Müller,Germany
***ERROR:Fearless唱片,Fearless Records,United States of America
***ERROR:No Limit唱片公司,No Limit Records,United States of America
***ERROR:AMSOIL,Amsoil,United States of America
***ERROR:Oricon,Oricon,Japan
***ERROR:小島Def Jam音樂集團,The Island Def Jam Music Group,United States of America
***ERROR:Big Hit娛樂,Big Hit Entertainment,South Korea
***ERROR:Natives Éditions,Natives (Éditions),France
***ERROR:Liberty唱片,Liberty Records,United States of America
***ERROR:Frontier Works,Frontier Works,Japan
***ERROR:G-Unit唱片公司,G-Unit Records,United States of America
***ERROR:Parlophone,Parlophone,United Kingdom
***ERROR:Parlophone,Parlophone,Germany
***ERROR:Star Empire Entertainment,Star Empire Entertainment,South Korea
***ERROR:Charisma唱片,Charisma Records,United Kingdom
***ERROR:Ki/oon唱片,Ki/oon Music,Japan
***ERROR:RCA唱片,RCA Records,United States of America
***ERROR:Fantagio Entertainment,Fantagio,South Korea
***ERROR:LaFace唱片公司,LaFace Records,United States of America
***ERROR:Happy Face Entertainment,Happy Face Entertainment,South Korea
***ERROR:Mystic娛樂,Mystic89,South Korea
***ERROR:Interscope 唱片,Interscope Records,United States of America
***ERROR:Sumerian唱片,Sumerian Records,United States of America
***ERROR:Cash Money唱片,Cash Money Records,United States of America
***ERROR:Death Row唱片公司,Death Row Records,United States of America
***ERROR:A&M唱片公司,A&M Records,United States of America
***ERROR:604唱片,604 Records,Canada
***ERROR:Capitol唱片,Capitol Records,United States of America
***ERROR:Antenna音樂,Antenna Music,South Korea
***ERROR:B2M娛樂,B2M Entertainment,South Korea
***ERROR:GIZA studio,Giza Studio,Japan
***ERROR:SidusHQ,SidusHQ,South Korea
***ERROR:JXTG控股,JXTG Holdings,Japan
***ERROR:Vertigo唱片,Vertigo Records,United Kingdom
***ERROR:Desert Storm唱片公司,Desert Storm Records,United States of America
***ERROR:Management SOOP,Management SOOP,South Korea
***ERROR:Brave Entertainment,Brave Entertainment,South Korea
***ERROR:XL唱片,XL Recordings,United Kingdom
***ERROR:Hodoo娛樂,Q16178164,South Korea
***ERROR:STARSHIP Entertainment,Starship Entertainment,South Korea
***ERROR:Nonesuch唱片公司,Nonesuch Records,United States of America
***ERROR:LOEN娛樂,LOEN Entertainment,South Korea
***ERROR:Aguilar,Aguilar,Spain
***ERROR:Def Jam唱片公司,Def Jam Recordings,United States of America
***ERROR:YNB娛樂,YNB Entertainment,South Korea
***ERROR:Ariola唱片,Ariola Records,Germany
***ERROR:J Storm,J Storm,Japan
***ERROR:太陽 (唱片公司),Sun Records,United States of America
***ERROR:SPACE CRAFT,Space Craft,Japan
***ERROR:拉夫·萊達斯娛樂公司,Ruff Ryders Entertainment,United States of America
***ERROR:瓦雷澤·薩拉班德唱片,Varèse Sarabande,United States of America
***ERROR:Lee,Lee,United States of America
***ERROR:FNC娛樂,FNC Entertainment,South Korea
***ERROR:King Kong娛樂,King Kong Entertainment,South Korea
***ERROR:Sim Entertainment,Sim Entertainment,South Korea
***ERROR:Ill Will唱片公司,Ill Will Records,United States of America
***ERROR:Rhythm zone,Rhythm Zone,Japan
***ERROR:Lürssen造船,Lürssen,Germany
***ERROR:M&H娱乐,M&H Entertainment,South Korea
***ERROR:AdMob,AdMob,United States of America
***ERROR:Jungle娛樂,Jungle Entertainment,South Korea
***ERROR:Good娛樂,Good Entertainment,South Korea
***ERROR:Rise唱片,Rise Records,United States of America
***ERROR:USC (服裝零售商),USC,United Kingdom
***ERROR:Around US娛樂,Around US Entertainment,South Korea
***ERROR:Ruthless唱片公司,Ruthless Records,United States of America
***ERROR:馬克·莫里斯舞蹈中心,Mark Morris Dance Center,United States of America
***ERROR:布洛姆－福斯,Blohm + Voss,Germany
***ERROR:CMC國際,CMC International,United States of America
***ERROR:SST唱片公司,SST Records,United States of America
***ERROR:Extasy唱片,Extasy Records,Japan
***ERROR:Grand Hustle唱片公司,Grand Hustle Records,United States of America
***ERROR:Plan A娛樂,Plan A Entertainment,South Korea
***ERROR:Extasy唱片,Extasy Records,United States of America
***ERROR:C&A,C&A,Germany
***ERROR:키이스트,KeyEast,South Korea
***ERROR:티오피미디어,TOP Media,South Korea
***ERROR:WM Entertainment,WM Entertainment,South Korea
***ERROR:I.R.S.唱片,I.R.S. Records,United States of America
***ERROR:Cagiva集團,Cagiva,Italy
***ERROR:TVT唱片,TVT Records,United States of America
***ERROR:Horipro,Horipro,Japan
***ERROR:Timberland,The Timberland Company,United States of America
***ERROR:원오원 엔터테인먼트,Q11128342,South Korea
***ERROR:卡文·克萊,Calvin Klein Inc,United States of America
***ERROR:GWR唱片,GWR Records,United Kingdom
***ERROR:Starhaus Entertainment,Starhaus Entertainment,South Korea
***ERROR:Kling Klang录音室,Kling Klang Studio,Germany
***ERROR:SONIC GROOVE,Sonic Groove,Japan
***ERROR:FXX頻道,FXX,United States of America
***ERROR:DreamTea娛樂,Dream Tea Entertainment,South Korea
***ERROR:Stardom娛樂,Stardom Entertainment,South Korea
***ERROR:Doggystyle唱片公司,Doggystyle Records,United States of America
***ERROR:TOY'S FACTORY,Toy's Factory,Japan
***ERROR:Dischord唱片,Dischord Records,United States of America
***ERROR:約翰·I·桑尼克羅夫特公司,John I. Thornycroft & Company,United Kingdom
***ERROR:Schlecker醜聞,Schlecker,Germany
***ERROR:7-Eleven,7-Eleven,United States of America
***ERROR:YouTube,YouTube,United States of America
***ERROR:NTT出版,NTT Publishing,Japan
***ERROR:納許維爾Capitol唱片,Capitol Records Nashville,United States of America
***ERROR:NORTHERN MUSIC,Northern Music,Japan
***ERROR:Boots,Boots UK,United Kingdom
***ERROR:Kiosk,Kiosk,Japan
***ERROR:Chiswick唱片,Chiswick Records,United Kingdom
***ERROR:Yandex,Yandex,Russia
***ERROR:Game零售商,Game Digital plc,United Kingdom
***ERROR:Big Machine唱片,Big Machine Records,United States of America
***ERROR:Inertia唱片,Inertia,Australia
***ERROR:Visa,Visa Inc.,United States of America
***ERROR:OCZ Storage Solutions,OCZ,United States of America
***ERROR:Go! Beat唱片,Go! Discs,United Kingdom
***ERROR:Lava唱片,Lava Records,United States of America
***ERROR:Burt's Bees,Burt's Bees,United States of America
***ERROR:Lacoste,Lacoste,France
***ERROR:MV Agusta,MV Agusta,Italy
***ERROR:Lyric Street唱片公司,Lyric Street Records,United States of America
***ERROR:Avex trax,Avex Trax,Japan
***ERROR:青年 (烏克蘭雜誌),Molod,Ukraine
***ERROR:AI Entertainment,AI Entertainment,Japan
***ERROR:Victory唱片,Victory Records,United States of America
***ERROR:3 Peace唱片,3 Peace Records,United States of America
***ERROR:4th & B'way唱片公司,4th & B'way Records,United States of America
***ERROR:The North Face,"The North Face, Inc."
***ERROR:Jack Wills,Jack Wills,United Kingdom
***ERROR:Selfridges,Selfridges,United Kingdom
***ERROR:音樂農莊 (唱片公司),Music Farm,South Korea
***ERROR:Specsavers,Specsavers,Denmark
***ERROR:Specsavers,Specsavers,United Kingdom
***ERROR:Machine Shop Recordings,Machine Shop Recordings,United States of America
***ERROR:Specsavers,Specsavers,Romania
***ERROR:Specsavers,Specsavers,Specsavers
***ERROR:Rostrum唱片公司,Rostrum Records,United States of America
***ERROR:香蕉共和國 (服飾),Banana Republic,United States of America
***ERROR:HMV,HMV Group,United Kingdom
***ERROR:莫萨克·冯赛卡律师行,Mossack Fonseca,Panama
***ERROR:Key Sounds Label,Key Sounds Label,Japan
***ERROR:You,"You, Be Cool!"
***ERROR:Tiger,Flying Tiger Copenhagen,Denmark
***ERROR:Tiger,Flying Tiger Copenhagen,United Kingdom
***ERROR:格拉夫·普拉斯娛樂公司,Crafty Plugz,United States of America
***ERROR:Zetima,Zetima,Japan
***ERROR:Uptown唱片公司,Uptown Records,United States of America
***ERROR:Pandora珠宝,Pandora A/S,Denmark
***ERROR:DGC唱片公司,DGC Records,United States of America
***ERROR:Hauser y Menet,Hauser y Menet,Spain
***ERROR:Erased Tapes Records,Erased Tapes Records,United Kingdom
***ERROR:UKTV,UKTV,United Kingdom
***ERROR:OK便利店,Circle K,United States of America
***ERROR:DB唱片,DB Records,United States of America
***ERROR:MCA唱片,MCA Records,United States of America
***ERROR:Guess (服飾),Guess,United States of America
***ERROR:GANT,Gant,Sweden
***ERROR:母+父音樂,Mom + Pop Music,United States of America
***ERROR:約翰·路易斯,John Lewis,United Kingdom
***ERROR:SME Records,SME Records,Japan
***ERROR:日本BMG,BMG Japan,Japan
***ERROR:泰恩-威爾地鐵,Tyne and Wear Metro,United Kingdom
***ERROR:Dispolok,Dispolok,Germany
***ERROR:特拉華、拉克瓦納和西部鐵路公司,"Delaware, Lackawanna and Western Railroad"
***ERROR:Revealed唱片公司,Revealed Recordings,Netherlands
***ERROR:IDOL Street,iDOL Street,Japan
***ERROR:密蘇里州-堪薩斯州-得克薩斯州鐵路,Missouri–Kansas–Texas Railroad,United States of America
***ERROR:芝加哥，岩島和太平洋鐵路,"Chicago, Rock Island and Pacific Railroad"
***ERROR:RCA唱片納什維爾,RCA Records Nashville,United States of America
***ERROR:Sony Music Records,Sony Music Records,Japan
***ERROR:HEAG莫比洛,HEAG mobilo,Germany
***ERROR:STUDIOSEVEN Recordings,Studioseven Recordings,Japan
***ERROR:S2S唱片公司,S2S Pte. Ltd.,Japan
***ERROR:芝加哥，伯靈頓和昆西鐵路,"Chicago, Burlington and Quincy Railroad"
***ERROR:STARCHILD,Starchild,Japan
***ERROR:Alleo,Q2648468,Germany
***ERROR:Greggs,Greggs,United Kingdom
***ERROR:School Boy唱片,School Boy Records,United States of America
***ERROR:Domo唱片,Domo Records,United States of America
***ERROR:GO運輸,GO Transit,Canada
***ERROR:SACRA MUSIC,Sacra Music,Japan
***ERROR:Last Gang唱片,Last Gang Records,Canada
***ERROR:Grafton Group,Grafton Group,United Kingdom
***ERROR:Grafton Group,Grafton Group,Ireland
***ERROR:Avira AntiVirus,Avira Antivirus,Germany
***ERROR:VIA航空,Air VIA,Bulgaria
***ERROR:Abbey National,Abbey National,United Kingdom
***ERROR:BAE系统,BAE Systems,United Kingdom
***ERROR:梅里迪安 (品牌),Meridian,Germany
***ERROR:聖路易斯 - 舊金山鐵路,St. Louis–San Francisco Railway,United States of America
***ERROR:BTR公司,BTR plc,United Kingdom
***ERROR:TransIT 公車,TransIT,United States of America
***ERROR:TACV佛得角航空,TACV,Cape Verde
***ERROR:KT音樂,KT Music,South Korea
***ERROR:RBH物流,Q2124030,Germany
***ERROR:Theatre Jeune劇團,Q11398161,Japan
***ERROR:伏爾加-第聶伯航空,Volga-Dnepr Airlines,Russia
***ERROR:劇團Nylon100℃,Q11323646,Japan
***ERROR:LAN哥倫比亞航空,LATAM Colombia,Colombia
***ERROR:XO （唱片公司）,XO,Canada
***ERROR:AeroLogic,AeroLogic,Germany
***ERROR:劇團こまどり,Q11300682,Japan
***ERROR:S7航空,S7 Airlines,Russia
***ERROR:NHK放送中心,NHK Broadcasting Center,Japan
***ERROR:蒙提·派森,Monty Python,United Kingdom
***ERROR:LOT波蘭航空,LOT Polish Airlines,Poland
***ERROR:NHK大阪放送局,NHK Osaka Broadcasting Station,Japan
***ERROR:AK-Bars航空,Ak Bars Aero,Russia
***ERROR:CHC直升機航空,CHC Helicopter,Canada
***ERROR:Wall唱片公司,Wall Recordings,Netherlands
***ERROR:深圳市特力（集团）股份有限公司,Q11153067,People's Republic of China
***ERROR:深圳市深信泰丰（集团）股份有限公司,Q11153063,People's Republic of China
***ERROR:广州铁路（集团）公司,Guangzhou Railway (Group) Corporation,People's Republic of China
***ERROR:KF 貨運,Kelowna Flightcraft Air Charter,Canada
***ERROR:UTair快運,UTair Express,Russia
***ERROR:邁阿密-戴德運輸,Miami-Dade Transit,United States of America
***ERROR:劇團すごろく,Q11398131,Japan
***ERROR:劇團め組,Q11398141,Japan
***ERROR:HK Express,HK Express,People's Republic of China
***ERROR:劇團21世紀福斯,Q11398107,Japan
***ERROR:劇團6番シード,Q11398108,Japan
***ERROR:劇團EXILE,Q11398113,Japan
***ERROR:AB航空,AB Airlines,United Kingdom
***ERROR:SCAT航空,SCAT Airlines,Kazakhstan
***ERROR:R航空,R Airlines,Thailand
***ERROR:TAP葡萄牙航空,TAP Portugal,Portugal
***ERROR:BH航空,BH Air,Bulgaria
***ERROR:WDL航空,WDL Aviation,Germany
***ERROR:V澳洲航空,V Australia,Australia
***ERROR:AMC航空,AMC Airlines,Egypt
***ERROR:首都航空 (北美),Capital Airlines,United States of America
***ERROR:東京Sunshine Voice,Tokyo Sunshine Boys,Japan
***ERROR:VASP航空,VASP,Brazil
***ERROR:Trivago,Trivago,Germany
***ERROR:法國ASL航空,ASL Airlines France,France
***ERROR:Dartz,Dartz,Latvia
***ERROR:天空航空 (土耳其),Sky Airlines,Turkey
***ERROR:Citilink,Citilink,Indonesia
***ERROR:Mount Cook Airlines（紐西蘭）,Mount Cook Airline,New Zealand
***ERROR:Trans-Canada航空,Trans-Canada Air Lines,Canada
***ERROR:帝国航空 (美国),Empire Airlines,United States of America
***ERROR:LTE國際航空,LTE International Airways,Spain
***ERROR:UPS航空,UPS Airlines,United States of America
***ERROR:Zip航空,Zip,Canada
***ERROR:PMT航空,PMTair,Cambodia
***ERROR:MNG航空,MNG Airlines,Turkey
***ERROR:FIDO联盟,FIDO,United States of America
***ERROR:劇團HA BEST,Q17217209,Japan
***ERROR:Naldo交通体系,Q1467217,Germany
***ERROR:林克-霍夫曼-布希,Linke-Hofmann,Germany
***ERROR:Ancon商事,Q17192505,Japan
***ERROR:2345網址導航,Q22099583,People's Republic of China
***ERROR:邊疆航空 (1950-1986年),Frontier Airlines,United States of America
***ERROR:Bnibera兔團,Q17216447,Japan
***ERROR:國家航空 (加拿大),Nolisair,Canada
***ERROR:國家航空 (ROK),National Airlines,United States of America
***ERROR:加拿大航空Jazz,Jazz,Canada
***ERROR:UVT航空,UVT Aero,Russia
***ERROR:GLO航空,GLO Airlines,United States of America
***ERROR:Ameriflight航空,Ameriflight,United States of America
***ERROR:Dan航空,Dan-Air,United Kingdom
***ERROR:LAM莫三比克航空,LAM Mozambique Airlines,Mozambique
***ERROR:Groucho俱樂部,Groucho Club,United Kingdom
***ERROR:Norma超市,Norma,Germany
***ERROR:威士忌a Go Go,Whisky a Go Go,United States of America
***ERROR:Onewayhope,Onewayhope,United States of America
***ERROR:Alpina,Alpina,Germany
***ERROR:Cruzeiro do Sul航空,Serviços Aéreos Cruzeiro do Sul,Brazil
***ERROR:東京Suuica,Q11524179,Japan
***ERROR:Illumina,Illumina,United States of America
***ERROR:Studio Ponoc,Studio Ponoc,Japan
***ERROR:NRW.INVEST,NRW.INVEST,Germany
***ERROR:Airpac航空,Airpac Enterprises,United States of America
***ERROR:GMMTV,GMMTV,Thailand
***ERROR:柬埔寨第5电视台,TV5 Cambodia,Cambodia
***ERROR:加拿大3000,Canada 3000,Canada
***ERROR:KOKO (音樂館),KOKO,United Kingdom
***ERROR:TNT航空,ASL Airlines Belgium,Belgium
***ERROR:里夫·阿留申航空公司,Reeve Aleutian Airways,United States of America
***ERROR:VIM航空,VIM Airlines,Russia
***ERROR:CBGB,CBGB,United States of America
***ERROR:54俱樂部,Studio 54,United States of America
***ERROR:展翼鷹 (旺茲沃思),Spread Eagle,United Kingdom
***ERROR:UTair航空,UTair Aviation,Russia
***ERROR:NKD,Q927272,Germany
***ERROR:卡羅爾·謝爾比國際,Carroll Shelby International,United States of America
***ERROR:DC漫畫,DC Comics,United States of America
***ERROR:Zott,Zott SE & Co. KG,Germany
***ERROR:第54演播室電台聯播網,Radio Studio 54 Network,Italy
***ERROR:新碼頭 (錫爾迪金),New Quay,United Kingdom
***ERROR:阿斯顿·马丁,Aston Martin,United Kingdom
***ERROR:AFM,Alex von Falkenhausen Motorenbau,Germany
***ERROR:麥可蘭德&斯圖爾特出版公司,McClelland & Stewart,Canada
***ERROR:紐卡素爾 (唐郡),Newcastle,United Kingdom
***ERROR:韋斯特沃德霍！,Westward Ho!,United Kingdom
***ERROR:梅賽德斯-AMG,Mercedes-AMG,Germany
***ERROR:陶因 (康威),Towyn,United Kingdom
***ERROR:史密斯 (公司),Sipsmith,United Kingdom
***ERROR:麥基爾－皇后大學出版社,McGill-Queen's University Press,Canada
***ERROR:KBS第2FM,KBS Cool FM,South Korea
***ERROR:澤西海岸 (地區),Jersey Shore,United States of America
***ERROR:BMW,BMW,Germany
***ERROR:2GB,2GB,Australia
***ERROR:Solaris,Solaris Bus & Coach,Poland
***ERROR:MAN卡車與巴士,MAN Truck & Bus,Germany
***ERROR:BBC威爾士廣播,BBC Radio Wales,United Kingdom
***ERROR:梅特勒-托利多,Mettler Toledo,United States of America
***ERROR:90十一,90elf,Germany
***ERROR:AEG,AEG,Germany
***ERROR:Adobe Systems,Adobe Systems,United States of America
***ERROR:BBC奧克尼群島廣播,BBC Radio Orkney,United Kingdom
***ERROR:Under Armour,Under Armour,United States of America
***ERROR:洛克希德·马丁,Lockheed Martin,United States of America
***ERROR:威爾斯語BBC廣播,BBC Radio Cymru,United Kingdom
***ERROR:Faraday Future,Faraday Future,United States of America
***ERROR:拉夫·劳伦马球,Ralph Lauren Corporation,United States of America
***ERROR:IRobot,iRobot,United States of America
***ERROR:Pizza-La,Pizza-La,Japan
***ERROR:WYPR,WYPR,United States of America
***ERROR:KFRS,KFRS,United States of America
***ERROR:BBC設得蘭群島廣播,BBC Radio Shetland,United Kingdom
***ERROR:883 家FM,883JiaFM,Singapore
***ERROR:高露洁-棕榄,Colgate-Palmolive Company,United States of America
***ERROR:HWA車隊,HWA Team,Germany
***ERROR:Groupon,Groupon,United States of America
***ERROR:BBC蘇格蘭廣播,BBC Radio Scotland,United Kingdom
***ERROR:BBC蘇格蘭蓋爾語廣播,BBC Radio nan Gàidheal,United Kingdom
***ERROR:XING,XING,Germany
***ERROR:CGI集團,CGI Group,Canada
***ERROR:加拿大中文電台FM96.1,CHKG-FM,Canada
***ERROR:Juniper Networks,Juniper Networks,United States of America
***ERROR:WYFR,WYFR,United States of America
***ERROR:Mail.ru,Mail.ru,Russia
***ERROR:SAP公司,SAP SE,Germany
***ERROR:Software AG,Software AG,Germany
***ERROR:加拿大中文電台AM1470,CJVB,Canada
***ERROR:CA公司,CA Technologies,United States of America
***ERROR:SOHO中國,SOHO China,People's Republic of China
***ERROR:BBC Radio 5直播,BBC Radio 5 Live,United Kingdom
***ERROR:诺斯洛普·格鲁门,Northrop Grumman,United States of America
***ERROR:Stanley電氣,Stanley Electric,Japan
***ERROR:NHK廣播第1頻率,NHK Radio 1,Japan
***ERROR:东方宾馆 (广州),Q10870325,People's Republic of China
***ERROR:Intuit,Intuit,United States of America
***ERROR:Amazon.com,Amazon.com,United States of America
***ERROR:Facebook公司,Facebook Inc.,United States of America
***ERROR:Reddit,Reddit,United States of America
***ERROR:Numerical Algorithms Group Ltd．,Numerical Algorithms Group,United Kingdom
***ERROR:Gogo机上因特网,Gogo Inflight Internet,United States of America
***ERROR:Executive Outcomes公司,Executive Outcomes,South Africa
***ERROR:IBM,IBM,United States of America
***ERROR:JetBrains公司,JetBrains,Czech Republic
***ERROR:Eurokai集团,Q1375020,Germany
***ERROR:HIT FM (中國),Hit FM,People's Republic of China
***ERROR:Salesforce.com,Salesforce.com,United States of America
***ERROR:AT&T,AT&T,Mexico
***ERROR:2CH,2CH,Australia
***ERROR:FM 103.2,2CBA,Australia
***ERROR:BBC廣播一台,BBC Radio 1,United Kingdom
***ERROR:Opera软件公司,Opera Software,Norway
***ERROR:AT&T,AT&T,United States of America
***ERROR:Solarcity,SolarCity,United States of America
***ERROR:KBR公司,KBR,United States of America
***ERROR:麦克唐纳-道格拉斯公司,McDonnell Douglas,United States of America
***ERROR:BullGuard,BullGuard,United Kingdom
***ERROR:23andMe,23andMe,United States of America
***ERROR:BBC第4頻道,BBC Radio 4,United Kingdom
***ERROR:1C公司,1C Company,Russia
***ERROR:Cenqua,Atlassian,Australia
***ERROR:MAN集團,MAN SE,Germany
***ERROR:BBC 6 Music,BBC Radio 6 Music,United Kingdom
***ERROR:黑克勒-科赫,Heckler & Koch,Germany
***ERROR:柯蒂斯-萊特公司,Curtiss-Wright,United States of America
***ERROR:Accelrys公司,Accelrys,United States of America
***ERROR:BP,BP,United Kingdom
***ERROR:Borland,Borland,United States of America
***ERROR:英國航太系統 (美國),BAE Systems Inc.,United States of America
***ERROR:哈里斯-尤因照相館,Harris & Ewing photo studio,United States of America
***ERROR:Piriform,Piriform,United Kingdom
***ERROR:Lidl,Lidl,Germany
***ERROR:Wikia,Wikia,United States of America
***ERROR:強斯·沃特,Vought,United States of America
***ERROR:MG,MG Cars,United Kingdom
***ERROR:ARC資源,ARC Resources,Canada
***ERROR:eBay,eBay,United States of America
***ERROR:Aetna,Aetna,United States of America
***ERROR:ANSYS公司,Ansys,United States of America
***ERROR:SKF,SKF,Sweden
***ERROR:Abarth,Abarth,Italy
***ERROR:PPG工业集团,PPG Industries,United States of America
***ERROR:Humble Bundle,Humble Bundle Inc.,United States of America
***ERROR:Sprint Nextel,Sprint Corporation,United States of America
***ERROR:Quattro公司,quattro GmbH,Germany
***ERROR:安海斯-布希,Anheuser-Busch,United States of America
***ERROR:波克夏·哈薩威公司,Berkshire Hathaway,United States of America
***ERROR:Novell,Novell,United States of America
***ERROR:MAGI公司,Mathematical Applications Group,United States of America
***ERROR:Sybase,Sybase,United States of America
***ERROR:RAI,Rai,Italy
***ERROR:MTU航空发动机公司,MTU Aero Engines,Germany
***ERROR:Levi's,Levi Strauss & Co.,United States of America
***ERROR:主流音樂Top 40單曲榜,Baldwin Piano Company,United States of America
***ERROR:雷普索尔 YPF,Repsol,Spain
***ERROR:CAE Inc.,CAE Inc.,Canada
***ERROR:FL史密斯,FLSmidth,Denmark
***ERROR:普法夫 (公司),Pfaff,Germany
***ERROR:RCA,RCA,United States of America
***ERROR:柔佛FM,Johor FM,Malaysia
***ERROR:AMR公司,AMR Corporation,United States of America
***ERROR:Ihagee,Ihagee,Germany
***ERROR:安海斯-布希英博集團,Anheuser-Busch InBev,Belgium
***ERROR:Vector Informatik,Vector Informatik,Germany
***ERROR:安海斯-布希英博集團,Anheuser-Busch InBev,Brazil
***ERROR:LinkedIn,LinkedIn,United States of America
***ERROR:KSTO,KSTO,United States of America
***ERROR:Easy FM,Easy FM,People's Republic of China
***ERROR:KFRY,KFRY,United States of America
***ERROR:Ampex,Ampex,United States of America
***ERROR:Freenet AG,Freenet AG,Germany
***ERROR:AMEC股份有限公司,Amec Foster Wheeler,United Kingdom
***ERROR:AbeBooks,AbeBooks,Germany
***ERROR:奈特軍械公司（KAC）,Knight's Armament Company,United States of America
***ERROR:BMW M公司,BMW M,Germany
***ERROR:福克-沃尔夫,Focke-Wulf,Germany
***ERROR:ASML,ASML Holding,Netherlands
***ERROR:ABBYY,ABBYY,Russia
***ERROR:Macromedia,Macromedia,United States of America
***ERROR:K-1,K-1,Japan
***ERROR:CEZ能源集團,ČEZ Group,Czech Republic
***ERROR:ČKD,ČKD,Czech Republic
***ERROR:Abercrombie & Fitch,Abercrombie & Fitch,United States of America
***ERROR:Scion,Scion,United States of America
***ERROR:Acclaim娛樂公司,Acclaim Entertainment,United States of America
***ERROR:莱特－马丁公司,Wright-Martin,United States of America
***ERROR:E.ON,E.ON SE,Germany
***ERROR:SK电讯,SK Telecom,South Korea
***ERROR:AAI公司,AAI Corporation,United States of America
***ERROR:IG Group,IG Group,United Kingdom
***ERROR:ASCII Media Works,ASCII Media Works,Japan
***ERROR:T-Mobile,T-Mobile International,Germany
***ERROR:PayPal,PayPal,United States of America
***ERROR:3Com,3Com,United States of America
***ERROR:KJAL,KJAL,United States of America
***ERROR:施密特-本德爾,Schmidt & Bender,Germany
***ERROR:KUFR,KUFR,United States of America
***ERROR:意大利设计-乔治亚罗公司,Italdesign Giugiaro,Italy
***ERROR:西門子·舒克特,Siemens-Schuckert,Germany
***ERROR:ITT公司,ITT Corporation,United States of America
***ERROR:TIBCO软件公司,Tibco Software,United States of America
***ERROR:Sew,SEW Eurodrive,Germany
***ERROR:Mutual影業,Mutual Film,United States of America
***ERROR:MTU腓德烈斯哈芬有限公司,MTU Friedrichshafen,Germany
***ERROR:菲律賓長途電話公司（PLDT）,PLDT,Philippines
***ERROR:AddThis,AddThis,United States of America
***ERROR:KGU (AM廣播),KGU,United States of America
***ERROR:Altera,Altera,United States of America
***ERROR:LSG漢莎天廚,LSG Sky Chefs,Germany
***ERROR:皇家KPN電信,KPN,Netherlands
***ERROR:克劳斯-玛菲·威格曼,Q646220,Germany
***ERROR:Level 3 通信,Level 3 Communications,Germany
***ERROR:Akamai,Akamai Technologies,United States of America
***ERROR:Evernote,Evernote,United States of America
***ERROR:GKN公共有限公司,GKN,Germany
***ERROR:T-Online,T-Online,Germany
***ERROR:Level 3 通信,Level 3 Communications,United States of America
***ERROR:ING,ING Group,Netherlands
***ERROR:Herpa,Herpa,Germany
***ERROR:WANG,WANG,United States of America
***ERROR:All Media Guide,All Media Network,United States of America
***ERROR:Pilz,Pilz,Germany
***ERROR:WCIZ-FM,WCIZ-FM,United States of America
***ERROR:富士通-西門子電腦公司,Fujitsu Siemens Computers,Germany
***ERROR:塞亞德·哈利洛維奇,Q796359,Germany
***ERROR:TomTom,TomTom,United States of America
***ERROR:Am/pm (便利商店),ampm,United States of America
***ERROR:G DATA Software,G Data,Germany
***ERROR:Moneybookers,Moneybookers,United Kingdom
***ERROR:TOKYOPOP,Tokyopop,Germany
***ERROR:O&K重工業,Orenstein & Koppel,Germany
***ERROR:PC Tools,PC Tools,Australia
***ERROR:WALK (AM),WALK,United States of America
***ERROR:Adtranz,Adtranz,Canada
***ERROR:愛克發·吉華集團,Agfa-Gevaert,Germany
***ERROR:NeXT,"NeXT Computer, Inc."
***ERROR:Corsair,Corsair Components,United States of America
***ERROR:BRIO,Q669137,Sweden
***ERROR:奧迪運動ABT車隊,Abt Sportsline,Germany
***ERROR:BMC軟件公司,BMC Software,United States of America
***ERROR:Portal de L'Angel,El Corte Inglés,Spain
***ERROR:Au,Au,Japan
***ERROR:BrightSource Energy公司,BrightSource Energy,United States of America
***ERROR:MITRE公司,The MITRE Corporation,United States of America
***ERROR:Autodesk,Autodesk,United States of America
***ERROR:Cadence,Cadence Design Systems,United States of America
***ERROR:BBS (公司),BBS Kraftfahrzeugtechnik,Germany
***ERROR:万得-土星控股,Media-Saturn-Holding,Germany
***ERROR:Sysinternals,Sysinternals,United States of America
***ERROR:NCR公司,NCR Corporation,Germany
***ERROR:IDEO,IDEO,Germany
***ERROR:Tuenti,Tuenti,Spain
***ERROR:BLG物流,Q796223,Germany
***ERROR:KZMI,KZMI,United States of America
***ERROR:GoPro,GoPro,United States of America
***ERROR:NBC環球,NBCUniversal,United States of America
***ERROR:TCL集团,TCL Corporation,People's Republic of China
***ERROR:AIS,Advanced Info Service,Thailand
***ERROR:童夢 (汽車公司),Dome,Japan
***ERROR:BFG科技,BFG Technologies,United States of America
***ERROR:K+S,K+S,Germany
***ERROR:Ashley Madison,Ashley Madison,Canada
***ERROR:LG U+,LG Uplus,South Korea
***ERROR:Aerojet,Aerojet,United States of America
***ERROR:M·M·沃伯格公司,M. M. Warburg & Co.,Germany
***ERROR:Viscom,Viscom,Germany
***ERROR:DQS,DQS,Germany
***ERROR:FasTrak,FasTrak,United States of America
***ERROR:VeriSign,Verisign,United States of America
***ERROR:维克斯-阿姆斯特朗公司,Vickers-Armstrongs,United Kingdom
***ERROR:波道夫·古德曼,Bergdorf Goodman,United States of America
***ERROR:D&W建築公司,Dyckerhoff & Widmann,Germany
***ERROR:KRSI,KPXP,United States of America
***ERROR:AGEIA,Ageia,United States of America
***ERROR:赫爾曼·戈林國家工廠,Reichswerke Hermann Göring,Germany
***ERROR:FON,Fon,Spain
***ERROR:BG集團,BG Group,United Kingdom
***ERROR:SK海力士,SK Hynix,South Korea
***ERROR:美国BD公司,Becton Dickinson,United States of America
***ERROR:马丁·玛丽埃塔,Martin Marietta,United States of America
***ERROR:Laureate International Universities,Laureate Education,United States of America
***ERROR:加格瑙 (電器),Gaggenau Hausgeräte,Germany
***ERROR:西格&紹爾,Sauer & Sohn,Germany
***ERROR:Related Designs,Related Designs,Germany
***ERROR:威廉·卡曼公司,Karmann,Germany
***ERROR:Darden Restaurants,Darden Restaurants,United States of America
***ERROR:美安 (汽車設備),Autoliv,Sweden
***ERROR:Infocom,Infocom,United States of America
***ERROR:BEA Systems,BEA Systems,United States of America
***ERROR:Libre出版,Libre Publishing,Japan
***ERROR:Optus電信公司,Optus,Australia
***ERROR:EMC,Dell EMC,United States of America
***ERROR:Biogen Idec,Biogen,United States of America
***ERROR:Fabrique Nationale,FN Herstal,Belgium
***ERROR:OKI,Oki Electric Industry,Japan
***ERROR:Future plc,Future plc,United Kingdom
***ERROR:EA Sports,EA Sports,United States of America
***ERROR:Ultimate Ears,Ultimate Ears,United States of America
***ERROR:麦格劳-希尔集团,McGraw Hill Financial,United States of America
***ERROR:JR,Japan Railways Group,Japan
***ERROR:Steinberg,Steinberg,Germany
***ERROR:艾奇遜，托皮卡和聖塔菲鐵路,"Atchison, Topeka and Santa Fe Railway"
***ERROR:德国莱茵TUV集团,TÜV Rheinland,Germany
***ERROR:EA Phenomic,EA Phenomic,Germany
***ERROR:ISS集團,ISS A/S,Denmark
***ERROR:Nero AG,Nero AG,Germany
***ERROR:CompuServe,CompuServe,United States of America
***ERROR:WFTI-FM,WFTI-FM,United States of America
***ERROR:Craigslist,Craigslist,United States of America
***ERROR:Emporis地產資料庫,Emporis,Germany
***ERROR:卡尔·瓦尔特运动枪,Carl Walther GMBH,Germany
***ERROR:Bang & Olufsen,Bang & Olufsen,Denmark
***ERROR:克劳斯-玛菲,Krauss-Maffei,Germany
***ERROR:Hotbar,Zango,United States of America
***ERROR:SECOM,Secom,United Kingdom
***ERROR:WATN,WATN,United States of America
***ERROR:Palm公司,"Palm, Inc."
***ERROR:CSX運輸,CSX Transportation,United States of America
***ERROR:Telenor公司,Telenor,Norway
***ERROR:IAC/InterActiveCorp,IAC/InterActiveCorp,United States of America
***ERROR:弗里德里希·克虏伯日耳曼尼亚船厂,Friedrich Krupp Germaniawerft,German Empire
***ERROR:BHEL公司,Bharat Heavy Electricals Limited,India
***ERROR:TDK,TDK,Japan
***ERROR:HSBC Trinkaus,HSBC Trinkaus,Germany
***ERROR:Netto品牌折扣,Netto Marken-Discount,Germany
***ERROR:Being,Being Inc.,Japan
***ERROR:Image漫畫,Image Comics,United States of America
***ERROR:Be公司,Be Inc.,United States of America
***ERROR:NTT DOCOMO,NTT DoCoMo,Japan
***ERROR:Telia Company,Telia Company,Sweden
***ERROR:TUV南德意志集团,TÜV SÜD,Germany
***ERROR:Nufarm,Nufarm,Australia
***ERROR:BDO国际,BDO International,Denmark
***ERROR:Inktomi公司,Inktomi,United States of America
***ERROR:DONG能源公司,DONG Energy,Denmark
***ERROR:TRW公司,TRW Inc.,United States of America
***ERROR:文森特·巴赫公司,Vincent Bach Corporation,United States of America
***ERROR:ESP (日本企業),ESP Guitars,Japan
***ERROR:世紀21物業,Century 21 Real Estate,United States of America
***ERROR:Shake Shack,Shake Shack,United States of America
***ERROR:COVRA（Centrale Organisatie voor Radio-actief Afval）,COVRA,Netherlands
***ERROR:WFRS,WFRS,United States of America
***ERROR:WFRY-FM,WFRY-FM,United States of America
***ERROR:EMachines,eMachines,United States of America
***ERROR:里德·愛思唯爾,RELX Group,United Kingdom
***ERROR:SMC (企業),SMC Corporation,Japan
***ERROR:Fresh & Easy,Fresh & Easy,United States of America
***ERROR:YKK株式會社,YKK Group,Japan
***ERROR:WBZO,WBZO,United States of America
***ERROR:威廉·B·伊尔德曼斯出版公司,William B. Eerdmans Publishing Company,United States of America
***ERROR:KDDI,KDDI,Japan
***ERROR:CERATIZIT集團,Ceratizit,Luxembourg
***ERROR:DirecTV,DirecTV,United States of America
***ERROR:NexGen,NexGen,United States of America
***ERROR:Quacquarelli Symonds,Quacquarelli Symonds,United Kingdom
***ERROR:Danfoss公司,Danfoss,Denmark
***ERROR:Nuance Communications,Nuance Communications,United States of America
***ERROR:Pandora电台,Pandora Radio,United States of America
***ERROR:Visual Art's,VisualArt's,Japan
***ERROR:CIT集团,CIT Group,United States of America
***ERROR:Qt发展框架,Qt Development Frameworks,Norway
***ERROR:WKJY,WKJY,United States of America
***ERROR:WDFH,WQXW,United States of America
***ERROR:Rambus,Rambus,United States of America
***ERROR:WQBU-FM,WQBU-FM,United States of America
***ERROR:RealNetworks,RealNetworks,United States of America
***ERROR:Grezzo,Grezzo,Japan
***ERROR:BH集團,Beistegui Hermanos,Spain
***ERROR:GE医疗,GE Healthcare,United Kingdom
***ERROR:Vivo,Vivo,Brazil
***ERROR:CIRCUS,Circus,Japan
***ERROR:GE医疗,GE Healthcare,United States of America
***ERROR:WDDM,WPDI,United States of America
***ERROR:WRVJ,WRVJ,United States of America
***ERROR:FCB,FCB,United States of America
***ERROR:Deutsche Waggonbau AG、DWA,Q1204480,Germany
***ERROR:Kel-Tec公司,Kel-Tec,United States of America
***ERROR:格伦·L·马丁公司,Glenn L. Martin Company,United States of America
***ERROR:Aldus,Aldus,United States of America
***ERROR:Orange (電信),Orange,Belgium
***ERROR:Orange (電信),Orange,France
***ERROR:Orange (電信),Orange,United Kingdom
***ERROR:Orange (電信),Orange,Ivory Coast
***ERROR:Orange (電信),Orange,Armenia
***ERROR:Orange (電信),Orange,Madagascar
***ERROR:Orange (電信),Orange,Egypt
***ERROR:Orange (電信),Orange,Spain
***ERROR:Orange (電信),Orange,Poland
***ERROR:Orange (電信),Orange,Moldova
***ERROR:Orange (電信),Orange,Mali
***ERROR:Orange (電信),Orange,Romania
***ERROR:Orange (電信),Orange,Morocco
***ERROR:Orange (電信),Orange,Senegal
***ERROR:OQO,OQO,United States of America
***ERROR:Haglöfs,Haglöfs,Sweden
***ERROR:Camper and Nicholsons,Camper and Nicholsons,United Kingdom
***ERROR:White Wolf,White Wolf Publishing,United States of America
***ERROR:WWK保险集团,WWK,Germany
***ERROR:Hy-Vee超市,Hy-Vee,United States of America
***ERROR:Erima,Erima,Germany
***ERROR:Handspring,Handspring,United States of America
***ERROR:WPP集团,WPP plc,United Kingdom
***ERROR:Vivante Corporation,Vivante Corporation,United States of America
***ERROR:Scribd,Scribd,United States of America
***ERROR:CETME自動步槍,CETME rifle,Spain
***ERROR:PocketBook International,PocketBook International,Germany
***ERROR:WNER,WNER,United States of America
***ERROR:Yota,Yota,Russia
***ERROR:Getty Images,Getty Images,United States of America
***ERROR:PlentyOfFish,PlentyofFish,Canada
***ERROR:阿克倫-坎頓機場,Akron-Canton Airport,United States of America
***ERROR:蓮娜·麗姿,Nina Ricci,France
***ERROR:NTN株式會社,NTN Corporation,Japan
***ERROR:Synaptics,Synaptics,United States of America
***ERROR:费利浦·麦克莫兰铜金公司,Freeport-McMoRan,United States of America
***ERROR:亨德里·佩奇,Handley Page,United Kingdom
***ERROR:JFE控股,JFE Holdings,Japan
***ERROR:Wipro,Wipro,India
***ERROR:PGi,PGi,United States of America
***ERROR:Miyota,Citizen Holdings,Japan
***ERROR:G4S,G4S,United Kingdom
***ERROR:速立達(STRiDA),Strida,United Kingdom
***ERROR:TOT公共有限公司,TOT,Thailand
***ERROR:MIPS科技公司,MIPS Technologies,United States of America
***ERROR:WTNY,WTNY,United States of America
***ERROR:Luxoflux,Luxoflux,United States of America
***ERROR:阿萊尼亞·馬基航空,Alenia Aermacchi,Italy
***ERROR:海因茨·冯海登,Q1349313,Germany
***ERROR:赫耳墨斯990,Elbit Systems,Israel
***ERROR:AUTOPOLIS,Autopolis,Japan
***ERROR:艾利斯-查默斯,Allis-Chalmers,United States of America
***ERROR:SRAM（速联）,SRAM Corporation,United States of America
***ERROR:KQFE,KQFE,United States of America
***ERROR:KZGZ,KZGZ,United States of America
***ERROR:WEFX,WEFX,United States of America
***ERROR:Lookout行動安全公司,Lookout Mobile Security,United States of America
***ERROR:HotBird-8 (衛星),Hot Bird,France
***ERROR:RIU廣場飯店,RIU Hotels,Spain
***ERROR:儒格-斯特姆,"Sturm, Ruger & Co."
***ERROR:Oshkosh企業,Oshkosh Corporation,United States of America
***ERROR:Interros,Interros,Russia
***ERROR:JVC建伍,JVC Kenwood,Japan
***ERROR:威廉·莫里斯奋进,William Morris Endeavor,United States of America
***ERROR:北極狐 (品牌),Fjällräven,Sweden
***ERROR:Gathering of Developers,Gathering of Developers,United States of America
***ERROR:WIGX,WWSK,United States of America
***ERROR:LeCroy,LeCroy Corporation,United States of America
***ERROR:WLIM,WLIM,United States of America
***ERROR:芬克 (公司),Q1417377,Germany
***ERROR:TOTO,Toto Ltd.,Japan
***ERROR:NHK廣播第2頻率,NHK Radio 2,Japan
***ERROR:Mfi股份公司,Unibail-Rodamco Germany GmbH,Germany
***ERROR:Omnicom集团,Omnicom Group,United States of America
***ERROR:The MathWorks,MathWorks,United States of America
***ERROR:IHS公司,IHS Markit,United States of America
***ERROR:WHPC,WHPC,United States of America
***ERROR:Oi (電信),Oi,Brazil
***ERROR:Integrated Device Technology,Integrated Device Technology,United States of America
***ERROR:普拉特·惠特尼加拿大公司,Pratt & Whitney Canada,Canada
***ERROR:Valeant製藥國際公司,Valeant Pharmaceuticals,Canada
***ERROR:NAVTEQ公司,Navteq,United States of America
***ERROR:Mtel (保加利亞),Mobiltel,Bulgaria
***ERROR:VTB,VTB,Russia
***ERROR:Crossfit,CrossFit,Portugal
***ERROR:Foxtel電視,Foxtel,Australia
***ERROR:Kudos,Kudos,United Kingdom
***ERROR:Beautiful Game Studios,Beautiful Game Studios,United Kingdom
***ERROR:Toradex,Toradex,Switzerland
***ERROR:RSA資訊安全公司,RSA,United States of America
***ERROR:Heroku,Heroku,United States of America
***ERROR:TEA FM,TEA FM,Malaysia
***ERROR:ICICI銀行,ICICI Bank,India
***ERROR:Ovation結他公司,Ovation Guitar Company,United States of America
***ERROR:Coremedia,CoreMedia CMS,Germany
***ERROR:SugarCRM,SugarCRM,United States of America
***ERROR:STI 5.0戰術型手槍,STI International,United States of America
***ERROR:皮克＆克洛彭堡服裝,Peek & Cloppenburg,Germany
***ERROR:20世紀福斯家庭娛樂公司,20th Century Fox Home Entertainment,United States of America
***ERROR:View Askew製片公司,View Askew Productions,United States of America
***ERROR:Röstfein,Röstfein,Germany
***ERROR:京セラミタ,Kyocera Document Solutions,Spain
***ERROR:Telkom,Telkom,South Africa
***ERROR:Azercell,Azercell,Azerbaijan
***ERROR:BitTorrent,BitTorrent,United States of America
***ERROR:Berkhof,VDL Berkhof,Netherlands
***ERROR:PHW集团,PHW-Gruppe,Germany
***ERROR:Aksys,Aksys Games,United States of America
***ERROR:ACS集團,Grupo ACS,Spain
***ERROR:InnoCentive,InnoCentive,United States of America
***ERROR:CVS藥局,CVS Pharmacy,United States of America
***ERROR:37signals,37signals,United States of America
***ERROR:Justin.tv,Justin.tv,United States of America
***ERROR:IHI,IHI Corporation,Japan
***ERROR:ENIC集團,ENIC Group,United Kingdom
***ERROR:ABC娛樂公司,ABC Entertainment,United States of America
***ERROR:都城-維克斯,Metropolitan-Vickers,United Kingdom
***ERROR:AECOM,AECOM,Germany
***ERROR:艾維士·巴吉集團,Avis Budget Group,United States of America
***ERROR:首尔地铁9号线运营株式会社,Seoul Line9 Operation,South Korea
***ERROR:Cellcom,Cellcom,Israel
***ERROR:Cloudera,Cloudera,United States of America
***ERROR:Cat Daddy Games,Cat Daddy Games,United States of America
***ERROR:ASM太平洋,ASM International,Netherlands
***ERROR:EDF能源公司,EDF Energy,United Kingdom
***ERROR:贝德福德/圣马丁出版社,Bedford-St. Martin's,United States of America
***ERROR:生命科技 (熱爾科技),Life Technologies,United States of America
***ERROR:Chick-fil-A,Chick-fil-A,United States of America
***ERROR:北極星工業(Polaris Industries),Polaris Industries,United States of America
***ERROR:魏森堡-贡岑豪森县,Weißenburg-Gunzenhausen,Germany
***ERROR:TUIfly,TUIfly,Germany
***ERROR:A&W,A&W,Canada
***ERROR:史提芬·高斯,Signal Iduna,Germany
***ERROR:西格&紹爾,SIG Sauer,Germany
***ERROR:Apogee Software,Apogee Software,United States of America
***ERROR:MHS航空,MHS Aviation,Germany
***ERROR:Arista Networks,Arista Networks,United States of America
***ERROR:西格&紹爾,SIG Sauer,United States of America
***ERROR:Megabox電影中心,Megabox,South Korea
***ERROR:E Ink公司,E Ink Corporation,United States of America
***ERROR:Shaba Games,Shaba Games,United States of America
***ERROR:艾施河畔诺伊施塔特-巴特文茨海姆县,Neustadt (Aisch)-Bad Windsheim,Germany
***ERROR:大毒蛇（Bushmaster）,Bushmaster Firearms International,United States of America
***ERROR:J.D. Edwards,JD Edwards,United States of America
***ERROR:5pb.,5pb.,Japan
***ERROR:EURotem,EUROTEM,Turkey
***ERROR:查爾斯·斯塔克·德雷珀實驗室,Charles Stark Draper Laboratory,United States of America
***ERROR:Vodacom,Vodacom,South Africa
***ERROR:Gumstix單板電腦,Gumstix,United States of America
***ERROR:Rockstar Lincoln,Rockstar Lincoln,United Kingdom
***ERROR:围棋·将棋频道,Igo & Shogi Channel,Japan
***ERROR:上施普利瓦尔德-劳西茨县,Oberspreewald-Lausitz,Germany
***ERROR:波茨坦-米特尔马克县,Potsdam-Mittelmark,Germany
***ERROR:石勒苏益格-弗伦斯堡县,Schleswig-Flensburg,Germany
***ERROR:埃尔朗根-赫希施塔特县,Erlangen-Höchstadt,Germany
***ERROR:荣-格拉伯菲尔德县,Rhön-Grabfeld,Germany
***ERROR:格罗斯-格劳县,Groß-Gerau,Germany
***ERROR:CBS電視製作公司,CBS Television Studios,United States of America
***ERROR:梅基施-奥得兰县,Märkisch-Oderland,Germany
***ERROR:萨尔茨韦德尔-阿尔特马克县,Altmarkkreis Salzwedel,Germany
***ERROR:达梅-施普利瓦尔德县,Dahme-Spreewald,Germany
***ERROR:弗赖永-格拉费瑙县,Freyung-Grafenau,Germany
***ERROR:IQT電信,In-Q-Tel,United States of America
***ERROR:安哈特-比特费尔德县,Anhalt-Bitterfeld,Germany
***ERROR:曼斯费尔德-南哈尔茨县,Mansfeld-Südharz,Germany
***ERROR:特尔托-弗莱明县,Teltow-Fläming,Germany
***ERROR:143唱片,143 Records,United States of America
***ERROR:施特劳宾-博根县,Straubing-Bogen,Germany
***ERROR:美因-斯佩萨特县,Main-Spessart,Germany
***ERROR:罗塔尔-因县,Rottal-Inn,Germany
***ERROR:拉特帕克-沙丘娛樂,RatPac-Dune Entertainment,United States of America
***ERROR:Cushman 公司,Cushman,United States of America
***ERROR:东普利希尼茨-鲁平县,Ostprignitz-Ruppin,Germany
***ERROR:伦茨堡-埃肯弗德县,Rendsburg-Eckernförde,Germany
***ERROR:奥得-施普利县,Oder-Spree,Germany
***ERROR:易北-埃尔斯特县,Elbe-Elster,Germany
***ERROR:歡樂時光 (製造商),Funtime,Denmark
***ERROR:MacPlay,MacPlay,United States of America
***ERROR:丁戈尔芬-兰道县,Dingolfing-Landau,Germany
***ERROR:施瓦尔茨瓦尔德-巴尔县,Schwarzwald-Baar,Germany
***ERROR:施普利-奈瑟县,Spree-Neiße,Germany
***ERROR:聖狄奧多‧格倫姆姆,Vorpommern-Rügen District,Germany
***ERROR:Verily,Verily Life Sciences,United States of America
***ERROR:Jamba Juice,Jamba Juice,United States of America
***ERROR:加尔米施-帕滕基兴县,Garmisch-Partenkirchen,Germany
***ERROR:山地-多瑙县,Alb-Donau,Germany
***ERROR:恩内珀-鲁尔县,Ennepe-Ruhr-Kreis,Germany
***ERROR:索尔陶-法林博斯特尔县,Heidekreis,Germany
***ERROR:莱茵-锡格县,Rhein-Sieg District,Germany
***ERROR:COVA,Caffè Cova,Italy
***ERROR:礦山縣 (德國),Erzgebirgskreis,Germany
***ERROR:美因-金齐希县,Main-Kinzig-Kreis,Germany
***ERROR:勒鲍-齐陶县,Löbau-Zittau,Germany
***ERROR:卡爾·古斯塔夫城市步槍兵工廠,Bofors Carl Gustaf,Sweden
***ERROR:莱茵-内卡尔县,Rhein-Neckar,Germany
***ERROR:吕肖-丹嫩贝格县,Lüchow-Dannenberg,Germany
***ERROR:美因-陶伯县,Main-Tauber,Germany
***ERROR:莱茵-普法尔茨县,Rhein-Pfalz-Kreis,Germany
***ERROR:达姆施塔特-迪堡县,Darmstadt-Dieburg,Germany
***ERROR:托尔高-奥沙茨县,Torgau-Oschatz,Germany
***ERROR:里萨-格罗森海因县,Riesa-Großenhain,Germany
***ERROR:内卡尔-奥登瓦尔德县,Neckar-Odenwald,Germany
***ERROR:翁斯特鲁特-海尼希县,Unstrut-Hainich-Kreis,Germany
***ERROR:莱茵-贝吉施县,Rhein-Berg District,Germany
***ERROR:巴特特尔茨-沃尔夫拉茨豪森县,Bad Tölz-Wolfratshausen,Germany
***ERROR:诺伊堡-施鲁本豪森县,Neuburg-Schrobenhausen,Germany
***ERROR:魏尔海姆-雄高县,Weilheim-Schongau,Germany
***ERROR:哈默尔恩-皮尔蒙特县,Hamelin-Pyrmont,Germany
***ERROR:明登-吕贝克县,Minden-Lübbecke District,Germany
***ERROR:莱茵-埃尔夫特县,Rhein-Erft District,Germany
***ERROR:Advantest,Advantest,Japan
***ERROR:約翰·英格利斯有限公司,John Inglis and Company,Canada
***ERROR:CCI彈藥,CCI,United States of America
***ERROR:瓦尔德克-弗兰肯贝格县,Waldeck-Frankenberg,Germany
***ERROR:安哈爾特-策爾普斯特,Anhalt-Zerbst,Germany
***ERROR:哈利法克斯 (英國銀行),Halifax,United Kingdom
***ERROR:奥特维耶－隆内斯,Hauteville-Lompnes,France
***ERROR:伯恩卡斯特尔-维特利希县,Bernkastel-Wittlich,Germany
***ERROR:阿尔蔡-沃尔姆斯县,Alzey-Worms,Germany
***ERROR:奥厄-施瓦岑贝格县,Aue-Schwarzenberg,Germany
***ERROR:特里尔-萨尔堡县,Trier-Saarburg,Germany
***ERROR:莱茵-洪斯吕克县,Rhein-Hunsrück-Kreis,Germany
***ERROR:萨勒-奥尔拉县,Saale-Orla-Kreis,Germany
***ERROR:萨尔费尔德-鲁多尔施塔特县,Saalfeld-Rudolstadt,Germany
***ERROR:韦拉-迈斯讷县,Werra-Meißner-Kreis,Germany
***ERROR:梅尔齐希-瓦登县,Merzig-Wadern,Germany
***ERROR:CGG,CGGVeritas,France
***ERROR:多瑙-里斯县,Donau-Ries,Germany
***ERROR:莱茵-拉恩县,Rhein-Lahn-Kreis,Germany
***ERROR:莱茵高-陶努斯县,Rheingau-Taunus-Kreis,Germany
***ERROR:萨勒-霍尔茨兰县,Saale-Holzland-Kreis,Germany
***ERROR:赫斯费尔德-罗滕堡县,Hersfeld-Rotenburg,Germany
***ERROR:迈恩-科布伦茨县,Mayen-Koblenz,Germany
***ERROR:梅克伦堡-施特雷利茨县,Mecklenburg-Strelitz,Germany
***ERROR:施马卡尔登-迈宁根县,Schmalkalden-Meiningen,Germany
***ERROR:林堡-魏尔堡县,Limburg-Weilburg,Germany
***ERROR:美因-陶努斯县,Main-Taunus-Kreis,Germany
***ERROR:美因茨-宾根县,Mainz-Bingen,Germany
***ERROR:马尔堡-比登科普夫县,Marburg-Biedenkopf,Germany
***ERROR:科赫姆-采尔县,Cochem-Zell,Germany
***ERROR:Edel公司,Edel Records,Germany
***ERROR:于克-兰多县,Uecker-Randow,Germany
***ERROR:Mobilink,Mobilink,Pakistan
***ERROR:莫特·麥當勞,Mott MacDonald,United Kingdom
***ERROR:锡根-维特根施泰因县,Siegen-Wittgenstein,Germany
***ERROR:CBC新聞,CBC News,Canada
***ERROR:阿尔卑-都埃,Alpe d'Huez,France
***ERROR:安贝格-苏尔茨巴赫县,Amberg-Sulzbach,Germany
***ERROR:拉恩-迪尔县,Lahn-Dill-Kreis,Germany
***ERROR:施瓦尔姆-埃德尔县,Schwalm-Eder-Kreis,Germany
***ERROR:比特堡-普吕姆埃菲尔县,Eifelkreis Bitburg-Prüm,Germany
***ERROR:艾夏赫-费里德贝格县,Aichach-Friedberg,Germany
***ERROR:雷姆斯-穆尔县,Rems-Murr,Germany
***ERROR:阿尔维厄 (上阿尔卑斯省),Arvieux,France
***ERROR:Event影院,Event Cinemas,Australia
***ERROR:吉拉·薩哥雷多,Höxter District,Germany
***ERROR:罗森塔尔-比拉塔尔,Rosenthal-Bielatal,Germany
***ERROR:迪拉-策伦,Diera-Zehren,Germany
***ERROR:拉绍-马尔克尔斯巴赫,Raschau-Markersbach,Germany
***ERROR:格林海恩-拜埃尔费尔德,Grünhain-Beierfeld,Germany
***ERROR:Hybride Technologies,Hybride Technologies,Canada
***ERROR:Rona,Rona,Canada
***ERROR:亨利·霍爾特出版公司,Henry Holt and Company,United States of America
***ERROR:MacSoft,MacSoft Games,United States of America
***ERROR:RedOctane,RedOctane,United States of America
***ERROR:In-N-Out漢堡,In-N-Out Burger,United States of America
***ERROR:Luxo L1台灯,Luxo,Norway
***ERROR:亨利·普爾,Henry Poole & Co,United Kingdom
***ERROR:大行(DAHON),Dahon,United States of America
***ERROR:Bitstamp,Bitstamp,Luxembourg
***ERROR:克萊恩-蒙塔納,Crans-Montana,Switzerland
***ERROR:阿纳贝尔格-布霍尔茨,Annaberg-Buchholz,Germany
***ERROR:TOWER RECORDS,Tower Records,United States of America
***ERROR:Woolworths超級市場,Woolworths Supermarkets,Australia
***ERROR:科伦-萨利斯,Kohren-Sahlis,Germany
***ERROR:雷吉斯-布赖廷根,Regis-Breitingen,Germany
***ERROR:埃夫林根-基尔兴,Efringen-Kirchen,Germany
***ERROR:Clearview院線公司,Bow Tie Cinemas,United States of America
***ERROR:Solyndra,Solyndra,United States of America
***ERROR:Phar Lap (公司),Phar Lap,United States of America
***ERROR:IGA 超級市場,IGA,United States of America
***ERROR:比蒂格海姆-比辛根,Bietigheim-Bissingen,Germany
***ERROR:赖因哈尔茨多夫-舍纳,Reinhardtsdorf-Schöna,Germany
***ERROR:坎普-林特福尔特,Kamp-Lintfort,Germany
***ERROR:赫赫尔-格伦茨豪森,Höhr-Grenzhausen,Germany
***ERROR:KSS公司,KSS,Japan
***ERROR:瓦尔德菲斯希巴-布尔加尔本,Waldfischbach-Burgalben,Germany
***ERROR:Sun Media集團,Sun Media Corporation,Canada
***ERROR:内尔滕-哈登贝格,Nörten-Hardenberg,Germany
***ERROR:拉姆斯泰因-米森巴,Ramstein-Miesenbach,Germany
***ERROR:林巴-奥贝尔夫罗纳,Limbach-Oberfrohna,Germany
***ERROR:大沙克斯多夫-西默斯多夫,Groß Schacksdorf-Simmersdorf,Germany
***ERROR:格拉本-诺伊多尔夫,Graben-Neudorf,Germany
***ERROR:伊达尔-奥伯施泰因,Idar-Oberstein,Germany
***ERROR:达尔贝尔格-文德尔斯托尔夫,Dalberg-Wendelstorf,Germany
***ERROR:Stern (遊戲公司),Stern,United States of America
***ERROR:塞繆爾·戈爾德溫工作室,Samuel Goldwyn Studio,United States of America
***ERROR:施特拉斯拉-丁格哈尔廷格,Straßlach-Dingharting,Germany
***ERROR:奥埃尔-埃尔肯施维克,Oer-Erkenschwick,Germany
***ERROR:伯赫尔-伊格尔海姆,Böhl-Iggelheim,Germany
***ERROR:里斯希魏莱尔-米赫尔巴赫,Rieschweiler-Mühlbach,Germany
***ERROR:维尔考-哈斯劳,Wilkau-Haßlau,Germany
***ERROR:霍普斯特滕-魏埃尔斯巴赫,Hoppstädten-Weiersbach,Germany
***ERROR:霍亨斯泰因-埃尔恩斯塔尔,Hohenstein-Ernstthal,Germany
***ERROR:格拉博-贝洛,Grabow-Below,Germany
***ERROR:舍內克 (薩克森自由州),"Schöneck, Saxony"
***ERROR:菲林根-施文宁根,Villingen-Schwenningen,Germany
***ERROR:格赫伦-莱宾,Göhren-Lebbin,Germany
***ERROR:埃丁根-内卡劳森,Edingen-Neckarhausen,Germany
***ERROR:雷兴贝尔格-比嫩米赫莱,Rechenberg-Bienenmühle,Germany
***ERROR:ABC國際家庭頻道,ABC Family Worldwide Inc.,United States of America
***ERROR:席德尔-施瓦伦贝格,Schieder-Schwalenberg,Germany
***ERROR:卡斯特罗普-劳克塞尔,Castrop-Rauxel,Germany
***ERROR:克尼格斯海恩-维德劳,Königshain-Wiederau,Germany
***ERROR:苏尔茨巴赫-劳芬,Sulzbach-Laufen,Germany
***ERROR:茨夏伊茨-奥特维希,Zschaitz-Ottewig,Germany
***ERROR:布兰德-埃尔比斯多夫,Brand-Erbisdorf,Germany
***ERROR:埃尔歇斯海姆-伊林根,Elchesheim-Illingen,Germany
***ERROR:巴德里波尔曹-沙普巴赫,Bad Rippoldsau-Schapbach,Germany
***ERROR:弗卢奥尔恩-温策尔恩,Fluorn-Winzeln,Germany
***ERROR:厄尔布龙-迪尔恩,Ölbronn-Dürrn,Germany
***ERROR:克尼格斯巴-斯泰因,Königsbach-Stein,Germany
***ERROR:黑尔德万根-舍纳,Herdwangen-Schönach,Germany
***ERROR:特门-林根瓦尔德,Temmen-Ringenwalde,Germany
***ERROR:甘迺迪/馬歇爾製片公司,The Kennedy/Marshall Company,United States of America
***ERROR:telcel,Telcel,Mexico
***ERROR:蒂蒂湖-新城,Titisee-Neustadt,Germany
***ERROR:巴登-巴登,Baden-Baden,Germany
***ERROR:诺伊-艾兴贝尔格,Neu-Eichenberg,Germany
***ERROR:圣莱翁-罗特,Sankt Leon-Rot,Germany
***ERROR:策拉-梅利斯,Zella-Mehlis,Germany
***ERROR:莫尔斯多夫-泰希沃尔夫拉姆斯多夫,Mohlsdorf-Teichwolframsdorf,Germany
***ERROR:诺伊-伊森堡,Neu-Isenburg,Germany
***ERROR:莱因费尔登-埃希特尔丁根,Leinfelden-Echterdingen,Germany
***ERROR:贝尔恩卡斯特尔-库埃斯,Bernkastel-Kues,Germany
***ERROR:德米茨-图米茨,Demitz-Thumitz,Germany
***ERROR:巴尔-埃本豪森,Baar-Ebenhausen,Germany
***ERROR:多贝尔绍-高西希,Doberschau-Gaußig,Germany
***ERROR:Roxy,Roxy,United States of America
***ERROR:Wikispaces,Wikispaces,Canada
***ERROR:拉尔比茨-罗森塔尔,Ralbitz-Rosenthal,Germany
***ERROR:潘施维茨-库考,Panschwitz-Kuckau,Germany
***ERROR:巴爾特 (德國),Barth,Germany
***ERROR:奥滕多夫-奥克里拉,Ottendorf-Okrilla,Germany
***ERROR:施默尔恩-普茨考,Schmölln-Putzkau,Germany
***ERROR:默尔费尔登-瓦尔多尔夫,Mörfelden-Walldorf,Germany
***ERROR:策尔廷根-拉蒂希,Zeltingen-Rachtig,Germany
***ERROR:诺伊马尔克特-圣法伊特,Neumarkt-Sankt Veit,Germany
***ERROR:埃贝尔斯巴-诺伊格尔斯多夫,Ebersbach-Neugersdorf,Germany
***ERROR:迪克胡森-法尔斯特,Diekhusen-Fahrstedt,Germany
***ERROR:策尔尼茨-洛姆,Zernitz-Lohm,Germany
***ERROR:诺伊基尔兴-夫卢因,Neukirchen-Vluyn,Germany
***ERROR:贝德布尔格-豪,Bedburg-Hau,Germany
***ERROR:诺伊萨尔察-斯普伦贝尔格,Neusalza-Spremberg,Germany
***ERROR:Vizio,Vizio,United States of America
***ERROR:劳芬 (德国),"Laufen, Germany"
***ERROR:奥马-魏达塔尔,Auma-Weidatal,Germany
***ERROR:霍尔恩-巴德迈因贝尔格,Horn-Bad Meinberg,Germany
***ERROR:罗塔-埃格尔恩,Rottach-Egern,Germany
***ERROR:纳罗特-维布林格韦尔德,Nachrodt-Wiblingwerde,Germany
***ERROR:沃库尔-达贝洛,Wokuhl-Dabelow,Germany
***ERROR:迪尔勒赫尔斯多夫-迪特尔斯巴赫,Dürrröhrsdorf-Dittersbach,Germany
***ERROR:巴德戈特洛伊巴-贝尔吉斯许贝尔,Bad Gottleuba-Berggießhübel,Germany
***ERROR:哈尔特曼斯多夫-赖歇瑙,Hartmannsdorf-Reichenau,Germany
***ERROR:阿赫 (莱茵兰-普法尔茨州),"Aach, Rhineland-Palatinate"
***ERROR:布罗尔-吕钦格,Brohl-Lützing,Germany
***ERROR:韦宁格斯特-布拉德鲁普,Wenningstedt-Braderup,Germany
***ERROR:奥贝恩海姆-基尔歇纳恩巴赫,Obernheim-Kirchenarnbach,Germany
***ERROR:圣佩特尔-奥尔丁格,Sankt Peter-Ording,Germany
***ERROR:埃利萨贝特-索芬-科格,Elisabeth-Sophien-Koog,Germany
***ERROR:BSI集團,BSI Group,United Kingdom
***ERROR:登肯多夫 (巴伐利亞),"Denkendorf, Bavaria"
***ERROR:雷达-维登布吕克,Rheda-Wiedenbrück,Germany
***ERROR:格罗斯奥芬塞特-阿斯佩尔恩,Groß Offenseth-Aspern,Germany
***ERROR:马莱尔斯多尔夫-普法芬贝尔格,Mallersdorf-Pfaffenberg,Germany
***ERROR:比特尔费尔德-沃尔芬,Bitterfeld-Wolfen,Germany
***ERROR:科尔恩塔尔-明欣根,Korntal-Münchingen,Germany
***ERROR:環宇太空XCOR Aerospace,XCOR Aerospace,United States of America
***ERROR:Ore-Ida,Ore-Ida,United States of America
***ERROR:兰根洛伊巴-尼德赖因,Langenleuba-Niederhain,Germany
***ERROR:劳达-克尼格斯霍芬,Lauda-Königshofen,Germany
***ERROR:苏尔茨巴赫-罗森贝格附近新基兴,Neukirchen bei Sulzbach-Rosenberg,Germany
***ERROR:里苏姆-林德霍尔姆,Risum-Lindholm,Germany
***ERROR:博德曼-卢德维格斯哈芬,Bodman-Ludwigshafen,Germany
***ERROR:阿莱费尔德-比斯滕塞,Ahlefeld-Bistensee,Germany
***ERROR:霍莱尔恩-特维伦夫莱特,Hollern-Twielenfleth,Germany
***ERROR:乌尔丁根-米赫尔霍芬,Uhldingen-Mühlhofen,Germany
***ERROR:魏斯巴赫 (巴登-符腾堡州),Weißbach,Germany
***ERROR:格伦察-维伦,Grenzach-Wyhlen,Germany
***ERROR:阿伦斯哈根-达斯科,Ahrenshagen-Daskow,Germany
***ERROR:布鲁豪森-菲尔森,Bruchhausen-Vilsen,Germany
***ERROR:奥伊-米特尔贝尔格,Oy-Mittelberg,Germany
***ERROR:里拉辛根-沃尔布林根,Rielasingen-Worblingen,Germany
***ERROR:米赫尔豪森-埃欣根,Mühlhausen-Ehingen,Germany
***ERROR:措伊伦罗达-特里贝斯,Zeulenroda-Triebes,Germany
***ERROR:乌普甘特-绍特,Upgant-Schott,Germany
***ERROR:尼费尔恩-厄舍尔布龙,Niefern-Öschelbronn,Germany
***ERROR:巴德佩特尔斯塔尔-格里斯巴赫,Bad Peterstal-Griesbach,Germany
***ERROR:奥尔辛根-嫩钦根,Orsingen-Nenzingen,Germany
***ERROR:马尔斯布尔格-马尔策尔,Malsburg-Marzell,Germany
***ERROR:黑格-埃尔斯贝尔格,Häg-Ehrsberg,Germany
***ERROR:古滕策尔-许尔贝尔,Gutenzell-Hürbel,Germany
***ERROR:卡佩尔-格拉芬豪森,Kappel-Grafenhausen,Germany
***ERROR:阿尔特曹黑-武斯韦尔克,Alt Zauche-Wußwerk,Germany
***ERROR:舍瑙-贝尔茨多夫,Schönau-Berzdorf,Germany
***ERROR:博布里茨希-希尔贝尔斯多夫,Bobritzsch-Hilbersdorf,Germany
***ERROR:卡特伦布尔格-林道,Katlenburg-Lindau,Germany
***ERROR:席尔吉斯瓦尔德-基尔绍,Schirgiswalde-Kirschau,Germany
***ERROR:德尔夫莱斯-埃斯巴赫,Dörfles-Esbach,Germany
***ERROR:巴德泰纳-察费尔斯泰因,Bad Teinach-Zavelstein,Germany
***ERROR:卢黑-维尔德瑙,Luhe-Wildenau,Germany
***ERROR:洛黑-弗赫尔登,Lohe-Föhrden,Germany
***ERROR:塔本-罗特,Taben-Rodt,Germany
***ERROR:弗利特-斯特格利茨,Flieth-Stegelitz,Germany
***ERROR:黑尔姆斯塔特-巴尔根,Helmstadt-Bargen,Germany
***ERROR:加爾米施-帕滕基興,Garmisch-Partenkirchen,Germany
***ERROR:羅森菲爾德 (德國),Rosenfeld,Germany
***ERROR:塞翁-塞布鲁克,Seeon-Seebruck,Germany
***ERROR:克雷巴-诺伊多夫,Kreba-Neudorf,Germany
***ERROR:贝尔茨多夫-赫尔尼茨,Bertsdorf-Hörnitz,Germany
***ERROR:察纳-埃尔斯特尔,Zahna-Elster,Germany
***ERROR:马克斯许特-海德霍夫,Maxhütte-Haidhof,Germany
***ERROR:莱内费尔德-沃尔比斯,Leinefelde-Worbis,Germany
***ERROR:施陶达-埃格尔恩达,Staudach-Egerndach,Germany
***ERROR:索嫩贝尔格-维嫩贝尔格,Sonnenberg-Winnenberg,Germany
***ERROR:克倫 (巴伐利亞),Krün,Germany
***ERROR:诺因基尔兴-塞尔沙伊德,Neunkirchen-Seelscheid,Germany
***ERROR:圣奥斯瓦尔德-里德尔许特,Sankt Oswald-Riedlhütte,Germany
***ERROR:萨尔布尔格-埃贝尔斯多夫,Saalburg-Ebersdorf,Germany
***ERROR:巴德科尔贝尔格-黑尔德堡,Bad Colberg-Heldburg,Germany
***ERROR:内塞-阿普费尔斯特,Nesse-Apfelstädt,Germany
***ERROR:Lab126,Amazon Lab126,United States of America
***ERROR:MontaVista,MontaVista,United States of America
***ERROR:耶廷根-舍帕,Jettingen-Scheppach,Germany
***ERROR:乌布斯塔特-魏黑尔,Ubstadt-Weiher,Germany
***ERROR:埃贝尔斯巴赫-穆斯巴赫,Ebersbach-Musbach,Germany
***ERROR:巴尔雷希滕-多廷根,Ballrechten-Dottingen,Germany
***ERROR:克莱因奥芬塞特-斯帕里斯霍普,Klein Offenseth-Sparrieshoop,Germany
***ERROR:凯塞尔-维尔黑尔姆-科格,Kaiser-Wilhelm-Koog,Germany
***ERROR:于赫林根-比尔肯多尔夫,Ühlingen-Birkendorf,Germany
***ERROR:卡斯巴-奥伦贝尔格,Kasbach-Ohlenberg,Germany
***ERROR:埃根斯泰因-莱奥波尔茨哈芬,Eggenstein-Leopoldshafen,Germany
***ERROR:Andrew Christian,Andrew Christian,United States of America
***ERROR:多贝尔卢格-基尔夏因,Doberlug-Kirchhain,Germany
***ERROR:阿德曼斯哈根-巴尔格斯哈根,Admannshagen-Bargeshagen,Germany
***ERROR:恩肯巴-阿尔森博尔恩,Enkenbach-Alsenborn,Germany
***ERROR:多宾-林斯托,Dobbin-Linstow,Germany
***ERROR:黑克尔贝尔格-布鲁诺,Heckelberg-Brunow,Germany
***ERROR:哈尔特-珀尔尼茨,Harth-Pöllnitz,Germany
***ERROR:黑尔策布罗克-克拉罗尔茨,Herzebrock-Clarholz,Germany
***ERROR:于巴-帕伦贝尔格,Übach-Palenberg,Germany
***ERROR:巴德诺伊埃纳尔-阿尔魏莱尔,Bad Neuenahr-Ahrweiler,Germany
***ERROR:恩格-桑德,Enge-Sande,Germany
***ERROR:格罗斯-比贝劳,Groß-Bieberau,Germany
***ERROR:克萊納·柏金斯·考菲爾德及拜爾斯,Kleiner Perkins Caufield & Byers,United States of America
***ERROR:埃明根-利普廷根,Emmingen-Liptingen,Germany
***ERROR:坦巴赫-迪塔尔茨,Tambach-Dietharz,Germany
***ERROR:希尔格尔茨豪森-坦德尔恩,Hilgertshausen-Tandern,Germany
***ERROR:巴德索登-萨尔明斯特尔,Bad Soden-Salmünster,Germany
***ERROR:施洛斯霍尔特-斯图肯布罗克,Schloß Holte-Stukenbrock,Germany
***ERROR:诺伊恩多尔夫-萨森班德,Neuendorf-Sachsenbande,Germany
***ERROR:米森-维尔哈姆斯,Missen-Wilhams,Germany
***ERROR:诺伊基尔兴-巴尔比尼,Neukirchen-Balbini,Germany
***ERROR:GTH影業,GMM Tai Hub,Thailand
***ERROR:Green Hills軟體,Green Hills Software,United States of America
***ERROR:利佩尔斯多夫-埃尔德曼斯多夫,Lippersdorf-Erdmannsdorf,Germany
***ERROR:卡伦博尔恩-绍伊埃尔恩,Kalenborn-Scheuern,Germany
***ERROR:埃尔贝-帕赖,Elbe-Parey,Germany
***ERROR:埃迪格尔-埃莱尔,Ediger-Eller,Germany
***ERROR:金特尔斯莱本-韦希马尔,Günthersleben-Wechmar,Germany
***ERROR:Dübs廠,Dübs and Company,United Kingdom
***ERROR:赫亨基尔兴-西格尔茨布伦,Höhenkirchen-Siegertsbrunn,Germany
***ERROR:诺伊-班贝尔格,Neu-Bamberg,Germany
***ERROR:沃尔夫拉姆斯-埃申巴,Wolframs-Eschenbach,Germany
***ERROR:福斯特 (巴登),Forst,Germany
***ERROR:德赖斯-布吕克,Dreis-Brück,Germany
***ERROR:登魏莱尔-弗罗恩巴赫,Dennweiler-Frohnbach,Germany
***ERROR:黑伦-苏尔茨巴赫,Herren-Sulzbach,Germany
***ERROR:费尔德基尔兴-韦斯特拉姆,Feldkirchen-Westerham,Germany
***ERROR:布鲁魏莱尔-贝伦巴赫,Bruchweiler-Bärenbach,Germany
***ERROR:马森-尼德尔劳西茨,Massen-Niederlausitz,Germany
***ERROR:埃尔贝斯-比德斯海姆,Erbes-Büdesheim,Germany
***ERROR:巴尔格费尔德-斯特根,Bargfeld-Stegen,Germany
***ERROR:雷姆达-泰歇尔,Remda-Teichel,Germany
***ERROR:法尔高-普拉特尧,Fargau-Pratjau,Germany
***ERROR:萨尔多尔夫-苏赖姆,Saaldorf-Surheim,Germany
***ERROR:曼魏莱尔-策尔恩,Mannweiler-Cölln,Germany
***ERROR:克赖因巴赫-考尔巴赫,Kreimbach-Kaulbach,Germany
***ERROR:黑尔斯希魏莱尔-佩特尔斯海姆,Herschweiler-Pettersheim,Germany
***ERROR:卡斯特尔-斯塔特,Kastel-Staadt,Germany
***ERROR:霍多尔夫-阿森海姆,Hochdorf-Assenheim,Germany
***ERROR:欣策尔特-珀莱尔特,Hinzert-Pölert,Germany
***ERROR:瓦尔德霍夫-法尔肯斯泰因,Waldhof-Falkenstein,Germany
***ERROR:内姆斯多夫-格赫伦多夫,Nemsdorf-Göhrendorf,Germany
***ERROR:卢诺夫-斯托尔岑哈根,Lunow-Stolzenhagen,Germany
***ERROR:塞特-埃克霍尔特,Seeth-Ekholt,Germany
***ERROR:施特莱-维滕武尔特,Stelle-Wittenwurth,Germany
***ERROR:多姆-拉梅尔斯多尔夫,Dohm-Lammersdorf,Germany
***ERROR:克尔恩-赖西克,Kölln-Reisiek,Germany
***ERROR:希尔茨-毛尔斯巴赫,Hirz-Maulsbach,Germany
***ERROR:韦尔恩贝尔格-克布利茨,Wernberg-Köblitz,Germany
***ERROR:迪特尔斯海姆-黑斯洛,Dittelsheim-Heßloch,Germany
***ERROR:阿斯巴赫-博伊门海姆,Asbach-Bäumenheim,Germany
***ERROR:博本海姆-罗克斯海姆,Bobenheim-Roxheim,Germany
***ERROR:拉-贝森贝克,Raa-Besenbek,Germany
***ERROR:Albertson's連鎖超級市場,Albertsons,United States of America
***ERROR:比尔肯-霍尼格塞森,Birken-Honigsessen,Germany
***ERROR:卡佩伦-德鲁斯魏莱尔,Kapellen-Drusweiler,Germany
***ERROR:科特魏莱尔-斯希万登,Kottweiler-Schwanden,Germany
***ERROR:弗赫尔登-巴尔,Föhrden-Barl,Germany
***ERROR:伯斯莱本-维莱尔斯莱本,Bösleben-Wüllersleben,Germany
***ERROR:奥斯陶森-维尔费尔斯豪森,Osthausen-Wülfershausen,Germany
***ERROR:乌尔斯特-基尔夏塞尔,Uhlstädt-Kirchhasel,Germany
***ERROR:施泰因(中弗蘭肯),Stein,Germany
***ERROR:24小時健身,24 Hour Fitness,United States of America
***ERROR:亨施泰特-乌尔茨堡,Henstedt-Ulzburg,Germany
***ERROR:博登罗德-韦斯陶森,Bodenrode-Westhausen,Germany
***ERROR:滕斯比特尔-勒斯特,Tensbüttel-Röst,Germany
***ERROR:雷林根-西尔斯堡,Rehlingen-Siersburg,Germany
***ERROR:3D Systems軟體公司,3D Systems,United States of America
***ERROR:Kiloo,Kiloa,Denmark
***ERROR:弗洛-塞利根塔尔,Floh-Seligenthal,Germany
***ERROR:诺伊斯塔特-格莱韦,Neustadt-Glewe,Germany
***ERROR:霍亨-叙尔岑,Hohen-Sülzen,Germany
***ERROR:洛黑-里克尔斯霍夫,Lohe-Rickelshof,Germany
***ERROR:乌埃比高-瓦伦布吕克,Uebigau-Wahrenbrück,Germany
***ERROR:弗里德里希-维尔黑尔姆-吕布克-科格,Friedrich-Wilhelm-Lübke-Koog,Germany
***ERROR:菲雷特-特伦斯塔特,Viereth-Trunstadt,Germany
***ERROR:埃梅尔斯比尔-霍尔斯比尔,Emmelsbüll-Horsbüll,Germany
***ERROR:克劳斯尼克-格罗斯瓦塞尔堡,Krausnick-Groß Wasserburg,Germany
***ERROR:雷布尔格-洛库姆,Rehburg-Loccum,Germany
***ERROR:科贝尔恩-贡多尔夫,Kobern-Gondorf,Germany
***ERROR:特拉本-特拉尔巴赫,Traben-Trarbach,Germany
***ERROR:卡尔斯多尔夫-诺伊塔尔德,Karlsdorf-Neuthard,Germany
***ERROR:CAMI汽車公司,CAMI Automotive,Canada
***ERROR:諾伊馬爾克 (圖林根),Neumark,Germany
***ERROR:林肯海姆-霍斯特滕,Linkenheim-Hochstetten,Germany
***ERROR:弗勒尔斯海姆-达尔斯海姆,Flörsheim-Dalsheim,Germany
***ERROR:奥埃斯特里希-温克尔,Oestrich-Winkel,Germany
***ERROR:Ampad公司,Ampad,United States of America
***ERROR:高-阿尔格斯海姆,Gau-Algesheim,Germany
***ERROR:里布尼茨-达姆加尔滕,Ribnitz-Damgarten,Germany
***ERROR:布鲁米赫尔巴-米绍,Bruchmühlbach-Miesau,Germany
***ERROR:AcroWiki,Acrocat Software,United States of America
***ERROR:坎普-博尔恩霍芬,Kamp-Bornhofen,Germany
***ERROR:施蒂德尼茨-舍内尔马尔克,Stüdenitz-Schönermark,Germany
***ERROR:上马斯费尔德-格里门塔尔,Obermaßfeld-Grimmenthal,Germany
***ERROR:魏莱尔-西梅尔贝尔格,Weiler-Simmerberg,Germany
***ERROR:AT&T電話控股,Ameritech,United States of America
***ERROR:诺伊豪斯-席尔施尼茨,Neuhaus-Schierschnitz,Germany
***ERROR:维尔岑贝尔格-胡斯魏莱尔,Wilzenberg-Hußweiler,Germany
***ERROR:诺伊马根-德赫龙,Neumagen-Dhron,Germany
***ERROR:费尔-里茨豪森,Fehl-Ritzhausen,Germany
***ERROR:丹斯塔特-绍埃尔恩海姆,Dannstadt-Schauernheim,Germany
***ERROR:巴德索登-阿伦多尔夫,Bad Sooden-Allendorf,Germany
***ERROR:拜埃尔费尔德-斯特克魏莱尔,Bayerfeld-Steckweiler,Germany
***ERROR:格拉尔-米里茨,Graal-Müritz,Germany
***ERROR:高-比克尔海姆,Gau-Bickelheim,Germany
***ERROR:黑尔申-黑林格桑德-翁特尔沙尔,Hellschen-Heringsand-Unterschaar,Germany
***ERROR:瓦尔滕贝尔格-罗尔巴赫,Wartenberg-Rohrbach,Germany
***ERROR:黑伦哈恩-舍伦贝尔格,Hellenhahn-Schellenberg,Germany
***ERROR:霍亨费尔斯-埃辛根,Hohenfels-Essingen,Germany
***ERROR:莫伊塞尔巴赫-施瓦尔茨米莱,Meuselbach-Schwarzmühle,Germany
***ERROR:布罗特罗德-特鲁塞塔尔,Brotterode-Trusetal,Germany
***ERROR:奥斯特尔-奥尔斯特,Oster-Ohrstedt,Germany
***ERROR:阿彭布尔格-温特尔费尔德,Apenburg-Winterfeld,Germany
***ERROR:克勒佩尔斯哈根-法伦多尔夫,Kröppelshagen-Fahrendorf,Germany
***ERROR:芬肯巴-格尔斯魏莱尔,Finkenbach-Gersweiler,Germany
***ERROR:菲施巴赫-奥贝拉登,Fischbach-Oberraden,Germany
***ERROR:霍伊黑尔海姆-克林根,Heuchelheim-Klingen,Germany
***ERROR:门希普菲费尔-尼科劳斯里特,Mönchpfiffel-Nikolausrieth,Germany
***ERROR:弗赖-劳贝尔斯海姆,Frei-Laubersheim,Germany
***ERROR:布里斯科夫-芬肯黑尔德,Brieskow-Finkenheerd,Germany
***ERROR:吕托-法卢恩,Lüttow-Valluhn,Germany
***ERROR:拉本基尔兴-福吕克,Rabenkirchen-Faulück,Germany
***ERROR:弗伦基施-克伦巴赫,Fränkisch-Crumbach,Germany
***ERROR:金斯海姆-古斯塔夫斯堡,Ginsheim-Gustavsburg,Germany
***ERROR:贝尔克霍尔茨-迈恩堡,Berkholz-Meyenburg,Germany
***ERROR:利希特尔费尔德-沙克斯多夫,Lichterfeld-Schacksdorf,Germany
***ERROR:戈尔登-斯陶皮茨,Gorden-Staupitz,Germany
***ERROR:韦斯特尔-奥尔斯特,Wester-Ohrstedt,Germany
***ERROR:努特-乌尔斯特罗姆塔尔,Nuthe-Urstromtal,Germany
***ERROR:丁斯多夫—拉德洛,Diensdorf-Radlow,Germany
***ERROR:米林哈根-奥埃贝利茨,Millienhagen-Oebelitz,Germany
***ERROR:赛廷根-奥贝尔夫拉特,Seitingen-Oberflacht,Germany
***ERROR:卡尔姆措-瓦尔莫,Carmzow-Wallmow,Germany
***ERROR:迪菲茨-斯波尔德尔斯哈根,Divitz-Spoldershagen,Germany
***ERROR:兰肯-格拉尼茨,Lancken-Granitz,Germany
***ERROR:耶姆利茨-小迪本,Jämlitz-Klein Düben,Germany
***ERROR:埃尔斯多尔夫-韦斯特尔米赫伦,Elsdorf-Westermühlen,Germany
***ERROR:霍尔诺-瓦德尔斯多夫,Hornow-Wadelsdorf,Germany
***ERROR:格罗斯-齐梅尔恩,Groß-Zimmern,Germany
***ERROR:施泰因巴赫-哈伦贝格,Steinbach-Hallenberg,Germany
***ERROR:雷姆-夫莱德-巴尔根,Rehm-Flehde-Bargen,Germany
***ERROR:施莫格罗-费罗,Schmogrow-Fehrow,Germany
***ERROR:施托尔贝克-弗兰肯多夫,Storbeck-Frankendorf,Germany
***ERROR:阿尔斯巴-黑恩莱因,Alsbach-Hähnlein,Germany
***ERROR:特罗肯博尔恩-沃尔费尔斯多夫,Trockenborn-Wolfersdorf,Germany
***ERROR:里泰姆-魏尔海姆,Rietheim-Weilheim,Germany
***ERROR:戈森-诺伊齐陶,Gosen-Neu Zittau,Germany
***ERROR:比莱古雷-比伦,Byhleguhre-Byhlen,Germany
***ERROR:鲁特尔斯多夫-洛茨兴,Ruttersdorf-Lotschen,Germany
***ERROR:兰斯巴-博因巴,Ransbach-Baumbach,Germany
***ERROR:拉戈夫-梅尔茨,Ragow-Merz,Germany
***ERROR:梅伦巴-格拉斯巴赫,Mellenbach-Glasbach,Germany
***ERROR:弗雷德尔斯多夫-福格尔斯多夫,Fredersdorf-Vogelsdorf,Germany
***ERROR:申瓦尔德-格林,Schönwalde-Glien,Germany
***ERROR:拜埃尔斯多夫-弗罗伊登贝格,Beiersdorf-Freudenberg,Germany
***ERROR:汉根-魏斯海姆,Hangen-Weisheim,Germany
***ERROR:赖歇诺-默格林,Reichenow-Möglin,Germany
***ERROR:Appear,Appear,Sweden
***ERROR:施魏根-雷希滕巴赫,Schweigen-Rechtenbach,Germany
***ERROR:卡尔博夫-菲特吕贝,Karbow-Vietlübbe,Germany
***ERROR:高-奥德尔恩海姆,Gau-Odernheim,Germany
***ERROR:纳黑塔尔-瓦尔道,Nahetal-Waldau,Germany
***ERROR:肯茨-屈斯特罗,Kenz-Küstrow,Germany
***ERROR:施皮森-埃尔费尔斯贝尔格,Spiesen-Elversberg,Germany
***ERROR:施托克豪森-伊尔富尔特,Stockhausen-Illfurth,Germany
***ERROR:Arc動畫工作室,Arc Productions,Canada
***ERROR:诺伊多尔夫-博尔恩斯泰因,Neudorf-Bornstein,Germany
***ERROR:Au Bon Pain,Au Bon Pain,United States of America
***ERROR:施纳鲁普-通比,Schnarup-Thumby,Germany
***ERROR:施托库姆-皮申,Stockum-Püschen,Germany
***ERROR:施泰因-诺伊基尔希,Stein-Neukirch,Germany
***ERROR:奥拉宁鲍姆-韦尔利茨,Oranienbaum-Wörlitz,Germany
***ERROR:上魏莱尔-蒂芬巴,Oberweiler-Tiefenbach,Germany
***ERROR:居利茨-雷茨,Gülitz-Reetz,Germany
***ERROR:格兰-明希魏莱尔,Glan-Münchweiler,Germany
***ERROR:AT&T阿拉斯科姆公司,AT&T Alascom,United States of America
***ERROR:AT&T通訊,AT&T Communications,United States of America
***ERROR:比利格海姆-因根海姆,Billigheim-Ingenheim,Germany
***ERROR:尼斯特尔-默赫伦多尔夫,Nister-Möhrendorf,Germany
***ERROR:鲁帕-戈尔德豪森,Ruppach-Goldhausen,Germany
***ERROR:BIGLOBE動畫,BIGLOBE,Japan
***ERROR:苏科-莱菲措,Sukow-Levitzow,Germany
***ERROR:贝伦-吕布欣,Behren-Lübchin,Germany
***ERROR:埃拉-莱辛,Ehra-Lessien,Germany
***ERROR:佩特尔斯瓦尔德-勒费尔沙伊德,Peterswald-Löffelscheid,Germany
***ERROR:BREN塔,BREN,Bulgaria
***ERROR:赫尔塞尔贝尔格-海尼希,Hörselberg-Hainich,Germany
***ERROR:达尔戈-德贝里茨,Dallgow-Döberitz,Germany
***ERROR:布莱恩-根施马尔,Bleyen-Genschmar,Germany
***ERROR:施特肖夫-费尔歇萨尔,Stechow-Ferchesar,Germany
***ERROR:图尔诺夫-普赖拉克,Turnow-Preilack,Germany
***ERROR:奈塞-马尔克塞塔尔,Neiße-Malxetal,Germany
***ERROR:BTS集團控股,BTS Group Holdings,Thailand
***ERROR:巴尔滕斯哈根-帕尔肯廷,Bartenshagen-Parkentin,Germany
***ERROR:武斯特-菲斯希贝克,Wust-Fischbeck,Germany
***ERROR:施泰因-博肯海姆,Stein-Bockenheim,Germany
***ERROR:里茨诺伊恩多夫-斯塔科,Rietzneuendorf-Staakow,Germany
***ERROR:施泰因-温格尔特,Stein-Wingert,Germany
***ERROR:洛伊茨歇-海恩里希斯贝尔格,Loitsche-Heinrichsberg,Germany
***ERROR:卡塞尔-戈尔齐希,Kasel-Golzig,Germany
***ERROR:古索-普拉特科,Gusow-Platkow,Germany
***ERROR:诺伊恩基尔兴-弗尔登,Neuenkirchen-Vörden,Germany
***ERROR:奥桑-蒙策尔,Osann-Monzel,Germany
***ERROR:戈塞尔斯魏莱尔-斯泰因,Gossersweiler-Stein,Germany
***ERROR:沃尔夫斯布尔格-翁克罗达,Wolfsburg-Unkeroda,Germany
***ERROR:塞尔克-奥埃,Selke-Aue,Germany
***ERROR:佩托夫-斯特根,Pätow-Steegen,Germany
***ERROR:Bail (服裝),Bali,United States of America
***ERROR:西费尔斯多夫-霍黑诺芬,Sieversdorf-Hohenofen,Germany
***ERROR:里茨-诺伊恩多夫,Rietz-Neuendorf,Germany
***ERROR:高-黑彭海姆,Gau-Heppenheim,Germany
***ERROR:沙特-奥多尔夫,Schacht-Audorf,Germany
***ERROR:哈内劳-哈德马尔申,Hanerau-Hademarschen,Germany
***ERROR:普法芬-施瓦本海姆,Pfaffen-Schwabenheim,Germany
***ERROR:加尔曹-加尔钦,Garzau-Garzin,Germany
***ERROR:勒茨魏莱尔-诺肯塔尔,Rötsweiler-Nockenthal,Germany
***ERROR:奥贝劳森-赖因豪森,Oberhausen-Rheinhausen,Germany
***ERROR:克莱森-格尔内,Kleßen-Görne,Germany
***ERROR:特斯托尔夫-斯泰因福尔特,Testorf-Steinfort,Germany
***ERROR:Magnatune,Magnatune,United States of America
***ERROR:霍亨塞尔肖-大皮诺,Hohenselchow-Groß Pinnow,Germany
***ERROR:马德利茨-维尔梅尔斯多夫,Madlitz-Wilmersdorf,Germany
***ERROR:洛尔希 (黑森州),Lorch,Germany
***ERROR:奥贝雷黑-斯特罗海希,Oberehe-Stroheich,Germany
***ERROR:Centennial通訊公司,Centennial Communications,United States of America
***ERROR:博尔格多尔夫-塞多尔夫,Borgdorf-Seedorf,Germany
***ERROR:勒德尔斯海姆-格罗瑙,Rödersheim-Gronau,Germany
***ERROR:克诺普-拉巴赫,Knopp-Labach,Germany
***ERROR:马林格-诺菲安德,Maring-Noviand,Germany
***ERROR:加林-库彭廷,Gallin-Kuppentin,Germany
***ERROR:诺伊-塞兰,Neu-Seeland,Germany
***ERROR:福格尔桑-瓦尔辛,Vogelsang-Warsin,Germany
***ERROR:格莱斯策伦-格莱斯霍尔巴赫,Gleiszellen-Gleishorbach,Germany
***ERROR:伯尔格伦德-雷特维施,Börgerende-Rethwisch,Germany
***ERROR:格雷布斯-宁多夫,Grebs-Niendorf,Germany
***ERROR:舍嫩贝尔格-屈贝尔贝尔格,Schönenberg-Kübelberg,Germany
***ERROR:赖兴巴赫-斯特根,Reichenbach-Steegen,Germany
***ERROR:福伦-林登,Fohren-Linden,Germany
***ERROR:BT金融企業,BT Financial Group,Australia
***ERROR:居尔措-普吕岑,Gülzow-Prüzen,Germany
***ERROR:普莱斯魏莱尔-奥贝罗芬,Pleisweiler-Oberhofen,Germany
***ERROR:奥贝罗内费尔德-吉伦德,Oberhonnefeld-Gierend,Germany
***ERROR:格鲁诺夫-达门多尔夫,Grunow-Dammendorf,Germany
***ERROR:奥芬巴-洪德海姆,Offenbach-Hundheim,Germany
***ERROR:霍斯特滕-德豪恩,Hochstetten-Dhaun,Germany
***ERROR:伯尔德-哈克尔,Börde-Hakel,Germany
***ERROR:高-比绍夫斯海姆,Gau-Bischofsheim,Germany
***ERROR:特赖斯-卡尔登,Treis-Karden,Germany
***ERROR:埃伦茨-波尔特尔斯多尔夫,Ellenz-Poltersdorf,Germany
***ERROR:高-韦因海姆,Gau-Weinheim,Germany
***ERROR:塔莱斯希魏莱尔-夫勒申,Thaleischweiler-Fröschen,Germany
***ERROR:拉尼茨-哈塞尔-塔尔,Lanitz-Hassel-Tal,Germany
***ERROR:拉古恩-耶斯尼茨,Raguhn-Jeßnitz,Germany
***ERROR:格雷梅尔斯多夫-布霍尔茨,Gremersdorf-Buchholz,Germany
***ERROR:韦廷-勒贝因,Wettin-Löbejün,Germany
***ERROR:万茨莱本-伯尔德,Wanzleben-Börde,Germany
***ERROR:BAE造船,BAE Systems Maritime – Naval Ships,United Kingdom
***ERROR:梅尔克尔斯-基塞尔巴赫,Merkers-Kieselbach,Germany
***ERROR:集寶CHUBB,Chubb Security,United Kingdom
***ERROR:霍亨贝尔格-克鲁塞马尔克,Hohenberg-Krusemark,Germany
***ERROR:埃斯莱本-托伊特莱本,Eßleben-Teutleben,Germany
***ERROR:THQ Nordic,THQ Nordic,Austria
***ERROR:武塔-法尔恩罗达,Wutha-Farnroda,Germany
***ERROR:米尔海姆-克尔利希,Mülheim-Kärlich,Germany
***ERROR:施塔德肯-埃尔斯海姆,Stadecken-Elsheim,Germany
***ERROR:布兰肯费尔德-马洛,Blankenfelde-Mahlow,Germany
***ERROR:博克霍尔特-汉雷德尔,Bokholt-Hanredder,Germany
***ERROR:布鲁蒂格-凡克尔,Bruttig-Fankel,Germany
***ERROR:D23博覽會,Disney D23,United States of America
***ERROR:BuzzFeed,BuzzFeed,United States of America
***ERROR:DISA公司,DISA,Denmark
***ERROR:C-More系統,C-More Systems,United States of America
***ERROR:布兰德-赫尔内尔基尔兴,Brande-Hörnerkirchen,Germany
***ERROR:塞海姆-尤根海姆,Seeheim-Jugenheim,Germany
***ERROR:迪森-斯特里索夫,Dissen-Striesow,Germany
***ERROR:Dobson Cellular公司,Dobson Cellular,United States of America
***ERROR:哈伦贝克-罗尔斯多夫,Halenbeck-Rohlsdorf,Germany
***ERROR:布吕肯-哈克普菲费尔,Brücken-Hackpfüffel,Germany
***ERROR:CBS電視發行公司,CBS Television Distribution,United States of America
***ERROR:Bard公司,C. R. Bard,United States of America
***ERROR:博尔斯特尔-霍亨拉登,Borstel-Hohenraden,Germany
***ERROR:柏林-勃蘭登堡廣播公司,Rundfunk Berlin-Brandenburg,Germany
***ERROR:桑德尔斯多夫-布雷纳,Sandersdorf-Brehna,Germany
***ERROR:Genus,Genus plc,United Kingdom
***ERROR:Genesys,Genesys,United States of America
***ERROR:多尔恩-迪尔克海姆,Dorn-Dürkheim,Germany
***ERROR:Domino食品,Domino Foods,United States of America
***ERROR:CloudFlare,Cloudflare,United States of America
***ERROR:阿斯巴-西肯贝尔格,Asbach-Sickenberg,Germany
***ERROR:Cascade Designs,Cascade Designs,United States of America
***ERROR:Gravity Payments,Gravity Payments,United States of America
***ERROR:George M. Hill出版社,George M. Hill Company,United States of America
***ERROR:亨利-梅朵,Henry Meadows,United Kingdom
***ERROR:Clearwire公司,Clearwire,United States of America
***ERROR:明斯特尔-萨尔姆斯海姆,Münster-Sarmsheim,Germany
***ERROR:库伦-文多夫,Kuhlen-Wendorf,Germany
***ERROR:Gourmet,Gourmet,People's Republic of China
***ERROR:ClickBank,ClickBank,United States of America
***ERROR:Cotton On,Cotton On,Australia
***ERROR:迪克·克拉克製作公司,Dick Clark Productions,United States of America
***ERROR:萨森-特兰托,Sassen-Trantow,Germany
***ERROR:Délifrance,Délifrance,France
***ERROR:Bq (廠牌),BQ,Spain
***ERROR:Fitbit,Fitbit,United States of America
***ERROR:Gremlin产业,Gremlin Industries,United States of America
***ERROR:Convex電腦公司,Convex Computer,United States of America
***ERROR:德波爾托利·普蒂有限公司,De Bortoli Wines,Australia
***ERROR:Highland Capital,Highland Capital Partners,United States of America
***ERROR:Hipmunk,Hipmunk,United States of America
***ERROR:巴登-符騰堡鑄幣,Staatliche Münzen Baden-Württemberg,Germany
***ERROR:Coraid公司,"Coraid, Inc."
***ERROR:戴頓-懷特公司,Dayton-Wright,United States of America
***ERROR:空中巴士集團 (北美),EADS North America,United States of America
***ERROR:Kesmai,Kesmai,United States of America
***ERROR:Keyhole公司,"Keyhole, Inc"
***ERROR:Cetus公司,Cetus Corporation,United States of America
***ERROR:厄比斯费尔德-韦弗林根,Oebisfelde-Weferlingen,Germany
***ERROR:HCL科技,HCL Technologies,India
***ERROR:HandyGames,HandyGames,Germany
***ERROR:L&L,L&L Hawaiian Barbecue,United States of America
***ERROR:D-Wave 系统公司,D-Wave Systems,Canada
***ERROR:Big Echo,Daiichi Kosho Company,Japan
***ERROR:FBR資本市場,FBR Capital Markets,United States of America
***ERROR:德绍-罗斯劳,Dessau-Roßlau,Germany
***ERROR:LOFT (雜貨店),Loft (store),Japan
***ERROR:約瑟·里昂公司,J. Lyons and Co.,United Kingdom
***ERROR:速8酒店,Super 8 Worldwide,United States of America
***ERROR:霍恩 (石荷州),Hohn,Germany
***ERROR:Hortonworks,Hortonworks,United States of America
***ERROR:蒙里爾 (德國),"Monreal, Germany"
***ERROR:Lauterbach公司,Lauterbach,Germany
***ERROR:多尔恩布尔格-坎堡,Dornburg-Camburg,Germany
***ERROR:IFTTT,IFTTT,United States of America
***ERROR:菲爾特 (黑森州),Fürth,Germany
***ERROR:Frost & Sullivan公司,Frost & Sullivan,United States of America
***ERROR:PTT化學股份,PTT Chemical Public Company Limited,Thailand
***ERROR:Medibank私人保險,Medibank Private,Australia
***ERROR:格罗斯-罗赖姆,Groß-Rohrheim,Germany
***ERROR:MobiFone,MobiFone,Vietnam
***ERROR:MCV巴士,MCV Bus and Coach,United Kingdom
***ERROR:Freshness Burger,Freshness Burger,Japan
***ERROR:Northern Counties,Northern Counties Motor and Engineering Company,United Kingdom
***ERROR:Fairfield Greenwich 集團,Fairfield Greenwich Group,United States of America
***ERROR:三星SDS,Samsung SDS,South Korea
***ERROR:NTT通訊,NTT Communications Corp,Japan
***ERROR:PC建設公司,PCL Construction,Canada
***ERROR:Leupold公司,Leupold & Stevens,United States of America
***ERROR:K2 Network,K2 Network,United States of America
***ERROR:PTT勘探生產股份,PTT Exploration and Production Public Company Limited,Thailand
***ERROR:Keedoozle,Keedoozle,United States of America
***ERROR:Osprey,Osprey Packs,United States of America
***ERROR:美特斯·邦威,Meters/bonwe,People's Republic of China
***ERROR:KB Toys,KB Toys,United States of America
***ERROR:Warnaco集團,Warnaco Group,United States of America
***ERROR:MapR,MapR,United States of America
***ERROR:林巴赫 (黑森州),"Rimbach, Hesse"
***ERROR:ZF薩克斯,ZF Sachs,Germany
***ERROR:Square (支付服務),Square,United States of America
***ERROR:Parkwood娛樂,Parkwood Entertainment,United States of America
***ERROR:沃特尼·曼恩啤酒廠,Watney Combe & Reid,United Kingdom
***ERROR:SBE娛樂集團,The Abbey,United States of America
***ERROR:湯姆森·路透基金會,Thomson Reuters Foundation,United States of America
***ERROR:佩瑞·埃利斯,Perry Ellis International,United States of America
***ERROR:理科 (企業),Rigaku,Japan
***ERROR:瓦尔德-米歇尔巴,Wald-Michelbach,Germany
***ERROR:S-Fone,S-Fone,Vietnam
***ERROR:ZONG,ZONG,Pakistan
***ERROR:Sound Farm錄音室,Sound Farm Studio & Recording Environment,United States of America
***ERROR:TTC公司,The Great Courses,United States of America
***ERROR:Technetics Group,Technetics Group,United States of America
***ERROR:Peregrine Systems,Peregrine Systems,United States of America
***ERROR:VVI (公司),VVI,United States of America
***ERROR:PollyGrind影展,PollyGrind Film Festival,United States of America
***ERROR:WWE世界餐廳,The World,United States of America
***ERROR:VTB投資,VTB Capital,Russia
***ERROR:Edge無線,Edge Wireless,United States of America
***ERROR:日出東方 (太陽能公司),Q11086076,People's Republic of China
***ERROR:世界摔角協會 (印第安納波利斯),World Wrestling Association,United States of America
***ERROR:Wine.com,Wine.com,United States of America
***ERROR:UT斯达康,UTStarcom,United States of America
***ERROR:Zuxxez Entertainment,Zuxxez Entertainment,Germany
***ERROR:Glory (企業),Glory,Japan
***ERROR:SideCar,SideCar,United States of America
***ERROR:白木屋 (百貨公司),Shirokiya,United States of America
***ERROR:Workday公司,"Workday, Inc."
***ERROR:伊朗MTN移動,MTN Irancell,Iran
***ERROR:U Mobile,U Mobile,Malaysia
***ERROR:布克斯特胡德 (下薩克森),Buxtehude,Germany
***ERROR:SCO Group,SCO Group,United States of America
***ERROR:Toms Shoes,Toms Shoes,United States of America
***ERROR:斯特雷-耶格特公司,Strayer Voigt Inc,United States of America
***ERROR:NBC環球電視集團,NBCUniversal Television Group,United States of America
***ERROR:MSR,Mountain Safety Research,United States of America
***ERROR:瑞典WSP集团,Q10718989,Sweden
***ERROR:恒生H股指數ETF,Q11072945,People's Republic of China
***ERROR:Kaggle,Kaggle,United States of America
***ERROR:NHK出版股份有限公司,NHK Publishing,Japan
***ERROR:恒生指數ETF,Q11072951,People's Republic of China
***ERROR:喜臨門 (家具公司),"Xilinmen Furniture Co., Ltd."
***ERROR:哈尔滨广播1056频率,Q10922000,People's Republic of China
***ERROR:IR石川鐵道,IR Ishikawa Railway,Japan
***ERROR:DeNA,DeNA,Japan
***ERROR:Ascom出版,Q11283448,Japan
***ERROR:奥斯特罗尔茨-沙尔恩贝克,Osterholz-Scharmbeck,Germany
***ERROR:Mt.Gox,Mt.Gox,Japan
***ERROR:粉紅色豪斯風(Pink House),"Gedix Co., Ltd."
***ERROR:東京Big Sight,Tokyo Big Sight Inc.,Japan
***ERROR:大阪鐵道 (一代),Q11441655,Japan
***ERROR:沈阳机床（集团）有限责任公司,Q11138978,People's Republic of China
***ERROR:Gluster (公司),Gluster,United States of America
***ERROR:361度,361 Degrees,People's Republic of China
***ERROR:日本國鐵3500型貨車,Q11422196,Japan
***ERROR:Aspect (企業),Aspect,Japan
***ERROR:华智控股 (浙江),Q15955035,People's Republic of China
***ERROR:SR (企業),SR Corporation,South Korea
***ERROR:城市E-Solution,City e-Solutions Limited,People's Republic of China
***ERROR:RACO無線公司,RacoWireless,United States of America
***ERROR:AT&T無線公司,AT&T Wireless Services,United States of America
***ERROR:华莱士 (连锁),CNHLS,People's Republic of China
***ERROR:RC4WD,RC4WD,United States of America
***ERROR:Pivotal,Pivotal Software,United States of America
***ERROR:Shoplet,Shoplet,United States of America
***ERROR:香格里拉（亚洲）,Q15904981,People's Republic of China
***ERROR:西门子PLM软件,Siemens PLM Software,Germany
***ERROR:Nutanix,Nutanix,United States of America
***ERROR:Kutol,Kutol Products Company,United States of America
***ERROR:港铁轨道交通（深圳）,MTR Corporation (Shenzhen) Limited,People's Republic of China
***ERROR:麥可·戴維斯,Chicago Options Associates,United States of America
***ERROR:C9娛樂,C9 Entertainment,South Korea
***ERROR:Jellyfish娛樂,Jellyfish Entertainment,South Korea
***ERROR:朸濬國際,Q15954177,People's Republic of China
***ERROR:OnePlus,OnePlus,People's Republic of China
***ERROR:Unbalance,Unbalance Corporation,Japan
***ERROR:Hyperloop Transportation Technologies,Hyperloop Transportation Technologies,United States of America
***ERROR:Invoice2go,Invoice2go,Australia
***ERROR:CBS製作公司,CBS Productions,United States of America
***ERROR:Invoice2go,Invoice2go,United States of America
***ERROR:Hyperloop One,Hyperloop One,United States of America
***ERROR:Stan (串流媒體),Stan,Australia
***ERROR:Blacklane,Blacklane,Germany
***ERROR:YMC娛樂,YMC Entertainment,South Korea
***ERROR:STX娛樂,STX Entertainment,United States of America
***ERROR:SMI,SensoMotoric Instruments,Germany
***ERROR:WD-40公司,WD-40 Company,United States of America
***ERROR:Vice媒體,"Vice Media, Inc."
***ERROR:Carbon Black,Bit9,United States of America
***ERROR:Sekai Project,Sekai Project,United States of America
***ERROR:Ticketbis,Ticketbis,Spain
***ERROR:3D Robotics,3D Robotics,United States of America
***ERROR:Hacking Team,Hacking Team,Italy
***ERROR:WindowsWear,WindowsWear,United States of America
***ERROR:广州朗圣药业有限公司 版权所有,Regenex Pharmaceuticals (China),People's Republic of China
***ERROR:Boring,The Boring Company,United States of America
***ERROR:Metapress,Metapress,United States of America
***ERROR:BBC自然歷史組,BBC Natural History Unit,United Kingdom
***ERROR:IFTTT,IFTTT Inc.,United States of America
***ERROR:"Penthouse 工作室,",Brazzers
***ERROR:Source Music,Source Music,South Korea
***ERROR:King Records MM製作部,King Records Dai-san Creative Honbu,Japan
***ERROR:E租宝,Ezubao,People's Republic of China
***ERROR:Seventy Two Changes,Seventy Two Changes,United States of America
***ERROR:My Cup of Tea, My Cup of Tea
***ERROR:看我72變, Magic
***ERROR:Something About You, Something About You
***ERROR:Glow (容祖兒專輯), Glow
***ERROR:Di-Dar, Di-Dar
***ERROR:Free love, free {love}
***ERROR:Sammi, Lost Memory
***ERROR:Listen To Eason Chan, Q10851441
***ERROR:Shall We Dance? Shall We Talk!, Q10852541
***ERROR:Led Zeppelin IV, Led Zeppelin IV
***ERROR:Moment (容祖兒專輯), Q10851705
***ERROR:J-POP, J-Pop
***ERROR:Holiday, Holiday
***ERROR:Lucky Number, Lucky Number
***ERROR:Give Love A Break, Give Love a Break
***ERROR:No Name, No Name
***ERROR:Nothing Really Matters, Q10851934
***ERROR:Virgin Snow, Virgin Snow
***ERROR:Make it Happen, Make it Happen
***ERROR:壞孩子①, Warugaki 1
***ERROR:Nin9 2 5ive, Nin9 2 5ive
***ERROR:A Love Supreme, A Love Supreme
***ERROR:特務J, Agent J
***ERROR:HOT SUMMER (張國榮), Hot Summer
***ERROR:SET LIST～Greatest Songs 2006-2007～, Set List: Greatest Songs 2006–2007
***ERROR:梦里人 (音乐专辑), Q11115653
***ERROR:18..., 18...
***ERROR:Shocking Pink, Shocking Pink
***ERROR:樂譜 - 史詩之旅, The Score – An Epic Journey
***ERROR:am/pm, am/pm
***ERROR:J-game, J-game
***ERROR:"Reise,  Reise"
***ERROR:1830m, 1830m
***ERROR:Elodia, Elodia
***ERROR:1019, 1019
***ERROR:遊音俱樂部～1st Grade～, Yūon Club: 1st Grade
***ERROR:Giant Steps, Giant Steps
***ERROR:Stand Up, Stand Up
***ERROR:A Time For Us, A Time for Us
***ERROR:La La La, La La La
***ERROR:...3mm, ...3mm
***ERROR:Beyond IV, Beyond IV
***ERROR:Bi-Heart, Bi-Heart
***ERROR:I like Dreaming, I like Dreaming
***ERROR:Pink Dahlia, Pink Dahlia
***ERROR:Joey & Joey, Joey & Joey
***ERROR:Leave, Leave
***ERROR:In Motion (容祖兒專輯), In Motion
***ERROR:Myself, Myself
***ERROR:Ray of Light, Ray of Light
***ERROR:21, 21
***ERROR:Madonna, Madonna
***ERROR:True Blue, True Blue
***ERROR:Kind of Blue, Kind of Blue
***ERROR:Urban Emotions, Urban Emotions
***ERROR:Music, Music
***ERROR:Graduation, Graduation
***ERROR:Good Time, Good Time
***ERROR:? (專輯), Q10846270
***ERROR:Live For Today, Q10851445
***ERROR:Solidays, Solidays
***ERROR:Never Too Late, Never Too Late
***ERROR:15, 15
***ERROR:MySecret, MySecret
***ERROR:Close Up (容祖兒專輯), Close Up
***ERROR:Imagine, Imagine
***ERROR:Muse, Muse
***ERROR:Love In L.A., Love In L.A.
***ERROR:Stranger Under My Skin, Stranger Under My Skin
***ERROR:黑·白·灰, Q11178876
***ERROR:WAY OF GLORY, WAY OF GLORY
***ERROR:Becoming Sammi, Becoming Sammi
***ERROR:No. Eleven, No. Eleven
***ERROR:Salute, Salute
***ERROR:Sammi VS Sammi, Sammi vs Sammi
***ERROR:"68'29""", Q10846161
***ERROR:H³M, Q10850960
***ERROR:Life Continues..., Q10851425
***ERROR:Leslie, Leslie
***ERROR:變化 Change？, Change
***ERROR:了不起的M小姐, The Divine Miss M
***ERROR:Show Up!, Show Up!
***ERROR:感情·生活, Love & Living
***ERROR:Sammi, Sammi
***ERROR:Like a Prayer, Like a Prayer
***ERROR:Sound, Sound
***ERROR:Breezing, Breezing
***ERROR:Taste the Atmosphere, Q10852971
***ERROR:Summer Romance, Summer Romance
***ERROR:Love Is..., Love Is...
***ERROR:Update, Update
***ERROR:Stefanie, Stefanie
***ERROR:Feel So Good, Feel So Good
***ERROR:Jump Up, Jump Up – 9492
***ERROR:春·夏·秋·冬, Q11088724
***ERROR:Day Dreamin', Day Dreamin'
***ERROR:Break it down, Break it down
***ERROR:Amour, Amour
***ERROR:Endless Dream, Endless Dream
***ERROR:Welcome Back, Welcome Back
***ERROR:Endless Dream, Endless Dream
***ERROR:Life Is Beautiful, Life Is Beautiful
***ERROR:克卜勒 (孫燕姿專輯), Kepler
***ERROR:Ten Most Wanted, Ten Most Wanted
***ERROR:Show Your Love, Show Your Love
***ERROR:U87, Q10853108
***ERROR:七 (音樂專輯), Q10864448
***ERROR:世外桃源 (譚詠麟專輯), Q10869029
***ERROR:不见不散 (专辑), Q10868949
***ERROR:"〜refrain〜 The songs were inspired by ""EVANGELION""", "〜refrain〜 The songs were inspired by ""EVANGELION"""
***ERROR:Morph, Morph
***ERROR:這裡是羅德斯島、在這裡跳吧！, "Koko ga Rhodes da
***ERROR:E11, E11
***ERROR:Today Special, Today Special
***ERROR:②Smile Sensation, 2 Smile Sensation
***ERROR:3.1415, 3.1415
***ERROR:陳奕迅 (專輯), Q15931870
***ERROR:Tales, Q15914735
***ERROR:樟樹 (福山雅治歌曲), Human
***ERROR:Breakout, Breakout
***ERROR:1 (莎拉·拉爾森專輯), 1
***ERROR:Smile, Smile
***ERROR:4 A Change & Hits, Q20062386
***ERROR:百強84, Q15936136
***ERROR:Xposed, Xposed
***ERROR:Boys Meet U, Boys Meet U
***ERROR:Ladies First, Ladies First
***ERROR:Don't Stop, Don't Stop
***ERROR:13 Voices, 13 Voices
***ERROR:One Day, One Day
***ERROR:℃maj9, °Cmaj9
***ERROR:FUN-FARE, Fun-Fare
***ERROR:I Love You OK?, I Love You OK?
***ERROR:驚喜 (專輯), Q15953343
***ERROR:音浪強襲 第1輯, Funk Wav Bounces Vol. 1
***ERROR:24小時, 24 Hrs
***ERROR:HIM, HIM
***ERROR:By Heart, By Heart
***ERROR:Keep Going, Keep Going
***ERROR:Love & Letter, Love&Letter
***ERROR:The First Eleven Years 然後呢 - 1997-2007陳奕迅跨世紀國語精選, Q10852999
***ERROR:What's Going On...?, Q10853295
***ERROR:Revival, Revival
***ERROR:The Key, Q15900483
***ERROR:4 Seasons in One Day, 4 Seasons in One Day
***ERROR:Wonder Woman, Wonder Woman
***ERROR:2012 To Begin From The End, 2012 To Begin From The End
***ERROR:1989, 1989
***ERROR:美麗謊言 (柏蒂專輯), Beautiful Lies
***ERROR:The Easy Ride, Q10852998
***ERROR:Blooming, Blooming
***ERROR:IF, If
***ERROR:Alan 柯有倫, Q18642173
***ERROR:Rice & Shine, Rice & Shine
***ERROR:Fantastic Girls (KARA专辑), Fantastic Girls
***ERROR:A Long & Lasting Love, A Long & Lasting Love
***ERROR:小日子 (專輯), Little Day
***ERROR:Cantopopsibility, Cantopopsibility
***ERROR:唐朝 (专辑), Q10922825
***ERROR:Smart I.D., Smart I.D.
***ERROR:Welcome to My World, Welcome to My World
***ERROR:The Line Up, The Line-Up
***ERROR:Threesome, Threesome
***ERROR:Amazing, Amazing
***ERROR:Ever Last, Ever Last
***ERROR:安娜·卡列尼娜, Anna Karenina
***ERROR:伊拉龙（小说）, Eragon
***ERROR:母親 (高爾基小說), The Mother
***ERROR:我，克劳迪亚斯, "I
***ERROR:問題兒童都來自異世界？, Mondai-Ji-tachi ga Isekai Kara Kuru Sō Desu yo?
***ERROR:羅傑·艾克洛命案, The Murder of Roger Ackroyd
***ERROR:Zodiac (書籍), Zodiac
***ERROR:第101隻斑點狗, The Hundred and One Dalmatians
***ERROR:大卫·科波菲尔, David Copperfield
***ERROR:哈利·波特与火焰杯, Harry Potter and the Goblet of Fire
***ERROR:星際飆客 (漫畫), Cowboys & Aliens
***ERROR:哈利·波特与密室, Harry Potter and the Chamber of Secrets
***ERROR:暮光之城：暮色, Twilight
***ERROR:生命、宇宙及萬事萬物, "Life
***ERROR:简·爱, Jane Eyre
***ERROR:哈利·波特与死亡圣器, Harry Potter and the Deathly Hallows
***ERROR:哈利·波特与魔法石, Harry Potter and the Philosopher's Stone
***ERROR:死前必聽的1001張專輯, 1001 Albums You Must Hear Before You Die
***ERROR:百科全书，或科学、艺术和工艺详解词典, Encyclopédie
***ERROR:MLA格式手冊, The MLA Style Manual
***ERROR:伊凡·杰尼索维奇的一天, One Day in the Life of Ivan Denisovich
***ERROR:飢餓遊戲：自由幻夢, Mockingjay
***ERROR:哈利·波特与“混血王子”, Harry Potter and the Half-Blood Prince
***ERROR:正多胞形 (書籍), Regular Polytopes
***ERROR:雨果·卡布雷的发明, The Invention of Hugo Cabret
***ERROR:暮光之城：新月, New Moon
***ERROR:鐘形曲線：美國社會中的智力與階層結構, The Bell Curve
***ERROR:小小克星!, Little Busters!
***ERROR:打鬼戰士II：檔案Z, World War Z
***ERROR:Another, Another
***ERROR:2666, 2666
***ERROR:華氏451度, Fahrenheit 451
***ERROR:Dirk Gently's Holistic Detective Agency, Dirk Gently's Holistic Detective Agency
***ERROR:21世紀議程, Agenda 21
***ERROR:騎士蒂朗：少女陰謀, Tirant lo Blanch
***ERROR:模板:卡夫卡沉思, Unmasking a Confidence Trickster
***ERROR:哈利·波特与阿兹卡班囚徒, Harry Potter and the Prisoner of Azkaban
***ERROR:毛澤東：鮮為人知的故事, Mao: The Unknown Story
***ERROR:最近，妹妹的樣子有點怪？, "Saikin
***ERROR:3001太空漫遊, 3001: The Final Odyssey
***ERROR:這樣算是殭屍嗎？, Is This a Zombie?
***ERROR:1985(安東尼·伯吉斯的小說), 1985
***ERROR:黛西·米勒, Daisy Miller
***ERROR:波西傑克森—妖魔之海, The Sea of Monsters
***ERROR:叶甫盖尼·奥涅金, Eugene Onegin
***ERROR:暮光之城：破曉, Breaking Dawn
***ERROR:袭来！美少女邪神, Nyaruko: Crawling with Love
***ERROR:伊斯坦布尔：一座城市的記憶, Istanbul: Memories and the City
***ERROR:汤姆·琼斯, "The History of Tom Jones
***ERROR:人類之子 (小說), The Children of Men
***ERROR:道林·格雷的画像, The Picture of Dorian Gray
***ERROR:暮光之城：蝕, Eclipse
***ERROR:鍋匠·裁縫·士兵·間諜, "Tinker
***ERROR:哈利·波特与凤凰社, Harry Potter and the Order of the Phoenix
***ERROR:ArchINFORM, ArchINFORM
***ERROR:骸骨之城 (小說), City of Bones
***ERROR:史蒂芬金的14張牌, Everything's Eventual
***ERROR:国际藻类、真菌、植物命名法规, "International Code of Nomenclature for algae
***ERROR:南京浩劫：被遺忘的大屠殺, The Rape of Nanking
***ERROR:Everything引擎, Everything2
***ERROR:地铁2033, Metro 2033
***ERROR:Deletionpedia, Deletionpedia
***ERROR:2061太空漫遊, 2061: Odyssey Three
***ERROR:永别了，武器, A Farewell to Arms
***ERROR:有時候，他們會回來, Night Shift
***ERROR:11/22/63, 11/22/63
***ERROR:GTD, Getting Things Done
***ERROR:GUNDAM前哨戰, Gundam Sentinel
***ERROR:迷失世界（克萊頓的小說）, The Lost World
***ERROR:黑暗，帶我走, "Darkness
***ERROR:W的悲劇, Murder at Mt. Fuji
***ERROR:三體III：死神永生, Death's End
***ERROR:Online Etymology Dictionary（網上詞源詞典）, Online Etymology Dictionary
***ERROR:第22条军规, Catch-22
***ERROR:電話區碼347, Area code 347
***ERROR:中二病也要談戀愛！, "Love
***ERROR:麥迪遜之橋 (小說), The Bridges of Madison County
***ERROR:藍道佛王國：出售魔法王國－成交！, Magic Kingdom for Sale — SOLD!
***ERROR:槍炮、病菌與鋼鐵, "Guns
***ERROR:白城魔鬼：奇蹟與謀殺交織的博覽會, The Devil in the White City
***ERROR:愛與死 (小說), On Love and Death
***ERROR:牠 (小說), It
***ERROR:史力加！, Shrek!
***ERROR:地獄藍調（小說）, Killing Floor
***ERROR:马格斯·哈弗拉尔, Max Havelaar
***ERROR:.hack//AI buster, .hack//AI buster
***ERROR:電話區碼929, Area code 929
***ERROR:MathWorld, MathWorld
***ERROR:區號204及431, Area codes 204 and 431
***ERROR:米迦勒·寇哈斯, Michael Kohlhaas
***ERROR:隔離島 (書籍), Shutter Island
***ERROR:失眠 (小說), Insomnia
***ERROR:聖鬥士星矢 巨人之戰, Q1083859
***ERROR:創聖機械天使EVOL, Aquarion Evol
***ERROR:还有一件事……, And Another Thing...
***ERROR:大師 (小說), The Master
***ERROR:勸導 (小說), Persuasion
***ERROR:阿爾奈-湯普森分類法, Aarne–Thompson classification system
***ERROR:黑塔：穿過鎖匙孔的風, The Dark Tower: The Wind Through the Keyhole
***ERROR:史蒂夫·乔布斯传, Steve Jobs
***ERROR:人魔 (小說), Hannibal
***ERROR:太空人 (小說), The Astronauts
***ERROR:PlanetMath, PlanetMath
***ERROR:Campione 弒神者！, Campione!
***ERROR:湯姆·龐巴迪歷險記, The Adventures of Tom Bombadil
***ERROR:开膛手杰克：最终解答, Jack the Ripper: The Final Solution
***ERROR:The Prestige (小說), The Prestige
***ERROR:愛與黑暗的故事 (自傳小說), A Tale of Love and Darkness
***ERROR:紙上城市 (小說), Paper Towns
***ERROR:伊凡·伊里奇之死, The Death of Ivan Ilyich
***ERROR:B的故事, The Story of B
***ERROR:迈克尔·K的生活和时代, Life & Times of Michael K
***ERROR:寫作 (書籍), On Writing
***ERROR:羅雷司 (書籍), The Lorax
***ERROR:溫達·厄斯, Asimov's Mysteries
***ERROR:少年Pi的奇幻漂流, Life of Pi
***ERROR:刀鋒 (小說), The Razor's Edge
***ERROR:艾布·達吾德聖訓集, Sunan Abu Dawood
***ERROR:我，机器人, "I
***ERROR:侏羅紀公園 (小說), Jurassic Park
***ERROR:勿忘我 (小說), Hearts in Atlantis
***ERROR:冰雪女王 (小說), The Snow Queen
***ERROR:夏への扉, The Door into Summer
***ERROR:我知道你去年夏天都幹了什麼 (小說), I Know What You Did Last Summer
***ERROR:C程序设计语言, The C Programming Language
***ERROR:浮士德博士 (小說), Doctor Faustus
***ERROR:音速小子X, Sonic X
***ERROR:Because of Winn--Dixie, Because of Winn-Dixie
***ERROR:以斯帖 (賓漢), Ben-Hur: A Tale of the Christ
***ERROR:查令十字路84号, "84
***ERROR:百科全書；或藝術與科學通用字典, "Cyclopaedia
***ERROR:大使 (小說), The Ambassadors
***ERROR:寂寞之鴿：亡命天涯, Lonesome Dove
***ERROR:马可·波罗游记, The Travels of Marco Polo
***ERROR:別的聲音，別的房間, "Other Voices
***ERROR:遇見野兔的那一年 (小說), The Year of the Hare
***ERROR:哥德尔、埃舍尔、巴赫, "Gödel
***ERROR:飢餓遊戲：星火燎原, Catching Fire
***ERROR:Fate/Zero, Fate/Zero
***ERROR:The Harry Potter Lexicon, The Harry Potter Lexicon
***ERROR:傅科擺 (小說), Foucault's Pendulum
***ERROR:宿主 (書籍), The Host
***ERROR:此情可問天 (小說), Howards End
***ERROR:波西傑克森—泰坦魔咒, The Titan's Curse
***ERROR:Happiness!, Happiness!
***ERROR:神祕河流 (書籍), Mystic River
***ERROR:GOSICK, Gosick
***ERROR:La 628-E8, La 628-E8
***ERROR:掰掰，謝謝你們的魚啦, "So Long
***ERROR:秘密花園 (英語小說), The Secret Garden
***ERROR:鬥陣俱樂部 (小說), Fight Club
***ERROR:一無所有 (小說), The Dispossessed
***ERROR:黑塔IV 巫師與水晶球, The Dark Tower IV: Wizard and Glass
***ERROR:Linux From Scratch, Linux From Scratch
***ERROR:神秘岛 (小说), The Mysterious Island
***ERROR:如果在冬夜，一個旅人, If on a winter's night a traveler
***ERROR:凯旋门 (小说), Arch of Triumph
***ERROR:Metacritic, Metacritic
***ERROR:天才雷普利 (小說), The Talented Mr. Ripley
***ERROR:IUPAC有机物命名法, IUPAC nomenclature of organic chemistry
***ERROR:最後14堂星期二的課, Tuesdays with Morrie
***ERROR:2001太空漫遊, 2001: A Space Odyssey
***ERROR:鍵 (小說), The Key
***ERROR:波特萊爾大遇險1—悲慘的開始, The Bad Beginning
***ERROR:无冬城 (小说), Gauntlgrym
***ERROR:国境以南 太阳以西, "South of the Border
***ERROR:美國殺人魔 (小說), American Psycho
***ERROR:卡門 (中篇小說), Carmen
***ERROR:黑鷹計畫 (書), Black Hawk Down
***ERROR:星塵 (書籍), Stardust
***ERROR:區隔：品味判斷的社會批判, La Distinction
***ERROR:C³ -魔幻三次方-, C³
***ERROR:Dragon Crisis!, Dragon Crisis!
***ERROR:MM一族, MM!
***ERROR:其中1個是妹妹！, "Kono Naka ni Hitori
***ERROR:梅格&賽隆, Meg and Seron
***ERROR:嫌疑犯X的獻身, The Devotion of Suspect X
***ERROR:性趣何來？, Why Is Sex Fun?
***ERROR:信仰的終結：宗教、恐怖行動及理性的未來, The End of Faith
***ERROR:伊里野的天空、UFO的夏天, "Iriya no Sora
***ERROR:笨蛋，測驗，召喚獸, Baka and Test
***ERROR:布莉的重生─暮光之城：蝕外傳, The Short Second Life of Bree Tanner
***ERROR:瑪麗·羅傑奇案, The Mystery of Marie Rogêt
***ERROR:歡迎加入NHK！, Welcome to the N.H.K.
***ERROR:獅子·女巫·魔衣櫥, "The Lion
***ERROR:要聽爸爸的話！, "Listen to Me
***ERROR:就算是哥哥，有愛就沒問題了，對吧, Oniichan dakedo Ai sae Areba Kankeinai yo ne!
***ERROR:無間任務（小說）, Persuader
***ERROR:便·當, Ben-To
***ERROR:尼古拉斯·尼克贝, Nicholas Nickleby
***ERROR:影响人类历史进程的100名人排行榜, The 100
***ERROR:瑪麗·包萍, Mary Poppins
***ERROR:麥可･雪恩伯格, Reification
***ERROR:復仇者 (小說), Nemesis
***ERROR:性．別惑亂：女性主義與身分顛覆, Gender Trouble
***ERROR:模擬刺客（小說）, Without Fail
***ERROR:The Outsiders, The Outsiders
***ERROR:大海 (小說), The Sea
***ERROR:純真年代 (小說), The Age of Innocence
***ERROR:艾德溫·德魯德之謎, The Mystery of Edwin Drood
***ERROR:鴿子 (小說), The Pigeon
***ERROR:Encarta, Encarta
***ERROR:IS〈Infinite Stratos〉, IS (Infinite Stratos)
***ERROR:萝球社！, Ro-Kyu-Bu!
***ERROR:電波女&青春男, Denpa Onna to Seishun Otoko
***ERROR:DOG DAYS, Dog Days
***ERROR:故事 (電影), The Hotel New Hampshire
***ERROR:亨利六世（中）, "Henry VI
***ERROR:互助论：进化的一种因素, Mutual Aid: A Factor of Evolution
***ERROR:OpenCritic, OpenCritic
***ERROR:瞧！这个人, Ecce Homo
***ERROR:黑色大理花 (小說), The Black Dahlia
***ERROR:史蒂芬·金的故事販賣機, Skeleton Crew
***ERROR:地球上最伟大的表演：进化的证据, The Greatest Show on Earth: The Evidence for Evolution
***ERROR:Liff的意義, The Meaning of Liff
***ERROR:大地 (小说), The Good Earth
***ERROR:無政府、國家與烏托邦, "Anarchy
***ERROR:RD 潛腦調查室, Real Drive
***ERROR:北回歸線 (小說), Tropic of Cancer
***ERROR:5月35日, "The 35th of May
***ERROR:阿富汗人 (小說), The Afghan
***ERROR:Amazon SimpleDB, Amazon SimpleDB
***ERROR:仕女圖 (小說), The Portrait of a Lady
***ERROR:阿格尼斯·格雷, Agnes Grey
***ERROR:歷史學家 (小說), The Historian
***ERROR:V., V.
***ERROR:天龙八部_(小说), Demi-Gods and Semi-Devils
***ERROR:伊本·馬哲聖訓集, Sunan ibn Majah
***ERROR:維基百科的革命:一群無名小卒創造了世界上最大的百科全書, The Wikipedia Revolution
***ERROR:Vril Society陰謀論, Vril
***ERROR:小魔女DoReMi, Ojamajo Doremi
***ERROR:無頭騎士異聞錄 DuRaRaRa!!, Durarara!!
***ERROR:如果高校棒球女子經理讀了彼得·杜拉克, Moshidora
***ERROR:O的故事, Story of O
***ERROR:波西傑克森—神火之賊, The Lightning Thief
***ERROR:LOVELESS, Loveless
***ERROR:Momo, Momo
***ERROR:地球任務 (小說), Mission Earth
***ERROR:未來學大會 (小說), The Futurological Congress
***ERROR:设计模式：可复用面向对象软件的基础, Design Patterns
***ERROR:魔法師 (小說), The Magus
***ERROR:蘇菲亞的選擇 (小說), Sophie's Choice
***ERROR:未來都市NO.6, No. 6
***ERROR:世紀的哭泣 (著作), And the Band Played On
***ERROR:家庭、私有制和国家的起源, "The Origin of the Family
***ERROR:亨利六世（下）, "Henry VI
***ERROR:冷血悍將 (小說), Without Remorse
***ERROR:雷普利遊戲 (小說), Ripley's Game
***ERROR:奧蘭多 (英國小說), Orlando: A Biography
***ERROR:心靈鑰匙 (書籍), Extremely Loud and Incredibly Close
***ERROR:2010太空漫遊, 2010: Odyssey Two
***ERROR:群 (小說), The Swarm
***ERROR:情人 (小说), The Lover
***ERROR:海灘 (書籍), The Beach
***ERROR:生於七月四日 (自傳), Born on the Fourth of July
***ERROR:觉醒 (小说), The Awakening
***ERROR:黑塔II 三張預言牌, The Dark Tower II: The Drawing of the Three
***ERROR:Gei wei chu sheng de hai zi zuo an xi dao gao, Kaddish for an Unborn Child
***ERROR:尤利西斯·摩爾, Ulysses Moore
***ERROR:改變世界的100幅照片, 100 Photographs that Changed the World
***ERROR:先知 (诗歌), The Prophet
***ERROR:大法師 (小說), The Exorcist
***ERROR:造雨人 (小說), The Rainmaker
***ERROR:看，罗马, Ecce Romani
***ERROR:戰地情人 (2001年電影), Captain Corelli's Mandolin
***ERROR:波特萊爾大遇險2—可怕的爬蟲屋, The Reptile Room
***ERROR:惡魔高校D×D, High School DxD
***ERROR:龐貝 (小說), Pompeii
***ERROR:CAS号, CAS Registry Number
***ERROR:午夜凶鈴 (鈴木光司小説), Ring
***ERROR:星期六 (小說), Saturday
***ERROR:"PS,  I Love You"
***ERROR:帖木爾 (詩), Tamerlane and Other Poems
***ERROR:英国病人 (小说), The English Patient
***ERROR:幸運符 (小說), The Lucky One
***ERROR:双螺旋：发现DNA结构的故事, The Double Helix
***ERROR:救命飲食:中國健康調查報告, The China Study
***ERROR:波西傑克森—迷宮戰場, The Battle of the Labyrinth
***ERROR:大白鯊 (小說), Jaws
***ERROR:愛情磁場》The Rules of Attraction, The Rules of Attraction
***ERROR:圣殿 (小说), Sanctuary
***ERROR:驚魂記 (小說), Psycho
***ERROR:黑塔III 荒原的試煉, The Dark Tower III: The Waste Lands
***ERROR:黑塔VI 蘇珊娜之歌, The Dark Tower VI: Song of Susannah
***ERROR:黑洞、嬰兒宇宙及其他, Black Holes and Baby Universes and Other Essays
***ERROR:馬丁·伊登, Martin Eden
***ERROR:魔法學園MA, Magician's Academy
***ERROR:瑞斯丁娜，或喻美德的不幸, Justine
***ERROR:押沙龍，押沙龍！, "Absalom
***ERROR:法老 (小說), Pharaoh
***ERROR:LOOP (鈴木光司小説), Loop
***ERROR:第一滴血 (小說), First Blood
***ERROR:瑪蒂達 (小說), Matilda
***ERROR:舞·舞·舞, Dance Dance Dance
***ERROR:Q&A (小說), Q & A
***ERROR:佩德羅·巴拉莫, Pedro Páramo
***ERROR:格雷的五十道陰影：束縛, Fifty Shades Darker
***ERROR:Le Livre de Poche, Le Livre de poche
***ERROR:卢比孔河：罗马共和国的衰亡, Rubicon: The Last Years of the Roman Republic
***ERROR:E编码, E number
***ERROR:真愛旅程 (小說), Revolutionary Road
***ERROR:欧也妮·葛朗台, Eugénie Grandet
***ERROR:就业、利息和货币通论, "The General Theory of Employment
***ERROR:格雷的五十道陰影：自由, Fifty Shades Freed
***ERROR:ザ・サード～蒼い瞳の少女～, The Third
***ERROR:諸神的戰車？未解之謎, Chariots of the Gods?
***ERROR:Joseph Z. and Agnes Fischer Dickson, Joseph Z. and Agnes Fischer Dickson
***ERROR:1973年的弹子球, "Pinball
***ERROR:刺青 (小說), The Tattooer
***ERROR:卡麥蓉·雀絲 (漫畫), Chase
***ERROR:百花繚亂 SAMURAI GIRLS, Hyakka Ryōran Samurai Girls
***ERROR:巴纳比·拉奇, Barnaby Rudge
***ERROR:the magic finger, The Magic Finger
***ERROR:閃電俠 (漫畫), The Flash
***ERROR:BabelNet, BabelNet
***ERROR:人性的，太人性的, "Human
***ERROR:什麼是數學?, What Is Mathematics?
***ERROR:地鐵2034, Metro 2034
***ERROR:黑塔I 最後的槍客, The Dark Tower: The Gunslinger
***ERROR:榎本武揚 (小說), Q11541836
***ERROR:461個便當是生父與兒子男人之間的約定, "461-Ko no bentō wa
***ERROR:AllMovie, AllMovie
***ERROR:平克頓·布朗, Brighton Rock
***ERROR:無神論宣言：一個反對基督教，猶太教，和伊斯蘭教的案例, "Atheist Manifesto: The Case Against Christianity
***ERROR:莎維翠：一則傳說、一個象徵, Savitri: A Legend and a Symbol
***ERROR:EMedicine, eMedicine
***ERROR:復仇女神 (小說), Nemesis
***ERROR:很久很久以前，在北方, Once Upon a Time in the North
***ERROR:語言、真理與邏輯, "Language
***ERROR:聽！骨頭在說話, Déjà Dead
***ERROR:黑塔VII：黑暗之塔, The Dark Tower VII: The Dark Tower
***ERROR:雪人 (小說), The Snowman
***ERROR:愛在時光倒流裡!!, Time Enough for Love
***ERROR:改變世界的6℃, Six Degrees: Our Future on a Hotter Planet
***ERROR:東方求聞史紀 〜 Perfect Memento in Strict Sense., Q6579185
***ERROR:S·業氏的犯罪, Q11429447
***ERROR:ヘルメス－愛は風の如く, Q11493388
***ERROR:布里吉特·琼斯的日记, Bridget Jones's Diary
***ERROR:魔界都市〈新宿〉, Demon City Shinjuku
***ERROR:獵殺幽靈寫手 (小說), The Ghost
***ERROR:檸檬 (小說), Lemon
***ERROR:去吧，摩西, "Go Down
***ERROR:MusicBrainz, MusicBrainz
***ERROR:奔流：一部传记, Flush: A Biography
***ERROR:Find A Grave, Find a Grave
***ERROR:泰利耶-蘭斯手抄本, Codex Telleriano-Remensis
***ERROR:奢侈戀愛會降臨到我身上嗎?, Koi nante zeitaku ga watashi ni ochite kuru nodarou ka?
***ERROR:Discogs, Discogs
***ERROR:型男飛行日誌 (小說), Up in the Air
***ERROR:波西傑克森—終極天神, The Last Olympian
***ERROR:SIMOUN, Simoun
***ERROR:质量效应：启示, Mass Effect: Revelation
***ERROR:密會 (安部公房), Secret Rendezvous (novel)
***ERROR:DBpedia, DBpedia
***ERROR:種族滅絕 (小説), Q11309280
***ERROR:人猿星球(小说), Planet of the Apes
***ERROR:伊本·巴圖塔遊記, Rihla
***ERROR:质量效应：飞升, Mass Effect: Ascension
***ERROR:羅布·羅伊 (小說), Rob Roy
***ERROR:科隆911, Tod und Teufel
***ERROR:抬高房梁，木匠们；西摩：小传, "Raise High the Roof Beam
***ERROR:GJ部, GJ-bu
***ERROR:R62號的發明, Q11240414
***ERROR:人間 (小說), Q11376198
***ERROR:GeoNames, GeoNames
***ERROR:WikiTree, WikiTree
***ERROR:迷霧驚魂 (小說), The Mist
***ERROR:C++程式語言, The C++ Programming Language
***ERROR:60分鍾特別節目, Invasion of the Bane
***ERROR:呼－吸－呼－吸, The Breathing Method
***ERROR:打鬼戰士1：世界末日求生指南, The Zombie Survival Guide
***ERROR:你管别人怎么想？, What Do You Care What Other People Think?
***ERROR:UniProt, UniProt
***ERROR:喬治·魯茲, The Amityville Horror
***ERROR:野蠻遊戲 (圖畫書), Jumanji
***ERROR:叫卖第49组, The Crying of Lot 49
***ERROR:别闹了，费曼先生！, "Surely You're Joking
***ERROR:精神病院 (社會學書籍), Asylums
***ERROR:宿命 1969-2010 -ワンス・アポン・ア・タイム・イン・東京-, Q11351515
***ERROR:白色榮光FINAL 地獄犬的肖像, Q11301232
***ERROR:富爸爸·窮爸爸, Rich Dad Poor Dad
***ERROR:巴拉亞 (小說), Barrayar
***ERROR:克里斯蒂安·羅森克魯茲的化學婚禮, Chymical Wedding of Christian Rosenkreutz
***ERROR:DrugBank, DrugBank
***ERROR:Ensembl, Ensembl
***ERROR:Freebase, Freebase
***ERROR:迷霧之子：昇華之井, Mistborn: The Well of Ascension
***ERROR:1421：中国发现世界, 1421: The Year China Discovered the World
***ERROR:時髦的胡說：後現代知識分子對科學的糟蹋, Fashionable Nonsense
***ERROR:戰地琴人 (回憶錄), The Pianist
***ERROR:Muv-Luv, Muv-Luv
***ERROR:秋葉原@DEEP, Akihabara@Deep
***ERROR:闇夜回聲（小說）, Echo Burning
***ERROR:黑色星期天 (小說), Black Sunday
***ERROR:已知數 (書), Data
***ERROR:伊甸園 (2008年電影), The Garden of Eden
***ERROR:约翰·克利斯朵夫, Jean-Christophe
***ERROR:Vita Sexualis, Vita Sexualis
***ERROR:古拉格57, The Secret Speech
***ERROR:DSM-5模型, DSM-5
***ERROR:班傑明的奇幻旅程 (短篇故事), The Curious Case of Benjamin Button
***ERROR:69 sixty nine, 69
***ERROR:R-15, R-15
***ERROR:諸神之城：伊嵐翠, Elantris
***ERROR:Lexicon Universale, Lexicon Universale
***ERROR:破除魔咒：作為一種自然現象的宗教, Breaking the Spell: Religion as a Natural Phenomenon
***ERROR:Fate/Apocrypha, Fate/Apocrypha
***ERROR:第44個孩子, Child 44
***ERROR:美少女死神 還我H之魂！, "So
***ERROR:田野、工厂和工场, "Fields
***ERROR:Unix编程艺术, The Art of Unix Programming
***ERROR:全部成為F, Subete ga F ni Naru
***ERROR:吉爾·布拉斯, Gil Blas
***ERROR:联共（布）党史简明教程, The History of the Communist Party of the Soviet Union
***ERROR:迷霧之子：最後帝國, Mistborn: The Final Empire
***ERROR:草根媒體：部落格傳奇, We the Media
***ERROR:意外的春天 (小說), The Sweet Hereafter
***ERROR:Ourika, Ourika
***ERROR:4=71, Time for the Stars
***ERROR:什麼是第三等級?, What Is the Third Estate?
***ERROR:夜班經理 (小說), The Night Manager
***ERROR:艰难一日：海豹六队击毙本·拉登行动亲历, No Easy Day
***ERROR:第七個兒子 (小說), Seventh Son
***ERROR:活了100萬次的貓, Q3221115
***ERROR:中國的宗教：儒教與道教, The Religion of China: Confucianism and Taoism
***ERROR:萤·烧谷仓·其他短篇, "Blind Willow
***ERROR:寓言 (小说), A Fable
***ERROR:失落之城Z (書籍), The Lost City of Z
***ERROR:修道士 (小說), The Monk
***ERROR:最後一戰：蟲族肆虐, Halo: The Flood
***ERROR:K-PAX, K-PAX
***ERROR:灰燼之城：骸骨之城3, City of Ashes
***ERROR:Facebook：性愛與金錢、天才與背叛交織的祕辛, The Accidental Billionaires
***ERROR:迷走超時空 i:異世界行者, InterWorld
***ERROR:毛澤東的大饑荒：1958-1962年的中國浩劫史, Mao's Great Famine
***ERROR:美國內戰 (著作), The Civil War in the United States
***ERROR:A Nomad of the Time Streams三部曲, A Nomad of the Time Streams
***ERROR:city of glass, City of Glass
***ERROR:高原生物学集刊第6集, Acta Biologica Plateau Sinica - Volume 6
***ERROR:村子 (小說), The Hamlet
***ERROR:當不成勇者的我，只好認真找工作了。, "I Couldn’t Become a Hero
***ERROR:為約翰·布朗上校請願, A Plea for Captain John Brown
***ERROR:奪橋遺恨 (小說), A Bridge Too Far
***ERROR:冰站（小說）, Ice Station
***ERROR:大海，大海, "The Sea
***ERROR:患難 (小說), Troubles
***ERROR:Wang, Wang
***ERROR:证之于：爱, Q3562362
***ERROR:午夜快車 (書籍), Midnight Express
***ERROR:錯誤之盒 (小說), The Wrong Box
***ERROR:Sadako和千纸鹤, Sadako and the Thousand Paper Cranes
***ERROR:彩虹螢火蟲 ～永遠的暑假～, Niji-Iro Hotaru: Eien no Natsu Yasumi
***ERROR:獨角獸 (電影), Nico the Unicorn
***ERROR:摯友 (小說), Absolute Friends
***ERROR:再見寶貝，再見, "Gone
***ERROR:恨，友谊，追求，爱情，婚姻, "Hateship
***ERROR:秀拉 (小说), Sula
***ERROR:崔普家庭演唱團 (著作), The Story of the Trapp Family Singers
***ERROR:貓頭鷹守護神:逃離聖鬼鴞學院 (小說), Guardians of Ga'Hoole: The Capture
***ERROR:編織網路：全球資訊網的原始設計與最終命運, Weaving the Web: The Original Design and Ultimate Destiny of the World Wide Web by its inventor
***ERROR:反基督——彼得和阿列克塞, Peter and Alexis
***ERROR:東區女巫 (小說), Witches of East End
***ERROR:朗姆混合酒 (小說), Rum Punch
***ERROR:茶谱 (朱权), Cha Pu
***ERROR:貓頭鷹守護神：飛向蓋胡島神木 (小說), Guardians of Ga'Hoole: The Journey
***ERROR:鶇(電影), Goodbye Tsugumi
***ERROR:UNIX痛恨者手冊, The Unix-Haters Handbook
***ERROR:最長的一日 (書籍), The Longest Day
***ERROR:沉默 (小說), Silence
***ERROR:凱瑟琳（小說）, Katherine
***ERROR:Eyckensis法典, Codex Eyckensis
***ERROR:迷霧之子：永世英雄, Mistborn: The Hero of Ages
***ERROR:諸神的復活——列奧納多·達·芬奇, The Romance of Leonardo da Vinci
***ERROR:Free as in Freedom:理查德·斯託曼的自由軟體志業, Free as in Freedom: Richard Stallman's Crusade for Free Software
***ERROR:Griffier, "Griffier
***ERROR:拥抱战败：二次大战后的日本人, Embracing Defeat
***ERROR:2030：发生在美国的真实故事, 2030
***ERROR:孤注一擲 (1992年小說), """I"" Is for Innocent"
***ERROR:有生之年非玩不可的1001款游戏, 1001 Video Games You Must Play Before You Die
***ERROR:10½章世界史, A History of the World in 10½ Chapters
***ERROR:UNIX環境高級編程, Advanced Programming in the Unix Environment
***ERROR:怒海劫 (書籍), A Captain's Duty
***ERROR:焚书 (李贽), A Book to Burn
***ERROR:約瑟·A·溫特博士, A Doctor's Report on Dianetics
***ERROR:總會歸來 (小說), Always Coming Home
***ERROR:AURA ～魔龍院光牙最後的戰鬥～, Aura: Maryūinkōga Saigo no Tatakai
***ERROR:鲁滨逊·克鲁索的更远历险, The Farther Adventures of Robinson Crusoe
***ERROR:諸神之死——叛教者尤里安, The Death of the Gods
***ERROR:白色榮光3 阿里阿德涅的子彈, Ariadne no Dangan
***ERROR:再見Debussy, Q4844941
***ERROR:事發的19分鐘, Nineteen Minutes
***ERROR:築就我們的國家：20世紀美國左派思想, Achieving Our Country
***ERROR:BROTHERS CONFLICT, Brothers Conflict
***ERROR:步步惊心 (桐华小说), Bu Bu Jing Xin
***ERROR:再見，吾愛, "Farewell
***ERROR:護身符 (小說), Amulet
***ERROR:兄弟 (小說), Brothers
***ERROR:鳥人 (小說), Birdman
***ERROR:復仇：以色列隊反恐隊的真實故事, Vengeance: The True Story of an Israeli Counter-Terrorist Team
***ERROR:GANGSTA., Gangsta.
***ERROR:希瑞·塔奇, Star Wars: Jedi Apprentice
***ERROR:關於拉森和我，有些事我想告訴你, """There Are Things I Want You to Know"" About Stieg Larsson and Me"
***ERROR:柏林日記: 二戰駐德記者見聞 1934-1941, Berlin Diary
***ERROR:爆裂鼓手 (短片), Inherent Vice
***ERROR:流星·蝴蝶·剑, Liuxing Hudie Jian
***ERROR:101個有趣的哲學問題, 101 Philosophy Problems
***ERROR:鎖鎖美小姐@不好好努力, Sasami-san@Ganbaranai
***ERROR:Arve Rezzle─機器化的妖精們─, Aruvu Rezuru: Kikaijikake no Yōseitachi
***ERROR:Freak the Mighty, Freak the Mighty
***ERROR:安培遜大族 (小說), The Magnificent Ambersons
***ERROR:GO!大暴走, Go
***ERROR:警覺的赫勒華德 (小說), Hereward the Wake
***ERROR:伊坦·弗洛美, Ethan Frome
***ERROR:資本論·第三卷, "Capital
***ERROR:Dr. Tatiana給全球生物的性忠告, Dr Tatiana's Sex Advice to All Creation
***ERROR:初來乍到：回憶錄, Fresh Off the Boat: A Memoir
***ERROR:此地不宜久留（小說）, Gone Tomorrow
***ERROR:紫禁城 (小說), Forbidden City
***ERROR:資本論·第二卷, "Capital
***ERROR:24重人格, First Person Plural: My Life As a Multiple
***ERROR:はっぴぃセブン～ざ・テレビまんが～, Happy Seven
***ERROR:15歲的卡蜜拉, Camilla Dickinson
***ERROR:資本論·第一卷, "Capital
***ERROR:偶然、反諷與團結：一個實用主義者的政治想像, "Contingency
***ERROR:至死方休（小說）, Die Trying
***ERROR:RDG 瀕危物種少女, RDG Red Data Girl
***ERROR:那一代：可敬的开国元勋, Founding Brothers: The Revolutionary Generation
***ERROR:蓋伯爾·歐克, Far from the Madding Crowd
***ERROR:赤色／羅曼史, Q5363151
***ERROR:中国历史地图 (1980年), Historical Atlas of China
***ERROR:晚安，月亮, Goodnight Moon
***ERROR:The Grimoire of Marisa, The Grimoire of Marisa
***ERROR:毛澤東：再解讀, Mao: A Reinterpretation
***ERROR:猪笼草科 (1873年专著), Nepenthaceae 1873 monograph
***ERROR:猪笼草科 (2001年专著), Nepenthaceae 2001 monograph
***ERROR:OSPD第四版, Official Scrabble Players Dictionary
***ERROR:我們最幸福：北韓人民的真實生活, Nothing to Envy
***ERROR:打工吧！魔王大人, The Devil Is a Part-Timer!
***ERROR:輸送現象 (書籍), Transport Phenomena
***ERROR:正義：一場思辨之旅, Justice: What's the Right Thing to Do?
***ERROR:火星任務 (1955年小說), Mission to Mars
***ERROR:羅伯特先生 (小說), Mister Roberts
***ERROR:石油！, Oil!
***ERROR:盜夢偵探 (小說), Paprika
***ERROR:KK音標, Kenyon and Knott
***ERROR:袋鼠・筆記, Kangaroo Notebook
***ERROR:一隻向後開槍的獅子：拉夫卡迪歐, Lafcadio: The Lion Who Shot Back
***ERROR:蛙 (莫言小说), Frog (novel)
***ERROR:数学：确定性的丧失, Mathematics: The Loss of Certainty
***ERROR:Mycelium Running, Mycelium Running
***ERROR:地獄廚房 (小說), Hell's Kitchen
***ERROR:人性 (小說), Human Nature
***ERROR:蕭十一郎 (小說), Q6713181
***ERROR:荀子 (書), Xunzi
***ERROR:阿凡达的艺术：詹姆斯·卡梅隆的史诗冒险, The Art of Avatar: James Cameron's Epic Adventure
***ERROR:馬克思的歷史理論︰一個辯護, Karl Marx's Theory of History: A Defence
***ERROR:喀拉喀托：世界大爆炸之日, Krakatoa: The Day the World Exploded
***ERROR:拉德，一只狗, "Lad
***ERROR:迷霧之子：執法鎔金, Mistborn: The Alloy of Law
***ERROR:Naive Set Theory (書), Naive Set Theory
***ERROR:2100科技大未來：從現在到2100年，科技將如何改變我們的生活, Physics of the Future
***ERROR:出人意表，情理之中：费曼书信集, Perfectly Reasonable Deviations from the Beaten Track
***ERROR:Madonna (書), Madonna
***ERROR:瑪麗·賴德蓋特, Mary Reilly
***ERROR:閃亮-閃亮, Kira-Kira
***ERROR:A Perfect Peace, A Perfect Peace
***ERROR:猪笼草科 (1908年专著), Nepenthaceae 1908 monograph
***ERROR:不、不！男孩！, No-No Boy
***ERROR:Monster, Monster
***ERROR:春宵苦短，少女前進吧！, Q6145461
***ERROR:东方紫香花 ～ Seasonal Dream Vision., Q6579203
***ERROR:世事無常 (1979年小說), Nothing Lasts Forever
***ERROR:一無所懼（小說）, Nothing to Lose
***ERROR:我，蒂娜, "I
***ERROR:餓鬼：毛時代大饑荒揭秘, Hungry Ghosts: Mao's Secret Famine
***ERROR:航向長夜的捕鯨船：《白鯨記》背後的真實故事, In the Heart of the Sea: The Tragedy of the Whaleship Essex
***ERROR:丹麥女孩 (書籍), The Danish Girl
***ERROR:弱点：比赛进程, The Blind Side: Evolution of a Game
***ERROR:盛世 中國 2013年, The Fat Years
***ERROR:食虫植物 (1989年书籍), The Carnivorous Plants
***ERROR:壁花男孩 (小說), The Perks of Being a Wallflower
***ERROR:綠色貝雷帽 (書籍), The Green Berets
***ERROR:我兒佳比(小說), Son
***ERROR:使者 (小说), Q7703830
***ERROR:有誰去那裡?, Who Goes There?
***ERROR:如焉@sars.come, Ru-yan
***ERROR:人間椅子 (小說), The Human Chair
***ERROR:移動迷宮3：死亡解藥 (小說), The Death Cure
***ERROR:神聖古蘭經：原文、譯文與評注, "The Holy Qur'an: Text
***ERROR:那天，我用爸爸換了兩條金魚, The Day I Swapped My Dad for Two Goldfish
***ERROR:裹屍布 (小說), Shroud
***ERROR:The Delivery Man, The Delivery Man
***ERROR:征服者(小說), The Conqueror
***ERROR:24個比利, The Minds of Billy Milligan
***ERROR:浮雲 (二葉亭四迷), The Drifting Cloud
***ERROR:愛，當下, Olive Kitteridge
***ERROR:朝花夕拾 (鲁迅), Q7228197
***ERROR:雙面敵人（小說）, The Enemy
***ERROR:暴戾人 (小說), Rogue Male
***ERROR:食虫植物 (1942年书籍), The Carnivorous Plants
***ERROR:QED (书籍), QED: The Strange Theory of Light and Matter
***ERROR:黃金時代 (肯尼思·格拉姆), The Golden Age
***ERROR:青春糖伴 (小說), Sugar Rush
***ERROR:中国科学技术史 (李约瑟), Science and Civilisation in China
***ERROR:野獸之聲：重金屬完全甩頭史, Sound of the Beast: The Complete Headbanging History of Heavy Metal
***ERROR:藍調石牆T, Stone Butch Blues
***ERROR:英格蘭史 (休謨), The History of England
***ERROR:野性花园：食虫植物栽培, The Savage Garden: Cultivating Carnivorous Plants
***ERROR:俗世哲學家:改變歷史的經濟學家, The Worldly Philosophers
***ERROR:雁 (小說), The Wild Geese
***ERROR:零度c的女人, Woman at Point Zero
***ERROR:名字 (長篇小說), The Names
***ERROR:紅龍 (小說), Red Dragon
***ERROR:Wiki之道, The Wiki Way
***ERROR:你的降落伞是什么颜色？, What Color is Your Parachute?
***ERROR:财富、虚拟财富及负债, "Wealth
***ERROR:治療 (小說), The Treatment
***ERROR:移動迷宮：焦土試煉 (小說), The Scorch Trials
***ERROR:丟失的勳章：比利石的冒險, The Lost Medallion: The Adventures of Billy Stone
***ERROR:他改变了中国：江泽民传, The Man Who Changed China: The Life and Legacy of Jiang Zemin
***ERROR:新世界秩序 (帕特·羅伯遜的書), The New World Order (Robertson)
***ERROR:新阶级：对共产主义制度的分析, The New Class: An Analysis of the Communist System
***ERROR:日常生活的戰略（The Practice of Everyday Life）, The Practice of Everyday Life
***ERROR:他们 (小说), Them
***ERROR:士魂魔道 大龍卷, Q8648851
***ERROR:南方 (小說), The South
***ERROR:一觸即發(小說), Tripwire
***ERROR:單元操作 (書籍), Unit Operations of Chemical Engineering
***ERROR:相信我，我是奧茲醫生, "Trust Me
***ERROR:紅 kure-nai, War Trash
***ERROR:秧歌 (小说), The Rice Sprout Song
***ERROR:雪球 (巴菲特), The Snowball: Warren Buffett and the Business of Life
***ERROR:鏡子裡的陌生人——解離症：一種隱藏的流行病, The Stranger In The Mirror Dissociation – The Hidden Epidemic
***ERROR:園長夫人：動物園的奇蹟, The Zookeeper's Wife
***ERROR:狸藻属——分类学专著, The genus Utricularia - a taxonomic monograph
***ERROR:人間條件2—她和她生命中的男人們, Q10883643
***ERROR:13階梯, Q11185305
***ERROR:S.I.C. 英雄傳說, Q11222502
***ERROR:漫畫版XX, Q11270384
***ERROR:大家早上好！, Q11300128
***ERROR:DD北斗之拳, DD Fist of the North Star
***ERROR:三坪房間的侵略者！？, Rokujyoma no Shinryakusha!?
***ERROR:海啊，帶我走, "Water
***ERROR:ROOM NO.1301, Q10852290
***ERROR:異變13秒, Q11329363
***ERROR:东方求闻口授 ～ Symposium of Post-mysticism., Q10870351
***ERROR:Re：笨蛋也能拯救世界？, Q11241606
***ERROR:我們的星塵dance, Q11338571
***ERROR:薯片 (小說), Q11339227
***ERROR:NET聖經（中譯本）, New English Translation
***ERROR:"A君(17)的戰爭 I,  THE TYCOON？"
***ERROR:CUTTING 傷痕, Q10846737
***ERROR:PRAVE!, Q10852102
***ERROR:14歲 (小說), Q11185334
***ERROR:Nude〜AV女優みひろ誕生物語〜, Q11236948
***ERROR:第101篇百物语, Q11185092
***ERROR:於是，他就這樣燒了屋頂, Q11266169
***ERROR:Berts bravader, Berts bravader
***ERROR:9S, Q10846266
***ERROR:LOVE YOU 我的勇者公主, Q10851375
***ERROR:中國歷史地圖集（古代史部分）, Q10874635
***ERROR:偶像總愛被吐嘈！, Q10888956
***ERROR:Webラジ voice theater 「お・り・が・み」天の門, Q11262826
***ERROR:再見Aruma, Q11268297
***ERROR:惡人鎮（小說）, Worth Dying For
***ERROR:中国导弹之父——钱学森之谜, Thread of the Silkworm
***ERROR:RAIL WARS! -日本國有鐵道公安隊-, Rail Wars!
***ERROR:春&夏事件簿, Haruchika
***ERROR:BOBO族：新社會精英的崛起, Bobos in Paradise
***ERROR:EME (輕小說), Q10846998
***ERROR:上官婉儿 (小说), Q10867341
***ERROR:人祸 (书籍), Q10883619
***ERROR:我，要成為雙馬尾, "Ore
***ERROR:失恋33天, Q10941932
***ERROR:奮鬥吧！系統工程師, Q10942681
***ERROR:它们 (科普读物), Q10946120
***ERROR:叛逆者 (小說), Q11410595
***ERROR:百鬼夜行――陰, Q11580882
***ERROR:南明史 (顧誠), History of Southern Ming
***ERROR:賓州大道935, Agent 6
***ERROR:前略。我與貓和天使同居。, Zenryaku. Neko to Tenshi to Dōkyo hajimemashita
***ERROR:历史的轨迹：中国共产党为什么能, Q10910855
***ERROR:大失败 20世纪共产主义的兴亡, Q10934714
***ERROR:信桑 ‧ 炭坑町的小夜曲, Q11385975
***ERROR:猜火車 (小說), Trainspotting
***ERROR:南唐書 (馬令), Book of Southern Tang
***ERROR:南唐書 (陸游), Book of Southern Tang (Lu You)
***ERROR:我被綁架到貴族女校當「庶民樣本」, "Ore ga Ojousama Gakkou ni ""Shomin Sample"" Toshite Rachirareta Ken"
***ERROR:紫色的Qualia, Qualia the Purple
***ERROR:蝴蝶小姐～最後的武士之女, Chōchō-san
***ERROR:別煩憂，開心就好, Q10898272
***ERROR:双面胶 (小说), Q10912583
***ERROR:四個10A的少年, Q10924522
***ERROR:百器徒然袋――風, Q11580714
***ERROR:百鬼夜行――陽, Q11580884
***ERROR:告白 (湊佳苗), Kokuhaku
***ERROR:問責不問責：巨星滙的真相, "No Minister & No
***ERROR:劇團！Theatre, Q10899319
***ERROR:閒狼作家是美少女妖怪？, Q11275964
***ERROR:Girl (小說), Girl
***ERROR:白色榮光4 螺鈿迷宮, Q11625844
***ERROR:結黨！老人黨, Q11606532
***ERROR:尼特族吸血鬼‧江藤, Q11325107
***ERROR:貴族少女的使命！, Q11325915
***ERROR:魔球 (小說), Q11673860
***ERROR:新・御宿翠鳥, Shin Oyadokawasemi
***ERROR:某一天，炸彈從天而降, Q11108420
***ERROR:邪魅之雫, Q11643039
***ERROR:魔王之類的啦！, Q11673844
***ERROR:魔王學校裡只有我是勇者!?, Q11673851
***ERROR:HUNDRED百武裝戰記, Hundred
***ERROR:惡棍 (藥丸岳), Akutō (Gaku Yakumaru)
***ERROR:柳生武藝帳 (2010年), Yagyū Bugeichō
***ERROR:相棒系列 鑑識‧米澤守事件簿, Kanshiki Yonazawa no jikenbo
***ERROR:キミはぼっちじゃない!, Q11060370
***ERROR:心术 (小说), Q11072106
***ERROR:手套 (小說), Q11075724
***ERROR:NO GAME NO LIFE 遊戲人生, No Game No Life-mart
***ERROR:天上篇 宇宙皇子, Utsunomiko
***ERROR:李自成 (小說), Q11097855
***ERROR:D機關, Joker Game
***ERROR:平行世界·愛情故事, Q11061274
***ERROR:幸運時刻！, Q11061562
***ERROR:幽靈什麼的我看不見！, Q11061619
***ERROR:暖暖 (小說), Q11090318
***ERROR:枪杆子1949, Q11107718
***ERROR:行列48時間, Q11419028
***ERROR:HOME 親愛的座敷童子, Q11493159
***ERROR:正しい怪異の祓い方―結びの七つ穴の紐, Q11545339
***ERROR:超·殺人事件, Q11636189
***ERROR:NINJA SLAYER忍者殺手, Ninja Slayer
***ERROR:我的30个工作天, Q11074902
***ERROR:戲劇浮生：黎耀祥論演技與人生, Q11075210
***ERROR:容閎自傳：我在中國和美國的生活, My Life in China and America
***ERROR:対岸の彼女#テレビドラマ, Q11458132
***ERROR:白雲階梯 (日本電視劇), Kumo no Kaidan
***ERROR:萌萌侵略者 OUTBREAK COMPANY, Outbreak Company
***ERROR:Stargirl, Stargirl
***ERROR:中国美术史 (王逊), Q15940184
***ERROR:熱情x冷顫, Q15945194
***ERROR:臥底正義（小說）, The Affair
***ERROR:Jiu (小說), Q13576139
***ERROR:2014大崩潰, Q14512594
***ERROR:冰屋 (小說), The Ice House
***ERROR:冤家，一个爱情故事, "Enemies
***ERROR:客語聖經：現代台灣客語譯本, Hakka Bible: Today's Taiwan Hakka Version
***ERROR:激流～你還記得我嗎？～, Gekiryū
***ERROR:發光體 (小說), The Luminaries
***ERROR:江湖浪子 (書籍), The Hustler
***ERROR:天才之旅：偉大數學定理的創立, The Great Theorems of Mathematics
***ERROR:1913：世纪之夏的浪荡子们, 1913: The Summer of the Century
***ERROR:Fuck：禁忌词与保护我们的第一修正案自由, Fuck: Word Taboo and Protecting Our First Amendment Liberties
***ERROR:葵曄集: 歷代詩詞曲選集, Sunflower Splendor: Three Thousand Years of Chinese Poetry
***ERROR:長恨歌 (小說), The Song of Everlasting Sorrow
***ERROR:對魔導學園35試驗小隊, Tai-Madō Gakuen 35 Shiken Shōtai
***ERROR:韓戰救臺灣？解讀美國對臺政策, Q15939041
***ERROR:地鐵2035, Metro 2035
***ERROR:KIUY, Naked Came the Manatee
***ERROR:盲目的肉食主義：端上你我餐桌的陰謀, "Why We Love Dogs
***ERROR:合作的艺术：献给杰弗瑞 汤金, La arto labori kune : festlibro por Humphrey Tonkin
***ERROR:記憶之塵：朱利安戰記, Julian Comstock: A Story of 22nd-Century America
***ERROR:光學 (歐幾里得), Euclid's Optics
***ERROR:神鬼交鋒 (自傳), Catch Me If You Can
***ERROR:擁抱太陽的月亮 (小說), Moon Embracing the Sun
***ERROR:赤誠者 (小說), Allegiant
***ERROR:食蟲植物觀賞&栽培圖鑑, Q15955681
***ERROR:死水 (诗集), Q15918378
***ERROR:蜗居 (小说), Q15916655
***ERROR:结婚十年 (小说), 10 Years of Marriage
***ERROR:二月 (中篇小说), Q15914615
***ERROR:魔法公主 (繪本), Q15908947
***ERROR:馬、輪子和語言, "The Horse
***ERROR:黄禍 : 新世紀版, Yellow Peril
***ERROR:全能政府：全能國家與全面戰爭的崛起, Omnipotent Government
***ERROR:亡命排：阿富汗战争中的英雄、叛徒、异见者和手足情, Q15917150
***ERROR:虾球传 (长篇小说), Q15910833
***ERROR:黑水溝 (小說), Q15919705
***ERROR:政府正在監控你：史諾登揭密, No Place to Hide
***ERROR:女子謀殺俱樂部 (小說), Women's Murder Club
***ERROR:1940法國陷落, The Collapse of the Third Republic
***ERROR:How to Start a Business in Taiwan, How to Start a Business in Taiwan
***ERROR:250天倫敦應召日記, The Intimate Adventures of a London Call Girl
***ERROR:摩爾多瓦語·羅馬尼亞語辭典, Moldovan–Romanian dictionary
***ERROR:發條精靈戰記 天鏡的極北之星, Alderamin on the Sky
***ERROR:不谈爱情 (中篇小说), Q15914848
***ERROR:中國大饑荒，1958-1962, Q15912121
***ERROR:国殇——国民党正面战场抗战纪实, Q15903990
***ERROR:天狗 (中篇小说), Q15920576
***ERROR:球状闪电 (小说), Q15909011
***ERROR:谦卑 (书名), Q15925917
***ERROR:走到人生边上：自问自答, Q15930804
***ERROR:飛呀！科學小飛俠, Q15908306
***ERROR:黑骏马 (张承志小说), Q15912779
***ERROR:Bitter Blood, Bitter Blood
***ERROR:控制论：或关于在动物和机器中控制和通信的科学, Cybernetics: Or Control and Communication in the Animal and the Machine
***ERROR:69届初中生, Q15930771
***ERROR:奇想、天慟, Q15905469
***ERROR:愛是永恆（當所愛是你）, Q15921042
***ERROR:THE QUIZ, THE QUIZ
***ERROR:身為男高中生兼當紅輕小說作家的我，正被年紀比我小從事聲優工作的女同學掐住脖子, "Danshi Koukousei de Urekko Light Novel Sakka wo Shiteiru keredo
***ERROR:香港城邦論 I, Q17500532
***ERROR:零～ZERO 劇場版, Q17995201
***ERROR:第三波：20世纪后期的民主化浪潮, The Third Wave: Democratization in the Late Twentieth Century
***ERROR:搜查一課・澤村慶司, 捜査一課・澤村慶司
***ERROR:為了N, To N
***ERROR:小野寺之弟、小野寺之姊, "Onodera no Otōto
***ERROR:少女3原則！, Q17225582
***ERROR:弧形IX, Q17190571
***ERROR:從0到1, Zero to One
***ERROR:Antenna（2004年）, Q17192629
***ERROR:SRO 警視廳廣域搜查專任特別調查室, SRO Keishichō kōiki sōsa sen'nin tokubetsu chōsa-shitsu
***ERROR:卡斯提拉 我和父親最長的一天, Kasute ~ira boku to oyajinoichiban'nagaihi
***ERROR:巧克力TV, Chocolate TV
***ERROR:檢察官・澤木正夫, Kenji Sawaki Masao
***ERROR:麵包、湯和貓的天氣, Bread and Soup and Cat Weather
***ERROR:“一国两制”在香港特别行政区的实践, Q17163807
***ERROR:全面通緝(小說), A Wanted Man
***ERROR:Schwarzesmarken, Schwarzesmarken
***ERROR:少年好萊塢 -HOLLY STAGE FOR 49-, Shōnen Hollywood
***ERROR:當責，從停止抱怨開始, The Oz Principle
***ERROR:Avatar (小說), Q17191641
***ERROR:跛腳美國：如何讓美國再次偉大, Crippled America
***ERROR:龍在雪域：一九四七年後的西藏, Q24837569
***ERROR:戰鬥吧！書店女孩, Q19356967
***ERROR:青春之門：自立篇(1977年版), The Gate of Youth
***ERROR:華爾街之狼 (回憶錄), The Wolf of Wall Street
***ERROR:為美好的世界獻上祝福！, Kono Subarashii Sekai ni Shukufuku wo!
***ERROR:神鬼獵人 (小說), The Revenant
***ERROR:告密者 (書), Kill the Messenger
***ERROR:催化：侠盗一号前传, Catalyst: A Rogue One Novel
***ERROR:美國狙擊手：美國軍事史上最致命狙擊手的自傳, American Sniper
***ERROR:金錢本色 (書籍), The Color of Money
***ERROR:埃隆·马斯克：特斯拉，SpaceX，传奇的缔造者, "Elon Musk: Tesla
***ERROR:Re：從零開始的異世界生活, Re:Zero kara Hajimeru Isekai Seikatsu
***ERROR:偵探小隊KZ事件簿, Tantei Team KZ Jiken Note
***ERROR:夏商周：从神话到史实, "Xia
***ERROR:不會飛的蝴蝶與天空之鯱, Q19692022
***ERROR:Wikijunior:太阳系, Wikijunior:Solar System
***ERROR:劍·花·煙雨·江南, To Kill with Intrigue
***ERROR:男子啦啦隊！！, Cheer Boys!!
***ERROR:玫瑰玫瑰我愛你 (小說), Q29783850
***ERROR:親仁與天命：從《緇衣》看先秦儒學轉化成「經」, Benevolence and the Mandate of Heaven: Transformation of pre-Qin Confucian Classics
***ERROR:機動防衛者Dowl Masters, Q18337487
***ERROR:混沌魔器首部曲：機械天使, Q18654314
***ERROR:如果·宅, Q19855590
***ERROR:Wikijunior:大猫, Wikijunior:Big Cats
***ERROR:0能者九條湊, Q22098871
***ERROR:敲開天堂之門：如何使物理與科學思維照亮宇宙與現代世界, Knocking on Heaven’s Door: How Physics and Scientific Thinking Illuminate the Universe and the Modern World
***ERROR:哈佛数学150年, Q24838804
***ERROR:天神与天地之道：巫觋信仰与传统思想渊源, Spirits Of Heaven and Ways of Heaven & Earth: Shamanistic Beliefs and Origins of Chinese Traditional Thoughts
***ERROR:燕雙飛 (小說), Q29783855
***ERROR:梁启超与中国思想的过渡（1890-1907）, Q19855908
***ERROR:Hidden Figures (書籍), Hidden Figures (book)
***ERROR:純潔 (小說), Purity
***ERROR:Miracle Debikuro 君的戀愛和魔法, Q24875647
***ERROR:GOTH 斷掌事件, Goth
***ERROR:銀河巡警JACO, Jaco the Galactic Patrolman
***ERROR:猪笼草属（猪笼草科）的框架性修订, A skeletal revision of Nepenthes
***ERROR:蝙蝠侠：嘘, Batman: Hush
***ERROR:女蜘蛛人·關, Spider-Gwen
***ERROR:雪山下的火燄：一個西藏犯人的證詞, Q28415237
***ERROR:714航班, Flight 714
***ERROR:100次的哭泣, Q17225802
***ERROR:超危險特工 (漫畫), Red
***ERROR:KILL la KILL, Kill la Kill
***ERROR:爵士 (畫), Jazz
***ERROR:柯南 (漫画), Conan
***ERROR:依戀，在生命最後八天, Chicken with Plums
***ERROR:聊齋志異/第01卷, "Strange Stories
***ERROR:REX 恐龍物語, Q1405721
***ERROR:Nekomajin貓魔人, Neko Majin
***ERROR:Phantom -PHANTOM OF INFERNO-, Phantom of Inferno
***ERROR:刮風時 (漫畫), When the Wind Blows
***ERROR:TOT頻道, Tot channel
***ERROR:刺客聯盟 (漫畫), Wanted
***ERROR:人·兽·鬼, Q28416400
***ERROR:论只使用符号0和1的二进制算术, Q28408975
***ERROR:香港簡史─從殖民地至特別行政區, Q28417145
***ERROR:鐵鷹戰士 (1986年電影), Iron Eagle
***ERROR:007大破天幕杀机, Skyfall
***ERROR:星際大戰四部曲：曙光乍現, Star Wars Episode IV: A New Hope
***ERROR:プロジェクトA子2 大徳寺財閥の陰謀, Project A-ko
***ERROR:暮光之城4：破曉, The Twilight Saga: Breaking Dawn – Part 1
***ERROR:蒙提·派森之布莱恩的一生, Monty Python’s Life of Brian
***ERROR:校園風雲 (1992年電影), School Ties
***ERROR:豬頭漢堡包3, A Very Harold & Kumar 3D Christmas
***ERROR:意亂情迷 (1993年電影), Dazed and Confused
***ERROR:失恋33天, Love Is Not Blind
***ERROR:龐丘·維拉 (電影), Pancho Villa
***ERROR:E.T.外星人, E.T. the Extra-Terrestrial
***ERROR:下女 (1960年電影), The Housemaid
***ERROR:隨身變 (1996年電影), The Nutty Professor
***ERROR:三個臭皮匠 (2012年電影), The Three Stooges
***ERROR:星球大战：原力觉醒, Star Wars: The Force Awakens
***ERROR:BLEACH劇場版：地獄篇, Bleach: Hell Verse
***ERROR:蒙提·派森之人生七步曲, Monty Python's The Meaning of Life
***ERROR:星際大戰三部曲：西斯大帝的復仇, Star Wars: Episode III – Revenge of the Sith
***ERROR:暮光之城：破曉 (下), The Twilight Saga: Breaking Dawn – Part 2
***ERROR:魔王 (1996年法德合作電影), The Ogre
***ERROR:加勒比女海盗2：斯塔涅蒂的报复, Pirates II: Stagnetti's Revenge
***ERROR:8½, 8½
***ERROR:灵魂战车2：复仇时刻, Ghost Rider: Spirit of Vengeance
***ERROR:猜·情·尋, Chasing Amy
***ERROR:危險性遊戲3, Cruel Intentions 3
***ERROR:天使聖物：骸骨之城, The Mortal Instruments: City of Bones
***ERROR:沉默之丘：啟示錄3D, Silent Hill: Revelation 3D
***ERROR:V怪客, V for Vendetta
***ERROR:はじまりの冒険者たち レジェンド・オブ・クリスタニア, Legend of Crystania
***ERROR:<刑事>, Duelist
***ERROR:歌舞青春3：畢業季, High School Musical 3: Senior Year
***ERROR:瓶中信 (電影), Message in a Bottle
***ERROR:終極警探4.0, Live Free or Die Hard
***ERROR:鐵娘IN工廠, Made in Dagenham
***ERROR:101真狗, 101 Dalmatians
***ERROR:加勒比海盗：黑珍珠号的诅咒, Pirates of the Caribbean: The Curse of the Black Pearl
***ERROR:魔法奇兵 (電影), Buffy the Vampire Slayer
***ERROR:安娜·卡列尼娜, Anna Karenina
***ERROR:迷踪：第9鹰团, The Eagle
***ERROR:玩命賭注13, 13
***ERROR:特洛伊：木馬屠城, Troy
***ERROR:安娜·克里斯蒂, Anna Christie
***ERROR:創：光速戰記, Tron: Legacy
***ERROR:迪亚戈 (电影), Django
***ERROR:迈克尔·杰克逊：就是这样, Michael Jackson's This Is It
***ERROR:教父2, The Godfather Part II
***ERROR:黑色閃電 (2009年電影), Black Lightning
***ERROR:卡薩諾瓦 (電影), Fellini's Casanova
***ERROR:牛仔褲的夏天2, The Sisterhood of the Traveling Pants 2
***ERROR:2LDK (電影), 2LDK
***ERROR:傑克：巨人戰紀, Jack the Giant Slayer
***ERROR:太陽劇團：奇幻世界, Cirque du Soleil: Worlds Away
***ERROR:虎胆龙威5, A Good Day to Die Hard
***ERROR:舞力全開4 3D, Step Up Revolution
***ERROR:13猛鬼, Thirteen Ghosts
***ERROR:4个月3星期零2天, "4 Months
***ERROR:科尼 2012, Kony 2012
***ERROR:Hey!Say!JUMPデビュ─＆ファ─ストコンサ─ト いきなり！in 東京ド─ム, Q11223320
***ERROR:醉拳III, Drunken Master III
***ERROR:狼人遊戲 (2012電影), Lobos de Arga
***ERROR:特種部隊 (電影), Basic
***ERROR:親密關係 (2001年電影), Intimacy
***ERROR:234說愛你, Married Life
***ERROR:親密關係 (電影), Terms of Endearment
***ERROR:2012, 2012
***ERROR:納尼亞傳奇：賈思潘王子, The Chronicles of Narnia: Prince Caspian
***ERROR:大侦探福尔摩斯2：诡影游戏, Sherlock Holmes: A Game of Shadows
***ERROR:加勒比海盗3：世界的尽头, Pirates of the Caribbean: At World's End
***ERROR:十三刺客 (2010年電影), 13 Assassins
***ERROR:霍比特人：意外旅程, The Hobbit: An Unexpected Journey
***ERROR:阿波羅18號, Apollo 18
***ERROR:弊傢伙…搞大咗, Knocked Up
***ERROR:星际旅行V：终极先锋, Star Trek V: The Final Frontier
***ERROR:舞出真我2, Step Up 2: The Streets
***ERROR:危險性遊戲2, Cruel Intentions 2
***ERROR:王的女人 (2006年電影), One Night with the King
***ERROR:九霄雲外 (1981年電影), Outland
***ERROR:穿著Prada的惡魔, The Devil Wears Prada
***ERROR:不可能的任務3, Mission: Impossible III
***ERROR:屍城30夜, 30 Days of Night
***ERROR:梦比优斯奥特曼&奥特兄弟, Ultraman Mebius & Ultraman Brothers
***ERROR:神奇寶貝劇場版：雪拉比 穿梭時空的相遇, Pokémon 4Ever
***ERROR:再生緣 (1965年電影), A Patch of Blue
***ERROR:木乃伊3：龙帝之墓, The Mummy: Tomb of the Dragon Emperor
***ERROR:波斯王子：时之刃, Prince of Persia: The Sands of Time
***ERROR:聯航93, United 93
***ERROR:生化危机：惩罚, Resident Evil: Retribution
***ERROR:北京55日, 55 Days at Peking
***ERROR:舞力全開3D, Step Up 3D
***ERROR:洛基第五集: 龍吟虎嘯, Rocky V
***ERROR:媽媽咪呀！, Mamma Mia!
***ERROR:阿波罗13号, Apollo 13
***ERROR:黑暗騎士：黎明昇起, The Dark Knight Rises
***ERROR:搬家 (電影), Moving
***ERROR:X战警：第一战, X-Men: First Class
***ERROR:天國與地獄 (電影), High and Low
***ERROR:极限特工2, XXX: State of the Union
***ERROR:小狐狸 (1980年電影), Foxes
***ERROR:蜘蛛人2, Spider-Man 2
***ERROR:À la folie…pas du tout, He Loves Me... He Loves Me Not
***ERROR:惡夜30: 黑暗再臨, 30 Days of Night: Dark Days
***ERROR:忘了、忘不了, The Notebook
***ERROR:洛奇3, Rocky III
***ERROR:Juno少女孕記, Juno
***ERROR:無我新生活 (2003年電影), My Life Without Me
***ERROR:超級瑪利歐兄弟 碧奇公主救出大作戰！, Super Mario Bros.: Peach-Hime Kyushutsu Dai Sakusen!
***ERROR:希爾德 (電影), Hilde
***ERROR:華氏911, Fahrenheit 9/11
***ERROR:初恋50次, 50 First Dates
***ERROR:波西傑克森：神火之賊, Percy Jackson & the Olympians: The Lightning Thief
***ERROR:猿人爭霸戰：猩凶革命, Rise of the Planet of the Apes
***ERROR:終極警探2, Die Hard 2
***ERROR:銀河監獄：但丁01, Dante 01
***ERROR:B'z LIVE-GYM Pleasure 2013 ENDLESS SUMMER -XXV BEST-, B'z Live-Gym Pleasure 2013 Endless Summer -XXV BEST-
***ERROR:Twitch Plays Pokémon, Twitch Plays Pokémon
***ERROR:300页iPhone账单, 300-page iPhone bill
***ERROR:KANJANI∞ LIVE TOUR!! 8EST ～大家的想法如何呢？我们的想法无限大！！, Q11227481
***ERROR:9nine聖誕2012〜聖夜大奏動♪〜, Q11299295
***ERROR:關西傑尼斯8 TOUR 2∞9 PUZZLE, Q11655505
***ERROR:吸血殭屍：驚情四百年, Bram Stoker's Dracula
***ERROR:哈利波特：火盃的考驗, Harry Potter and the Goblet of Fire
***ERROR:特種部隊：眼鏡蛇的崛起, G.I. Joe: The Rise of Cobra
***ERROR:驚狂 (電影), Lost Highway
***ERROR:踹球叫練 (2005年電影), Kicking & Screaming
***ERROR:魔鬼命令：重返戰場, Universal Soldier: The Return
***ERROR:入侵脑细胞2009, The Cell 2
***ERROR:我和奥逊·威尔斯, Me and Orson Welles
***ERROR:狐狸 (歌曲), The Fox (What Does the Fox Say?)
***ERROR:Kanayan Tour 2011 ～Summer～, Kanayan Tour 2011: Summer
***ERROR:異形2, Aliens
***ERROR:KANJANI∞ 五大ドームTOUR EIGHT×EIGHTER おもんなかったらドームすいません, Q11227483
***ERROR:雏菊 (广告), Daisy
***ERROR:蜘蛛人：驚奇再起, The Amazing Spider-Man
***ERROR:哈利波特：消失的密室, Harry Potter and the Chamber of Secrets
***ERROR:熱舞17, Dirty Dancing
***ERROR:日正当中 (电影), High Noon
***ERROR:派對X計劃, Project X
***ERROR:2001太空漫遊, 2001: A Space Odyssey
***ERROR:哈利波特：神秘的魔法石, Harry Potter and the Philosopher's Stone
***ERROR:哈利波特：鳳凰會的密令, Harry Potter and the Order of the Phoenix
***ERROR:終極警探3, Die Hard with a Vengeance
***ERROR:黑客帝国2：重装上阵, The Matrix Reloaded
***ERROR:OK牧場大決鬥, Gunfight at the O.K. Corral
***ERROR:兩分鐘警告 (1976年電影), Two-Minute Warning
***ERROR:霹靂嬌娃：全速進攻, Charlie's Angels: Full Throttle
***ERROR:獵殺大行動 (1996年電影), Heaven's Prisoners
***ERROR:錄到鬼3 腥嫁娘, REC 3: Genesis
***ERROR:貞子3D2, Sadako 3D 2
***ERROR:名偵探柯南：往天國的倒數計時, Detective Conan: Countdown to Heaven
***ERROR:2006年荷伯白宮演說, Stephen Colbert at the 2006 White House Correspondents' Association Dinner
***ERROR:幸運☆星 in 武道館 都是為了妳, Q11281281
***ERROR:馬戲團，賦歸武道館, Q11306154
***ERROR:約束之日 LAST APPEARANCE, Q11605161
***ERROR:火海浴血戰 (1955年電影), To Hell and Back
***ERROR:挪亞：滅世啟示, Noah
***ERROR:哈利·波特与死亡圣器（下）, Harry Potter and the Deathly Hallows – Part 2
***ERROR:壞男人 (電影), Bad Guy
***ERROR:失蹤人口 (2007年電影), Gone Baby Gone
***ERROR:手越增田 第3次巡迴演唱會 手越增田的魔法, Q17217509
***ERROR:愛情，不用尋找, Broken Flowers
***ERROR:蠟筆小新：襲來！！宇宙人Shiriri, Crayon Shin-chan: Invasion!! Alien Shiriri
***ERROR:天煞-地球反擊戰, Independence Day
***ERROR:異星爭霸戰：尊卡特傳奇, John Carter
***ERROR:异形3, Alien 3
***ERROR:初音未來DVD~impacts~, Q17219203
***ERROR:回到未來II, Back to the Future Part II
***ERROR:安妮·霍尔, Annie Hall
***ERROR:1996麻雀變鳳凰, Mrs. Winterbourne
***ERROR:Namie amuro 5 Major Domes Tour 2012 ~20th Anniversary Best~, Q11236333
***ERROR:神鬼認證：最後通牒, The Bourne Ultimatum
***ERROR:決戰3點10分 (1957年電影), 3:10 to Yuma
***ERROR:唱快人生 (2012年電影), Quartet
***ERROR:幻想曲2000, Fantasia 2000
***ERROR:電光飛鏢俠 (1983年電影), Krull
***ERROR:Utada Hikaru Unplugged, Utada Hikaru Unplugged
***ERROR:星夢淚痕 (1976年電影), A Star Is Born
***ERROR:無間道III：終極無間, Infernal Affairs III
***ERROR:倩女幽魂II：人間道, A Chinese Ghost Story II
***ERROR:跳躍吧！時空少女, The Girl Who Leapt Through Time
***ERROR:3D肉蒲團之極樂寶鑑, 3D Sex and Zen: Extreme Ecstasy
***ERROR:冒牌天神2, Evan Almighty
***ERROR:没有耳朵的兔子2两只耳朵的小鸡, Zweiohrküken
***ERROR:倩女幽魂III：道道道, A Chinese Ghost Story III
***ERROR:家庭事務 (電影), A Family Thing
***ERROR:VISUAL SHOCK Vol. 3 刺激², Q11252685
***ERROR:X戰警, X-Men
***ERROR:魔鬼終結者：未來救贖, Terminator Salvation
***ERROR:回到未來III, Back to the Future Part III
***ERROR:變形金剛3, Transformers: Dark of the Moon
***ERROR:半夜鬼上床：夢殺, A Nightmare on Elm Street
***ERROR:雷霆萬鈞 (電影), A Sound of Thunder
***ERROR:神探愛倫坡:黑鴉兇殺案, The Raven
***ERROR:你逃我也逃 (1983年电影), To Be or Not to Be
***ERROR:變形金剛：復仇之戰, Transformers: Revenge of the Fallen
***ERROR:指原莉乃製作「第一屆小指祭～偶像臨時總會～」, Yubi Matsuri
***ERROR:破曉開戰 (電影), "Tomorrow
***ERROR:簡‧愛, Jane Eyre
***ERROR:亨利五世 (1989年電影), Henry V
***ERROR:他傻瓜，誰聰明, Elling
***ERROR:龍哥你好嘢 (1991年電影), Oscar
***ERROR:危急時刻 (1955年電影), The Desperate Hours
***ERROR:玩命關頭4, Fast & Furious
***ERROR:激情 (電影), The Passion of Anna
***ERROR:美国派：集体露营, American Pie Presents: Band Camp
***ERROR:伴郎我最High, A Few Best Men
***ERROR:美國派4：美國重逢, American Reunion
***ERROR:金鋼狼：武士之戰, The Wolverine
***ERROR:還有一個真人秀「LIVE + DOCUMENTARY」, Q17231352
***ERROR:ONE PIECE FILM 強者天下, One Piece Film: Strong World
***ERROR:紅色小提琴 (1998年電影), The Red Violin
***ERROR:名偵探柯南：水平線上的陰謀, Detective Conan: Strategy Above the Depths
***ERROR:亞歷山大·涅夫斯基, Alexander Nevsky
***ERROR:你好，陌生人, Hello Stranger
***ERROR:暮光之城2：新月, The Twilight Saga: New Moon
***ERROR:特命戰隊Go Busters VS 海賊戰隊豪快者 THE MOVIE, Tokumei Sentai Go-Busters vs. Kaizoku Sentai Gokaiger: The Movie
***ERROR:派拉諾曼：靈動小子, ParaNorman
***ERROR:虎！虎！虎！, Tora! Tora! Tora!
***ERROR:小婦人 (1933年電影), Little Women
***ERROR:站台 (电影), Platform
***ERROR:《布利特》, Bullitt
***ERROR:名侦探柯南：世纪末的魔术师, Detective Conan: The Last Wizard of the Century
***ERROR:錦繡大地 (1958年電影), The Big Country
***ERROR:燙手山芋 (電影), The Hot Potato
***ERROR:雨衣 (電影), Raincoat
***ERROR:睡著或醒著的YUKIRIN世界～讓你沉迷喔～, Q17221318
***ERROR:紙人 (2009年電影), Paper Man
***ERROR:菜鳥霹靂膽 (1990年電影), The Rookie
***ERROR:神鬼團隊 (2001年電影), Mean Machine
***ERROR:靈動：鬼影實錄, Paranormal Activity
***ERROR:雷蒙·斯尼奇的不幸历险, Lemony Snicket's A Series of Unfortunate Events
***ERROR:克勞蒂夫人 (電影), The French Woman
***ERROR:黃飛鴻之三：獅王爭霸, Once Upon a Time in China III
***ERROR:龍的深處：失落的拼圖, Traces of a Dragon
***ERROR:手越增田 2nd LIVE 手越增田的爱, Tegomass 2nd Live: Tegomass no Ai
***ERROR:1st個人LIVE~睡著或醒著的YUKIRIN世界~, Q210775
***ERROR:AAA TOUR 2013 Eighth Wonder, Q17229384
***ERROR:回到17歲, 17 Again
***ERROR:猛鬼街III, A Nightmare on Elm Street 3: Dream Warriors
***ERROR:Sincerely Dears..., Sincerely Dears...
***ERROR:M就是凶手, M
***ERROR:驚爆13天, Thirteen Days
***ERROR:星球大戰動畫：複製人戰爭, Star Wars: The Clone Wars
***ERROR:超人II, Superman II
***ERROR:K-PAX (電影), K-PAX
***ERROR:關鍵救援72小時, The Next Three Days
***ERROR:小鬼當家3, Home Alone 3
***ERROR:Perfume 5th Tour 2014『轉轉轉』, Q18989596
***ERROR:Ayumi hamasaki COUNTDOWN LIVE 2014-2015 A Cirque de Minuit ～真夜中のサーカス～, Q19358437
***ERROR:B'z LIVE-GYM Pleasure 2008 -GLORY DAYS-, B'z Live-Gym Pleasure 2008: Glory Days
***ERROR:蓝精灵2, The Smurfs 2
***ERROR:GANTZ, Gantz
***ERROR:指环王：护戒使者, The Lord of the Rings: The Fellowship of the Ring
***ERROR:浪蕩基情70年代, Gay Sex in the 70s
***ERROR:驅·逐, Gran Torino
***ERROR:老人與海(動畫), The Old Man and the Sea
***ERROR:湯姆·瓊斯, Tom Jones
***ERROR:亡命夜巴黎 (1988年電影), Frantic
***ERROR:突然某一天4 死亡之林, Dark Forest
***ERROR:親親小媽 (1998年電影), Stepmom
***ERROR:边缘战士 (电影), Raw Deal
***ERROR:超級8, Super 8
***ERROR:3Rd個人LIVE ~睡著或醒著的YUKIRIN世界~會讓你更加着迷哦~, Q18651097
***ERROR:CHOICE IS YOURS, Choice Is Yours
***ERROR:製片人 (電影), The Producers
***ERROR:鼠來寶3, Alvin and the Chipmunks: Chipwrecked
***ERROR:Namie amuro LIVE STYLE 2014, Q18700300
***ERROR:Ayumi hamasaki PREMIUM SHOWCASE ～Feel the love～, Q18235084
***ERROR:Ayumi hamasaki DOME TOUR 2001 A, Ayumi Hamasaki Dome Tour 2001 A
***ERROR:齊柏林飛船DVD, Led Zeppelin DVD
***ERROR:洛奇4, Rocky IV
***ERROR:教父3, The Godfather Part III
***ERROR:最终幻想VII：降临之子, Final Fantasy VII: Advent Children
***ERROR:在夜晚 (專輯唱片), On the Night
***ERROR:300壯士：斯巴達的逆襲, 300
***ERROR:指环王：王者归来, The Lord of the Rings: The Return of the King
***ERROR:假面骑士×假面骑士 Fourze & OOO MOVIE大戰 MEGA MAX, Kamen Rider × Kamen Rider Fourze & OOO: Movie War Mega Max
***ERROR:劇場版 假面騎士OOO WONDERFUL 將軍與21枚核心硬幣, Kamen Rider OOO Wonderful: The Shogun and the 21 Core Medals
***ERROR:恐懼鬥室2, Saw II
***ERROR:醉后大丈夫II, The Hangover Part II
***ERROR:晚安，好运。, "Good Night
***ERROR:星际旅行X：复仇女神, Star Trek: Nemesis
***ERROR:亞瑟的奇幻王國：馬塔殺的復仇, Arthur and the Revenge of Maltazard
***ERROR:鼠來寶4, Alvin and the Chipmunks: The Road Chip
***ERROR:追凶30年, Eleni
***ERROR:色戒 (2001年電影), Samsara
***ERROR:蝙蝠俠：元年, Batman: Year One
***ERROR:看得见风景的房间 (电影), A Room with a View
***ERROR:神奇四俠：銀魔現身, Fantastic Four: Rise of the Silver Surfer
***ERROR:阿達一族2, Addams Family Values
***ERROR:複式2人世界, Duplex
***ERROR:OOO & W - 假面騎士 × OOO × W MOVIE大戰CORE, Kamen Rider × Kamen Rider OOO & W Featuring Skull: Movie War Core
***ERROR:OOO·电王·All Riders Let's Go Kamen Riders, "OOO
***ERROR:無盡的愛 (1981年電影), Endless Love
***ERROR:Heima, Heima
***ERROR:國家寶藏：古籍秘辛, National Treasure: Book of Secrets
***ERROR:白头神探3, Naked Gun 33⅓: The Final Insult
***ERROR:ALL SINGLES COMPLETE ～10th ANNIVERSARY～, Morning Musume All Singles Complete: 10th Anniversary
***ERROR:1408, 1408
***ERROR:1984, 1984
***ERROR:JSA安全地帶, Joint Security Area
***ERROR:冒牌貨 (電影), Schtonk!
***ERROR:黑色大理花懸案 (電影), The Black Dahlia
***ERROR:侏罗纪公园：失落的世界, The Lost World: Jurassic Park
***ERROR:Kis-My-Ft2 Kis-My-MiNT Tour at 東京巨蛋 2012.4.8, Q6612795
***ERROR:A museum ～30th single collection live～, 30th Single Collection Live
***ERROR:Ayumi_hamasaki_COUNTDOWN_LIVE_2009-2010_A_〜Future_Classics〜, Ayumi Hamasaki Countdown Live 2009-2010 A: Future Classics
***ERROR:Berryz工房Single V Clips (2), Q10846598
***ERROR:性治療~第四輯~, Q11072726
***ERROR:惊声尖叫2, Scream 2
***ERROR:龍紋身的女孩 (2009年電影), The Girl with the Dragon Tattoo
***ERROR:奪命狂呼4, Scream 4
***ERROR:88分鐘, 88 Minutes
***ERROR:"絢香 LIVE TOUR 2012 ""The beginning""～開始的時刻～", Q2948011
***ERROR:黑與藍 (影像專輯), Black and Blue
***ERROR:Ayumi hamasaki BEST of COUNTDOWN LIVE 2006-2007 A, Q6378212
***ERROR:NEWS LIVE DIAMOND, Q5968886
***ERROR:Vogue Far away SEASONS, Q10853231
***ERROR:我·發電, Q11074710
***ERROR:Namie amuro PLAY tour 2007, "Namie Amuro ""Play"" Tour 2007–2008"
***ERROR:奧德·菲爾, Z
***ERROR:秒速5公分, 5 Centimeters Per Second
***ERROR:曾經。愛是唯一, Once
***ERROR:21 世紀灰姑娘, A Cinderella Story
***ERROR:恐懼鬥室3, Saw III
***ERROR:鋼鐵人2, Iron Man 2
***ERROR:宮本武藏 一乘寺決鬥, Samurai II: Duel at Ichijoji Temple
***ERROR:唐山大地震 (电影), Aftershock
***ERROR:城市广场 (电影), Agora
***ERROR:飛離航道 (1990年電影), Air America
***ERROR:黑色大理花懸案 (電影), Ghost World
***ERROR:血染雪山堡 (电影), Where Eagles Dare
***ERROR:Tokyo incidents vol.1, Tokyo Incidents Vol. 1
***ERROR:偷吻 (1968年電影), Stolen Kisses
***ERROR:盜墓迷城2, The Mummy Returns
***ERROR:EXPV 1, EXPV 1
***ERROR:手越增田 1st LIVE TOUR 2009～手越增田之歌～, Q2898760
***ERROR:A clips, Q10846406
***ERROR:HAMASAKI AYUMI, Q10847374
***ERROR:性治療~第一輯~, Q11072723
***ERROR:性治療~第三輯~, Q11072724
***ERROR:性治療~第二輯~, Q11072725
***ERROR:A clips vol.2, Q10846407
***ERROR:Berryz工房Single V Clips (1), Q10846597
***ERROR:藍波3, Rambo III
***ERROR:天降美食2, Cloudy with a Chance of Meatballs 2
***ERROR:生化危機4：陰陽界, Resident Evil: Afterlife
***ERROR:驚聲尖叫3, Scream 3
***ERROR:驚爆九重天 (1979年電影), The Concorde ... Airport '79
***ERROR:CS Channel, CS Channel
***ERROR:ADULT VIDEO, Adult Video
***ERROR:AAA ARENA TOUR 2014 -Gold Symphony-, Q20041729
***ERROR:"""le 5 eme Anniversaire"" L'Histoire de 2000 a 2005", Q10843659
***ERROR:AAA 6th Anniversary Tour 2011.9.28 at Zepp Tokyo, Q10846282
***ERROR:Are You Ready To Lock On?! ～livescope at the JCB Hall～, Q10846460
***ERROR:COUNTDOWN LIVE 2009-2010 in 京瓷巨蛋大阪, Q10846718
***ERROR:Heat up!, Q10850909
***ERROR:Namie amuro LIVE STYLE 2011, Q10851900
***ERROR:"REMIOROMEN SPECIAL LIVE at SAITAMA SUPER ARENA 6th MAY,  2009"
***ERROR:鬼哭神嚎 (1979年電影), The Amityville Horror
***ERROR:勇者無懼 (電影), Amistad
***ERROR:一九四一 (電影), 1941
***ERROR:空军一号 (电影), Air Force One
***ERROR:危險人物 (1999年電影), Payback
***ERROR:生化危机：诅咒, Resident Evil: Damnation
***ERROR:愛你九週半2, Love in Paris
***ERROR:笑傲江湖II東方不敗, Swordsman II
***ERROR:美國派2, American Pie 2
***ERROR:華爾街：金錢萬歲, Wall Street: Money Never Sleeps
***ERROR:"Paradise,  Hawaiian Style (專輯)"
***ERROR:大放異彩 (2001年電影), Blow Dry
***ERROR:300勇士：帝国崛起, 300: Rise of an Empire
***ERROR:101夜情, Sex and Death 101
***ERROR:Ringo EXPO 08, Ringo Expo 08
***ERROR:GLAY EXPO '99 SURVIVAL LIVE IN MAKUHARI, Q9363314
***ERROR:GARNET CROW first live scope and document movie, Q10847231
***ERROR:GARNET CROW LIVESCOPE OF THE TWILIGHT VALLEY, Q10847229
***ERROR:Discovery (東京事變DVD), Discovery
***ERROR:3月9日武道館演唱會, Q10846091
***ERROR:AAA Heart to ♥ TOUR 2010, Q10846284
***ERROR:GARNET CROW live scope 2004 ～君という光～, Q10847232
***ERROR:GARNET CROW Special live in 仁和寺, Q10847230
***ERROR:Just can't help it., Q10851211
***ERROR:MTV Unplugged ayaka, Q10851579
***ERROR:Spa & Treatment, Q10852651
***ERROR:獵殺 (2003年電影), The Hunted
***ERROR:天堂之門 (電影), Heaven's Gate
***ERROR:鋼鐵人3, Iron Man 3
***ERROR:A 50 SINGLES ～LIVE SELECTION～, A 50 Singles: Live Selection
***ERROR:KODA KUMI LIVE TOUR 2007 ～Black Cherry～ SPECIAL FINAL in TOKYO DOME, Live Tour 2007: Black Cherry
***ERROR:恐懼鬥室4, Saw IV
***ERROR:电锯惊魂5, Saw V
***ERROR:後宮 (電影), Harem
***ERROR:參孫和達麗拉 (1949年電影), Samson and Delilah
***ERROR:沒有男人，女人更美, Women Without Men
***ERROR:阿基尔，上帝的愤怒, "Aguirre
***ERROR:阿飛正傳 (1955年電影), Rebel Without a Cause
***ERROR:What a beautiful moment, Q9375544
***ERROR:47 (關西傑尼斯8), Q10846107
***ERROR:AAA 4th Anniversary LIVE 090922 at Yokohama Arena, Q10846280
***ERROR:AAA 5th Anniversary LIVE 20100912 at Yokohama Arena, Q10846281
***ERROR:Ayaka LIVE Tour “First Message”, Q10846490
***ERROR:Excite!!, Q10847087
***ERROR:Kis-My-Ft2 Debut Tour 2011 Everybody Go at 橫濱體育館 2011.7.31, Q10851310
***ERROR:Kis-My-Ft再次相逢de Show vol.3 at 國立代代木第一體育館 2011.2.12, Q10851311
***ERROR:AAA Buzz Communication Deluxe Edition at SAITAMA SUPER ARENA, Q10846283
***ERROR:GARNET CROW livescope 2010 ～THE BEST TOUR～, Q10847233
***ERROR:Namie amuro PAST＜FUTURE tour 2010, Q10851901
***ERROR:Spirits!!, Q10852667
***ERROR:KODA KUMI LIVE TOUR 2010 ～UNIVERSE～, Live Tour 2010: Universe
***ERROR:慶祝日 (齊柏林飛船電影), Celebration Day
***ERROR:Ayumi hamasaki COUNTDOWN LIVE 2012-2013 A ～WAKE UP～, Ayumi Hamasaki Countdown Live 2012-2013 A: Wake Up
***ERROR:Ultra C, Ultra C
***ERROR:黑客帝国3：矩阵革命, The Matrix Revolutions
***ERROR:克里夫·布洛克, The Scarlet Empress
***ERROR:哈泰利 (1962年電影), Hatari!
***ERROR:精英部隊2：大敵當前, Elite Squad: The Enemy Within
***ERROR:玩命關頭5, Fast Five
***ERROR:致命反擊 (2012年電影), Get the Gringo
***ERROR:鬼屋3, Amityville 3-D
***ERROR:Dynamite in, Dynamite In
***ERROR:007大战皇家赌场, Casino Royale
***ERROR:龍年 (電影), Year of the Dragon
***ERROR:捍衛真相 (The Company You Keep), The Company You Keep
***ERROR:Agent Cody Banks 2：Destination London, Agent Cody Banks 2: Destination London
***ERROR:叛艦喋血記 (1935年電影), Mutiny on the Bounty
***ERROR:黑衣人3, Men in Black 3
***ERROR:X檔案：我要相信, The X-Files: I Want to Believe
***ERROR:狂野極速：飄移東京, The Fast and the Furious: Tokyo Drift
***ERROR:芭黎絲的1夜, 1 Night in Paris
***ERROR:納尼亞傳奇：黎明行者號, The Chronicles of Narnia: The Voyage of the Dawn Treader
***ERROR:食人鱼3DD, Piranha 3DD
***ERROR:蠟筆小新：超時空！風起雲湧 我的新娘, Crayon Shin-chan: Super-Dimension! The Storm Called My Bride
***ERROR:美国总统 (电影), The American President
***ERROR:轰天炮4, Lethal Weapon 4
***ERROR:星际旅行IV：抢救未来, Star Trek IV: The Voyage Home
***ERROR:少年PI的奇幻漂流, Life of Pi
***ERROR:一千零一夜 (1974年电影), Arabian Nights
***ERROR:敢死队2, The Expendables 2
***ERROR:攻擊13號警局, Assault on Precinct 13
***ERROR:星际传奇2, The Chronicles of Riddick
***ERROR:自然法则：吸引定律, The Secret
***ERROR:真相 (1979年電影), ...And Justice for All
***ERROR:我愛紅娘 (電影), "Hello
***ERROR:地心历险记2：神秘岛, Journey 2: The Mysterious Island
***ERROR:博物館驚魂夜2, Night at the Museum: Battle of the Smithsonian
***ERROR:怵目驚魂28天, Donnie Darko
***ERROR:太極張三豐 (電影), Tai Chi Master
***ERROR:七龍珠Z 單獨一人的最終決戰～向弗利札挑戰的Z戰士孫悟空之父～, Dragon Ball Z: Bardock – The Father of Goku
***ERROR:衝鋒飛車隊3, Mad Max Beyond Thunderdome
***ERROR:洛奇2, Rocky II
***ERROR:龍飛鳳舞 (1983年電影), Staying Alive
***ERROR:痛愛ing, ...ing
***ERROR:黑超特警組2, Men in Black II
***ERROR:異國情緣 (2005年電影), The White Countess
***ERROR:少年鳄鱼队3, The Crocodiles - All for one
***ERROR:"""花鳥風月""10周年紀念巡迴演唱會", Q11185148
***ERROR:當風吹起的時候 (1986年電影), When the Wind Blows
***ERROR:魔法師的學徒 (2010年電影), The Sorcerer's Apprentice
***ERROR:瑪琳 (1984電影), Marlene
***ERROR:阿基里斯與烏龜 (電影), Achilles and the Tortoise
***ERROR:哥吉拉 最後戰役, Godzilla: vs kong war
***ERROR:消失的1943 II, Philadelphia Experiment II
***ERROR:薄荷糖 (韓國電影), Peppermint Candy
***ERROR:拯救綠色星球!, Save the Green Planet!
***ERROR:梦幻飞船之惊奇号（第一部）, Traumschiff Surprise – Periode 1
***ERROR:刀鋒戰士3, Blade: Trinity
***ERROR:Fun in Acapulco (專輯), Fun in Acapulco
***ERROR:轉折點 (電影), The Turning Point
***ERROR:暮光之城3：蝕, The Twilight Saga: Eclipse
***ERROR:神鬼認證：神鬼疑雲, The Bourne Supremacy
***ERROR:Amazing Grace (電影), Amazing Grace
***ERROR:藍天使 (電影), The Blue Angel
***ERROR:火之戰 (電影), Quest for Fire
***ERROR:決勝21點, 21
***ERROR:刺杀本·拉登, Zero Dark Thirty
***ERROR:鐵金剛Z對惡魔人, Mazinger Z vs. Devilman
***ERROR:戀夏500日, (500) Days of Summer
***ERROR:西部執法者 (1976年電影), The Outlaw Josey Wales
***ERROR:惡靈古堡3：大滅絕, Resident Evil: Extinction
***ERROR:假面骑士W Forever A至Z/命运的Gaia Memory, Kamen Rider W Forever: A to Z/The Gaia Memories of Fate
***ERROR:德州電鋸殺人狂3, Leatherface: The Texas Chainsaw Massacre III
***ERROR:德州電鋸殺人狂4, Texas Chainsaw Massacre: The Next Generation
***ERROR:特務戇J, Johnny English
***ERROR:看看我，聽聽我, Look at Me
***ERROR:深渊 (1989年), The Abyss
***ERROR:AAA 3rd Anniversary Live 080922-080923 日本武道館, Q11187673
***ERROR:Ayumi hamasaki Limited TA LIVE TOUR, Q11190619
***ERROR:暮光之城：無懼的愛, Twilight
***ERROR:刀鋒戰士2, Blade II
***ERROR:治療 (2006年電影), The Treatment
***ERROR:X戰警：金鋼狼, X-Men Origins: Wolverine
***ERROR:哈利·波特与死亡圣器 (上), Harry Potter and the Deathly Hallows – Part 1
***ERROR:島 (韓國電影), The Isle
***ERROR:風暴大火 (1998年電影), Firestorm
***ERROR:BOHEMIAN SUMMER 2000, Bohemian Summer 2000
***ERROR:狂蟒之灾2, Anacondas: The Hunt for the Blood Orchid
***ERROR:AAA TOUR 2008 -ATTACK ALL AROUND- at NHK HALL on 4th of April, Q11188718
***ERROR:AAA TOUR 2012 -777- TRIPLE SEVEN, Q11188722
***ERROR:B'z LIVE-GYM 2011 -C'mon-, Q11190699
***ERROR:今生，緣未了, Afterwards
***ERROR:愛，婚了頭, The Wedding
***ERROR:24小時觸目驚心, 24 Hour Psycho
***ERROR:名偵探柯南：絕海的偵探, Detective Conan: Private Eye in the Distant Sea
***ERROR:异形4：浴火重生, Alien: Resurrection
***ERROR:愛，不悔, No Regret
***ERROR:I AM. - SM家族青春傳記電影, I AM.
***ERROR:血之期中考：死題, Death Bell
***ERROR:紅字 (2004年電影), The Scarlet Letter
***ERROR:下水 (電影), Going Overboard
***ERROR:飆風特警 (2001年電影), Texas Rangers
***ERROR:再見薩巴達 (1970年電影), "Adiós
***ERROR:魔鬼玉米田3, Children of the Corn III: Urban Harvest
***ERROR:緊急搜捕令 (1973年電影), Magnum Force
***ERROR:2009失去的记忆, 2009: Lost Memories
***ERROR:三更2, Three... Extremes
***ERROR:朝鮮名偵探：高山烏頭花的秘密, Detective K: Secret of the Virtuous Widow
***ERROR:2nd Anniversary Live -5th ATTACK 070922- 日本武道馆, Q11187416
***ERROR:B'z LIVE-GYM 2008 -ACTION-, Q11190697
***ERROR:B'z LIVE-GYM 2001 -ELEVEN-, Q11190694
***ERROR:B'z LIVE-GYM 2005 -CIRCLE OF ROCK-, Q11190696
***ERROR:哈利波特：混血王子的背叛, Harry Potter and the Half-Blood Prince
***ERROR:加勒比海盗2：聚魂棺, Pirates of the Caribbean: Dead Man's Chest
***ERROR:巴黎，德州, "Paris
***ERROR:女孩 (2001年電影), Mädchen
***ERROR:七天 (電影), Seven Days
***ERROR:惡靈古堡2：啟示錄, Resident Evil: Apocalypse
***ERROR:24小時狂歡派對, 24 Hour Party People
***ERROR:艾美麗雅：伴妳啟航, Amelia
***ERROR:X戰警2, X2
***ERROR:阿爾發城 (電影), Alphaville
***ERROR:101忠狗, One Hundred and One Dalmatians
***ERROR:The Flock (電影), The Flock
***ERROR:绝地战警2, Bad Boys II
***ERROR:賽納 (電影), Senna
***ERROR:牙齒 (電影), One Hundred Steps
***ERROR:科倫拜校園事件 (電影), Bowling for Columbine
***ERROR:綁架愛情100天, 100 Days with Mr. Arrogant
***ERROR:血之期中考2, Death Bell 2: Bloody Camp
***ERROR:七龍珠Z 熱戰、烈戰、超激戰, Dragon Ball Z: Broly – The Legendary Super Saiyan
***ERROR:女高怪談3：狐狸階梯, Wishing Stairs
***ERROR:愛情，說來可笑, Hahaha
***ERROR:我‧看見惡魔, I Saw the Devil
***ERROR:雲之彼端，約定的地方, The Place Promised in Our Early Days
***ERROR:指环王：双塔奇兵, The Lord of the Rings: The Two Towers
***ERROR:27件禮服的秘密, 27 Dresses
***ERROR:胡桃鉗 3D, The Nutcracker in 3D
***ERROR:喜悅 (電影), To Joy
***ERROR:納尼亞傳奇：獅子·女巫·魔衣櫥, "The Chronicles of Narnia: The Lion
***ERROR:2004神鬼妙計, Foolproof
***ERROR:另一個女人 (1988年電影), Another Woman
***ERROR:柯波帝：冷血告白, Capote
***ERROR:王牌大賤諜2, Austin Powers: The Spy Who Shagged Me
***ERROR:神偷、獵人、斷指客, "The Good
***ERROR:2046, 2046
***ERROR:德古拉2000, Dracula 2000
***ERROR:野蠻師生2, "My Boss
***ERROR:鬼追人2, Phantasm II
***ERROR:魔鬼尖兵 (1996年電影), The Glimmer Man
***ERROR:28天, 28 Days
***ERROR:打雜詩人 (2005年電影), Factotum
***ERROR:解剖 (电影), Anatomy
***ERROR:青苔：死亡異域, Moss
***ERROR:28日後, 28 Days Later
***ERROR:301 302, 301
***ERROR:赛罗·奥特曼 THE MOVIE 超决战！贝利亚银河帝国, Ultraman Zero: The Revenge of Belial
***ERROR:父辈的旗帜 (电影), Flags of Our Fathers
***ERROR:美国派：索爱天书, American Pie Presents: The Book of Love
***ERROR:美国派：集体裸奔, American Pie Presents: The Naked Mile
***ERROR:YMCA野球團, YMCA Baseball Team
***ERROR:我的Do Re Mi男孩, Do Re Mi Fa So La Ti Do
***ERROR:卡特·安妮和里特·比里奇斯, Cattle Annie and Little Britches
***ERROR:絕地50呎女巨人, Attack of the 50 Foot Woman
***ERROR:攔截目擊者 (1990年電影), Narrow Margin
***ERROR:美国派：兄弟会, American Pie Presents: Beta House
***ERROR:亂葬崗(電影), R-Point
***ERROR:非诚勿扰2, If You Are the One 2
***ERROR:28週後, 28 Weeks Later
***ERROR:入侵脑细胞2000, The Cell
***ERROR:狂蟒之灾1, Anaconda
***ERROR:美國派3:美國婚禮, American Wedding
***ERROR:證人 (1985年電影), Witness
***ERROR:千年湖 (2003年韓國電影), The Legend of the Evil Lake
***ERROR:后宫：帝王之妾, The Concubine
***ERROR:夜幕低垂 (電影), When Night Is Falling
***ERROR:悍將奇兵 (1997年電影), Breakdown
***ERROR:星際大戰首部曲：威脅潛伏, Star Wars: Episode I – The Phantom Menace
***ERROR:魔鬼命令：轟天決戰, Universal Soldier: Day of Reckoning
***ERROR:星际旅行III：石破天惊, Star Trek III: The Search for Spock
***ERROR:我的Band 5男友, My Tutor Friend
***ERROR:星际旅行II：可汗怒吼, Star Trek II: The Wrath of Khan
***ERROR:麻婆島2, Mapado 2: Back to the Island
***ERROR:銀色·性·男女, Short Cuts
***ERROR:長江7號, CJ7
***ERROR:土耳其軟糖 (電影), Turkish Delight
***ERROR:蝙蝠俠：開戰時刻, Batman Begins
***ERROR:神鬼任務 (電影), The Art of War
***ERROR:光海，成为王的男人, Masquerade
***ERROR:末日危城：王者之役, In the Name of the King
***ERROR:9/11, 9/11
***ERROR:X戰警：最後戰役, X-Men: The Last Stand
***ERROR:星艦奇航記VIII：戰鬥巡航, Star Trek: First Contact
***ERROR:愛別人出聲 (1991年電影), Shattered
***ERROR:黑天使 ELEKTRA, Elektra
***ERROR:賭俠1999, The Conman
***ERROR:神鬼認證4, The Bourne Legacy
***ERROR:你看見死亡的顏色嗎？, Dead Man
***ERROR:變蠅人II, The Fly II
***ERROR:Most Wanted (1997年電影), Most Wanted
***ERROR:信徒 (電影), The Believer
***ERROR:小人物狂想曲 (電影), American Splendor
***ERROR:死亡禁地 (電影), The Dead Zone
***ERROR:大鼻子情聖：戀愛操作團, Cyrano Agency
***ERROR:电影43, Movie 43
***ERROR:斯大林格勒 (2013年电影), Stalingrad
***ERROR:蒙地卡羅/山寨公主, Monte Carlo
***ERROR:心理醫師 (電影), Shrink
***ERROR:11-11-11, 11-11-11
***ERROR:刀斧手 (電影), The Headsman
***ERROR:画皮II, Painted Skin: The Resurrection
***ERROR:终结者2：审判日, Terminator 2: Judgment Day
***ERROR:活屍地獄 (2008年電影), Day of the Dead
***ERROR:驚爆危機 (電影), The Tailor of Panama
***ERROR:讓愛傳出去 (電影), Pay It Forward
***ERROR:美色殺人狂2, American Psycho 2
***ERROR:我是凱撒，十歲半，一百三十九公分, "I
***ERROR:陰宅 (2005年電影), The Amityville Horror
***ERROR:烏龍大頭兵 (1981年電影), Stripes
***ERROR:維根斯坦 (電影), Wittgenstein
***ERROR:騙局 (2006年電影), The Hoax
***ERROR:核戰怪物 (電影), The Toxic Avenger
***ERROR:征服 1453, Fetih 1453
***ERROR:屍蹤狂想曲 (2005年電影), The Big White
***ERROR:福音戰士新劇場版：破, Evangelion: 2.0 You Can (Not) Advance
***ERROR:我老婆是大佬2, My Wife Is a Gangster 2
***ERROR:12怒漢：大審叛, 12
***ERROR:星际迷航2, Star Trek Into Darkness
***ERROR:决战猩球 (1973年电影), Battle for the Planet of the Apes
***ERROR:L.A. Story (1991年電影), L.A. Story
***ERROR:我的野蠻女友2:蠻風再現, Windstruck
***ERROR:復仇者 (1998年電影), The Avengers
***ERROR:安娜·卡列尼娜 (1967年), Anna Karenina
***ERROR:鱼缸 (电影), Fish Tank
***ERROR:大地 (1937年电影), The Good Earth
***ERROR:神奇寶貝劇場版：比克提尼與黑英雄 捷克羅姆/白英雄 雷希拉姆, Pokémon the Movie: Black—Victini and Reshiram and White—Victini and Zekrom
***ERROR:蝴蝶 (2002年電影), The Butterfly
***ERROR:麥克阿瑟 (1977年電影), MacArthur
***ERROR:巴馬科 (2006年電影), Bamako
***ERROR:奪命 (2012年電影), Seven Below
***ERROR:來去美國 (1988年電影), Coming to America
***ERROR:龍之戰（디워）, D-War
***ERROR:弓 (電影), The Bow
***ERROR:127小时, 127 Hours
***ERROR:人中之龍 劇場版, Like a Dragon
***ERROR:中天 (電影), The Restless
***ERROR:自動對焦 (電影), Auto Focus
***ERROR:默默 (1986年電影), Momo
***ERROR:金錢或人生！, Q664883
***ERROR:7月20日 (電影), The Plot to Assassinate Hitler
***ERROR:連鎖反應 (1996年電影), Chain Reaction
***ERROR:復仇 (1958年電影), Vengeance
***ERROR:超人：鋼鐵英雄, Man of Steel
***ERROR:Girl Happy (專輯), Girl Happy
***ERROR:機動警察2 劇場版, Patlabor 2: The Movie
***ERROR:哥吉拉×美加基拉斯 G消滅作戰, Godzilla vs. Megaguirus
***ERROR:只為了好玩 (2003年電影), Just for Kicks
***ERROR:星際大戰五部曲：帝國大反擊, Star Wars Episode V: The Empire Strikes Back
***ERROR:雙面情人 (電影), Sliding Doors
***ERROR:神鬼尖兵 (1992年電影), Sneakers
***ERROR:王牌大賤諜3, Austin Powers in Goldmember
***ERROR:蝙蝠侠与急冻人：冰点危机, Batman & Mr. Freeze: SubZero
***ERROR:禍水 (電影), Water
***ERROR:化妝師 (電影), The Dresser
***ERROR:火拼時速3, Rush Hour 3
***ERROR:27宜嫁, A Dirty Carnival
***ERROR:劇場版美少女戰士SuperS, Sailor Moon Super S: The Movie
***ERROR:我的老婆是大佬3, My Wife Is a Gangster 3
***ERROR:納粹集中營 (電影), The Grey Zone
***ERROR:8月32日, August 32nd on Earth
***ERROR:星際大戰二部曲：複製人全面進攻, Star Wars Episode II: Attack of the Clones
***ERROR:自由之日：我们的国防军, Tag der Freiheit: Unsere Wehrmacht
***ERROR:魔鬼任務 (1991年電影), F/X2
***ERROR:伴我走天涯2, Hearty Paws 2
***ERROR:黑暗之地 (2006年電影), In a Dark Place
***ERROR:極限：殘殺煉獄, Martyrs
***ERROR:加勒比海盜 神鬼奇航：幽靈海, Pirates of the Caribbean: On Stranger Tides
***ERROR:候選人 (1972年電影), The Candidate
***ERROR:假面骑士 THE FIRST, Kamen Rider: The First
***ERROR:絕命尬車2, Death Race 2
***ERROR:印地安納瓊斯：水晶骷髏王國, Indiana Jones and the Kingdom of the Crystal Skull
***ERROR:激情 (電影), Passion
***ERROR:狗神 INUGAMI（2001年）, Q668694
***ERROR:聖女之歌 (1943年電影), The Song of Bernadette
***ERROR:自由之路 (2010年電影), The Way Back
***ERROR:選美俏臥底2姿整任務, Miss Congeniality 2: Armed and Fabulous
***ERROR:飢餓遊戲2：星火燎原, The Hunger Games: Catching Fire
***ERROR:魯本，魯本, "Reuben
***ERROR:夢精記2, Wet Dreams 2
***ERROR:舊愛，還是最美, Flashbacks of a Fool
***ERROR:阿達vs醫生誰怕誰, The Couch Trip
***ERROR:寂寞芳心 (電影), The Lonely Passion of Judith Hearne
***ERROR:星際大戰六部曲：絕地大反攻, Star Wars Episode VI: Return of the Jedi
***ERROR:哈里·布朗, Harry Brown
***ERROR:驚天動地60秒, Gone in 60 Seconds
***ERROR:蒙娜麗莎 (電影), Mona Lisa
***ERROR:早安 (1959年電影), Good Morning
***ERROR:V字特攻隊, Vampires
***ERROR:BALLAD 無名戀歌, Ballad
***ERROR:獵犬 (電影), Hounddog
***ERROR:牢獄 (電影), Prison
***ERROR:王牌大賤諜1, Austin Powers: International Man of Mystery
***ERROR:黃飛鴻之二：男兒當自強, Once Upon a Time in China II
***ERROR:碧血長天 (1980年電影), The Final Countdown
***ERROR:橋 (電影), Die Brücke
***ERROR:職業特工隊2, Mission: Impossible II
***ERROR:蒼白騎士 (1985年電影), Pale Rider
***ERROR:戰爭遊戲 (1983年電影), WarGames
***ERROR:他們！, Them!
***ERROR:圍城13天：阿拉莫戰役, The Alamo
***ERROR:奪魂鋸3D, Saw 3D
***ERROR:法國香頌Di Da Di, Same Old Song
***ERROR:七龍珠Z 超戰士, Dragon Ball Z: Broly – Second Coming
***ERROR:美國小子 (1986年電影), Lucas
***ERROR:福音戰士新劇場版：Q, Evangelion: 3.33 You Can (Not) Redo
***ERROR:白头神探2½：恐怖的气味, The Naked Gun 2½: The Smell of Fear
***ERROR:史酷比2：怪兽偷跑, Scooby-Doo 2: Monsters Unleashed
***ERROR:傻瓜 (韓國電影), BABO
***ERROR:那小子真帥 (電影), He Was Cool
***ERROR:靈 (電影), Dead Friend
***ERROR:索拉力星 (2002年電影), Solaris
***ERROR:姜哲中-公共之敵1-1, Public Enemy Returns
***ERROR:妖夜尋狼：血姬覺醒, Underworld: Awakening
***ERROR:星际旅行IX：起义, Star Trek: Insurrection
***ERROR:你丫闭嘴！, Tais-toi !
***ERROR:你整我，我整你, Trading Places
***ERROR:蜘蛛人3, Spider-Man 3
***ERROR:安德烈·鲁布廖夫 (电影), Andrei Rublev
***ERROR:小精靈2, Gremlins 2: The New Batch
***ERROR:LIS太空號, Lost in Space
***ERROR:福音戰士新劇場版：序, Evangelion: 1.0 You Are (Not) Alone
***ERROR:粉紅豹2, The Return of the Pink Panther
***ERROR:蠟筆小新：動感超人大戰泳裝魔王, Crayon Shin-chan: Action Kamen vs Leotard Devil
***ERROR:憤怒 (1978年電影), The Fury
***ERROR:Nowhere (電影), Nowhere
***ERROR:吸菸/不吸菸, Smoking/No Smoking
***ERROR:芭芭拉·拉什, Rollerball
***ERROR:時刻 (電影), 8 Seconds
***ERROR:無事生非 (1994年電影), Clerks
***ERROR:U-571, U-571
***ERROR:渾身是勁 (1984年電影), Footloose
***ERROR:大審判 (電影), The Verdict
***ERROR:名侦探柯南：沉默的15分钟, Detective Conan: Quarter of Silence
***ERROR:永恆之歌 (電影), The Song Remains the Same
***ERROR:最毒婦人心 (1964年電影), "Hush… Hush
***ERROR:海綿寶寶 - 海神王皇冠, The SpongeBob SquarePants Movie
***ERROR:不可能的任務：鬼影行動, Mission: Impossible – Ghost Protocol
***ERROR:納若維河之戰 (電影), Battle of Neretva
***ERROR:殺手不眨眼2, The Whole Ten Yards
***ERROR:毀滅戰士 (電影), Doom
***ERROR:致命武器II, Lethal Weapon 2
***ERROR:警察 (1985年電影), Police
***ERROR:鍋匠 裁縫 士兵 間諜, Tinker Tailor Soldier Spy
***ERROR:漂亮的小白臉，可憐的小白臉, Just a Gigolo
***ERROR:重返奧茲國 (1985年電影), Return to Oz
***ERROR:公诉拉里·弗兰特, The People vs. Larry Flynt
***ERROR:英雄本色III夕陽之歌, A Better Tomorrow 3
***ERROR:致命武器3, Lethal Weapon 3
***ERROR:情色陷阱 (1998年電影), Palmetto
***ERROR:單挑 (電影), He Got Game
***ERROR:傻愛成真 (1997年電影), Fools Rush In
***ERROR:星际旅行VI：未来之城, Star Trek VI: The Undiscovered Country
***ERROR:哥吉拉×摩斯拉×機械哥吉拉 東京SOS, Godzilla: Tokyo S.O.S.
***ERROR:BJ單身日記, Bridget Jones's Diary
***ERROR:大雄的恐龍2006, Doraemon: Nobita's Dinosaur 2006
***ERROR:巴黎心 楓葉情, Emotional Arithmetic
***ERROR:Loups-Garous 应避开的狼, Loups=Garous
***ERROR:最终命令 -最终幻想VII-, Last Order: Final Fantasy VII
***ERROR:驚聲尖笑3, Scary Movie 3
***ERROR:Moscow on the Hudson, Moscow on the Hudson
***ERROR:凶兆 (2006年電影), The Omen
***ERROR:摯愛關係 (2005年電影), Loverboy
***ERROR:擦鞋童 (電影), Shoeshine
***ERROR:七寶奇謀 (電影), The Goonies
***ERROR:女狼俱樂部 (2000年電影), Coyote Ugly
***ERROR:烙印 (1975年電影), The Man in the Glass Booth
***ERROR:神奇寶貝劇場版：裂空的訪問者 代歐奇希斯, Pokémon: Destiny Deoxys
***ERROR:劇場版美少女戰士R, Sailor Moon R: The Movie
***ERROR:猛鬼街VII, Wes Craven's New Nightmare
***ERROR:80分鐘死亡直播, REC
***ERROR:大卫·戈尔的一生, The Life of David Gale
***ERROR:007：皇家赌场, Casino Royale
***ERROR:菲爾·傑克森, Following
***ERROR:少年福爾摩斯 (1985年電影), Young Sherlock Holmes
***ERROR:捕蠅紙 (電影), Flypaper
***ERROR:P.S. 我愛你, P.S. I Love You
***ERROR:美國LOL：我的愛情我的夢, LOL
***ERROR:新·大雄與鐵人兵團, Doraemon: Nobita and the New Steel Troops—Winged Angels
***ERROR:遁天神盜 2, Dhoom 2
***ERROR:七龍珠 最強之道, Dragon Ball: The Path to Power
***ERROR:三大怪獸 地球最大決戰, "Ghidorah
***ERROR:終極復仇者2, Ultimate Avengers 2
***ERROR:蠟筆小新：不理不理王國的秘寶, Crayon Shin-chan: The Secret Treasure of Buri Buri Kingdom
***ERROR:再見國王 (1989年電影), Farewell to the King
***ERROR:死者 (電影), The Dead
***ERROR:狄俄尼索斯在69年, Dionysus in '69
***ERROR:法外出擊 (1991年電影), Out for Justice
***ERROR:情慾2重奏, The Last Mistress
***ERROR:電影 Yes! 光之美少女5 鏡之國的奇蹟大冒險!, Yes! Pretty Cure 5
***ERROR:资本主义：一个爱情故事, Capitalism: A Love Story
***ERROR:冰上公主 (2005年電影), Ice Princess
***ERROR:全面追捕令 (1976年電影), The Enforcer
***ERROR:我的19歲, The Bachelor
***ERROR:死囚168小时, Dead Man Walking
***ERROR:黑荊棘 (電影), Blackthorn
***ERROR:天使 (1937年電影), Angel
***ERROR:錦繡天堂 (1954年電影), Brigadoon
***ERROR:愛麗絲(電影), Alice
***ERROR:六壯士（電影）, The Guns of Navarone
***ERROR:大西洋城 (電影), Atlantic City
***ERROR:萬王之王：耶穌傳, King of Kings
***ERROR:超人III, Superman III
***ERROR:环游世界八十天 (1956年电影), Around the World in 80 Days
***ERROR:猛鬼1000, House of 1000 Corpses
***ERROR:昨日、今日、明日, "Yesterday
***ERROR:驚險之旅 (1993年電影), Arctic Blue
***ERROR:名不虛傳 (1950年電影), The Magnificent Yankee
***ERROR:搖擺情事 (2004年電影), De-Lovely
***ERROR:西部英雄约拿·哈克斯, Jonah Hex
***ERROR:公主日記2：皇家婚約, The Princess Diaries 2: Royal Engagement
***ERROR:Cape Fear (1962年電影), Cape Fear
***ERROR:我的大嚿婚禮, My Big Fat Greek Wedding
***ERROR:比佛利山超級警探2：轟天雷, Beverly Hills Cop II
***ERROR:艾德·伍德, Ed Wood
***ERROR:安卡 (電影), Anak
***ERROR:給自己的情歌 (電影), My Own Love Song
***ERROR:鐵拳：血之復仇, Tekken: Blood Vengeance
***ERROR:克里斯·拉塔, Havoc
***ERROR:Love and Bullets (1979年電影), Love and Bullets
***ERROR:杀手：代号47, Hitman
***ERROR:一曲相思情未了 (1990年電影), The Fabulous Baker Boys
***ERROR:拳霸3, Ong Bak 3
***ERROR:数字中的真相：维基百科的故事, Truth in Numbers?
***ERROR:蜡笔小新 笨蛋好吃！B級美食大逃亡！, Crayon Shin-chan: Very Tasty! B-class Gourmet Survival!!
***ERROR:大奧～永遠～【右衛門·綱吉篇】, Ōoku: Eien - Emonnosuke · Tsunayoshi-hen
***ERROR:眼鏡蛇 (1986年電影), Cobra
***ERROR:納粹狂魔 (1969年電影), The Damned
***ERROR:凶兆 (2012年電影), Sinister
***ERROR:毛髮 (電影), Hair
***ERROR:贖金之王2：皇廷激戰, Shanghai Knights
***ERROR:北郊1936年, Paris 36
***ERROR:戰略大作戰/temp, Kelly's Heroes
***ERROR:G.I. Blues (艾維斯·普里斯萊專輯), G.I. Blues
***ERROR:48小時闖天關, Another 48 Hrs.
***ERROR:大魔域３：飛進未來, The NeverEnding Story III
***ERROR:衝出封鎖線3, Behind Enemy Lines: Colombia
***ERROR:瘋狂世界 (2006年電影), Idlewild
***ERROR:隨身變2：我們才是一家人, Nutty Professor II: The Klumps
***ERROR:黑獄風雲 (2002年電影), Half Past Dead
***ERROR:恐怖兔子3D, Tormented
***ERROR:衝向天外天 (1985年電影), Explorers
***ERROR:Creep (電影), Creep
***ERROR:巔峰戰士 (1993年電影), Cliffhanger
***ERROR:信仰 (音樂影像), Devotional
***ERROR:异种2, Species II
***ERROR:金法尤物2：白宮粉緊張, "Legally Blonde 2: Red
***ERROR:驚聲尖笑2, Scary Movie 2
***ERROR:南京！南京！, City of Life and Death
***ERROR:蓝光 (电影), The Blue Light
***ERROR:無間道II, Infernal Affairs II
***ERROR:我的B型男友, My Boyfriend Is Type B
***ERROR:火影忍者劇場版：大活劇！雪姬忍法帖！！, Naruto the Movie: Ninja Clash in the Land of Snow
***ERROR:火影忍者劇場版：大興奮！三日月島上的動物騷亂, Naruto the Movie: Guardians of the Crescent Moon Kingdom
***ERROR:魔界屋2, Troll 2
***ERROR:明天 (電影), Toomorrow
***ERROR:德古拉 (1958年電影), Dracula
***ERROR:致命ID, Identity
***ERROR:三人有三個夢想 (1999年電影), Wonderland
***ERROR:烈日灼身2, Burnt by the Sun 2
***ERROR:X女郎, Madame X
***ERROR:超越顛峰 (1987年電影), Over the Top
***ERROR:Break Up (1998年電影), Break Up
***ERROR:性、愛情、漢堡飽, Frankie and Johnny
***ERROR:草坪 (電影), La terrazza
***ERROR:劇場版 鋼之鍊金術師 森巴拉的征服者, Fullmetal Alchemist the Movie: Conqueror of Shamballa
***ERROR:傑克萊恩︰詭影任務, Jack Ryan: Shadow Recruit
***ERROR:超危險特工2：狠戰, RED 2
***ERROR:伴娘HOLD不住, Bachelorette
***ERROR:花落花開 (電影), Séraphine
***ERROR:三角洲 (2008年電影), Delta
***ERROR:緊急動員 (1998年電影), The Siege
***ERROR:Clambake (專輯), Clambake
***ERROR:賽德克·巴萊, Warriors of the Rainbow: Seediq Bale
***ERROR:K歌情人, Music and Lyrics
***ERROR:發生於7月20日, Jackboot Mutiny
***ERROR:科學怪人 (1994年電影), Frankenstein
***ERROR:父亲 (1966年电影), Father
***ERROR:白痴 (電影), The Idiots
***ERROR:DOCUMENTARY of AKB48 to be continued 10年後，少女們對自己有什麼想法？, Q900910
***ERROR:福祿雙霸天 2000, Blues Brothers 2000
***ERROR:火拼時速2, Rush Hour 2
***ERROR:鬼屋24小時, Nothing but Trouble
***ERROR:機動戰士Z GUNDAM, Mobile Suit Zeta Gundam
***ERROR:七龍珠Z 極限之戰!!三大超級賽亞人, Dragon Ball Z: Super Android 13!
***ERROR:哥吉拉·伊比拉·摩斯拉 南海大決鬥, Godzilla vs. the Sea Monster
***ERROR:賭神2, God of Gamblers Returns
***ERROR:索比堡，1943年10月14日下午4時, "Sobibor
***ERROR:銀河生死戀5555, Interstella 5555: The 5tory of the 5ecret 5tar 5ystem
***ERROR:46億年之戀, "Big Bang Love
***ERROR:HERO, Hero
***ERROR:砲彈飛車2, Cannonball Run II
***ERROR:諸神的黃昏 (電影), Ludwig
***ERROR:不能說的·秘密, Secret
***ERROR:歡喜冤家 (1982年電影), Author! Author!
***ERROR:公然挑戰 (1986年電影), Equinox
***ERROR:杀人是我的职业，亲爱的, Mord ist mein Geschäft
***ERROR:機飛總動員 (1991年電影), Hot Shots!
***ERROR:機械戰警 2, RoboCop 2
***ERROR:生死時速2, Speed 2: Cruise Control
***ERROR:王子復仇記 (1996年電影), Hamlet
***ERROR:月光光心慌慌·殺清光, Halloween
***ERROR:セマッタ霊(レイ), Pet Sematary
***ERROR:壓榨 (電影), Extract
***ERROR:21玩過界, 21 & Over
***ERROR:GS美神極樂大作戰, Ghost Sweeper Mikami
***ERROR:煙 (電影), Smoke
***ERROR:絕命尬車 2000, Death Race 2000
***ERROR:电锯惊魂6, Saw VI
***ERROR:超劇場版 Keroro軍曹, Keroro Gunsō the Super Movie
***ERROR:驚心動魄 (2000年電影), Unbreakable
***ERROR:休·格里夫斯, Princess O'Rourke
***ERROR:拿命.COM, FeardotCom
***ERROR:蛇蛋 (電影), The Serpent's Egg
***ERROR:征服四海 (1992年電影), Christopher Columbus: The Discovery
***ERROR:野蠻城市 (1997年電影), Jungle 2 Jungle
***ERROR:メイクアップ！セーラー戦士, Sailor Moon R: Special
***ERROR:永远的三丁目的夕阳 64年, Always Sanchōme no Yūhi '64
***ERROR:波特小姐：比得兔的故事, Miss Potter
***ERROR:地獄怪客2：金甲軍團, Hellboy II: أحمد شدهان العبد المحمد
***ERROR:蘇捷什卡戰役 (戰役), The Battle of Sutjeska
***ERROR:20 30 40, 20 30 40
***ERROR:劏樓大盜, Tower Heist
***ERROR:神奇寶貝劇場版：超夢的逆襲, Pokémon: The First Movie: Mewtwo Strikes Back
***ERROR:絕世好Bra, La Brassiere
***ERROR:桃太郎 海的神兵, Momotarō: Umi no Shinpei
***ERROR:機動戰艦 The prince of darkness, Martian Successor Nadesico: The Motion Picture – Prince of Darkness
***ERROR:勿忘我 (電影), Hearts in Atlantis
***ERROR:絕命時刻 (1995年電影), Nick of Time
***ERROR:魔術 (電影), Magic
***ERROR:尼克鬆 (電影), Nixon
***ERROR:南京1937, Don't Cry
***ERROR:火光 (1997年電影), Firelight
***ERROR:準午前十時 (1960年電影), Village of the Damned
***ERROR:翁贝尔托·D, Umberto D.
***ERROR:外出用餐2：調情時刻, Eating Out 2: Sloppy Seconds
***ERROR:瘋狂店員2, Clerks II
***ERROR:聖堂風雲2, The Skulls II
***ERROR:機械戰警 3, RoboCop 3
***ERROR:劍·花·煙雨·江南, To Kill with Intrigue
***ERROR:頭文字D, Initial D
***ERROR:異獸戰2, Aliens vs. Predator: Requiem
***ERROR:天下父母心 (1988年電影), She's Having a Baby
***ERROR:超劇場版 Keroro軍曹 2 深海的公主, Chō Gekijōban Keroro Gunsō 2: Shinkai no Princess de Arimasu!
***ERROR:超劇場版 Keroro軍曹 3 Keroro VS Keroro 天空大決戰, Keroro Gunso the Super Movie 3: Keroro vs. Keroro Great Sky Duel
***ERROR:異種 2011, The Thing
***ERROR:霹靂炮III, Beverly Hills Cop III
***ERROR:愛的代價 (電影), Extraordinary Measures
***ERROR:色，戒 (電影), "Lust
***ERROR:時空旅人之妻 (電影), The Time Traveler's Wife
***ERROR:羞恥 (1968年電影), Shame
***ERROR:那些年，我們一起追的女孩, You Are the Apple of My Eye
***ERROR:魔法褓母麥克菲2, Nanny McPhee and the Big Bang
***ERROR:玩命快遞2, Transporter 2
***ERROR:AC/DC搖滾演唱會, AC/DC: Let There Be Rock
***ERROR:世界尽头 (电影), The World's End
***ERROR:名侦探柯南：第11位前锋, Detective Conan: The Eleventh Striker
***ERROR:上流社會 (1956年電影), High Society
***ERROR:阿瓦隆 (电影), Avalon
***ERROR:霍比特人：荒谷惡龍, The Hobbit: The Desolation of Smaug
***ERROR:理性與感性 (2008年電視短劇), Sense and Sensibility
***ERROR:終極尖兵 (1991年電影), The Last Boy Scout
***ERROR:機飛總動員2, Hot Shots! Part Deux
***ERROR:男兒本色 (1993年電影), Sommersby
***ERROR:拳王阿里 電影原聲帶, The Greatest
***ERROR:荒原狼 (1974年電影), Steppenwolf
***ERROR:拳霸2, Ong Bak 2
***ERROR:英雄本色II, A Better Tomorrow 2
***ERROR:條頓騎士團 (電影), Knights of the Teutonic Order
***ERROR:Die Stille nach dem Schuß, The Legend of Rita
***ERROR:48小時 (1982年電影), 48 Hrs.
***ERROR:哈比人：奇境再返, The Hobbit: The Battle of the Five Armies
***ERROR:孟漢娜3D立體演唱會, Hannah Montana & Miley Cyrus: Best of Both Worlds Concert
***ERROR:法蘭西大革命（影片）, La Révolution française
***ERROR:哥吉拉×機械哥吉拉, Godzilla Against Mechagodzilla
***ERROR:絕命終結站5, Final Destination 5
***ERROR:特務風雲：中情局誕生秘辛, The Good Shepherd
***ERROR:BJ單身日記：男人禍水, Bridget Jones: The Edge of Reason
***ERROR:铁血战士2, Predator 2
***ERROR:火線反擊 (2012年電影), Safe
***ERROR:Death Wish (1974年電影), Death Wish
***ERROR:致命女人香 (1994年電影), Bad Girls
***ERROR:情來．算盡愛, Proof
***ERROR:呼嘯山莊(日本電影), Wuthering Heights
***ERROR:法律之上 (1988年電影), Above the Law
***ERROR:特技人 (1980年電影), The Stunt Man
***ERROR:粉红豹 (2006年电影), The Pink Panther
***ERROR:風之門：情繫西西里島, Baarìa
***ERROR:惡靈空間２, Boogeyman 2
***ERROR:羅密歐·布拉斯的房間, A Room for Romeo Brass
***ERROR:白鹿原 (电影), White Deer Plain
***ERROR:驅魔 (2005年電影), The Exorcism of Emily Rose
***ERROR:K-19：寡妇制造者, K-19: The Widowmaker
***ERROR:街头霸王：春丽传, Street Fighter: The Legend of Chun-Li
***ERROR:野草 (2009年電影), Wild Grass
***ERROR:"我, 我自己和艾琳"
***ERROR:玫瑰少年 (1997年電影), Ma vie en rose
***ERROR:马尔科姆·X, Sue X
***ERROR:狗狗旅館 (2009年電影), Hotel for Dogs
***ERROR:閣樓 (2008年電影), Loft
***ERROR:洛奇6, Rocky Balboa
***ERROR:轟天殺手 (1995年電影), Bad Company
***ERROR:蜜 (電影), Honey
***ERROR:鬥魚 (1983年電影), Rumble Fish
***ERROR:神鬼拍檔 (2002年電影), Bad Company
***ERROR:早熟 (2005年電影), 2 Young
***ERROR:假面騎士ZO, Kamen Rider ZO
***ERROR:特務戇J之救國大業, Johnny English Reborn
***ERROR:異邦人 無皇刃譚, Sword of the Stranger
***ERROR:伊莉莎白：輝煌年代, Elizabeth: The Golden Age
***ERROR:牡丹花下 (1971年電影), The Beguiled
***ERROR:BLEACH劇場版：鑽石星塵的反叛 另一個冰輪丸, Bleach: The DiamondDust Rebellion
***ERROR:第7度感應, Red Lights
***ERROR:為愛，贖命, Anything for Her
***ERROR:星际旅行VII：日换星移, Star Trek: Generations
***ERROR:BLEACH 漂靈：劇場版－別處的記憶, Bleach: Memories of Nobody
***ERROR:轟天雷 (電影), The Detonator
***ERROR:劇場版 動物之森, Dōbutsu no Mori
***ERROR:新世紀福音戰士劇場版：死與新生, Neon Genesis Evangelion: Death & Rebirth
***ERROR:贖命24小時, Butterfly on a Wheel
***ERROR:全面追緝令 (電影), Along Came a Spider
***ERROR:姊姊的守護者 (電影), My Sister's Keeper
***ERROR:蝙蝠 (电影), Bats
***ERROR:貴客光臨 (1990年電影), My Blue Heaven
***ERROR:House (1986年電影), House
***ERROR:小婦人 (1994年電影), Little Women
***ERROR:月光光心慌慌2, Halloween II
***ERROR:地球戰場 (電影), Battlefield Earth
***ERROR:大逃殺2, Battle Royale II: Requiem
***ERROR:第六感追緝令2, Basic Instinct 2
***ERROR:法網難逃 (2002年電影), The Badge
***ERROR:粉紅豹2：有惡豹, The Pink Panther 2
***ERROR:黑雨(1989年日本版), Black Rain
***ERROR:玩命快遞3, Transporter 3
***ERROR:蝙蝠侠：神秘的女蝙蝠侠, Batman: Mystery of the Batwoman
***ERROR:縮小了的美神!!, The Incredible Shrinking Man
***ERROR:恐怖英雄 (1988年電影), Hero and the Terror
***ERROR:蝙蝠俠與羅賓 (短片), Batman and Robin
***ERROR:野兽男孩 (2011年电影), Beastly
***ERROR:布朗森 (電影), Bronson
***ERROR:拜見岳父大人3, Little Fockers
***ERROR:Gold (1974年), Gold
***ERROR:伴妳同行 (2001年電影), Sleepless
***ERROR:勾引陌生人 (2007年電影), Perfect Stranger
***ERROR:浩劫後 (1983年電影), The Day After
***ERROR:"一路順""瘋"" (1987年電影)", "Planes
***ERROR:人皮殺手 (2000年電影), In the Light of the Moon
***ERROR:蝙蝠侠 (1966年电影), Batman
***ERROR:忠奸人（美國）, Donnie Brasco
***ERROR:蝙蝠侠：幽灵的面具, Batman: Mask of the Phantasm
***ERROR:李小龍 (電影), "Bruce Lee
***ERROR:傑西·L·馬丁, Beverly Hills Ninja
***ERROR:波兒出城之妖壇教祖3點「畢露」搞硬美國佬, Brüno
***ERROR:巨變之後：人口為零, Aftermath: Population Zero
***ERROR:死神來了2, Final Destination 2
***ERROR:死神來了3, Final Destination 3
***ERROR:剃刀邊緣 (1980年電影), Dressed to Kill
***ERROR:童魘 (電影), Spider
***ERROR:老兄，我的車上哪兒去了？, "Dude
***ERROR:美國：從自由到法西斯主義, America: Freedom to Fascism
***ERROR:魔咒 (2005年電影), Cursed
***ERROR:Ken, Ken
***ERROR:角色 (電影), Character
***ERROR:《江湖客》, Soldier of Fortune
***ERROR:慾望城市2, Sex and the City 2
***ERROR:絕命終結站4, The Final Destination
***ERROR:街頭霸王II電影, Street Fighter II: The Animated Movie
***ERROR:追殺比爾2：愛的大逃殺, Kill Bill Volume 2
***ERROR:网络惊魂2.0, The Net 2.0
***ERROR:八甲田山(電影), Mount Hakkoda
***ERROR:賞金戀人：Ex檔案, The Bounty Hunter
***ERROR:魔宮帝國 (電影), Mortal Kombat
***ERROR:切·格瓦拉 (电影), Che Part 1: The Argentine
***ERROR:攔截時光隧道 (1989年電影), Millennium
***ERROR:面具 (電影), Mask
***ERROR:七龍珠Z 世上最強之人, Dragon Ball Z: The World's Strongest
***ERROR:El Niño Pez, The Fish Child
***ERROR:別讓我走 (電影), Never Let Me Go
***ERROR:反恐怖戰隊 (1982年電影), Who Dares Wins
***ERROR:1967年同名電影, Bedazzled
***ERROR:內陸帝國 (電影), Inland Empire
***ERROR:夜班 (電影), Night Shift
***ERROR:ONE PIECE FILM Z, One Piece Film: Z
***ERROR:神奇寶貝劇場版：神速的蓋諾賽克特 超夢覺醒, Pokémon the Movie: Genesect and the Legend Awakened
***ERROR:蠟筆小新：小白的屁屁炸彈, Crayon Shin-chan: The Storm Called: The Singing Buttocks Bomb
***ERROR:蠟筆小新：風起雲湧！不理不理3分鐘大進攻, Crayon Shin-chan: The Legend Called Buri Buri 3 Minutes Charge
***ERROR:靈能力者BATTLE ROYAL, Trick the Movie: Psychic Battle Royale
***ERROR:嘿·貝貝兒！, Heyy Babyy
***ERROR:千瘡百孔 (電影), Bug
***ERROR:黑鷹計畫 (2001年電影), Track Down
***ERROR:永遠的三丁目的夕陽2, Always Zoku Sanchōme no Yūhi
***ERROR:海海人生 (電影), The Life Aquatic with Steve Zissou
***ERROR:charlie and the chocolate factory, Willy Wonka & the Chocolate Factory
***ERROR:NANA 2, Nana 2
***ERROR:SOS酷暑殺手, Summer of Sam
***ERROR:大法師3, The Exorcist III
***ERROR:紐約，紐約, "New York
***ERROR:蠟筆小新：爆發！溫泉激烈大決戰, Crayon Shin-chan: Explosion! The Hot Spring's Feel Good Final Battle
***ERROR:重生 (2004年電影), Birth
***ERROR:零点定理 (电影), The Zero Theorem
***ERROR:圈套 (電影), Trick
***ERROR:魔女遊戲 (1996年電影), The Craft
***ERROR:孔子 (電影), Confucius
***ERROR:AV, A.V.
***ERROR:異形殺戮：終極戰場, AVH: Alien vs. Hunter
***ERROR:雙胞胎(電影), Gemini
***ERROR:上司、下屬、同事, Q1151946
***ERROR:劫後餘生 (1997年電影), The Truce
***ERROR:圈套劇場版2, Trick 2
***ERROR:雌雄莫辨 (1982年電影), Victor Victoria
***ERROR:新世紀福音戰士劇場版：THE END OF EVANGELION, The End of Evangelion
***ERROR:色·誘, Chloe
***ERROR:Π, Pi
***ERROR:光之美少女 All Stars DX3 傳達到未來！連結世界☆彩虹之花！, Q1085305
***ERROR:約克軍曹 (電影), Sergeant York
***ERROR:阿馬爾菲 女神的報酬, Amalfi: Rewards of the Goddess
***ERROR:我的巨人 (1998年電影), My Giant
***ERROR:棄寶之島：遙與魔法鏡, Oblivion Island: Haruka and the Magic Mirror
***ERROR:神奇寶貝劇場版：神奇寶貝保育家與蒼海的王子 瑪納霏, Pokémon Ranger and the Temple of the Sea
***ERROR:瑪格麗特 (2011年電影), Margaret
***ERROR:突击队员 (电影), Commando
***ERROR:歡樂今宵 (1963年電影), Bye Bye Birdie
***ERROR:霸凌 (2001年電影), Bully
***ERROR:外出就餐1：憨直处男, Eating Out
***ERROR:卡薩諾瓦 (2005年電影), Casanova
***ERROR:地獄第19層, Q1003135
***ERROR:11·25自決之日, 11:25 The Day He Chose His Own Fate
***ERROR:劇場版 超·假面騎士電王 & Decade 新世代 鬼島的戰艦, Cho Kamen Rider Den-O & Decade Neo Generations: The Onigashima Warship
***ERROR:蠟筆小新：Amigo！森巴入侵計畫, Crayon Shin-chan: The Legend Called: Dance! Amigo!
***ERROR:蠟筆小新：怒吼吧！春日部野生王國, Crayon Shin-chan: Roar! Kasukabe Animal Kingdom
***ERROR:蠟筆小新：風起雲湧的金矛勇者, Crayon Shin-chan: The Storm Called: The Hero of Kinpoko
***ERROR:玩轉列斯聯 (電影), The Damned United
***ERROR:第六感生死戀（亞洲版）, Ghost: Mouichido Dakishimetai
***ERROR:驚聲尖笑5, Scary Movie 5
***ERROR:壁虎人2：黑色的星球, Cicakman 2 – Planet Hitam
***ERROR:向左走·向右走, "Turn Left
***ERROR:巴黎情人，紐約沙發, A Couch in New York
***ERROR:逃學威龍3之龍過雞年, Fight Back to School III
***ERROR:残虐你，娱乐我, Amusement
***ERROR:比佛利拜金狗2, Beverly Hills Chihuahua 2
***ERROR:遜咖冒險王2：葛瑞不能說的祕密, Diary of a Wimpy Kid: Rodrick Rules
***ERROR:一首PUNK歌救地球, Fish Story
***ERROR:神奇寶貝劇場版：夢幻之神奇寶貝 洛奇亞爆誕, Pokémon: The Movie 2000: The Power of One
***ERROR:馬永貞 (1972年電影), Boxer from Shantung
***ERROR:缅甸起义：看不到的真相, Burma VJ
***ERROR:惡靈入侵：少年軍團, Child's Play 3
***ERROR:早安，巴比倫, "Good Morning
***ERROR:面孔 (電影), The Magician
***ERROR:比佛利拜金狗3, Beverly Hills Chihuahua 3: Viva la Fiesta!
***ERROR:鋼之鍊金術師 嘆息之丘的聖星, Fullmetal Alchemist: The Sacred Star of Milos
***ERROR:1935淘金女郎, Gold Diggers of 1935
***ERROR:進入墳場2, Pet Sematary Two
***ERROR:新·大雄的宇宙開拓史, Doraemon: The New Record of Nobita: Spaceblazer
***ERROR:爆粗Band友, Detroit Metal City
***ERROR:藍 (電影), Blue
***ERROR:1987大懸案, Manhunter
***ERROR:侏羅紀公園3, Jurassic Park III
***ERROR:吾愛吾父 (1989年電影), Dad
***ERROR:黑月 (电影), Black Moon
***ERROR:精子也瘋狂 (1993年電影), Made in America
***ERROR:養鬼吃人7：死亡使者, Hellraiser
***ERROR:如果·愛, Perhaps Love
***ERROR:加油印度！, Chak De! India
***ERROR:德州電鋸殺人狂AV版, Camp Cuddly Pines Powertool Massacre
***ERROR:40惑不惑？, This Is 40
***ERROR:密碼46, Code 46
***ERROR:绿灯侠：翡翠骑士, Green Lantern: Emerald Knights
***ERROR:終極鬥士3：贖罪, Undisputed III: Redemption
***ERROR:那年夏天，宁静的海, A Scene at the Sea
***ERROR:蒙面俠蘇洛2：不朽傳奇, The Legend of Zorro
***ERROR:凶宅(2003年電影), Cold Creek Manor
***ERROR:赫夫·波森諾, "Captain Newman
***ERROR:魔法少女奈葉 The MOVIE 1st, Q872438
***ERROR:幸運13, Lucky 13
***ERROR:浮世繪 (1986年電影), Caravaggio
***ERROR:神探，你好神, Camouflage
***ERROR:最佳情．敵, Duplicity
***ERROR:CIA驚世大行動, Mulholland Falls
***ERROR:藍領階級 (電影), Blue Collar
***ERROR:年輕槍手II, Young Guns II
***ERROR:劇場版 旋風管家 HEAVEN IS A PLACE ON EARTH, Hayate the Combat Butler! Heaven Is a Place on Earth
***ERROR:黑貓II：刺殺葉利欽, Black Cat II: The Assassination of President Yeltsin
***ERROR:湯瑪士小火車 Calling All Engines!, Calling All Engines
***ERROR:猪头逛大街2, Harold & Kumar Escape from Guantanamo Bay
***ERROR:榮歸 (1978年電影), Coming Home
***ERROR:索女·喪屍·機關槍, Planet Terror
***ERROR:天生贏家 (電影), Bob Roberts
***ERROR:玫瑰戰爭 (電影), The War of the Roses
***ERROR:送行者：禮儀師的樂章, Departures
***ERROR:街頭霸王 (電影), Boyz n the Hood
***ERROR:丹敦(1983年電影), Danton
***ERROR:9月懷胎 (1995年電影), Nine Months
***ERROR:超劇場版 Keroro軍曹 4 逆襲的龍勇士, Keroro Gunso the Super Movie 4: Gekishin Dragon Warriors
***ERROR:血戰：最後的吸血鬼, Blood: The Last Vampire
***ERROR:神奇寶貝劇場版：七夜的許願星 基拉祈, Pokémon: Jirachi Wish Maker
***ERROR:神奇寶貝劇場版：夢幻與波導的勇者 路卡利歐, Pokémon: Lucario and the Mystery of Mew
***ERROR:神奇寶貝劇場版：結晶塔的帝王, Pokémon 3: The Movie: Spell of the Unown
***ERROR:罪魁禍首 (電影), Suspect Zero
***ERROR:蠟筆小新：風起雲湧的叢林冒險, Crayon Shin-chan: The Storm Called The Jungle
***ERROR:Shane (1953年電影), Shane
***ERROR:光之美少女 All Stars New Stage2 心之朋友, Eiga Pretty Cure All Stars New Stage 2
***ERROR:超劇場版 Keroro軍曹 5 誕生！究極Keroro奇蹟的時空之島！！, "Keroro Gunso the Super Movie: Creation! Ultimate Keroro
***ERROR:名人錄 (電影), Celebrity
***ERROR:大冒險家：森林王子, Rudyard Kipling's The Jungle Book
***ERROR:1947年版本, The Secret Life of Walter Mitty
***ERROR:暗黑天使1990, I Come in Peace
***ERROR:胭脂虎新傳 (電影), Carmen Jones
***ERROR:愛，讓悲傷終結, Rabbit Hole
***ERROR:大製騙家 (1999年電影), Bowfinger
***ERROR:蠟筆小新：風起雲湧！光榮燒肉之路, Crayon Shin-chan: The Storm Called: Yakiniku Road of Honor
***ERROR:沸點 (1993年電影), Boiling Point
***ERROR:魔繭 (1985年電影), Cocoon
***ERROR:致命紫羅蘭 Code044, Ultraviolet
***ERROR:茱莉亞 (1977年電影), Julia
***ERROR:神奇寶貝劇場版：水都的守護神 拉帝亞斯與拉帝歐斯, Pokémon Heroes
***ERROR:神奇寶貝劇場版：決戰時空之塔 帝牙盧卡VS帕路奇犽VS達克萊伊, Pokémon: The Rise of Darkrai
***ERROR:新空房禁地3, Castle Freak
***ERROR:39號特案, Case 39
***ERROR:血肉森林2, Wrong Turn 2: Dead End
***ERROR:死前之吻 (1991年電影), A Kiss Before Dying
***ERROR:衝鋒飛車隊2, Mad Max 2
***ERROR:殺戮都市 (1991年電影), Showdown in Little Tokyo
***ERROR:蜡笔小新 风起云涌！我的宇宙公主！, Crayon Shin-chan: The Storm Called!: Me and the Space Princess
***ERROR:錄到鬼2：屍控, REC 2
***ERROR:古墓奇兵2：風起雲湧, Lara Croft Tomb Raider: The Cradle of Life
***ERROR:比利小子 (電影), Pat Garrett and Billy the Kid
***ERROR:名偵探柯南：迷宮的十字路, Detective Conan: Crossroad in the Ancient Capital
***ERROR:ONE PIECE 機關城的機械巨兵, Q1048739
***ERROR:白痴 (1951年電影), The Idiot
***ERROR:手下不留情 (1984年電影), The Evil That Men Do
***ERROR:不如重新開始 (1993年電影), This Boy's Life
***ERROR:猫狗大战2, Cats & Dogs: The Revenge of Kitty Galore
***ERROR:驚聲尖笑4, Scary Movie 4
***ERROR:名偵探柯南：引爆摩天樓, Detective Conan: The Time Bombed Skyscraper
***ERROR:YaYa私密日記, Divine Secrets of the Ya-Ya Sisterhood
***ERROR:喜劇之王 (1983年電影), The King of Comedy
***ERROR:消失的1943, The Philadelphia Experiment
***ERROR:蛮王柯南 (2011年电影), Conan the Barbarian
***ERROR:X接觸-來自異世界, Existenz
***ERROR:暴火線13, Assault on Precinct 13
***ERROR:我行我素 (電影), I Walk the Line
***ERROR:超人IV：寻求和平, Superman IV: The Quest for Peace
***ERROR:遊戲王－怪獸之決鬥 光之金字塔, Yu-Gi-Oh! The Movie: Pyramid of Light
***ERROR:ONE PIECE 祭典男爵與神祕島, One Piece: Baron Omatsuri and the Secret Island
***ERROR:蠟筆小新 風起雲湧！黃金的間諜大作戰！, Crayon Shin-chan: The Storm Called: Operation Golden Spy
***ERROR:靈數23, The Number 23
***ERROR:狙擊精英 (1993年電影), Sniper
***ERROR:致命化身 (1996年電影), Mary Reilly
***ERROR:揭竿而起 (电影), Catch a Fire
***ERROR:蠟筆小新：雲黑齋的野心, Crayon Shin-chan: Unkokusai's Ambition
***ERROR:世界大戰 (1953年電影), The War of the Worlds
***ERROR:中央車站 (電影), Central Station
***ERROR:戰士聯盟幫 (電影), The Warriors
***ERROR:六度分隔 (電影), Six Degrees of Separation
***ERROR:角頭情聖 (1995年電影), Things to Do in Denver When You're Dead
***ERROR:鬼使神差 (1987年電影), Batteries Not Included
***ERROR:爵士歌手 (1980年電影), The Jazz Singer
***ERROR:各懷鬼胎 (2001年電影), Heist
***ERROR:屠夫 (1970年電影), The Butcher
***ERROR:不安 (電影), Anxiety
***ERROR:紐約大怪談 (1987年電影), The Believers
***ERROR:大怪獸格鬥 超銀河傳說 THE MOVIE, Mega Monster Battle: Ultra Galaxy
***ERROR:一球成名2, Goal II: Living the Dream
***ERROR:怒海爭鋒：極地征伐, Master and Commander: The Far Side of the World
***ERROR:冷戰諜魂 (電影), The Spy Who Came in from the Cold
***ERROR:黑巖喋血記 (1955年電影), Bad Day at Black Rock
***ERROR:即刻救援2, Taken 2
***ERROR:死蠢鬥一番3D, Jackass 3D
***ERROR:兩生花 (電影), The Double Life of Véronique
***ERROR:Smile, Smile
***ERROR:兄弟 (2001年電影), Brother
***ERROR:超自然现象3, Paranormal Activity 3
***ERROR:奇蹟 (1992年電影), Lorenzo's Oil
***ERROR:攻殼機動隊2 INNOCENCE, Ghost in the Shell 2: Innocence
***ERROR:極惡非道2, Beyond Outrage
***ERROR:溫特的故事：泳不放棄, Dolphin Tale
***ERROR:贞子3D, Sadako 3D
***ERROR:閃電十一人GO 究極之絆 獅鷲獸, Inazuma Eleven GO: Kyūkyoku no Kizuna Gurifon
***ERROR:控制 (2007年電影), Control
***ERROR:幸福黃手絹 (2010), The Yellow Handkerchief
***ERROR:名偵探柯南：貝克街的亡靈, Detective Conan: The Phantom of Baker Street
***ERROR:翡翠森林 (1984年電影), The Emerald Forest
***ERROR:兒子 (2002年電影), The Son
***ERROR:造雨人 (1982年電影), The Rainmaker
***ERROR:養子15歲, "Patrik
***ERROR:しあわせのパン(幸福的麵包), Shiawase no Pan
***ERROR:姦情 (2005年電影), Monamour
***ERROR:托多·莫多, Todo modo
***ERROR:琳達！琳達！, Linda Linda Linda
***ERROR:美人魚 (1984年電影), Splash
***ERROR:太空先鋒 (電影), The Right Stuff
***ERROR:性感追捕令 (1994年電影), Chasers
***ERROR:月亮上的男人 (1999年電影), Man on the Moon
***ERROR:虎媽宅子 (2013年電影), The Guilt Trip
***ERROR:典當商 (電影), The Pawnbroker
***ERROR:凱撒必須死：舞台重生, Caesar Must Die
***ERROR:新大陸 (1972年電影), The New Land
***ERROR:西方文明的衰落第二部: 金屬歲月, The Decline of Western Civilization Part II: The Metal Years
***ERROR:替身 (電影), Body Double
***ERROR:歡樂合唱團:3D演唱會, Glee: The 3D Concert Movie
***ERROR:植物园 (电影), The Chinese Botanist's Daughters
***ERROR:神奇寶貝劇場版：酋雷姆VS聖劍士 凱路迪歐, Pokémon the Movie: Kyurem vs. the Sword of Justice
***ERROR:豪快者 護星者 超級戰隊199英雄大決戰, Gokaiger Goseiger Super Sentai 199 Hero Great Battle
***ERROR:閃電十一人 最強軍團王牙來襲, Inazuma Eleven: Saikyō Gundan Ōga Shūrai
***ERROR:墓地邂逅2, Grave Encounters
***ERROR:痴呆症 (電影), Dementia 13
***ERROR:疑犯 (1981年電影), Absence of Malice
***ERROR:簡·愛 (1943年電影), Jane Eyre
***ERROR:小公主 (電影), A Little Princess
***ERROR:光之美少女 All Stars DX2 希望之光☆守護彩虹寶石！, Q1070164
***ERROR:馴悍記 (1967年電影), The Taming of the Shrew
***ERROR:泰坦尼克号 (1953年电影), Titanic
***ERROR:性福大師 (2002年電影), The Guru
***ERROR:燈紅酒綠 (1988年電影), "Bright Lights
***ERROR:第27章, Chapter 27
***ERROR:生命最後之旅/temp, Japón
***ERROR:假面騎士×假面騎士W & Decade Movie大戰2010, Kamen Rider × Kamen Rider W & Decade: Movie War 2010
***ERROR:親戚麥計較 (2005年電影), "Yours
***ERROR:All Riders VS Great Shocker, Kamen Rider Decade: All Riders vs. Dai-Shocker
***ERROR:大震撼 (電影), When Time Ran Out
***ERROR:太陽之戰 (電影), The Royal Hunt of the Sun
***ERROR:神鬼尖兵2, The Boondock Saints II: All Saints Day
***ERROR:福爾摩斯：恐怖之聲, Sherlock Holmes and the Voice of Terror
***ERROR:懼乳：傷心的奶水, The Milk of Sorrow
***ERROR:風起雲湧！夕陽下的春日部男孩, Crayon Shin-chan: The Storm Called: The Kasukabe Boys of the Evening Sun
***ERROR:風起雲湧！猛烈！大人帝國的反擊, Crayon Shin-chan: The Storm Called: The Adult Empire Strikes Back
***ERROR:火線驚爆點 (1997年電影), Shadow Conspiracy
***ERROR:超女·強勢回歸, My Super Ex-Girlfriend
***ERROR:Help!四人是偶像, Help!
***ERROR:ONE PIECE 發條島的冒險, Q1186160
***ERROR:天裝戰隊護星者VS真劍者 Epic on 銀幕, Tensou Sentai Goseiger vs. Shinkenger: Epic on Ginmaku
***ERROR:X檔案 (電影), The X-Files
***ERROR:蠟筆小新：黑暗珠珠大追擊, Crayon Shin-chan: Pursuit of the Balls of Darkness
***ERROR:The Nest (2002年電影), The Nest
***ERROR:Soldier (1998年美國電影), Soldier
***ERROR:咆哮山莊 (2011年電影), Wuthering Heights
***ERROR:天旋地轉 (1997年電影), Spice World
***ERROR:當世界開始毀滅 (電影), When Worlds Collide
***ERROR:P2 (電影), P2
***ERROR:The Blue Bird (1976年), The Blue Bird
***ERROR:大寒（電影）, The Big Chill
***ERROR:秘密花園 (1949年電影), The Secret Garden
***ERROR:職業大賊 (1966年電影), The Professionals
***ERROR:3D血腥情人節, My Bloody Valentine 3D
***ERROR:ONE PIECE 珍獸島之喬巴王國, Chopper's Kingdom on the Island of Strange Animals
***ERROR:ONE PIECE 阿拉巴斯坦戰記 沙漠王女與海賊們, One Piece Movie: The Desert Princess and the Pirates: Adventures in Alabasta
***ERROR:蠟筆小新：風起雲湧！壯烈！戰國大會戰, Crayon Shin-chan: The Storm Called: The Battle of the Warring States
***ERROR:遇上1967的女神, The Goddess of 1967
***ERROR:凱蒂佩芮：做自己, Katy Perry: Part of Me
***ERROR:大盜鐵金剛 (1971年電影), The Anderson Tapes
***ERROR:名偵探柯南：戰慄的樂譜, Detective Conan: Full Score of Fear
***ERROR:ONE PIECE 被詛咒的聖劍, One Piece: Norowareta Seiken
***ERROR:衝出封鎖線2: 邪惡軸心, Behind Enemy Lines II: Axis of Evil
***ERROR:瘋狂大巴士3區, The Big Bus
***ERROR:SP特警 野望篇, Q1188372
***ERROR:快打旋風 (1994年電影), Street Fighter
***ERROR:魔鬼、性、狂想曲, Q1198770
***ERROR:渾身是勁 (2011年重製版), Footloose
***ERROR:大海嘯 (1979年電影), Hurricane
***ERROR:光明追捕手：黑紀元, The Seeker
***ERROR:時間機器 (1960年電影), The Time Machine
***ERROR:屠龍者 (電影), Dragonslayer
***ERROR:謝謝！再聯絡, Just Friends
***ERROR:名偵探柯南：紺碧之棺, Detective Conan: Jolly Roger in the Deep Azure
***ERROR:溫馨家族 (1989年電影), Parenthood
***ERROR:蠟筆小新：搞怪遊樂園大冒險, Crayon Shin-chan: Adventure in Henderland
***ERROR:蠟筆小新：電擊！豬蹄大作戰, Crayon Shin-chan: Blitzkrieg! Pig's Hoof's Secret Mission
***ERROR:玛利亚·拉森的永恒记忆, Everlasting Moments
***ERROR:赤色追緝令：末日審判, Crimson Rivers II: Angels of the Apocalypse
***ERROR:暴走列車 (1985年電影), Runaway Train
***ERROR:アドボルテG(ジー), Crank: High Voltage
***ERROR:SPACE BATTLESHIP 大和號, Space Battleship Yamato
***ERROR:克里斯托多·哈德森, The Great White Hope
***ERROR:油脂2, Grease 2
***ERROR:大怪獸空中戰 卡美拉對卡歐斯, Gamera vs. Gyaos
***ERROR:奪標27秒, Vision Quest
***ERROR:"玩死你 ,  哽死你"
***ERROR:撞板神探 (1990年電影), Loose Cannons
***ERROR:海克力斯 (1958年電影), Hercules
***ERROR:異教徒 (1973年電影), The Wicker Man
***ERROR:攞命舞, "They Shoot Horses
***ERROR:搖錢樹 (1998年電影), Holy Man
***ERROR:我要高飛 (2009年電影), Fame
***ERROR:Divine Intervention (電影), Divine Intervention
***ERROR:下一站，天國！, After Life
***ERROR:S-21：紅色高棉殺人機器, S-21: The Khmer Rouge Killing Machine
***ERROR:蝎子王2：勇士的崛起, The Scorpion King 2: Rise of a Warrior
***ERROR:名偵探柯南：第十四號獵物, Detective Conan: The Fourteenth Target
***ERROR:大白鲨2, Jaws 2
***ERROR:海鷹 (電影), The Sea Hawk
***ERROR:黃海(電影), The Yellow Sea
***ERROR:C.I.A.追緝令, The Recruit
***ERROR:魔山 (電影), The Hills Have Eyes
***ERROR:狐狸小姐你好嗎？, The Fox and the Child
***ERROR:苦難 (電影), Affliction
***ERROR:ONE PIECE 黃金島大冒險, One Piece: The Movie
***ERROR:怪誕星期五 (1976年電影), Freaky Friday
***ERROR:貴方なしでは, Made for Each Other
***ERROR:东方红 (音乐舞蹈史诗), The East Is Red
***ERROR:馬勒，獻給妻子的柔板, Mahler on the Couch
***ERROR:迪克·特雷西, Dick Tracy
***ERROR:仲夏夜之夢 (1999年電影), A Midsummer Night's Dream
***ERROR:臭味相投 (1981年電影), Neighbors
***ERROR:修女也疯狂2, Sister Act 2: Back in the Habit
***ERROR:3D 舞力對決, StreetDance 3D
***ERROR:ONE PIECE 死亡盡頭的冒險, One Piece The Movie: Dead End no Bōken
***ERROR:名偵探柯南：漆黑的追跡者, Detective Conan: The Raven Chaser
***ERROR:葉問2, Ip Man 2
***ERROR:雷神2, Thor: The Dark World
***ERROR:警察故事4之簡單任務, Police Story 4: First Strike
***ERROR:神奇寶貝劇場版：阿爾宙斯 超克的時空, Pokémon: Arceus and the Jewel of Life
***ERROR:天才小搗蛋2, Problem Child 2
***ERROR:瘋狂世界 (1963年電影), "It's a Mad
***ERROR:長跑者的寂寞 (電影), The Loneliness of the Long Distance Runner
***ERROR:一路闖關過聖誕》I'll Be Home for Christmas, I'll Be Home for Christmas
***ERROR:牛仔 (1972年電影), The Cowboys
***ERROR:脫線家族2, A Very Brady Sequel
***ERROR:怪醫杜立德2, Dr. Dolittle 2
***ERROR:脱衣舞娘 (电影), Striptease
***ERROR:警察学校 (电影), Police Academy
***ERROR:韋恩的世界 (電影), Wayne's World
***ERROR:手 (電影), The Hand
***ERROR:不法之徒 (1964年電影), Bande à part
***ERROR:豪門孽債 (1990年電影), Reversal of Fortune
***ERROR:名侦探柯南：天空的遇难船, Detective Conan: The Lost Ship in the Sky
***ERROR:747絕地悍將, Executive Decision
***ERROR:72小時魔鬼追殺令, The Crossing Guard
***ERROR:半夜鬼上床2 猛鬼纏身, A Nightmare on Elm Street 2: Freddy's Revenge
***ERROR:特種部隊2：正面對決, G.I. Joe: Retaliation
***ERROR:警察故事III超級警察, Police Story 3: Super Cop
***ERROR:阿達一族 (1991年版電影), The Addams Family
***ERROR:硬體 (電影), Hardware
***ERROR:俯衝轟炸機 (電影), Dive Bomber
***ERROR:母女情深 (2008年電影), LOL (Laughing Out Loud)
***ERROR:魔女南茜：星河謀殺案, Nancy Drew
***ERROR:哈利，親愛吾友, "Harry
***ERROR:大雄與奇蹟之島~動物歷險記~, Doraemon: Nobita and the Island of Miracles—Animal Adventure
***ERROR:女狼傳奇 (2000年電影), Ginger Snaps
***ERROR:Festival, Festival
***ERROR:驚變 (1985年電影), Phenomena
***ERROR:巴拉巴 (1961年電影), Barabbas
***ERROR:我的野蠻女友 (美國), My Sassy Girl
***ERROR:劇場版 七龍珠Z：激鬥!!100億能量戰士們, Dragon Ball Z: The Return of Cooler
***ERROR:樸克誤我卅年 (1982年電影), Lookin' to Get Out
***ERROR:聖誕快樂又瘋狂 3, The Santa Clause 3: The Escape Clause
***ERROR:人，性本色, Humanité
***ERROR:暴力街区13：终极, District 13: Ultimatum
***ERROR:亡命之徒 (1975年電影), The Killer Elite
***ERROR:我的PS搭檔, My PS Partner
***ERROR:名偵探柯南：偵探們的鎮魂歌, Detective Conan: The Private Eyes' Requiem
***ERROR:大白鯊3D, Shark Night
***ERROR:大聯盟2：決戰大反攻, Major League II
***ERROR:魔幻屠龙2, Dragonheart: A New Beginning
***ERROR:縱橫天下 (1954年電影), Executive Suite
***ERROR:禁慾 (電影), Elegy
***ERROR:劇場版 福星小子：聖水奇緣, Urusei Yatsura: Itsudatte My Darling
***ERROR:天線 (電影), The Dish
***ERROR:貝克 (1998年電影), Pecker
***ERROR:軍官與間諜 (1987年電影), No Way Out
***ERROR:七龍珠 神龍傳說, Dragon Ball: Curse of the Blood Rubies
***ERROR:七龍珠Z 最強對最強, Dragon Ball Z: Cooler's Revenge
***ERROR:七龍珠Z 銀河面臨危機!!身手不凡的高手, Dragon Ball Z: Bojack Unbound
***ERROR:冤家，一个爱情故事, "Enemies
***ERROR:電影 電影, Movie Movie
***ERROR:紅色之州 (2011年電影), Red State
***ERROR:霍华鸭 (电影), Howard the Duck
***ERROR:血盟兄弟 (電影), Four Brothers
***ERROR:七龍珠Z 地球超級大決戰, Dragon Ball Z: The Tree of Might
***ERROR:大聯盟 (1989年電影), Major League
***ERROR:ワライコ僧(ゾウ), Twilight Zone: The Movie
***ERROR:靈動2：東京實錄, Paranormal Activity 2: Tokyo Night
***ERROR:黑太陽731, Men Behind the Sun
***ERROR:火狐狸 (電影), Firefox
***ERROR:甜蜜13歲, My Girl 2
***ERROR:直搗蜂窩的女孩 (電影), The Girl Who Kicked the Hornets' Nest
***ERROR:戰區 (電影), The War Zone
***ERROR:烈火戰將 (1997年電影), Fire Down Below
***ERROR:婚迷指數：5, The Five-Year Engagement
***ERROR:星際牛仔：天國之門, Cowboy Bebop: The Movie
***ERROR:忍者龜II, Teenage Mutant Ninja Turtles II: The Secret of the Ooze
***ERROR:花心大少 (電影), The Heartbreak Kid
***ERROR:新里見八犬傳 (電影), Legend of the Eight Samurai
***ERROR:七夜怪談0~Birthday~, Ring 0: Birthday
***ERROR:卡美拉 大怪獸空中決戰, Gamera: Guardian of the Universe
***ERROR:肢解狂魔4, Wrong Turn 4: Bloody Beginnings
***ERROR:木更津貓眼 日本系列, Q1275077
***ERROR:上帝之手 (2001年電影), Frailty
***ERROR:强殖装甲：暗黑英雄, Guyver: Dark Hero
***ERROR:天上人間 (1987年電影), Made in Heaven
***ERROR:入侵蛇頭堡 (1992年電影), Trespass
***ERROR:奪命大反擊 (1999年電影), Gloria
***ERROR:亡命之徒 (1994年電影), Killing Zoe
***ERROR:愛情DIY, The Other Sister
***ERROR:血染萬聖節：鬼擋路, Left for Dead
***ERROR:女鼓手 (電影), The Little Drummer Girl
***ERROR:舞出一片天2, Save the Last Dance 2
***ERROR:10天戀愛有限期, How to Lose a Guy in 10 Days
***ERROR:愛麗·帕克, Ellie Parker
***ERROR:木更津貓眼 世界系列, Q1275131
***ERROR:龙与地下城 (电影), Dungeons & Dragons
***ERROR:幽靈終結者2007, The Hitcher
***ERROR:B咖妙管家, Miss Pettigrew Lives for a Day
***ERROR:蹺家的一夜 (1987年電影), Adventures in Babysitting
***ERROR:熱那亞 (電影), Genova
***ERROR:屍蹤 (2010年電影), Abandoned
***ERROR:驚濤毀滅者－大洪水, Hard Rain
***ERROR:無所適從 (電影), Middle of Nowhere
***ERROR:玻璃屋 (2001年電影), The Glass House
***ERROR:羞辱 (電影), Dishonored
***ERROR:親愛的，我把孩子縮小了, "Honey
***ERROR:Timebomb (1991年), Timebomb
***ERROR:愛，隨心所欲》Easy Virtue, Easy Virtue
***ERROR:吊人索 (1968年電影), Hang 'Em High
***ERROR:魔鬼4騎士, Horsemen
***ERROR:哥吉拉vs摩斯拉, Godzilla vs. Mothra
***ERROR:伊甸湖 (电影), Eden Lake
***ERROR:狗臉的歲月!!, My Life as a Dog
***ERROR:愛我，就讓我快樂, Happiness
***ERROR:終極悍將 (1996年電影), Last Man Standing
***ERROR:1996暴力衝鋒隊, Harley Davidson and the Marlboro Man
***ERROR:惡魔、變異人、異形、食人魔、地獄邊緣的僵屍化的活死人攜妻帶子大舉歸來恐怖進攻不分日夜殺出個黎明2：極度震驚2D版, "Night of the Day of the Dawn of the Son of the Bride of the Return of the Revenge of the Terror of the Attack of the Evil
***ERROR:肢解狂魔3, Wrong Turn 3: Left for Dead
***ERROR:萬惡城市 (1991年電影), New Jack City
***ERROR:伊波拉病毒 (電影), Ebola Syndrome
***ERROR:東宮西宮 (電影), "East Palace
***ERROR:窮追不捨 (電影), Smokey and the Bandit Part 3
***ERROR:如果…, If....
***ERROR:肥皂 (電影), En Soap
***ERROR:衝擊 (電影), The Flamingo Kid
***ERROR:木头美人2：搬运中, Mannequin Two: On the Move
***ERROR:唯我獨尊2, Kickboxer 2
***ERROR:切腹 (電影), Harakiri
***ERROR:邻家女孩 (电影), The Girl Next Door
***ERROR:魯迪·休廷傑, A Tale of Two Cities
***ERROR:黑暗黎明 (2005年電影), Black Dawn
***ERROR:哥吉拉vs戴斯特洛伊亞, Godzilla vs. Destoroyah
***ERROR:聖堂風雲3, The Skulls III
***ERROR:愛人！別跑, Goosed
***ERROR:青青校樹 (電影), The Elementary School
***ERROR:阿飛外傳 (2004年電影), Alfie
***ERROR:聖鬥士星矢 真紅的少年傳說, Q1442591
***ERROR:夏威夷 (1966年電影), Hawaii
***ERROR:哥吉拉vs碧奧蘭蒂, Godzilla vs. Biollante
***ERROR:生命三樂章3-安魂曲, Après la vie
***ERROR:福星小子2：綺麗夢中人, Urusei Yatsura 2: Beautiful Dreamer
***ERROR:揚·沃爾徹 (天文學家), Mein Kampf
***ERROR:同床異夢 (2006年電影), Dreamland
***ERROR:九死一生 (2004年電影), Unstoppable
***ERROR:小偷 (電影), The Thief
***ERROR:天使裹足之處 (電影), Where Angels Fear to Tread
***ERROR:親密關係1997, The Evening Star
***ERROR:聖女貞德 (1948年電影), Joan of Arc
***ERROR:公牛 (1991年電影), The Ox
***ERROR:雷鳥神機隊 (電影), Thunderbirds
***ERROR:咒怨2, Ju-on: The Grudge 2
***ERROR:最毒美人心2, Jism 2
***ERROR:鬼斧魔差2, Hatchet II
***ERROR:王牌對決 (2006年電影), Seraphim Falls
***ERROR:神奇寶貝劇場版：幻影的霸者 索羅亞克, Pokémon: Zoroark: Master of Illusions
***ERROR:蝴蝶君 (电影), M. Butterfly
***ERROR:奪命大槍手 (1973年電影), Tony Arzenta
***ERROR:魔山2:隔山有眼, The Hills Have Eyes 2
***ERROR:五分錢電影院 (1976年電影), Nickelodeon
***ERROR:從地心竄出2, Tremors 2: Aftershocks
***ERROR:羅貝托·蘇科, Roberto Succo
***ERROR:終極殺陣：計程車女王, Taxi
***ERROR:老大靠邊閃2：歪打正著, Analyze That
***ERROR:浪子回頭 (電影), A Hatful of Rain
***ERROR:群眾 (1941年電影), Meet John Doe
***ERROR:迷戀 (1997年電影), Obsession
***ERROR:泥河(電影), Muddy River
***ERROR:鄉下人 (電影), Hick
***ERROR:Life (1999年電影), Life
***ERROR:叢林之王 (2000年電影), King of the Jungle
***ERROR:愛·從心開始, Last Chance Harvey
***ERROR:性、謊言、錄影帶, "Sex
***ERROR:簡·曼斯菲爾德的車, Jayne Mansfield's Car
***ERROR:櫻花大戰：活動寫真, Sakura Wars: The Movie
***ERROR:哥吉拉vs機械哥吉拉, Godzilla vs. Mechagodzilla II
***ERROR:Yes之屋, The House of Yes
***ERROR:HIGHLANDER 加長完全版, Highlander: The Search for Vengeance
***ERROR:太平洋潛艇戰 (1958年電影), "Run Silent
***ERROR:科學怪人的怪獸 山達對蓋拉, The War of the Gargantuas
***ERROR:哥吉拉·摩斯拉·王者基多拉 大怪獸總攻擊, "Godzilla
***ERROR:蘇 (電影), Sue Lost in Manhattan
***ERROR:怪獸島決戰 哥吉拉之子, Son of Godzilla
***ERROR:科学怪人之家 (1944年电影), House of Frankenstein
***ERROR:哥吉拉·迷你拉·加巴拉 全體怪獸大進擊, All Monsters Attack
***ERROR:哥吉拉vs太空哥吉拉, Godzilla vs. SpaceGodzilla
***ERROR:Western (1997年法國電影), Western
***ERROR:個人最佳 (電影), Personal Best
***ERROR:Girls! Girls! Girls! (艾維斯·普里斯萊專輯), Girls! Girls! Girls!
***ERROR:入侵潛意識：迷幻異域, Kaboom
***ERROR:一夜情 (電影), One Night Stand
***ERROR:隨心所欲 (2012年電影), Wanderlust
***ERROR:唯我獨尊4, Kickboxer 4
***ERROR:執法悍將 (電影), Wyatt Earp
***ERROR:地球攻擊命令 哥吉拉對蓋剛, Godzilla vs. Gigan
***ERROR:埃及人 (電影), The Egyptian
***ERROR:神之左手，惡魔之右手, "God's Left Hand
***ERROR:人狼 JIN-ROH, Jin-Roh: The Wolf Brigade
***ERROR:BLEACH劇場版：呼喚你的名字, Bleach: Fade to Black
***ERROR:愛神 (電影), Eros
***ERROR:Midway (1976年電影), Midway
***ERROR:冷血 (電影), In Cold Blood
***ERROR:克勞汀 (電影), Claudine
***ERROR:老婆，我被綁架了, Held Up
***ERROR:復仇 (2013年電影), Oldboy
***ERROR:電擊療法 (電影), Shock Treatment
***ERROR:午夜凶鈴2, Ring 2
***ERROR:致命任務 (2003年電影), The Foreigner
***ERROR:歌聲淚痕 (1979年電影), The Rose
***ERROR:維奧萊特·諾齊埃爾, Violette Nozière
***ERROR:吻下來，豁出去, Shall We Kiss?
***ERROR:垂死的高盧人 (電影), The Dying Gaul
***ERROR:黑色星期五 (電影), Friday the 13th
***ERROR:小婦人 (1949年電影), Little Women
***ERROR:峰途路轉 (1951年電影), The Browning Version
***ERROR:A KITE, Kite
***ERROR:大峽谷 (電影), Grand Canyon
***ERROR:L：最終的23日, L: Change the World
***ERROR:透明人2, Hollow Man 2
***ERROR:噩夢城市 (1980年電影), Nightmare City
***ERROR:霹靂行動 (電影), Operation Thunderbolt
***ERROR:The Island (1980年電影), The Island
***ERROR:致命謎情》London, London
***ERROR:天使不設防 (1996年電影), Michael
***ERROR:海瑟 (2011年電影), Hesher
***ERROR:色情酒店 (電影), Exotica
***ERROR:美國隊長2, Captain America: The Winter Soldier
***ERROR:我心屬於你 (1994年電影), Only You
***ERROR:賤錢眼開 (2004年電影), Envy
***ERROR:3D無底洞, The Hole
***ERROR:封面女郎 (電影), Cover Girl
***ERROR:聖誕老人2, The Santa Clause 2
***ERROR:1966年的世界盃, Sixty Six
***ERROR:ウオボ渦(ウズ), The Water Horse
***ERROR:ロボットカーニバル「プレゼンス」, Robot Carnival
***ERROR:神鬼任務2, The Art of War II: Betrayal
***ERROR:13號星期五, Friday the 13th Part VI: Jason Lives
***ERROR:Everybody Loves Sunshine (1999年英國電影), Everybody Loves Sunshine
***ERROR:34街的奇蹟, Miracle on 34th Street
***ERROR:忍者龜III, Teenage Mutant Ninja Turtles III
***ERROR:法網神鷹 (1986年電影), Legal Eagles
***ERROR:驚心食人族3, Jeepers Creepers 2
***ERROR:慾望無邊 (1990年電影), Men of Respect
***ERROR:欲擒故縱 (1998年電影), The Object of My Affection
***ERROR:聖山 (1973年電影), The Holy Mountain
***ERROR:人形蜈蚣2, The Human Centipede 2
***ERROR:搖滾巨星 (2001年電影), Rock Star
***ERROR:轟天大追擊 (1994年電影), The Chase
***ERROR:突破25馬赫 (1986年電影), SpaceCamp
***ERROR:重金屬 (1981年電影), Heavy Metal
***ERROR:火線戰將 (1998年電影), The Patriot
***ERROR:警網雙雄 (1993年電影), Who's the Man?
***ERROR:大江東去 (電影), River of No Return
***ERROR:魔鬼命令：爆裂進化, Universal Soldier: Regeneration
***ERROR:惡夜追殺令3, From Dusk Till Dawn 3: The Hangman's Daughter
***ERROR:四海本色 (1992年電影), Night and the City
***ERROR:終極假期 (2006年電影), Last Holiday
***ERROR:金剛戰士 電影版, Mighty Morphin Power Rangers: The Movie
***ERROR:深入絕地2, The Descent Part 2
***ERROR:哥吉拉vs王者基多拉, Godzilla vs. King Ghidorah
***ERROR:The Peacekeeper (1997年美國與加拿大合作電影), The Peacekeeper
***ERROR:高踢少女!, High Kick Girl!
***ERROR:五路追殺令2, Smokin' Aces 2: Assassins' Ball
***ERROR:哥吉拉2000, Godzilla 2000
***ERROR:星艦戰將3, Starship Troopers 3: Marauder
***ERROR:面子 (電影), Saving Face
***ERROR:嘿！媽咪, "Hi
***ERROR:祝福 (1968年電影), Greetings
***ERROR:上海快車 (電影), Shanghai Express
***ERROR:我們懂個X, What the Bleep Do We Know!?
***ERROR:轟轟戰隊冒險者VS超級戰隊, GoGo Sentai Boukenger vs. Super Sentai
***ERROR:疯狂的麦克斯4：狂暴之路, Mad Max: Fury Road
***ERROR:百獸戰隊牙吠連者VS超級戰隊, Hyakujuu Sentai Gaoranger vs. Super Sentai
***ERROR:魅影魔星 (1994年電影), The Shadow
***ERROR:結婚派對 (電影), The Wedding Party
***ERROR:坦妮布麗 (1982年電影), Tenebrae
***ERROR:子彈頭·大復仇, Micmacs
***ERROR:克努特·羅克尼 (電影), "Knute Rockne
***ERROR:布加勒斯特现场：危险之旅巡回演唱会, Live in Bucharest: The Dangerous Tour
***ERROR:特攻聯盟2, Kick-Ass 2
***ERROR:星际传奇3, Riddick
***ERROR:愛上羅姍 (1987年電影), Roxanne
***ERROR:The Cockpit 鐵之龍騎兵, The Cockpit
***ERROR:歐諾 (電影), Uno
***ERROR:下一站，幸福, The Station Agent
***ERROR:等著你回來 (1993年電影), My Boyfriend's Back
***ERROR:洛克茜·哈特 (電影), Roxie Hart
***ERROR:時間簡史 (紀錄片), A Brief History of Time
***ERROR:寶貝威龍3, 3 Ninjas: High Noon at Mega Mountain
***ERROR:再領風騷 (電影), The Suburbans
***ERROR:萬惡城市2, Sin City: A Dame to Kill For
***ERROR:拼圖 (1949年電影), Jigsaw
***ERROR:密西西比 (電影), Mississippi
***ERROR:兜風 (2005年電影), Joyride
***ERROR:哈维·米尔克的时代, The Times of Harvey Milk
***ERROR:大怪獸決鬥 卡美拉對巴魯剛, Gamera vs. Barugon
***ERROR:惡夜追蹤 (2002年電影), Black Cadillac
***ERROR:沼澤異形 (電影), Swamp Thing
***ERROR:終極制裁 (1999年電影), Supreme Sanction
***ERROR:男人都是智障 (电影), Vollidiot
***ERROR:賣命生涯 (1978年電影), Hooper
***ERROR:大河 (1984年), The River
***ERROR:孽戀 (1953年電影), Terminal Station
***ERROR:72米, 72 Meters
***ERROR:水舞 (電影), The Waterdance
***ERROR:永不止步：戴維·寇克斯的故事, Walk Hard: The Dewey Cox Story
***ERROR:舞吧！昴, Q2361492
***ERROR:月曆 (1993年電影), Calendar
***ERROR:振翅高飛 (1998年電影), The Theory of Flight
***ERROR:鬼來電2, One Missed Call 2
***ERROR:雷電！, Thunderbolt!
***ERROR:基拉拉的逆襲 洞爺湖最高級會議危機一髮, The Monster X Strikes Back/Attack the G8 Summit
***ERROR:戴安娜 (電影), Diana
***ERROR:我要活下去 (電影), I Want to Live!
***ERROR:高手 (電影), The Yakuza
***ERROR:大逃亡 (電影), Escapade
***ERROR:54今夜星光誘惑, 54
***ERROR:歌之歌 (1933年電影), The Song of Songs
***ERROR:神女 (電影), The Goddess
***ERROR:包法利夫人 (1991年電影), Madame Bovary
***ERROR:金屬進化：重金屬音樂發展史, Metal Evolution
***ERROR:紅男綠女 (電影), Guys and Dolls
***ERROR:女稅務員2, A Taxing Woman's Return
***ERROR:德州電鋸殺人狂3D, Texas Chainsaw 3D
***ERROR:火線悍將1600, Murder at 1600
***ERROR:TAKESHIS', Takeshis'
***ERROR:放學後 (電影), Afterschool
***ERROR:海與毒藥 (電影), The Sea and Poison
***ERROR:琉神Mabuya電影版：七魂, Ryujin Mabuyer the Movie: Nanatsu no Mabui
***ERROR:最後的契約 (1998年電影), The Last Contract
***ERROR:Inni, Inni
***ERROR:玩命911, Intermission
***ERROR:恐怖狗狗 (2011年電影), Spooky Buddies
***ERROR:七龍珠Z 超級賽亞人孫悟空, Dragon Ball Z: Lord Slug
***ERROR:GUNHED (電影), Gunhed
***ERROR:星河戰隊2, Starship Troopers 2: Hero of the Federation
***ERROR:藍衣魔鬼 (1995年電影), Devil in a Blue Dress
***ERROR:食人魚 (1978年電影), Killer Fish
***ERROR:藍色交錯線》Powder Blue, Powder Blue
***ERROR:靈界替身 (2009年電影), The New Daughter
***ERROR:飞女刑事III 少女忍法帖传奇, Sukeban Deka the Movie 2: Counter-Attack from the Kazama Sisters
***ERROR:黛西·米勒, Daisy Miller
***ERROR:超級警探 (1997年電影), Metro
***ERROR:聖杯 (電影), The Silver Chalice
***ERROR:绊脚石 (电影), Q2351384
***ERROR:上流社會 (電影), Power
***ERROR:Antique-西洋古董洋果子店, Antique
***ERROR:執著 (1976年電影), Obsession
***ERROR:預言 (電影), Prophecy
***ERROR:生命中的每一天 (2011年電影), Life in a Day
***ERROR:奪命電話 (1979年電影), When a Stranger Calls
***ERROR:basta guardare il cielo, The Mighty
***ERROR:霹靂五號2, Short Circuit 2
***ERROR:鬼來電Final, One Missed Call: Final
***ERROR:浴火鳳凰 (電影), Raging Phoenix
***ERROR:足球媽媽 (電影), Soccer Mom
***ERROR:となりの801ちゃんR, Tonari no 801-chan
***ERROR:蝴蝶夫人 (1932年電影), Madame Butterfly
***ERROR:緯度0大作戰, Latitude Zero
***ERROR:317分隊, The 317th Platoon
***ERROR:哈魯斯坦洛夫，開車!, "Khrustalyov
***ERROR:慾望 (1936年電影), Desire
***ERROR:Scarecrow (2002年電影), Scarecrow
***ERROR:十二年蹉跎歲月 (鐵娘子作品), 12 Wasted Years
***ERROR:遇上100%的女孩, The Incredibly True Adventure of Two Girls in Love
***ERROR:霍夫曼的故事 (電影), The Tales of Hoffmann
***ERROR:蒲公英 (電影), Tumbleweeds
***ERROR:飞女刑事II 少女铁假面传说, Sukeban Deka The Movie
***ERROR:頭號公敵 (2008年電影), Mesrine
***ERROR:吉姆·索普 (電影), Jim Thorpe – All-American
***ERROR:養蜂人家》 Ulee's Gold, Ulee's Gold
***ERROR:光之美少女 All Stars New Stage 未來的朋友, Q2071927
***ERROR:星際戰士 (1984年電影), The Last Starfighter
***ERROR:光的畫家－聖誕小屋, Christmas Cottage
***ERROR:3096天 (電影), 3096 Days
***ERROR:哀傷的Belladonna, Kanashimi no Belladonna
***ERROR:寶石寵物電影 甜品舞公主, Jewelpet the Movie: Sweets Dance Princess
***ERROR:花之诗女 GOTHICMADE, Gothicmade
***ERROR:長相思 (電影), Woman Without a Face
***ERROR:企鵝寶貝2：神奇的企鵝, Farce of the Penguins
***ERROR:茄子 安達魯西亞之夏, Nasu: Summer in Andalusia
***ERROR:越線 (2008年電影), Linha de Passe
***ERROR:Grizzly (1976年電影), Grizzly
***ERROR:養鬼吃人：直闖地獄, Hellraiser: Inferno
***ERROR:超人/蝙蝠侠：公众之敌, Superman/Batman: Public Enemies
***ERROR:Living with Michael Jackson, Living with Michael Jackson
***ERROR:不死咒怨3, The Grudge 3
***ERROR:蝙蝠侠：红头罩之下, Batman: Under the Red Hood
***ERROR:情定日落橋 (1979年電影), A Little Romance
***ERROR:不是冤家不聚頭 (1952年電影), Pat and Mike
***ERROR:全壘打王 (1992年電影), The Babe
***ERROR:噢，上帝！, "Oh
***ERROR:再見了，宇宙戰艦大和號 愛的戰士們, Farewell to Space Battleship Yamato
***ERROR:卡美拉3 邪神覺醒, Gamera 3: Awakening of Irys
***ERROR:傲慢與偏見:A Latter-day Comedy, Pride & Prejudice: A Latter-Day Comedy
***ERROR:精武風雲·陳真, Legend of the Fist: The Return of Chen Zhen
***ERROR:人中之龍 ～序章～, Like a Dragon: Prologue
***ERROR:2012：冰河時期, 2012: Ice Age
***ERROR:左岸 (電影), Left Bank Linkeroever
***ERROR:愛莎(電影), Aisha
***ERROR:莫斯科2017, Branded
***ERROR:Delivered (1999年電影), Delivered
***ERROR:亂世情緣 (1995年電影), Restoration
***ERROR:彈簧刀 (電影), Sling Blade
***ERROR:洛拉·范瑟丝, Lola Versus
***ERROR:復讐するは我にあり, Vengeance Is Mine
***ERROR:月球漫步 (1999年電影), A Walk on the Moon
***ERROR:世界是平的 (電影), Outsourced
***ERROR:誰在幹佩林？, Who's Nailin' Paylin?
***ERROR:宇宙戰艦大和號 完結篇, Final Yamato
***ERROR:蝙蝠俠：高譚騎士, Batman: Gotham Knight
***ERROR:曼塔，曼塔, "Manta
***ERROR:校園風雲 (1988年電影), School Daze
***ERROR:聖鬥士星矢 天界篇 序奏～overture～, Q2602741
***ERROR:我出生了，但……, "I Was Born
***ERROR:快打旋風 (1975年電影), Hard Times
***ERROR:皆大歡喜 (1981年電影), They All Laughed
***ERROR:成吉思汗：征服到地與海的盡頭, Genghis Khan: To the Ends of the Earth and Sea
***ERROR:戰火下 (1983年電影), Under Fire
***ERROR:超人 (短片), Superman
***ERROR:情場大玩咖》Playing for Keeps, Playing the Field
***ERROR:小熊維尼：嘟嘟的萬聖節歷險, Pooh's Heffalump Halloween Movie
***ERROR:跳吧，女孩, "Dance
***ERROR:迷惑 (2000年電影), La Captive
***ERROR:摇啊摇，摇到外婆桥, Shanghai Triad
***ERROR:夏日捕手》Summer Catch, Summer Catch
***ERROR:列寧在1918, Lenin in 1918
***ERROR:火之鳥772, Phoenix 2772
***ERROR:哈勃望远镜3D, Hubble
***ERROR:恐怖統治(電影), Reign of Terror
***ERROR:脫口秀 (電影), Talk Radio
***ERROR:挑戰 (1982年電影), The Challenge
***ERROR:灰色花園 (紀錄片), Grey Gardens
***ERROR:獵人 (2011年電影), The Hunter
***ERROR:PTU, PTU
***ERROR:喜福會 (電影), The Joy Luck Club
***ERROR:死亡筆記本：決勝時刻, Death Note 2: The Last Name
***ERROR:淘金者1937, Gold Diggers of 1937
***ERROR:伽马3号 宇宙大作战, The Green Slime
***ERROR:小尼孩日記３, Diary of a Wimpy Kid: Dog Days
***ERROR:毒魔複仇2, The Toxic Avenger Part II
***ERROR:正義聯盟：兩面夾擊, Justice League: Crisis on Two Earths
***ERROR:西遊記 (2007年電影), Q2109814
***ERROR:Elvis (1968年電視節目), Elvis
***ERROR:機Boy小子之真假威龍, Gameboy Kids
***ERROR:92黑玫瑰對黑玫瑰, 92 Legendary La Rose Noire
***ERROR:蒲公英 (電影), Tampopo
***ERROR:海洋警察Marco, Q2496986
***ERROR:聖鬥士星矢 眾神的激戰, Q2631228
***ERROR:風暴1997, Get on the Bus
***ERROR:音速小子 (OVA), Sonic the Hedgehog
***ERROR:別怕黑 (2010年電影), Don't Be Afraid of the Dark
***ERROR:激爆1992, Year of the Gun
***ERROR:三角洲特種部隊 (電影), Down in the Delta
***ERROR:Macross Dynamite 7, Macross Dynamite 7
***ERROR:God Speed Love, Kamen Rider Kabuto: God Speed Love
***ERROR:NANA, Nana
***ERROR:我辦事，你放心, You Can Count on Me
***ERROR:危牆 (2009年電影), Kirot
***ERROR:女朋友。男朋友, "Girlfriend
***ERROR:摩斯拉3 王者基多拉來襲, Rebirth of Mothra III
***ERROR:1951年的歐洲, Europa '51
***ERROR:下一站，格林威治, "Next Stop
***ERROR:二加二 (2012年電影), Dos más dos
***ERROR:傑索拉·加尼美·卡美巴 決戰！南海大怪獸, Space Amoeba
***ERROR:奧費斯 (電影), Orpheus
***ERROR:都市傳奇 (電影), Urbania
***ERROR:真假面騎士 序章, Shin Kamen Rider: Prologue
***ERROR:女高怪談2 鬼戀人, Memento Mori
***ERROR:海蒂 (2005年電影), Heidi
***ERROR:亡靈 (2009電影), The Revenant
***ERROR:造物弄人 (2009年電影), Creation
***ERROR:愛到最高點 (1988年電影), Everybody's All-American
***ERROR:少年U2的搖滾旅程, Killing Bono
***ERROR:超級終結者 (1990年電影), Class of 1999
***ERROR:6號叩應女郎, Girl 6
***ERROR:月圓 (電影), Terang Boelan
***ERROR:風雲：雄霸天下, The Storm Riders
***ERROR:摩斯拉2 海底大決戰, Rebirth of Mothra II
***ERROR:弗朗西斯科 (1989年德義合作電影), Francesco
***ERROR:7500鬼航班, 7500
***ERROR:小紅帽2：團結力量大, Hoodwinked Too! Hood vs. Evil
***ERROR:酸甜苦辣母女會 (1981年電影), Only When I Laugh
***ERROR:XYZ謀殺案, Crimewave
***ERROR:魯賓遜漂流記 (1954年電影), Robinson Crusoe
***ERROR:飛常性奮！, I'm So Excited
***ERROR:阿普正傳 (1997年電影), Prefontaine
***ERROR:2002 (電影), 2002
***ERROR:Whore (2004年電影), Whore
***ERROR:You and I (電影), You and I
***ERROR:柳林風聲 (1996年電影), The Wind in the Willows
***ERROR:太陽 (電影), The Sun
***ERROR:昏迷 (電視劇), Coma
***ERROR:10th週年劇場版 遊戲王 ～超融合！跨越時空的羈絆～, Yu-Gi-Oh!: Bonds Beyond Time
***ERROR:公元2000, 2000 AD
***ERROR:鬼亂5, Phobia 2
***ERROR:我的父親 (2007年的電影), "Romulus
***ERROR:贖罪日 (2000年電影), Kippur
***ERROR:老人Z, Roujin Z
***ERROR:4條大路通陰間, 4bia
***ERROR:卡美拉2 雷吉翁襲來, Gamera 2: Attack of Legion
***ERROR:地牢围攻2：两个世界, In the Name of the King 2: Two Worlds
***ERROR:Sexual Chronicles of a French Family, Sexual Chronicles of a French Family
***ERROR:小勇者們～卡美拉～, Gamera the Brave
***ERROR:製造 (2001年電影), Made
***ERROR:瑞靈頓街10號, 10 Rillington Place
***ERROR:亞特蘭蒂斯 (1992年電影), Atlantis
***ERROR:Kissin' Cousins (專輯), Kissin' Cousins
***ERROR:靈異豪宅 (電影), Dream House
***ERROR:20世紀少年 (電影), Q2814791
***ERROR:劇場版 機動戰士GUNDAM00 -A wakening of the Trailblazer-, Mobile Suit Gundam 00 the Movie: A Wakening of the Trailblazer
***ERROR:地下拳擊社2, Never Back Down 2: The Beatdown
***ERROR:聖鬥士星矢 邪神艾莉絲, Saint Seiya: The Movie
***ERROR:攝氏32度, Beyond Hypothermia
***ERROR:雙截龍 (電影), Double Dragon
***ERROR:機動戰士GUNDAM F91, Mobile Suit Gundam F91
***ERROR:留級之王2, National Lampoon's Van Wilder: The Rise of Taj
***ERROR:20公分我變身, 20 centímetros
***ERROR:現代吐溫故事：乞丐王子, A Modern Twain Story: The Prince and the Pauper
***ERROR:毒魔複仇3, The Toxic Avenger Part III: The Last Temptation of Toxie
***ERROR:蝎子王3：救赎之战, The Scorpion King 3: Battle for Redemption
***ERROR:第36個故事, Taipei Exchanges
***ERROR:馬克白 (1948年電影), Macbeth
***ERROR:NITABOH 仁太坊 -津軽三味線始祖外聞, Q2679986
***ERROR:雙面鬼計 (2010年電影), Peacock
***ERROR:富貴病 (電影), Affluenza
***ERROR:1303六星級豪宅樂極撞鬼, Apartment 1303
***ERROR:弗兰奇街13号, Q2807571
***ERROR:白虎 (電影), White Tiger
***ERROR:紐卡斯爾 (電影), Newcastle
***ERROR:科學怪人 (短劇), Frankenstein
***ERROR:17歲的疑惑, Edge of Seventeen
***ERROR:1920, 1920
***ERROR:萬世師表 (1969年電影), "Goodbye
***ERROR:守門人 (紀錄片), The Gatekeepers
***ERROR:無情 (2009年電影), Heartless
***ERROR:出水芙蓉 (1944年電影), Bathing Beauty
***ERROR:宮本武藏 二刀流開眼, Miyamoto Musashi : Nitōryū kaigen
***ERROR:天若有情 (1990年电影), A Moment of Romance
***ERROR:愚公移山 (纪录片), How Yukong Moved the Mountains
***ERROR:最後大法師2, The Last Exorcism Part II
***ERROR:比比 (電影), Pepe
***ERROR:下一代复仇者：明日英雄, Next Avengers: Heroes of Tomorrow
***ERROR:凡爾賽玫瑰 (1979年), Lady Oscar
***ERROR:10年 (2011年電影), 10 Years
***ERROR:宮本武藏 一乘寺之決鬥, Miyamoto Musashi : Ichijōji no kettō
***ERROR:宮本武藏 般若坂之決鬥, Miyamoto Musashi : Hannyazaka no kettō
***ERROR:星艦戰將：侵略者, Starship Troopers: Invasion
***ERROR:心敵（2013）, Enemy
***ERROR:泡沫人生 (2013年電影), Mood Indigo
***ERROR:13 駭人遊戲, 13 Beloved
***ERROR:房子 (1997年電影), The House
***ERROR:假面騎士×超級戰隊×宇宙刑事 超級英雄大戰Z, Kamen Rider × Super Sentai × Space Sheriff: Super Hero Taisen Z
***ERROR:波西傑克森：妖魔之海, Percy Jackson: Sea of Monsters
***ERROR:韋澤 (電影), Weiser
***ERROR:My Way (2012年電影), My Way
***ERROR:清道夫 (電影), Cleanskin
***ERROR:茶马古道·德拉姆, Delamu
***ERROR:禅 ZEN, Zen
***ERROR:敦克爾克戰役 (1958年電影), Dunkirk
***ERROR:賓漢 (2003年電影), Ben Hur
***ERROR:中國O記之血腥情人, Another Chinese Cop
***ERROR:摩訶婆羅多 (1989年電影), The Mahabharata
***ERROR:南國再見，南國, Goodbye South
***ERROR:冬蔭功2, Tom Yum Goong 2
***ERROR:新世紀福音戰士劇場版：REVIVAL OF EVANGELION, Q2720295
***ERROR:劇場版 亂馬½：中國寢崑崙大決戰！規則無視的激鬥篇, Q2837684
***ERROR:第一次 (2012年美国电影), The First Time
***ERROR:醜聞風暴 (電影), Defence of the Realm
***ERROR:蠱惑 (電影), Q2870382
***ERROR:魔角 (電影), Horns
***ERROR:鐵拳無敵 (2009年電影), Damage
***ERROR:這麼…遠，那麼近, Distance
***ERROR:蝙蝠俠：黑暗騎士歸來, Batman: The Dark Knight Returns
***ERROR:あさってDaNCE, Dance till Tomorrow
***ERROR:自由飛奔 (2000年電影), Running Free
***ERROR:假面騎士J, Kamen Rider J
***ERROR:TPB AFK, TPB AFK
***ERROR:天國的本屋〜戀火, Heaven's Bookstore
***ERROR:我，弗兰肯斯坦, "I
***ERROR:全面攻佔：倒數救援, Olympus Has Fallen
***ERROR:絕命尬車3：地獄, Death Race 3: Inferno
***ERROR:獸性 (2005年電影), Animal
***ERROR:混沌理論 (電影), Chaos Theory
***ERROR:醉後大丈夫3, The Hangover Part III
***ERROR:BB單親日記, Splendor
***ERROR:奇石 (2009年電影), Shorts
***ERROR:红酒烩鸡2, Kokowääh 2
***ERROR:激情 (2012年電影), Passion
***ERROR:名偵探柯南：瞳孔中的暗殺者, Detective Conan: Captured in Her Eyes
***ERROR:屍物招領 (2012年電影), The Body
***ERROR:裂口女 (2007年電影), Carved
***ERROR:長腿叔叔 (電影), Daddy-Long-Legs
***ERROR:西藏狗物語 ～金色的多傑～, The Tibetan Dog
***ERROR:性、謀殺、鬼魅城, The Informers
***ERROR:逝者 (2004年電影), Los muertos
***ERROR:我老爸的房子 (2012年電影), Casa de Mi Padre
***ERROR:皮膚顏色-蜜色, Approved for Adoption
***ERROR:勿忘我 (2009年電影), Forget Me Not
***ERROR:波士頓人 (電影), The Bostonians
***ERROR:帝國警戒 (2013年電影), Empire State
***ERROR:收獲3000年, "Harvest: 3
***ERROR:走廊 (1995年電影), The Corridor
***ERROR:城市英雄(日本電影), Hope and Pain
***ERROR:突擊 (電影), The Assault
***ERROR:放·逐, Exiled
***ERROR:阿根廷：饥饿的大豆, "Argentina
***ERROR:亂世浮生(日本), Eijanaika
***ERROR:人販子(電影), Zegen
***ERROR:害蟲 (電影), Harmful Insect
***ERROR:早安！琅勃拉邦, Sabaidee Luang Prabang
***ERROR:正義聯盟：末日審判, Justice League: Doom
***ERROR:A片女神 深喉嚨, Lovelace
***ERROR:束縛 (2012年電影), Chained
***ERROR:熱情似火 (電影), Hellcats
***ERROR:怪醫杜立德4, Dr. Dolittle: Tail to the Chief
***ERROR:龍虎門 (2006年電影), Dragon Tiger Gate
***ERROR:神出鬼沒 (2014年電影), Exists
***ERROR:最後一戰：光環傳奇, Halo Legends
***ERROR:玉觀音 (電影), Jade Goddess of Mercy
***ERROR:臉紅心跳 (1982年電影), Zapped!
***ERROR:真愛永存 (1960年電影), L'Amour existe
***ERROR:節慶 (2005年電影), Festival
***ERROR:Final Cut (1998年電影), Final Cut
***ERROR:奈德·凱利（1970年電影）, Ned Kelly
***ERROR:恐怖海灣 (2012年電影), The Bay
***ERROR:騙局 (電影), Don McKay
***ERROR:賭城大亨II之至尊無敵, Casino Tycoon 2
***ERROR:綠光 (2008年電影), Green Flash
***ERROR:超人/蝙蝠侠：启示录, Superman/Batman: Apocalypse
***ERROR:獨一無二，真正的家庭樂隊, "The One and Only
***ERROR:狂歡節 (電影), Karnaval
***ERROR:戰鬥少女 血之鐵假面傳說, Mutant Girls Squad
***ERROR:食人族 (電影), The Cannibals
***ERROR:瑪麗娜 (電影), Malina
***ERROR:假面骑士 THE NEXT, Kamen Rider: The Next
***ERROR:皇家師姐IV直擊証人, In the Line of Duty 4: Witness
***ERROR:侍戰隊真劍者VS轟音者 銀幕BANG!!, Samurai Sentai Shinkenger vs. Go-onger: GinmakuBang!!
***ERROR:假面騎士X假面騎士 Wizard & Fourze MOVIE大戰Ultimatum, Kamen Rider × Kamen Rider Wizard & Fourze: Movie War Ultimatum
***ERROR:L.A.單身名單, Slightly Single in L.A.
***ERROR:这是他！是的！是的!, Era lui... sì! sì!
***ERROR:超時空要塞7 銀河在呼喚我, Macross 7: The Galaxy Is Calling Me!
***ERROR:"我的女儿, 我的天使"
***ERROR:881, 881
***ERROR:天機：富春山居圖, Switch
***ERROR:天脈傳奇 (2002年電影), The Touch
***ERROR:預言 (2006年電影), Premonition
***ERROR:結婚真好？, Why Did I Get Married?
***ERROR:K20：怪人二十面相, K-20: Legend of the Mask
***ERROR:黃飛鴻之四：王者之風, Once Upon a Time in China IV
***ERROR:上帝啊，真笨!, Les Savates du bon Dieu
***ERROR:尼羅河女兒 (電影), Daughter of the Nile
***ERROR:在世界的中心，沉淪慾, The Center of the World
***ERROR:螳螂 (電影), Shaolin Mantis
***ERROR:M就是兇手, M
***ERROR:騎士 (1993年電影), Knights
***ERROR:血域燃燒 (2014年電影), In the Blood
***ERROR:夹边沟 (电影), The Ditch
***ERROR:愛，墜落, Two Mothers
***ERROR:假面騎士龍騎 Episode Final, Kamen Rider Ryuki: Episode Final
***ERROR:海賊戰隊豪快者 VS 宇宙刑事卡邦 The Movie, Kaizoku Sentai Gokaiger vs. Space Sheriff Gavan: The Movie
***ERROR:临床爱情教学！, La clinique de l'amour!
***ERROR:假面騎士Fourze THE MOVIE 大家的宇宙來了！, "Kamen Rider Fourze the Movie: Space
***ERROR:宇宙刑事卡邦 The Movie, Space Sheriff Gavan: The Movie
***ERROR:特命戰隊Go Busters THE MOVIE 保護東京Enetower!, Tokumei Sentai Go-Busters the Movie: Protect the Tokyo Enetower!
***ERROR:魔髮奇緣：大喜之日, Tangled Ever After
***ERROR:我留下來！ (2003年電影), Q3163493
***ERROR:自由之歌 (2000年電影), Freedom
***ERROR:贖罪 (1982年電影), Q3223289
***ERROR:巨魔 (電影), Troll
***ERROR:法蘭克 (電影), Frank
***ERROR:226 (電影), Four Days of Snow and Blood
***ERROR:Relax... It's Just Sex!, Relax...It's Just Sex
***ERROR:The Bling Ring, The Bling Ring
***ERROR:我畢業了，但……, "I Graduated
***ERROR:黑色小夜曲 (2001年電影), Q3492649
***ERROR:十萬火急 (香港電影), Lifeline
***ERROR:假面騎士555 消失的天堂, Kamen Rider 555: Paradise Lost
***ERROR:假面騎士x超級戰隊 超級英雄大戰, Kamen Rider × Super Sentai: Super Hero Taisen
***ERROR:終極唬神：愛的大復仇, Eega
***ERROR:特工008, Q3453525
***ERROR:小城之春 (2002年电影), Springtime in a Small Town
***ERROR:孤男寡女 (電影), Needing You...
***ERROR:30之前要做的事, Things to Do Before You're 30
***ERROR:雨落 レイン・フォール, Rain Fall
***ERROR:67天, The Republic of Užice
***ERROR:돌려차기(迴旋踢), Spin Kick
***ERROR:花月佳期 (1995年電影), Q3264260
***ERROR:超人力霸王THE NEXT, Ultraman
***ERROR:線性 (電影), Linear
***ERROR:季節(電影), Mausam
***ERROR:魂：著魔少女, Living Death
***ERROR:無人生還 (2012年電影), No One Lives
***ERROR:神鬼拍檔 (1999年電影), Bad Company
***ERROR:龐貝末日：天火焚城, Pompeii
***ERROR:讚歌 (南斯拉夫電影), Slavica
***ERROR:加布里埃拉，丁香和肉桂, "Gabriela
***ERROR:雷诺阿 (电影), Renoir
***ERROR:男朋友 (1971年電影), The Boy Friend
***ERROR:搖籃曲 (2014年電影), Lullaby
***ERROR:星塵 (1974年電影), Stardust
***ERROR:停車 (電影), Parking
***ERROR:盧蒙巴(電影), Lumumba
***ERROR:Ready (2011年電影), Ready
***ERROR:殺機四伏 (2014年電影), Not Safe for Work
***ERROR:ジュブナイル, Juvenile
***ERROR:千機變II之花都大戰, The Twins Effect II
***ERROR:皮克斯短片精选1, Pixar Short Films Collection Volume 1
***ERROR:獨角獸 (電影), Nico the Unicorn
***ERROR:李小龍：死亡遊戲之旅, Bruce Lee: A Warrior's Journey
***ERROR:傑克·漢彌頓之死, The Death of Jack Hamilton
***ERROR:風雲II, The Storm Warriors
***ERROR:烈火青春 (1982年電影), Nomad
***ERROR:跨越彩虹 (電影), Over the Rainbow
***ERROR:愛·作戰, Q3264138
***ERROR:鹿鼎记2神龙教, Royal Tramp II
***ERROR:天堂路 (2012年電影), Agneepath
***ERROR:異教徒2, The Wicker Tree
***ERROR:我们的存在 (电影), Bokura ga Ita
***ERROR:白色，紅色與..., "Bianco
***ERROR:The Seed, The Seed
***ERROR:第601個電話, The 601st Phone Call
***ERROR:愛情故事 (2010年電影), Ishqiya
***ERROR:櫻花大戰 神崎菫 引退紀念 SU・MI・RE, Q3469427
***ERROR:一個女人一生中的24小時, 24 Hours in the Life of a Woman
***ERROR:金山公主 (電影), Puteri Gunung Ledang
***ERROR:憨直少年 (電影), Teenage Dirtbag
***ERROR:青梅竹馬 (電影), Taipei Story
***ERROR:009 RE:CYBORG, 009 Re:Cyborg
***ERROR:烈火戰車2極速傳說, Q3521554
***ERROR:夜奔 (電影), Q3572059
***ERROR:獵人 (2011年電影), The Hunters
***ERROR:冬天的故事 (电影), Winter's Tale
***ERROR:三天 (1991年電影), Three Days
***ERROR:特快車：厄尼·戴維斯的故事, The Express
***ERROR:大三元 (1996年電影), Tristar
***ERROR:薩瓦特 (電影), Savate
***ERROR:All My Life》, All My Life
***ERROR:危機解密 (2013年電影), The Fifth Estate
***ERROR:屍房宴 (2013年電影), We Are What We Are
***ERROR:絕世好B, Mighty Baby
***ERROR:瘦身 (2005年电影), Slim till Dead
***ERROR:你想讓我殺了他嗎？, Uwantme2killhim?
***ERROR:Bad Karma (2002年), Bad Karma
***ERROR:等待幸福 (2006年電影), Waiting for Happiness
***ERROR:瑞奇·托格納茲, Strangled Lives
***ERROR:再見阿郎 (1999年電影), Q3567723
***ERROR:再會19歲, Right Now
***ERROR:Raï, Raï
***ERROR:馬 (電影), Horse
***ERROR:狼人鎮 (2014年電影), Wolves
***ERROR:我們這一家戲院‧‧‧服務周到, Service
***ERROR:1995年電影列表, Q3577837
***ERROR:2008年電影列表, Q3578215
***ERROR:電影 光之美少女 Max Heart, Q3720631
***ERROR:皇帝 (电影), Emperor
***ERROR:悲喜劇 (電影), Iago
***ERROR:信我者，得往生, Salvation Boulevard
***ERROR:劇場版魔法禁書目錄：恩底彌翁的奇蹟, A Certain Magical Index: The Movie – The Miracle of Endymion
***ERROR:7號房的禮物, Miracle in Cell No. 7
***ERROR:命(電影), Inochi
***ERROR:少林與武當 (1980年電影), 2 Champions of Shaolin
***ERROR:幽遊白書（劇場版） 夜叉的陰謀篇, Yu Yu Hakusho: The Movie
***ERROR:沙地傳奇2, The Sandlot 2
***ERROR:計程車司機 (1983年電影), Il tassinaro
***ERROR:亂馬½ 超無差別決戰！亂馬隊VS傳說的鳳凰, Ranma ½ One Grew Over the Kuno's Nest
***ERROR:聖鬥士星矢 最終聖戰的戰士們, Q3819758
***ERROR:2005年電影列表, Q3578105
***ERROR:42號傳奇, 42
***ERROR:灼眼的夏娜 (動畫), Q3959058
***ERROR:Heart Catch光之美少女！超級時尚秀在花之都...真的嗎！？, Q3720632
***ERROR:魔法少女奈葉 The MOVIE 2nd A's, Q3843456
***ERROR:Spellbound (2002年電影), Spellbound
***ERROR:華爾街 (1929年電影), Wall Street
***ERROR:2004年香港電影列表, List of Hong Kong films of 2004
***ERROR:手机 (电影), Cell Phone
***ERROR:艾未未：道歉你妹, Ai Weiwei: Never Sorry
***ERROR:披星戴月 (電影), Max Dugan Returns
***ERROR:千年之恋 光源氏物语, Sennen no Koi Story of Genji
***ERROR:一日之計在於晨 (電影), The Early Bird Catches the Worm
***ERROR:福星小子 愛星球之戀, Urusei Yatsura: Only You
***ERROR:伊豆舞孃 (1974年電影), Izu no Odoriko
***ERROR:死亡录像4：启示录, REC 4: Apocalypse
***ERROR:喜劇之王 (2000年電影), The Original Kings of Comedy
***ERROR:11隻貓 (繪本), 11 Piki no Neko
***ERROR:愛的奉獻 (1999年電影), Il corpo dell'anima
***ERROR:地下 (1941年電影), Underground
***ERROR:1996年電影列表, Q3577877
***ERROR:2007年電影列表, Q3578189
***ERROR:劇場版 SMILE 光之美少女！繪本裡的事物都好不協調！, Q3720636
***ERROR:罗贝托·费恩察, Q3748892
***ERROR:2006年電影列表, Q3578144
***ERROR:電影 光之美少女 Max Heart 2 雪空的朋友, Q3911290
***ERROR:電影 光之美少女Splash Star 滴嗒危機一髮, Q3911291
***ERROR:301壯士, National Lampoon's 301: The Legend of Awesomest Maximus
***ERROR:在地球染血2, Watchers II
***ERROR:悲慘世界25週年紀念演唱會, Les Misérables: 25th Anniversary Concert
***ERROR:第3000支安打, Chasing 3000
***ERROR:小英雄對大刺客 (1970年電影), Eyewitness
***ERROR:孔雀 (电影), Peacock
***ERROR:伏 銀華與冰刃的獵奇錄 卷之貳, Fuse Teppō Musume no Torimonochō
***ERROR:體育館Baby, Q3980159
***ERROR:逆轉裁判 (電影), Ace Attorney
***ERROR:歡樂夏令營 (2001年電影), Happy Campers
***ERROR:馬利與我2, Marley & Me: The Puppy Years
***ERROR:致命速遞 (2013年電影), The Package
***ERROR:英雄不問出處 (電影), Fallen Heroes
***ERROR:電影 Suite 光之美少女♪ 奪取回來！連結心中的奇蹟旋律♪, Eiga Suite Pretty Cure♪
***ERROR:五毒 (電影), Five Deadly Venoms
***ERROR:杜安·霍普伍德, Duane Hopwood
***ERROR:鐵金剛Z對暗黑大將軍, Mazinger Z vs. The Great General of Darkness
***ERROR:監獄風雲II逃犯, Prison on Fire II
***ERROR:Squadra volante (1974年義大利電影), Emergency Squad
***ERROR:塔麻可吉 心兒怦跳!?, Tamagotchi: The Movie
***ERROR:有生于无：说唱的艺术, Something from Nothing: The Art of Rap
***ERROR:禮拜六，禮拜日與禮拜一, Q3944225
***ERROR:衛兵 (電影), The Guard
***ERROR:超能游戏者2, Q4310959
***ERROR:爆龍戰隊暴連者 DELUXE 暴連者的暑假好冰喔!, Q4185437
***ERROR:百獸戰隊牙吠連者 怒吼吧，火山, Q4184211
***ERROR:熱浪 (電影), Heatwave
***ERROR:100發100中, 100発100中
***ERROR:布偶歷險記：全面追緝, Muppets Most Wanted
***ERROR:D坂杀人事件, Murder on D Street
***ERROR:書法女孩 舞動甲子園, Shodo Girls
***ERROR:天使的腸臟 紅色的教室, Angel Guts: Red Classroom
***ERROR:特搜戰隊刑事連者 THE MOVIE Full Blast Action, Tokusou Sentai Dekaranger The Movie: Full Blast Action
***ERROR:查理二世：權力和激情, Charles II: The Power and The Passion
***ERROR:神殿 (電影), The Shrine
***ERROR:2013我愛HK恭囍發財, I Love Hong Kong 2013
***ERROR:赌侠2之上海滩赌圣, God of Gamblers III: Back to Shanghai
***ERROR:成人儀式 (電影), Supervoksen
***ERROR:72家租客, 72 Tenants of Prosperity
***ERROR:克拉玛依 (电影), Karamay
***ERROR:車站(電影), Station
***ERROR:U.F.O. (2012年電影), U.F.O.
***ERROR:倩女幽魂 (1960年電影), The Enchanting Shadow
***ERROR:2012我愛HK 喜上加囍, I Love Hong Kong 2012
***ERROR:女生BASARA外傳, Gal Basara: Sengoku Jidai wa Kengai Desu
***ERROR:續進高棉（The Iron Triangle）, The Iron Triangle
***ERROR:西游·降魔篇, Journey to the West: Conquering the Demons
***ERROR:勇氣 (電視劇), Q4023286
***ERROR:電影Yes! 光之美少女5GoGo! 甜點王國歡樂的生日聚會♪, Q4022713
***ERROR:轟轟戰隊冒險者 THE MOVIE 最強的密寶 劇場版, Q4251179
***ERROR:魔法戰隊魔法連者 THE MOVIE 地獄魔人的新娘, Q4185477
***ERROR:初戀 (2000年電影), First Love
***ERROR:蓝与黑 (电影), Q4253090
***ERROR:Cinta Pertama, Cinta Pertama
***ERROR:蜘蛛人驚奇再起2：電光之戰, The Amazing Spider-Man 2
***ERROR:Malone (1987年電影), Malone
***ERROR:人妖打排球2, Q3987729
***ERROR:冥界死鬥篇·炎之絆, Q4023158
***ERROR:Laughing Gor之變節, Turning Point
***ERROR:永不放棄 (電影), Won't Back Down
***ERROR:八月：奥色治郡, August: Osage County
***ERROR:暗戰2, Running Out of Time 2
***ERROR:血灑高棉（Platoon Leader）, Platoon Leader
***ERROR:釣魚狂日記4, Tsuribaka Nisshi 4
***ERROR:不了情 (1961年电影), Love Without End
***ERROR:家有囍事2009, "All's Well
***ERROR:我愛HK開心萬歲, I Love Hong Kong
***ERROR:執法先鋒 (1986年電影), Righting Wrongs
***ERROR:小孩不笨2, I Not Stupid Too
***ERROR:貂蟬 (1958年電影), Diau Charn
***ERROR:飢餓遊戲：自由幻夢, The Hunger Games: Mockingjay – Part 1
***ERROR:兄弟 (2001年電影), The Brothers
***ERROR:AIR, Air
***ERROR:故鄉(日本電影), Hometown
***ERROR:RAILWAYS 在49歲成為電車司機男子的故事, Railways
***ERROR:假面骑士Agito Project G4, Kamen Rider Agito: Project G4
***ERROR:海賊戰隊豪快者 The Movie 飛天幽靈船, Kaizoku Sentai Gokaiger the Movie: The Flying Ghost Ship
***ERROR:99 and 44/100% Dead (1974年電影), 99 and 44/100% Dead
***ERROR:傭兵戰場：決勝時刻, Soldiers of Fortune
***ERROR:掙扎 (電影), Floundering
***ERROR:照和 My Little Town KAI BAND, Sweet Little Lies
***ERROR:創世紀傳說 世界的彼方, .hack//The Movie
***ERROR:我和尋回犬的10個約定, 10 Promises to My Dog
***ERROR:30次, 30 Beats
***ERROR:距离天堂300英里, 300 Miles to Heaven
***ERROR:流浪者之歌(電影), Zigeunerweisen
***ERROR:假面騎士劍 - Missing Ace, Kamen Rider Blade: Missing Ace
***ERROR:劇場版 炎神戰隊 VS 獸拳戰隊, Engine Sentai Go-onger vs. Gekiranger
***ERROR:宮本武藏 決鬥巖流島, Samurai III: Duel at Ganryu Island
***ERROR:雙狙人3, Sniper 3
***ERROR:我與妻子的1778個故事, "1
***ERROR:娛樂揸Fit人：一個色情模仿秀, 30 Rock: A XXX Parody
***ERROR:艾菲·格蕾, Effie
***ERROR:团的儿子 (1946年电影), Q4447955
***ERROR:C+偵探, The Detective
***ERROR:外事警察 別被這男人騙了, Gaiji Keisatsu
***ERROR:忠誠 (電影), Allegiance
***ERROR:藏(電影), Kura
***ERROR:伊登弗洛姆 (電影), Ethan Frome
***ERROR:假面騎士×假面騎士×假面騎士 THE MOVIE 超·電王 三部曲, Kamen Rider × Kamen Rider × Kamen Rider The Movie: Cho-Den-O Trilogy
***ERROR:AKB48 笑淚交織, Documentary of AKB48
***ERROR:2:22, 2:22
***ERROR:背叛 (电影), Betrayal
***ERROR:公寓 (韓國電影), APT
***ERROR:豪華旅館 (電影), Hotel Splendide
***ERROR:妙婿向錢衝 (1983年電影), Easy Money
***ERROR:Bitter Harvest (1993年), Bitter Harvest
***ERROR:寶貝快跑 (2012年電影), Run Baby Run
***ERROR:殺人草莓夜 (電影), Strawberry Night
***ERROR:僕人 (電影), The Servant
***ERROR:遊園驚夢 (電影), Peony Pavilion
***ERROR:26年 (電影), 26 Years
***ERROR:勾魂名單303, 303 Fear Faith Revenge
***ERROR:Laughing Gor之潛罪犯, Turning Point 2
***ERROR:釣魚狂日記6, Tsuribaka Nisshi 6
***ERROR:時空警察Hyperion, Jikuu Keisatsu Hyperion
***ERROR:特遣部隊 (電影), Tactical Force
***ERROR:為什麼要民主？, Why Democracy?
***ERROR:龍在江湖 (1986年電影), Legacy of Rage
***ERROR:湯姆貓與傑利鼠：綠野仙蹤, Tom and Jerry and the Wizard of Oz
***ERROR:麥迪遜 (電影), Madison
***ERROR:机器人启示录 (电影), Q4395155
***ERROR:彩虹 (1996年電影), Rainbow
***ERROR:霧都孤兒 (2007年迷你劇), Oliver Twist
***ERROR:忍風戰隊破裏劍者 咻咻的 The Movie, Q4184154
***ERROR:每一天 (電影), Every Day
***ERROR:性愛慾3世紀, Gulf Stream Under the Iceberg
***ERROR:893239, 893239
***ERROR:學校2, A Class to Remember
***ERROR:美麗心靈 (2012年電影), A Beautiful Soul
***ERROR:宮本武藏 巖流島之決鬥, Miyamoto Musashi : Ganryūjima no kettō
***ERROR:相棒劇場版 西洋棋殺人事件, Aibō the Movie
***ERROR:再說一次我愛你 (電影), All About Love
***ERROR:無政府主義者 (電影), Anarchists
***ERROR:A1頭條, A-1 Headline
***ERROR:画魂 (电影), A Soul Haunted by Painting
***ERROR:美国：我们的故事, America: The Story of Us
***ERROR:混蛋！我生氣了, Bakayaro! I'm Plenty Mad
***ERROR:老婆 (電影), Ball & Chain
***ERROR:?, ?
***ERROR:煉獄（電影）, Q4516413
***ERROR:1世代：我們的世代, One Direction: This Is Us
***ERROR:異域 (電影), A Home Too Far
***ERROR:成長的煩惱 (1984年電影), Bad Manners
***ERROR:回家 (2008年電影), All Roads Lead Home
***ERROR:春之櫻-吟子和他的弟弟, Otōto
***ERROR:安達魯西亞 女神的報復, Andalusia: Revenge of the Goddess
***ERROR:洛克人 星星的願望, Mega Man: Upon a Star
***ERROR:艾爾·卡彭, Al Capone
***ERROR:AV女優, AV Idol
***ERROR:胡桃鉗 (1993年電影), The Nutcracker
***ERROR:205：恐懼室, 205 – Room of Fear
***ERROR:女高怪談5：結伴自殺, A Blood Pledge
***ERROR:啊，野麥峠, Ah! Nomugi Toge
***ERROR:黑暗真相 (2012年電影), A Dark Truth
***ERROR:天若有情III烽火佳人, A Moment of Romance 3
***ERROR:一剪梅 (1931年電影), A Spray of Plum Blossoms
***ERROR:九色鹿 (动画), A Deer of Nine Colors
***ERROR:離家500里, 500 Miles North
***ERROR:97家有囍事, "All's Well
***ERROR:情事 (韓國電影), An Affair
***ERROR:花田囍事2010, "All's Well
***ERROR:阿飛外傳 (1975年), Alfie Darling
***ERROR:幸福(電影), Bandits vs. Samurai Squadron
***ERROR:天堂路 (1990年電影), Agneepath
***ERROR:阿修罗 (漫画), Asura
***ERROR:荒川爆笑團 (電視劇), Arakawa Under the Bridge
***ERROR:惡鬼公寓143, Apartment 143
***ERROR:我的愛之歌：瀧廉太郎物語, Bloom in the Moonlight
***ERROR:假面騎士電王&CLIMAX刑事, Kamen Rider Den-O & Kiva: Climax Deka
***ERROR:高空彈跳 (電影), Bungee Jumping of Their Own
***ERROR:忠臣藏1/47, Chūshingura 1/47
***ERROR:Little DJ～小小的愛情故事, Q4911875
***ERROR:Već viđeno, Reflections
***ERROR:耶路撒冷 (1996年電影), Jerusalem
***ERROR:黑鯨(紀錄片), Blackfish
***ERROR:斷箭 (2007年電影), Broken Arrows
***ERROR:陷阱 (電影), Chaw
***ERROR:難兄難弟 (1992年電影), Class Act
***ERROR:霸凌 (2011年電影), Bully
***ERROR:蝙蝠俠OnStar廣告, Batman OnStar commercials
***ERROR:Beautiful Sunday (電影), Beautiful Sunday
***ERROR:激動的昭和史 沖繩決戰, Battle of Okinawa
***ERROR:克里斯托 (電影), Chrystal
***ERROR:盲獸vs一寸法師, Blind Beast vs. Dwarf
***ERROR:布克與牧師 (1972年電影), Buck and the Preacher
***ERROR:X戰警：未來昔日, X-Men: Days of Future Past
***ERROR:救婚365日, I Give It a Year
***ERROR:盤絲洞 (1967年電影), Cave of the Silken Web
***ERROR:Chicken Rice War 雞緣巧合, Chicken Rice War
***ERROR:殘缺 (電影), Crippled Avengers
***ERROR:熱血男兒 (電影), Cruel Winter Blues
***ERROR:霸王 (1986年電影), Bullies
***ERROR:上甘岭 (电影), Battle on Shangganling Mountain
***ERROR:賭神3之少年賭神, God of Gamblers 3: The Early Stage
***ERROR:提燈(電影), Chōchin
***ERROR:真·女立喰師列伝, Shin-Onna Tachiguishi Retsuden
***ERROR:No Boys、No Cry, Boat
***ERROR:不见不散 (电影), Be There or Be Square
***ERROR:蜜桃成熟時 (1993年), Crazy Love
***ERROR:Bitten (2008年電影), Bitten
***ERROR:布林德 (2013年電影), Blinder
***ERROR:花江的玫瑰 (1931年電影), Boenga Roos dari Tjikembang
***ERROR:Cut (電影), Cut
***ERROR:成都，我爱你, "Chengdu
***ERROR:忠臣藏外傳 四谷怪談, Crest of Betrayal
***ERROR:里斯本夜車 (電影), Night Train to Lisbon
***ERROR:黑太阳：南京大屠杀, Black Sun: The Nanking Massacre
***ERROR:观音山 (电影), Buddha Mountain
***ERROR:謝謝你的愛(電影), Thank You
***ERROR:半生緣 (電影), Eighteen Springs
***ERROR:先發制人 (電影), First to Fight
***ERROR:不要漫畫雜誌！, Comic Magazine
***ERROR:PACO與魔法繪本, Paco and the Magical Book
***ERROR:天长地久 (电影), Days of Tomorrow
***ERROR:艾曼紐的迷戀》Emanuel and the Truth About Fishes, The Truth About Emanuel
***ERROR:公寓404室, Forbidden Floor
***ERROR:玩命關頭6, Fast & Furious 6
***ERROR:唐人街之夜 (1929年電影), Chinatown Nights
***ERROR:遺體：人生最後一堂告別課, Reunion
***ERROR:卡薩達迦 (電影), Cassadaga
***ERROR:綁架金大中 (電影), KT
***ERROR:近親 (電影), Next of Kin
***ERROR:探偵物語 (1983年電影), Detective Story
***ERROR:玉女情懷 (1978年電影), International Velvet
***ERROR:黎明 (電影), Daybreak
***ERROR:少年吔，安啦！, Dust of Angels
***ERROR:Call Me Madam (電影), Call Me Madam
***ERROR:搜索 (电影), Caught in the Web
***ERROR:怪兽大奋战 戴葛洛对戈利亚斯, Daigoro vs. Goliath
***ERROR:陰魂嚇機3D, Dark Flight
***ERROR:跑吧！美樂斯 (動畫), Hashire Melos!
***ERROR:時尚教主─黛安娜佛里蘭, Diana Vreeland: The Eye Has to Travel
***ERROR:猛鬼俱樂部 (2006年電影), Devil's Den
***ERROR:緊急措施19號, Emergency Act 19
***ERROR:爱情呼叫转移2：爱情左右, Fit Lover
***ERROR:科林·菲茨, Colin Fitz Lives!
***ERROR:閃電十一人GO VS 紙箱戰機W, Inazuma Eleven GO vs. Danbōru Senki W
***ERROR:中環英雄 (電影), Don't Fool Me
***ERROR:新精武門1991, Fist of Fury 1991
***ERROR:娼(Downfall), Downfall
***ERROR:愛，不愛, "Come Rain
***ERROR:"6월의 일기(六月日記, 又譯：死亡膠囊)"
***ERROR:東成西就2011, East Meets West
***ERROR:英格蘭，我的英格蘭, "England
***ERROR:咖啡 (韓國電影), Gabi
***ERROR:情人 (1962年電影), The Mistress
***ERROR:大漢 (電影), Dahan
***ERROR:約翰·亨利 (電影), Disney's American Legends
***ERROR:八千里路云和月 (电影), Eight Thousand Li of Cloud and Moon
***ERROR:夜。上海, The Longest Night in Shanghai
***ERROR:唐伯虎点秋香2之四大才子, Flirting Scholar 2
***ERROR:苦妹．喪姐．連環圖, "Funuke Show Some Love
***ERROR:春(電影), Haru
***ERROR:自由中国：有勇气相信, Free China: The Courage to Believe
***ERROR:HAL, Hal
***ERROR:浮生 (1966年電影), Here's Your Life
***ERROR:心情直播，不NG, "Welcome Back
***ERROR:我11, 11 Flowers
***ERROR:弗兰西丝·哈, Frances Ha
***ERROR:牙狼〈GARO〉 〜RED REQUIEM〜, Garo: Red Requiem
***ERROR:亞當等大人2, Grown Ups 2
***ERROR:出埃及記 (香港電影), Exodus
***ERROR:英雄無淚 (1980年電影), Heroes Shed No Tears
***ERROR:香草 (電影), Herb
***ERROR:傳說的故鄉 (電影), Evil Twin
***ERROR:死亡召喚者 (1981年電影), Evilspeak
***ERROR:人魚公主 (韓國電影), "My Mother
***ERROR:全力以赴！ (1951年電影), Go for Broke!
***ERROR:夏日衝擊2013, 2013 SummerSlam
***ERROR:成人派对 (2010年电影), Group Sex
***ERROR:表姐，你好嘢！, Her Fatal Ways
***ERROR:為你鍾情 (2010年電影), Frozen
***ERROR:控訴 (電影), Inocente
***ERROR:小畢的故事 (電影), Growing Up
***ERROR:Fire！(1977年電影), Fire!
***ERROR:Forgetting the Girl (電影), Forgetting the Girl
***ERROR:我和條子的700天戰爭, Q5358948
***ERROR:Cafe Society, Cafe Society
***ERROR:Hennessy (1975年), Hennessy
***ERROR:SPEC～天～, SPEC: Ten
***ERROR:將愛 (电影), Eternal Moment
***ERROR:再見了拉包爾 最後的戰鬥機, Farewell Rabaul
***ERROR:Get up (電影), Get Up!
***ERROR:死亡遊戲 (2010年電影), Game of Death
***ERROR:蘇乞兒 (1993年電影), Heroes Among Heroes
***ERROR:杜拉拉升職記 (電影), Go Lala Go!
***ERROR:囡囡 (電影), Girl$
***ERROR:六指琴魔 (1993年电影), Deadful Melody
***ERROR:流星花園F, Hana Yori Dango Final
***ERROR:他的摩托 她的島, "His Motorbike
***ERROR:宿命 (電影), Fate
***ERROR:Donga, Donga
***ERROR:害蟲橫行 (2009電影), Infestation
***ERROR:生死鬥 (1976年電影), The Last Hard Men
***ERROR:歌魂♪, Utatama
***ERROR:淘氣小威廉 (2010年電視劇), Just William
***ERROR:家族 (电影), Kazoku
***ERROR:奇魔俠3, Krrish 3
***ERROR:金山 (電影), Iron Road
***ERROR:寅次郎的故事29 紫阳花之恋, Hearts and Flowers for Tora-san
***ERROR:小蜜蜂 勇氣的旋律, Hutch the Honeybee
***ERROR:特搜戰隊刑事連者VS暴連者, Tokusou Sentai Dekaranger vs. Abaranger
***ERROR:那山、那人、那狗, Postmen in the Mountains
***ERROR:宇宙戰艦大和號 復活篇, Space Battleship Yamato: Resurrection
***ERROR:ユンカース·カム·ヒア, Junkers Come Here
***ERROR:雀聖2自摸天后, Kung Fu Mahjong 2
***ERROR:保衛戰隊之出動喇！朋友！, Let's Go!
***ERROR:降頭 (2007年電影), Gong Tau: An Oriental Black Magic
***ERROR:華嚴經 (電影), Hwa-Om-Kyung
***ERROR:黑勢力/再見古惑仔, Hong Kong Bronx
***ERROR:殺手·婚禮之路, Q6391590
***ERROR:怪談 (2007年電影), Kaidan
***ERROR:地獄廚房 (1939年電影), Hell's Kitchen
***ERROR:忽然7鴨, Gigolo Wannabe
***ERROR:金雞2, Golden Chicken 2
***ERROR:我，安娜, "I
***ERROR:湯瑪士小火車 霧霧島陸海空大救援, Misty Island Rescue
***ERROR:大決戰!超奧特8兄弟, Superior Ultraman 8 Brothers
***ERROR:日本鬼子：日中15年戰爭·原皇軍士兵的告白, Japanese Devils
***ERROR:福音战士新剧场版：？, Evangelion: 3.0+1.0
***ERROR:四季·奈津子, Shiki Natsuko
***ERROR:華頤：吞噬怪物的孩子, Hwa-yi
***ERROR:变形金刚4, Transformers: Age of Extinction
***ERROR:複仇者 (1986年電影), The Vindicator
***ERROR:天降之物 計時的悲傷女神, Heaven's Lost Property the Movie: The Angeloid of Clockwork
***ERROR:公共场所 (电影), In Public
***ERROR:女人30又怎樣, Q6825199
***ERROR:我愛你 (電影), Late Blossom
***ERROR:致命LD, LD 50 Lethal Dose
***ERROR:向左愛．向右愛, Lovers’ Concerto
***ERROR:激浪青春 (日本電影), Give It All
***ERROR:深夜FM, Midnight FM
***ERROR:3分鐘先生, Mr. 3 Minutes
***ERROR:神啊神！你為何離開我, "My God
***ERROR:LaMB禁錮天使, LaMB
***ERROR:吉祥天女 (漫画), Kisshō Tennyo
***ERROR:靈貓(動畫), Lily C.A.T.
***ERROR:精裝追女仔2004, Love Is a Many Stupid Thing
***ERROR:游龍戲鳳 (2009年電影), Look for a Star
***ERROR:愛情編年史 (2003年電影), Love Chronicles
***ERROR:最爱 (2011年电影), Love for Life
***ERROR:15Malaysia, '' 15Malaysia ''
***ERROR:BAD BOYS 搞怪少年, Bad Boys
***ERROR:大世界 (新加坡電影), "It's a Great
***ERROR:Lady Joker, Lady Joker
***ERROR:食客2：泡菜戰爭, Le Grand Chef 2: Kimchi Battle
***ERROR:唱你媽的歌！, Cupcakes
***ERROR:方糖 (電影), Lump Sugar
***ERROR:仰望天際：超人不可思議的故事, "Look
***ERROR:女老師 VS 女學生, Lovely Rivals
***ERROR:Macross FB7, Macross FB 7: Ore no Uta o Kike!
***ERROR:G計畫 Miss GO, Miss Conspirator
***ERROR:地心歷險 (1989年電影), Journey to the Center of the Earth
***ERROR:利物浦 (2008年電影), Liverpool
***ERROR:破土重生（電影）, Out of the Ashes
***ERROR:種族 (2009年電影), Kisaan
***ERROR:禮物 (電影), Last Present
***ERROR:609猛鬼附身, Rahtree Reborn
***ERROR:愛情萬歲 (香港電影), Love is Elsewhere
***ERROR:家和萬事興 (電影), Madea's Family Reunion
***ERROR:人間喜劇 (電影), La Comédie humaine
***ERROR:我的最愛 (電影), L for Love L for Lies
***ERROR:當個創世神：Mojang的故事, Minecraft: The Story of Mojang
***ERROR:情書 (2004年電影), The Letter
***ERROR:肥仔 (電影), It's Pat
***ERROR:市場 (電影), Market
***ERROR:分裂 (1987年电影), Partition
***ERROR:留得青山在 (1986年電影), Playing for Keeps
***ERROR:老井 (电影), Old Well
***ERROR:錢不夠用2, Money No Enough 2
***ERROR:兒子(日本電影), My Sons
***ERROR:都市情緣(日本), My Soul Is Slashed
***ERROR:POV～被詛咒的影片～, POV: Norowareta Film
***ERROR:新紮師妹2美麗任務, Q6791885
***ERROR:新紮師妹3, Q6791849
***ERROR:史前大章魚 Octopus, Octopus
***ERROR:PK外傳, PK
***ERROR:寅次郎的故事33 夜雾中的寅次郎, Marriage Counselor Tora-san
***ERROR:孤岛惊魂2, Mysterious Island 2
***ERROR:驚爆魔鬼悍將 (1998年電影), No Tomorrow
***ERROR:1978年高校往事, Once Upon a Time in High School
***ERROR:戰慄 (2002年電影), On Line
***ERROR:嫌疑犯X, Perfect Number
***ERROR:假面 (韓國電影), Rainbow Eyes
***ERROR:大誘拐Rainbow Kids, Rainbow Kids
***ERROR:天馬茶房 (電影), March of Happiness
***ERROR:質量效應：迷途楷模, Mass Effect: Paragon Lost
***ERROR:大奧 (2006年電影), Oh! Oku
***ERROR:愛，悄悄越界, Out in the Dark
***ERROR:竊聽風雲2, Overheard 2
***ERROR:乐园追放 -Expelled from Paradise-, Expelled from Paradise
***ERROR:Rock 汪汪小狗之島, Rock: Wanko no Shima
***ERROR:流氓 (電影), Q6762124
***ERROR:新 ‧ 無仁義之戰, New Battles Without Honor and Humanity
***ERROR:戰神 (電影), Q7233715
***ERROR:彩虹小马直播：世界上最大的茶话会, My Little Pony Live: The World's Biggest Tea Party
***ERROR:犀照 (電影), 49 Days
***ERROR:南營洞1985, National Security
***ERROR:老男孩 (筷子兄弟), Old Boys
***ERROR:借屍還魂 (電影), Over My Dead Body
***ERROR:G4特工, Option Zero
***ERROR:英雄赤女2之當今霸主, Once Upon a Time in Triad Society
***ERROR:天堂：信仰, Paradise: Faith
***ERROR:红楼梦 (1989年电影), A Dream of Red Mansions
***ERROR:甜蜜，殺人伐戀人, My Scary Girl
***ERROR:巴勒 (電影), Pareh
***ERROR:關人7事, Seven 2 One
***ERROR:写乐 (电影), Sharaku
***ERROR:對不起，仇家, "Sorry
***ERROR:致命核料 (電影), Pu-239
***ERROR:2007年夏季, Summer 2007
***ERROR:必殺4 我會消除怨恨, Sure Death 4: Revenge
***ERROR:配角 (電影), Supporting Characters
***ERROR:大院君 (電影), Prince Daewon
***ERROR:S日記, S Diary
***ERROR:催眠 (電影), Saimin
***ERROR:蘋果(電影), Sa-kwa
***ERROR:賽爾號大電影2：雷伊與邁爾斯, Seer 2
***ERROR:殺手・藤枝梅安, Shikake-nin Baian
***ERROR:纽约客@上海, Shanghai Calling
***ERROR:1724藝妓之家騷亂事件, The Accidental Gangster and the Mistaken Courtesan
***ERROR:太极1从零开始, Tai Chi 0
***ERROR:犀牛 (電影), Rhinoceros
***ERROR:Ready (2008年電影), Ready
***ERROR:千王之王2000, The Tricky Master
***ERROR:復活！奧特曼, Revive! Ultraman
***ERROR:色即是空2, Sex Is Zero 2
***ERROR:Coldplay Live 2012, Coldplay Live 2012
***ERROR:野獸 (電影), Running Wild
***ERROR:秘密爱 (2010年电影), Secret Love
***ERROR:假如我是真的 (電影), If I Were for Real
***ERROR:小島 (電視劇), Small Island
***ERROR:再生 (電影), Regeneration
***ERROR:红河 (电影), Red River
***ERROR:疑惑 (松本清張), Suspicion
***ERROR:戰國自衛隊1549, Samurai Commando: Mission 1549
***ERROR:上海隔都 (电影), Shanghai Ghetto
***ERROR:夢幻女煞 (1998年電影), Shattered Image
***ERROR:愛無7限, Seven Something
***ERROR:太极2英雄崛起, Tai Chi Hero
***ERROR:B+偵探, The Detective 2
***ERROR:決不撤退！, "Retreat
***ERROR:扁担·姑娘, So Close to Paradise
***ERROR:Sugar&spice~風味絕佳, Sugar and Spice
***ERROR:向日葵 (2005年电影), Sunflower
***ERROR:浪人街(1990版), Roningai
***ERROR:聖鬥士星矢 LEGEND of SANCTUARY, Saint Seiya the Movie
***ERROR:Lustgården, The Pleasure Garden
***ERROR:白髮魔女2, The Bride with White Hair 2
***ERROR:江山美人 (1959年電影), The Kingdom and the Beauty
***ERROR:科學的故事：權力、證據與激情, "The Story of Science: Power
***ERROR:爵士歌手 (1952年電影), The Jazz Singer
***ERROR:爵士歌手 (電視劇), The Jazz Singer
***ERROR:牠不重，牠是我寶貝3, Saving Shiloh
***ERROR:世界奇妙物語 電影特別篇, Tales of the Unusual
***ERROR:寅次郎的故事22 传说中的寅次郎, Talk of the Town Tora-san
***ERROR:射鵰英雄傳 (1977年電影), The Brave Archer
***ERROR:新少棒闖天下3, The Bad News Bears Go to Japan
***ERROR:火燒少林寺 (1976年電影), The Blazing Temple
***ERROR:神鵰俠侶 (1982年電影), The Brave Archer and His Mate
***ERROR:喬治·帕爾的奇幻電影世界, The Fantasy Film Worlds of George Pal
***ERROR:丟失的勳章：比利石的冒險, The Lost Medallion: The Adventures of Billy Stone
***ERROR:天安门 (纪录片), The Gate of Heavenly Peace
***ERROR:星際大戰（廣播劇）, Star Wars
***ERROR:最後的證人 (1980年電影), The Last Witness
***ERROR:愛人同志 (電影), Stars and Roses
***ERROR:愛，無盡, Still Mine
***ERROR:塔麻可吉 快樂的故事!?, Tamagotchi: Happiest Story in the Universe!
***ERROR:老千 (電影), Tazza: The High Rollers
***ERROR:洪福齊天 (電影), The Gambling Ghost
***ERROR:金融腐蝕列島・呪縛（1999年）, Spellbound
***ERROR:建築師 (電影), The Architect
***ERROR:公园 (电影), The Park
***ERROR:The Life (2002年電影), The Life
***ERROR:Talking Head (1992年電影), Talking Head
***ERROR:人猿泰山 (1999年電影), Tarzan of the Apes
***ERROR:新少棒闖天下2, The Bad News Bears in Breaking Training
***ERROR:蜜桃成熟时33D, The 33D Invader
***ERROR:桃樹 (電影), The Peach Tree
***ERROR:海綿寶寶 海陸大出擊, The SpongeBob Movie: Sponge Out of Water
***ERROR:寅次郎的故事21 走自己的路, Stage-Struck Tora-san
***ERROR:喜歡你、, Su-ki-da
***ERROR:歌劇魅影25週年紀念, The Phantom of the Opera at the Royal Albert Hall
***ERROR:俠聖 (1992年電影), The Sting
***ERROR:總站 (1961年電影), Terminus
***ERROR:情書 (1997年電影), The Letter
***ERROR:1976年版的《犬神家的一族》, The Inugamis
***ERROR:This Is My Father (1999年電影), This Is My Father
***ERROR:高斯奥特曼：日月第一击, Ultraman Cosmos: The First Contact
***ERROR:幽靈人間II鬼味人間, Visible Secret 2
***ERROR:《Young and Beautiful》 (電影), Young and Beautiful
***ERROR:赤裸羔羊3：致命快感, Street Angels
***ERROR:刺客嬌娃：賞金女獵人, The Huntresses
***ERROR:大騎士 (電影), The Horsemen
***ERROR:人肉叉燒包II之天誅地滅, The Untold Story 2
***ERROR:戰慄迷宮3D THE SHOCK LABYRINTH, The Shock Labyrinth
***ERROR:成功的滋味 (2009年電影), The Smell of Success
***ERROR:泰瑞·福克斯故事, The Terry Fox Story
***ERROR:鄰里之間 (電影), Two Family House
***ERROR:迪迦奥特曼：最终圣战, Ultraman Tiga: The Final Odyssey
***ERROR:兒子的大玩偶 (電影), The Sandwich Man
***ERROR:重生 (2006年電影), Undoing
***ERROR:鬼畜 (電影), The Demon
***ERROR:大醬 (電影), The Recipe
***ERROR:笑傲江湖 (1978年电影), The Proud Youth
***ERROR:天與地 (香港電影), Tian Di
***ERROR:ウルトラマンUSA（劇場版）, Ultraman: The Adventure Begins
***ERROR:鹹蛋超人狄格、帝納、凱亞－超時空大決戰, Ultraman Tiga & Ultraman Dyna & Ultraman Gaia: Battle in Hyperspace
***ERROR:太阳照常升起 (电影), The Sun Also Rises
***ERROR:事件 (大岡昇平), The Incident
***ERROR:約束 (電影), The Rendezvous
***ERROR:幕後黑手 (電影), The Winner
***ERROR:2005年重拍, The Quatermass Experiment
***ERROR:来自雪河的人︰ 场上的壮观, The Man from Snowy River: Arena Spectacular
***ERROR:三壘手(電影), Third Base
***ERROR:妖獸都市 (1992年電影), The Wicked City
***ERROR:重要人物 (電影), The Heavy
***ERROR:战国 (电影), The Warring States
***ERROR:消極的快樂、電鋸的邊緣, Negative Happy Chain Saw Edge
***ERROR:夜半歌声 (1995年电影), The Phantom Lover
***ERROR:血滴子 (2012年电影), The Guillotines
***ERROR:不安分的良心：1935年至1945年德國反抗希特勒行動, The Restless Conscience: Resistance to Hitler Within Germany 1933-1945
***ERROR:繼承 (2007年電影), The Inheritance
***ERROR:寅次郎的故事2 我爱我阿妈, Tora-san's Cherished Mother
***ERROR:寅次郎的故事3 恋爱大放题, "Tora-san
***ERROR:寅次郎的故事35 寅次郎恋爱补习班, "Tora-san
***ERROR:寅次郎的故事37 幸福的青鸟, Tora-san's Bluebird Fantasy
***ERROR:寅次郎的故事4 好梦成空, Tora-san's Grand Scheme
***ERROR:寅次郎的故事40 寅次郎沙拉纪念日, Tora-san's Salad-Day Memorial
***ERROR:寅次郎的故事5 望乡篇, Tora-san's Runaway
***ERROR:寅次郎的故事7 奋斗篇, "Tora-san
***ERROR:賭聖延續篇：賭霸, Top Bet
***ERROR:陰陽路5之一見發財, Troublesome Night 5
***ERROR:我是桃太郎的什麼呢？, What Am I for Momotaro
***ERROR:野樱桃 (2009年电影), Wild Cherry
***ERROR:斑馬人2：斑馬城的逆襲, Zebraman 2: Attack on Zebra City
***ERROR:风暴 (电影), Firestorm
***ERROR:寅次郎的故事28 寅次郎纸帆船, Tora-san's Promise
***ERROR:寅次郎的故事38 知床旅情, Tora-san Goes North
***ERROR:寅次郎的故事44 寅次郎的告白, Tora-san Confesses
***ERROR:寅次郎的故事46 寅次郎的相亲, Tora-san's Matchmaker
***ERROR:寅次郎的故事9 柴又慕情, Tora-san's Dear Old Home
***ERROR:智取威虎山3D, The Taking of Tiger Mountain
***ERROR:陰陽路3之升棺發財, Troublesome Night 3
***ERROR:97古惑仔之戰無不勝, Young and Dangerous 4
***ERROR:98古惑仔之龍爭虎鬥, Young and Dangerous 5
***ERROR:古惑仔2之猛龍過江, Young and Dangerous 2
***ERROR:浮城 (電影), Floating City
***ERROR:迷惑 (2000年電影), Turbulence
***ERROR:DOCUMENTARY of AKB48 Show must go on 少女們即使受傷，也在努力實現夢想, Q8154273
***ERROR:福星小子 完結篇, Q8157918
***ERROR:我的愛人．你的死神, Too Tired to Die
***ERROR:寅次郎的故事11 寅次郎勿忘我, Tora-san's Forget Me Not
***ERROR:寅次郎的故事19 寅次郎与贵族, Tora-san Meets His Lordship
***ERROR:寅次郎的故事24 寅次郎春之梦, Tora-san's Dream of Spring
***ERROR:寅次郎的故事36 柴又之恋, Tora-san's Island Encounter
***ERROR:熱帶魚 (電影), Tropical Fish
***ERROR:鶇 (電影), Tugumi
***ERROR:威斯特摩蘭訴CBS案, Westmoreland v. CBS
***ERROR:女篮5号, Woman Basketball Player No. 5
***ERROR:古惑仔3之隻手遮天, Young and Dangerous 3
***ERROR:等待，是為了和妳相遇, Q8011125
***ERROR:福星小子4：鬼姬傳說, Q8157949
***ERROR:殺無赦(日本版), Unforgiven
***ERROR:寅次郎的故事10 寅次郎美梦成真, Tora-san's Dream-Come-True
***ERROR:寅次郎的故事12 我的寅先生, Tora-san Loves an Artist
***ERROR:寅次郎的故事16 葛饰立志篇, "Tora-san
***ERROR:寅次郎的故事20 加油啊寅次郎, Tora-san Plays Cupid
***ERROR:寅次郎的故事34 寅次郎真实一路, Tora-san's Forbidden Love
***ERROR:寅次郎的故事42 我的舅舅寅次郎, "Tora-san
***ERROR:寅次郎的故事45 寅次郎的青春, Tora-san Makes Excuses
***ERROR:寅次郎的故事6 纯情篇, Tora-san's Shattered Romance
***ERROR:熱帶酒吧 (電影), Torrid Zone
***ERROR:陰陽路之我在你左右II, Troublesome Night 2
***ERROR:金枝玉葉2, "Who's the Woman
***ERROR:时来运转2：米科诺斯的国王, Wog Boy 2: Kings of Mykonos
***ERROR:狼女 (電影), Wolf Girl
***ERROR:分歧者·異類叛逃, Divergent
***ERROR:寅次郎的故事14 寅次郎摇篮曲, Tora-san's Lullaby
***ERROR:寅次郎的故事25 寅次郎芙蓉花, Tora's Tropical Fever
***ERROR:寅次郎的故事27 浪花之恋, Tora-san's Love in Osaka
***ERROR:寅次郎的故事30 寅次郎落英缤纷, "Tora-san
***ERROR:寅次郎的故事31 旅行、女伴和寅次郎, Tora-san's Song of Love
***ERROR:寅次郎的故事32 吹口哨的寅次郎, Tora-san Goes Religious?
***ERROR:寅次郎的故事39 寅次郎物语, Tora-san Plays Daddy
***ERROR:寅次郎的故事41 寅次郎心路历程, Tora-san Goes to Vienna
***ERROR:寅次郎的故事43 寅次郎的休息日, Tora-san Takes a Vacation
***ERROR:寅次郎的故事8 寅次郎恋歌, Tora-san's Love Call
***ERROR:星舰笑传2, Trekkies 2
***ERROR:陰陽路4與鬼同行, Troublesome Night 4
***ERROR:陰陽路6之凶週刊, Troublesome Night 6
***ERROR:威尼斯、威尼斯, Venice/Venice
***ERROR:誰是他媽的傑克森·波拉克, Who the #$&% Is Jackson Pollock?
***ERROR:海誓山盟 (电影), Yeh Vaada Raha
***ERROR:記得...香蕉成熟時, "Yesteryou
***ERROR:流感 (電影), The Flu
***ERROR:劇場版 福星小子3：情侶樂天派, Q8158015
***ERROR:Wonderful World (2010年日本電影), Wonderful World
***ERROR:打架 (2007年電影), Venus and Mars
***ERROR:寅次郎的故事 寅次郎紅之花, Tora-san to the Rescue
***ERROR:寅次郎的故事13 寅次郎失恋记, Tora-san's Lovesick
***ERROR:"Tjorven,  Batsman
***ERROR:20歲男孩的戀愛, It Boy
***ERROR:富爸爸 (2013年電視電影), Q10954513
***ERROR:新金瓶梅 (电影), Q11084435
***ERROR:暮蟬鳴泣時 (電影), Q11090460
***ERROR:兩腳朝天2, De Pernas pro Ar 2
***ERROR:飢餓遊戲：自由幻夢 終結戰, The Hunger Games: Mockingjay – Part 2
***ERROR:木吉他：20歲之歌Acoustic, Q11092891
***ERROR:表姐，妳好嘢！4之情不自禁, Her Fatal Ways 4
***ERROR:鏡獅子 (紀錄片), Kagami jishi
***ERROR:小燕子 (动画), Q10259936
***ERROR:报告班长3, Q10297122
***ERROR:红楼梦 (2007年越剧电影经典版), Q10470926
***ERROR:新鞍馬天狗 五條坂決鬥, Q11084532
***ERROR:暗戀桃花源 (電影), Q11090355
***ERROR:李清照 (电影), Q11097264
***ERROR:聯合艦隊司令長官 山本五十六 (2011年電影), Rengō Kantai Shirei Chōkan: Yamamoto Isoroku
***ERROR:直至運氣將我們分開2, Até que a Sorte nos Separe
***ERROR:厨子·戏子·痞子, "The Chef
***ERROR:红楼梦 (1962年越剧电影), Q10470878
***ERROR:小朋友 (動畫), Q10959076
***ERROR:时差7小时, Q11087192
***ERROR:最想念的季節 (電影), Q11091760
***ERROR:杀生 (电影), Q11095077
***ERROR:克羅：電影版, Q10374863
***ERROR:红楼梦 (2007年越剧电影交响版), Q10470901
***ERROR:小站 (電影), Q10959899
***ERROR:小花 (电影), Q10960103
***ERROR:新選組血風錄 近藤勇, Q11084386
***ERROR:新魯冰花 (2008年電影), Q11084570
***ERROR:暮蟬鳴泣時誓（電影）, Q11090461
***ERROR:暴風雨 (池上永一), Q11090488
***ERROR:朝阳沟 (豫剧), Q11092634
***ERROR:末路狂奔 (1999年電影), Hitman's Run
***ERROR:加勒比海盜5：死無對證, Pirates of the Caribbean: Dead Men Tell No Tales
***ERROR:晚秋 (1966年電影), Late Autumn
***ERROR:最後的忠臣藏 (電影), Saigo no Chūshingura
***ERROR:運財智叻星 (電影), Twinkle Twinkle Lucky Star
***ERROR:大刺客 (電影), Q9867473
***ERROR:四個32A和一個香蕉少年, Those Were the Days
***ERROR:家法 (電影), Q10243338
***ERROR:龍虎豹 (1967年電影), Q10567393
***ERROR:戰爭與人間 (電影), Q11075197
***ERROR:柳如是 (电影), Q11109583
***ERROR:武林聖火令 (1983年電影), Q11124401
***ERROR:歲月 (電影), Q11125121
***ERROR:Jenifa 淚石之戀, Q11309247
***ERROR:GRASSHOPPER (小說), Grasshopper
***ERROR:新兵正传II, Ah Boys to Men 2
***ERROR:D機關, Joker Game
***ERROR:打蛇 (電影), Q11075962
***ERROR:栖霞寺1937, Q11110614
***ERROR:李後主 (電影), Q10335013
***ERROR:Z-108弃城, Q10863615
***ERROR:我未成年 (電影), Q11074873
***ERROR:戲王之王 (2007年電影), Q11075219
***ERROR:挑战者号 (电影), Q11077750
***ERROR:新SD GUNDAM外傳 黃金神話, Q11080892
***ERROR:梅開二度 (1957年電影), Q11115401
***ERROR:棋王 (1991年電影), Q11116305
***ERROR:棒球大聯盟劇場版 友情的一球, Q11116483
***ERROR:愛，斷了線, Q11311290
***ERROR:飛碟襲擊 (1997年電影), Q11314719
***ERROR:日本やくざ伝　総長への道, Q11506197
***ERROR:殭屍 (電影), Rigor Mortis
***ERROR:我的大嚿父母, Q11074914
***ERROR:救急戰隊GOGO V 衝突! 新出現的超戰士, Q11079118
***ERROR:林投姐 (1988年電影), Q11106191
***ERROR:毋、亡我, Q11125867
***ERROR:水浒笑传1, Q11130189
***ERROR:シベリア超特急3, Q11307519
***ERROR:再見，媽媽, Q11300126
***ERROR:睡蓮 (電影), Q11299692
***ERROR:超級特工：新一代, Q11313673
***ERROR:文學獎殺人事件 大助跑, Q11499931
***ERROR:我老婆唔夠秤II：我老公唔生性, My Sassy Hubby
***ERROR:柳生武藝帳 雙龍秘劍, Yagyu Secret Scrolls part II
***ERROR:桃花运 (电影), Desires of the Heart
***ERROR:葉問：終極一戰, Ip Man: The Final Fight
***ERROR:ZOO, Q10863644
***ERROR:攻壳机动队2.0, Q11078880
***ERROR:斬 (1962年電影), Q11080694
***ERROR:斬 (1968年電影), Q11080695
***ERROR:武松 (1982年电影), Q11124379
***ERROR:一眼瞬間，再見愛, Q10864019
***ERROR:七品芝麻官 (电影), Q10864534
***ERROR:七擒七縱七色狼 (2007年電影), Q10864618
***ERROR:下一站…天后, Q10868372
***ERROR:中國龍 (電影), Q10874843
***ERROR:三角地 (电影), The Triangle Land
***ERROR:不老騎士-歐兜邁環台日記, Q10868925
***ERROR:大进军 (电影), Q10873704
***ERROR:七仙女 (电影), Q10864476
***ERROR:七匹狼 (電影), Q10864501
***ERROR:七匹狼2, Seven Foxes 2
***ERROR:举起手来：追击阿多丸, Track Aduowan
***ERROR:七彩卡通老夫子：水虎傳, Q10864601
***ERROR:三國志 (動畫電影), Q10865607
***ERROR:中學 (電影), Q10875149
***ERROR:丹下左膳 妖刀濡燕, Q10877255
***ERROR:一半海水，一半火燄, Ocean Flame
***ERROR:一八九四·甲午大海战, The Sino-Japanese War at Sea 1894
***ERROR:为你而来 (电影), Come for You
***ERROR:2004年香港一週票房冠軍, Q10844510
***ERROR:2008年中国内地一周票房冠军, Q10844882
***ERROR:2008年台北週末票房冠軍, Q10844898
***ERROR:2008年香港一週票房冠軍, Q10845044
***ERROR:2010年中国内地一周票房冠军, Q10845223
***ERROR:2010年香港一週票房冠軍, Q10845392
***ERROR:2012年香港一週票房冠軍, Q10845891
***ERROR:BBS鄉民的正義, Q10846517
***ERROR:SD GUNDAM外傳 聖機兵物語, Q10852388
***ERROR:向日葵 (台灣電影), Q10918132
***ERROR:没有共产党就没有新中国 (电影), Q11141003
***ERROR:KANO, Kano
***ERROR:漢城72小時, Q11315077
***ERROR:日本大海戰：海行兮, Q11508488
***ERROR:塔 (1993年電影), The Tower
***ERROR:1/2次同床, Thanks for Your Love
***ERROR:原乡人 (电影), My Native Land
***ERROR:古惑仔：江湖新秩序, Young and Dangerous: Reloaded
***ERROR:パッテンライ!!～南の島の水ものがたり～, Pattenrai!! ~ Minami no Shima no Mizu Monogatari
***ERROR:丸少爺 電影版(暫譯), Ojarumaru the Movie: The Promised Summer - Ojaru and Semira
***ERROR:1953年问题, Q10843894
***ERROR:2006年台北週末票房冠軍, Q10844630
***ERROR:2010年台北週末票房冠軍, Q10845340
***ERROR:2011年中国内地一周票房冠军, Q10845447
***ERROR:2011年香港一週票房冠軍, Q10845551
***ERROR:2012年香港週末票房冠軍, Q10845896
***ERROR:2013年台北週末票房冠軍, Q10845936
***ERROR:2013年日本週末票房冠軍, Q10845943
***ERROR:2013年香港週末票房冠軍, Q10845955
***ERROR:DIVA華麗之後, Q10846891
***ERROR:Golden Slumbers, Q10847339
***ERROR:刺青 / 電影音樂概念專輯, Q10898734
***ERROR:Be-Bop-Highschool, Q11331226
***ERROR:網球王子 (動畫), Q11319338
***ERROR:英雄秀 (電影), Q11330439
***ERROR:螢火蟲(電影), Q11337734
***ERROR:Friend過打Band, Funny Boys
***ERROR:SPEC～結～, SPEC: Close
***ERROR:黑道千金逼我嫁3, Marrying the Mafia III
***ERROR:加油！胖虎！！, Ganbare! Gian!!
***ERROR:流星蝴蝶劍 (1976年電視劇), Killer Clans
***ERROR:東京瘋 - 約束篇, Tōkyō ★ zansu ~tsu
***ERROR:2009年中国内地一周票房冠军, Q10845083
***ERROR:2012年中国内地一周票房冠军, Q10845593
***ERROR:2013年香港一週票房冠軍, Q10845951
***ERROR:曲がれ!スプーン, Q10855531
***ERROR:刘三姐 (电影), Q10897034
***ERROR:劇場版 魔法老師！ ANIME FINAL, Q10899322
***ERROR:加減2度C, Q10900861
***ERROR:Highteen Boogie, Q11326041
***ERROR:10+10, Q10843715
***ERROR:100發100中 黃金之眼, Q10843721
***ERROR:2007年台北週末票房冠軍, Q10844791
***ERROR:2011年香港週末票房冠軍, Q10845557
***ERROR:2012年华语电影传媒大奖, Q10845617
***ERROR:9路冥婚, Q10846269
***ERROR:出水芙蓉 (2010年電影), Q10896650
***ERROR:劇場版 鬼太郎 日本爆裂！！, Q10899320
***ERROR:可怜天下父母心 (电影), Q10913773
***ERROR:周恩來 (電影), Q10920545
***ERROR:沖田總司 (電影), Q11139374
***ERROR:軌道 (電影), Q11322176
***ERROR:变身男女 (电影), If I Were You
***ERROR:TOT頻道, Tot channel
***ERROR:古惑女2, Sexy and Dangerous II
***ERROR:九條魂 9 souls, 9 Souls
***ERROR:101次求婚, Say Yes
***ERROR:2007年香港一週票房冠軍, Q10844854
***ERROR:2011年台北週末票房冠軍, Q10845480
***ERROR:2012年台北週末票房冠軍, Q10845619
***ERROR:创业 (电影), Q10898178
***ERROR:河东狮吼2, Q11141206
***ERROR:油麻菜籽 (電影), Q11142753
***ERROR:內衣少女 (微電影), Q10891370
***ERROR:五月天追夢3DNA, Mayday 3DNA
***ERROR:人间蒸发 (电影), The Incredible Truth
***ERROR:人生 (电影), Q10883615
***ERROR:儒俠 (電影), Q10889435
***ERROR:人参果 (电影), Q10883445
***ERROR:佐佐木小次郎 (電影), Q10885902
***ERROR:六樓后座2家屬謝禮, Q10893325
***ERROR:八國聯軍 (電影), Spiritual Fists
***ERROR:乾隆下江南 (電影), Adventures of Emperor Chien Lung
***ERROR:五虎將 (1974年電影), The Savage Five
***ERROR:今天不回家 (1969年電影), Accidental Trio
***ERROR:八二三炮戰 (電影), The Kinmen Bombs
***ERROR:人到中年 (电影), Q10883441
***ERROR:佛跳牆 (電影), Q10886830
***ERROR:俠骨仁心 (電影), Q10887928
***ERROR:傲蕾·一兰, Q10889274
***ERROR:五億探長雷洛傳II之父子情仇, Lee Rock II
***ERROR:偷吻 (2000年电影), Un Baiser Volé
***ERROR:再见，总有一天, Sayonara Itsuka
***ERROR:NECKネック, Neck
***ERROR:疵(電影), Q11578913
***ERROR:喀喀喀的鬼太郎 強烈衝突！！異次元妖怪的大叛亂, Q10923337
***ERROR:山中往事 (1994年电影), Q11044418
***ERROR:MAZE ～南風～, Q11231173
***ERROR:極道之妻3：三代目姐, Q11541514
***ERROR:城南旧事 (电影), My Memories of Old Beijing
***ERROR:猩球崛起：黎明之战, Dawn of the Planet of the Apes
***ERROR:寅次郎的故事26 寅次郎海鸥之歌, "Foster Daddy
***ERROR:激動的昭和史 軍閥, The Militarists
***ERROR:垂簾聽政 (電影), Chui lian ting zheng
***ERROR:夜·店, One Night in Supermarket
***ERROR:寅次郎的故事17 再见夕阳, Tora-san's Sunrise and Sunset
***ERROR:寅次郎的故事18 寅次郎纯情诗集, Tora's Pure Love
***ERROR:寅次郎的故事47 致车寅次郎先生, Tora-san's Easy Advice
***ERROR:喀喀喀的鬼太郎 大海獸, Q10923332
***ERROR:喀喀喀的鬼太郎 妖怪午夜棒球, Q10923333
***ERROR:圓月彎刀 (電影), Q10927503
***ERROR:在一起 (電影), Q10928133
***ERROR:山T老夫子, Q11043844
***ERROR:0093 女王陛下之草刈正雄, Q11184819
***ERROR:14歲 (電影), Q11185335
***ERROR:愛的權利(電影), Q11594670
***ERROR:矢島美容室電影版：尋夢內華達, Q11584081
***ERROR:喜愛夜蒲2, Lan Kwai Fong 2
***ERROR:嘩！英雄, What a Hero!
***ERROR:多情劍客無情劍 (電影), The Sentimental Swordsman
***ERROR:殺人狂時代 (日本電影), The Age of Assassins
***ERROR:永遠的0, The Eternal Zero
***ERROR:渴望。, The World of Kanako
***ERROR:來觀光吧！縣廳款待課, Hospitality Department
***ERROR:寅次郎的故事15 鸳鸯伞, Tora-san's Rise and Fall
***ERROR:稻村Jane, Inamura Jane
***ERROR:喀喀喀的鬼太郎 妖怪大戰爭, Q10923334
***ERROR:喀喀喀的鬼太郎 妖怪特快車！魔幻火車, Q10923336
***ERROR:喀喀喀的鬼太郎 最強妖怪軍團！登陸日本！, Q10923339
***ERROR:國王遊戲 (電影), Q10926948
***ERROR:地下鐵 (電影), Q10928227
***ERROR:黑獄斷腸歌2, Q11179297
***ERROR:黑蜥蜴 (1981年電影), Q11179558
***ERROR:鼓手 (1983年電影), Q11180003
***ERROR:神童 (電影), Q11590729
***ERROR:空之境界 (電影), Q11597331
***ERROR:龙族 (江南), Dragon Raja
***ERROR:麦田 (电影), Wheat
***ERROR:報告班長2, Q10930648
***ERROR:壯志雄心 (電影), Q10931585
***ERROR:夏日时光 (2011年电影), Q10932048
***ERROR:鹿鼎記 (1983年電影), Q11175161
***ERROR:歡喜之歌 (漫畫故事), Q11545312
***ERROR:理由 (小說), Q11573570
***ERROR:相棒系列 X DAY, Q11582070
***ERROR:積木くずし真相 ～哀しい家族の最終章～, Q11597143
***ERROR:飛向天空，救援之翼, Q11597349
***ERROR:黑太陽731完結篇, A Narrow Escape
***ERROR:黑太陽731續集, Laboratory of The Devil
***ERROR:寅次郎的故事23 飞翔的寅次郎, "Tora-san
***ERROR:山狗 (電影), The Beasts
***ERROR:龍咁威2003, Dragon Loaded 2003
***ERROR:啊！摇篮, Q10923224
***ERROR:喀喀喀的鬼太郎 (劇場版), Q10923331
***ERROR:黐线 (电影), Q11178873
***ERROR:大菩薩嶺 龍神之卷, Q10937798
***ERROR:歡迎光臨，患者大人, Q11260064
***ERROR:YU-RI ЮЛИИ, Q11345956
***ERROR:動亂(電影), Q11400014
***ERROR:朋友啊，安息！, Q11410288
***ERROR:謝謝你 (電影), Arigatō
***ERROR:天若有情II之天長地久, A Moment of Romance II
***ERROR:IQ博士之衰鬼酒店, Dr. Slump and Arale-chan: N-cha!! Excited Heart of Summer Vacation
***ERROR:獵人：緋色之幻影, Hunter × Hunter: Phantom Rouge
***ERROR:絕唱 (1975年電影), Zesshô
***ERROR:美麗·誘惑, Young & Beautiful
***ERROR:NIGHT HEAD, NIGHT HEAD
***ERROR:劍嶽 點之記, Mt. Tsurugidake
***ERROR:大菩薩嶺 (1960年), Q10937794
***ERROR:天安门 (电影), Q10939379
***ERROR:天涯明月刀 (电视剧), Q10940375
***ERROR:22才の別れ　Lycoris　葉見ず花見ず物語, Q11187268
***ERROR:Q系列 (小説), Q11240320
***ERROR:RAILWAYS 給不能傳達愛的大人們, Q11240493
***ERROR:仰望師恩（2006年）, Q11256795
***ERROR:隔壁．聲．音, Q11261979
***ERROR:薰衣草 (電影), Lavender
***ERROR:大奧 (2010年电影), The Lady Shogun and Her Men
***ERROR:大日子 (電影), Tiger Woohoo
***ERROR:IQ博士之夢幻都市, Dr. Slump and Arale-chan: Hoyoyo! Dream Capital Mecha Police
***ERROR:IQ博士之奪寶大行動, Dr. Slump and Arale-chan: Hoyoyo! The Treasure of Nanaba Castle
***ERROR:大电影2.0两个傻瓜的荒唐事, Q10936940
***ERROR:大菩薩嶺 完結篇, Q10937797
***ERROR:USB (電影), Q11252123
***ERROR:馬克斯之山(電影), Q11239586
***ERROR:穿裘皮的维纳斯 (电影), Venus in Fur
***ERROR:天使之城 (2012), City of Dreams
***ERROR:天使心 (台灣電影), Q10939101
***ERROR:太平洋奇蹟的作戰 金斯卡島, Q10941424
***ERROR:「再見」中的女人, Q11256273
***ERROR:60歳的情書, Q11188102
***ERROR:RUSH！, Q11241349
***ERROR:忍者小精靈 THE MOVIE, Q11235670
***ERROR:愛上July24大道, Q11188315
***ERROR:歡迎回來 隼鳥號, Q11261356
***ERROR:俺俺：33個我, Q11386524
***ERROR:镜子超人REFLEX, Q11342847
***ERROR:天涯海角 (1996年電影), Lost and Found
***ERROR:突入！淺間山莊事件, Q11597591
***ERROR:網走番外地：暴風雪中的鬥爭, Q11607229
***ERROR:大明宫 (纪录片), '' Legend of The Tang Emipire ''
***ERROR:大鱼·海棠, Big Fish & Chinese Flowering Crabapple
***ERROR:W的悲劇 (電影), W's Tragedy
***ERROR:大城小事 (電影), Q10934550
***ERROR:BOX袴田事件 所謂生命, Q11191597
***ERROR:橫濱BJ藍調, Q11346027
***ERROR:閃耀吧，手術刀！, Q11343627
***ERROR:老師真偉大！, Q11388154
***ERROR:大冒險家 (電影), The Adventurers
***ERROR:澀谷 (電影), Q11561649
***ERROR:新郎18歲, Q11615231
***ERROR:跑啊!一郎, Q11636057
***ERROR:釣魚狂日記5, Q11648209
***ERROR:鶴(電影), Tsuru
***ERROR:夫妻成长日记2, Q10941901
***ERROR:夫妻成长日记4：爱的永远, Q10941903
***ERROR:妖獸都市 (1987年動畫電影), Q10943025
***ERROR:彈道 (電影), Q11069405
***ERROR:小好、小麻、佐和子, Sue
***ERROR:大搜查線3：全面動員, Q11637150
***ERROR:聯合艦隊司令長官 山本五十六, Q11639866
***ERROR:誘拐(電影), Q11631513
***ERROR:奪標 (電影), The Champions
***ERROR:妲己 (1964年电影), '' The Last Woman of Shang ''
***ERROR:嫁個100分男人, Marry a Perfect Man
***ERROR:阿拉蕾 アラレちゃん んちゃ!ペンギン村はハレのち晴れ, Dr. Slump and Arale-chan: N-cha! Clear Skies Over Penguin Village
***ERROR:孤岛惊魂 (2011年电影), Mysterious Island
***ERROR:清須會議 (小說), The Kiyosu Conference
***ERROR:太陽雨 (2006年電影), Q10941849
***ERROR:夫妻成长日记3：爱情陷阱, Q10941902
***ERROR:接力賽 (電影), Q11198245
***ERROR:純愛手札 (電影), Q11273013
***ERROR:大木家的快樂旅行 新婚地獄篇, Q11435883
***ERROR:獄門島(電影), Q11572175
***ERROR:玩樂 (電影), Q11640306
***ERROR:衝動殺人，兒子啊, Q11626342
***ERROR:潛艇I-57號不投降, Submarine I-57 Will Not Surrender
***ERROR:夫妻成長日記 (電影), Q10941900
***ERROR:好小子 (1986年電影), Q10942874
***ERROR:大失戀。, Q11434183
***ERROR:花 (電影), Q11614955
***ERROR:花田少年史 幽靈與祕密的隧道, Q11615573
***ERROR:青鳥 (電影), Q11661043
***ERROR:黒の駐車場, Q11677966
***ERROR:2006年重製版, The Inugamis
***ERROR:啟航吧！編舟計畫, The Great Passage
***ERROR:太陽的朋友！加油！心跳太陽車, Q10941836
***ERROR:幕末 (電影), Q11060552
***ERROR:再見了，親愛的總統, Q11268443
***ERROR:火龍 (1986年電影), Q11566986
***ERROR:道(電影), Q11640581
***ERROR:釣魚狂日記20, Q11648207
***ERROR:聯合艦隊 (電影), Imperial Navy
***ERROR:应召女郎1988之二现代应召女郎, Girls Without Tomorrow 1992
***ERROR:最後的德魯伊：加爾姆戰爭, Garm Wars: The Last Druid
***ERROR:肉彈 (電影), The Human Bullet
***ERROR:IQ博士之愛在天神村, Dr. Slump and Arale-chan: N-cha! Love Comes from Penguin Village!
***ERROR:女左膳 濡燕獨臂斬, Q10942759
***ERROR:孙中山 (1986年电影), Q10944604
***ERROR:布衣神相 (電影), Q11059725
***ERROR:幸福的旁邊 (電影), Q11061516
***ERROR:陽光燦燦：大海珊瑚和小小奇跡, Q11272614
***ERROR:娘道成寺 蛇炎之戀, Q11447678
***ERROR:宮本武藏：雙劍飛馳之夢, Q11454871
***ERROR:山的你，德市之戀, Q11465787
***ERROR:老夫子2001, Q11491842
***ERROR:鐵腕投手 稻尾物語, Q11649625
***ERROR:忌廉溝鮮奶 (電影), Q11072199
***ERROR:思春期诱惑3, Q11072589
***ERROR:憐 Ren, Q11074236
***ERROR:花崎マユミ, Q11464681
***ERROR:陸軍中野學校 開戰前夜, Q11658657
***ERROR:鬪茶 (電影), Q11656587
***ERROR:情迷 (2012年电影), The Second Woman
***ERROR:超人梅比斯外傳:光明始動, Ultraman Mebius Side Story: Hikari Saga
***ERROR:超人梅比斯外傳:黑凱追擊, Ultraman Mebius Side Story: Armored Darkness
***ERROR:妖世紀水滸伝 -魔星降臨-, Yōseiki Suikoden
***ERROR:完美的間諜 (電視劇), A Perfect Spy
***ERROR:PIKA☆NCHI － LIFE IS HARD 不過HAPPY, PIKA☆NCHI LIFE IS HARD but HAPPY
***ERROR:洛克人EXE：光影戰記, MegaMan NT Warrior: Program of Light and Dark
***ERROR:禿鷲 (電影), Hagetaka: The Movie
***ERROR:黑貓魯道夫：魯道夫與可多樂, Rudolf and Ippaiattena
***ERROR:怒江，一条丢失的峡谷, Q11072542
***ERROR:思春期诱惑1, Q11072587
***ERROR:惊心动魄 (2003年电影), Q11073315
***ERROR:愛你一萬年 (電影), Q11073665
***ERROR:愛情靈藥 (電影), Q11073758
***ERROR:憤怒青年 (電影), Q11074240
***ERROR:我为卿狂 (1991年电影), Q11074723
***ERROR:我们约会吧 (电影), Somebody to Love
***ERROR:PIKA☆☆NCHI － LIFE IS HARD 所以HAPPY, Q11283811
***ERROR:のだめカンタービレ 最終楽章 後編, Q11275181
***ERROR:你知道嗎!纏頭巾, Q11267277
***ERROR:水月 (電影), Q11288788
***ERROR:烏龍派出所 電影版2 UFO大逆襲！龍捲風大作戰!!, Q11266429
***ERROR:超人力霸王M78劇場 Love & Peace, Q11289225
***ERROR:女教師 (1977年電影), Q11446480
***ERROR:愛情不NG, Love Is Not NG
***ERROR:御先祖大人萬萬歲!, Gosenzo-sama Banbanzai!
***ERROR:難波金融傳・南之帝王, Minami no Teiō
***ERROR:思春期诱惑2, Q11072588
***ERROR:我愛Lolanto, Q11074816
***ERROR:ひとりかくれんぼ 劇場版－真・都市伝説－, Q11276327
***ERROR:烏龍派出所 電影版 史上最惡爆彈大作戰！, Q11266428
***ERROR:莎喲娜拉！小黑, Q11268299
***ERROR:宮城野 (電影), Q11454010
***ERROR:審理 (日本電影), Q11457635
***ERROR:怨女 (電影), Q11072733
***ERROR:愛·鬥大, Q11073628
***ERROR:失去爬升  -閃光-, Q11350355
***ERROR:怪奇!!幽靈小吃突襲!, Q11491660
***ERROR:愛・出發, Q11493431
***ERROR:失序森林-銀髮阿基德, Amoretto
***ERROR:七人的住宅 cult seven, cult seven
***ERROR:幸福(電影), Kofuku
***ERROR:大搜查線 THE FINAL, Bayside Shakedown The Final
***ERROR:超極銀河傳說外傳 超人力霸王傑洛VS黑暗獨眼巨人傑洛, Ultra Galaxy Legend Side Story: Ultraman Zero vs. Darklops Zero
***ERROR:怪醫黑傑克 (動畫), Q11072751
***ERROR:山茶花 - Love for Sale, Q11275003
***ERROR:Madonna (電影), Madonna
***ERROR:姐妹 (2008年電影), Sisterhood
***ERROR:夜幕行動 (電影), Night Moves
***ERROR:香港97 (電影), Hong Kong 97
***ERROR:曼德拉:漫漫自由路, Mandela: Long Walk to Freedom
***ERROR:與龍同行3D大電影, Walking with Dinosaurs
***ERROR:霧 (電影), Mist
***ERROR:金屬樂隊：穿越永恆, Metallica Through the Never
***ERROR:希望之眼 (電影), "Bless Me
***ERROR:俺干掉了蕾丝边老婆，把这娘们吊在了肉钩子上，于是俺现在跟迪士尼签了三部电影的合约啦, "I Killed My Lesbian Wife
***ERROR:全職殺手 (2012年電影), Interview with a Hitman
***ERROR:激動戰士MAN勃哥, Manborg
***ERROR:迷失1971, '71
***ERROR:蒙太奇 (電影), Montage
***ERROR:再見!全壘打, Home Run
***ERROR:劇場版 假面騎士Wizard in Magic Land, Kamen Rider Wizard in Magic Land
***ERROR:書緣尋蹤 (2014年電影), Reach Me
***ERROR:世界盡頭 (2009年電影), Ved verdens ende
***ERROR:鋼鐵大伍：救國的鐵箱子, Almost Che
***ERROR:晚娘 (2012年电影), Jan Dara the Beginning
***ERROR:茱莉小姐 (電影), Miss Julie
***ERROR:不可饒恕 (電影), No Mercy
***ERROR:我彌留之際 (電影), As I Lay Dying
***ERROR:失重 (電影), Song to Song
***ERROR:愛子 (電影), Goodbye Mom
***ERROR:我們學校的ET, Our School's E.T.
***ERROR:你好，這就是我！, "Hello
***ERROR:真愛BJ4, Playing It Cool
***ERROR:彩虹小馬：小馬國女孩, My Little Pony: Equestria Girls
***ERROR:BJ有喜, Bridget Jones's Baby
***ERROR:傳奇17號, Legenda No. 17
***ERROR:惡靈古堡：最終章, Resident Evil: The Final Chapter
***ERROR:森浦之路 (電影), The Road to Sampo
***ERROR:阴儿房2, Insidious: Chapter 2
***ERROR:美眉校探 (電影版), Veronica Mars
***ERROR:突袭2：暴徒, The Raid 2: Berandal
***ERROR:哆啦美与迷你哆啦SOS, Mini-Dora SOS
***ERROR:省港旗兵3, Long Arm of the Law Part 3
***ERROR:復仇者聯盟2：奧創紀元, Avengers: Age of Ultron
***ERROR:精裝追女仔II, The Romancing Star II
***ERROR:玩命關頭7, Furious 7
***ERROR:精裝追女仔之3狼之一族, The Romancing Star III
***ERROR:歐吉桑鄰好 (2014年電影), St. Vincent
***ERROR:阿呆與阿瓜：賤招拆招, Dumb and Dumber To
***ERROR:無盡的愛 (2014年電影), Endless Love
***ERROR:火車 (電影), Helpless
***ERROR:蝙蝠俠大戰超人：黎明的正義, Batman v Superman: Dawn of Justice
***ERROR:失控 (電影), Locke
***ERROR:未来忍者 庆云机忍外传, Mirai Ninja
***ERROR:No Breathing, No Breathing
***ERROR:高海拔之戀II, Romancing in Thin Air
***ERROR:劇場版 獸電戰隊強龍者 GABURINCHO OF MUSIC, Zyuden Sentai Kyoryuger: Gaburincho of Music
***ERROR:至尊無上II之永霸天下, Casino Raiders II
***ERROR:逃學威龍2, Fight Back to School II
***ERROR:警察故事2013, Police Story 2013
***ERROR:敢死队3, The Expendables 3
***ERROR:宙斯之子：赫拉克勒斯, Hercules: The Thracian Wars
***ERROR:驚天12小時, The Last Blood
***ERROR:小时代：青木时代, Tiny Times 2
***ERROR:第44個孩子, Child 44
***ERROR:第6誡, Cross
***ERROR:莫比烏斯 (電影), Moebius
***ERROR:雪地迷蹤 (2014年電影), The Captive
***ERROR:恐怖故事2, Horror Stories 2
***ERROR:激戰 (電影), Unbeatable
***ERROR:帝國戰神：巴霍巴利王, Baahubali: The Beginning
***ERROR:蠢蛋搞怪秀4：坏祖父, Jackass Presents: Bad Grandpa
***ERROR:辛白林 (2014年電影), Cymbeline
***ERROR:重點是，我愛你, Instructions Not Included
***ERROR:假面騎士×假面騎士 鎧武 & Wizard 天下決勝之戰國MOVIE大合戰, Kamen Rider × Kamen Rider Gaim & Wizard: The Fateful Sengoku Movie Battle
***ERROR:翻聲吧！保羅, One Chance
***ERROR:Pawn Shop Chronicles (美國電影), Pawn Shop Chronicles
***ERROR:玫瑰香水 (電影), Rosewater
***ERROR:德古拉：永咒傳奇, Dracula Untold
***ERROR:出埃及記：天地王者, Exodus: Gods and Kings
***ERROR:朋友2, Friend: The Great Legacy
***ERROR:名偵探柯南：異次元的狙擊手, Detective Conan: Dimensional Sniper
***ERROR:那夜凌晨，我坐上了旺角開往大埔的紅VAN, The Midnight After
***ERROR:三兄弟：回來, Les Trois Frères: Le retour
***ERROR:鬼哭神嚎：惡靈15, Poltergeist
***ERROR:搏命關頭 (2013年電影), Hours
***ERROR:塑料 (2014年電影), Plastic
***ERROR:男人們在做著甚麼！, Q15271108
***ERROR:愛·真·承, Lost for Words
***ERROR:真愛故事 (2012年電影), True Love
***ERROR:冰封俠: 重生之門, Iceman 3D
***ERROR:浪客剑心：传说的最后时刻篇, Rurouni Kenshin: Densetsu no Saigo-hen
***ERROR:蠟筆小新 我的機器爸爸, Crayon Shin-chan: Serious Battle! Robot Dad Strikes Back
***ERROR:老板不是人2, Horrible Bosses 2
***ERROR:賈斯汀·比伯：相信, Justin Bieber's Believe
***ERROR:爸爸去哪兒 (電影), "Where are We Going
***ERROR:前进，达瓦里希, "Forward
***ERROR:我的19歲, 19-Nineteen
***ERROR:垂死掙扎 (2008年電影), Sucker Punch
***ERROR:愛與寬容 (電影), Love and Mercy
***ERROR:混蛋2, Bad Asses
***ERROR:幻影车神：魔盗激情, Dhoom 3
***ERROR:髒話 (2013年電影), Bad Words
***ERROR:Pokemon the movie XY 破壞之繭與蒂安希, Pokémon the Movie: Diancie and the Cocoon of Destruction
***ERROR:小時代：刺金時代, Tiny Times 3
***ERROR:逃出生天3D, Out of Inferno 3D
***ERROR:龙虎少年队2, 22 Jump Street
***ERROR:神劍闖江湖 京都大火篇, Rurouni Kenshin: Kyoto Taika-hen
***ERROR:暑假作業 (電影), Q15911639
***ERROR:第8届中国电影华表奖, Q15912363
***ERROR:翻滾吧！男孩, Q15912660
***ERROR:青苹果 (2007年电影), Q15913956
***ERROR:鬼情書 (電影), Q15912325
***ERROR:青春期3, Pubescence 3
***ERROR:甜·祕密, Q15911530
***ERROR:罗摩衍那: 史诗, Q15913476
***ERROR:蛇蝎情人 (2002年电影), Q15913655
***ERROR:重口味 (電影), Q15912734
***ERROR:黑部的太陽 (1968年電影), Q15912082
***ERROR:貓頭鷹 (電影), Q15913676
***ERROR:餘生—賽德克·巴萊, Q15913246
***ERROR:行運超人 (電影), My Lucky Star
***ERROR:赛尔号大电影3：战神联盟, Seer the Movie 3: Heroes Alliance
***ERROR:金瓶梅2：愛的奴隸, The Forbidden Legend Sex & Chopsticks 2
***ERROR:飛狐外傳 (1980年電影), Legend of the Fox
***ERROR:2014年台北週末票房冠軍, Q15913777
***ERROR:第5届中国电影华表奖, Q15912914
***ERROR:飄香劍雨 (電影), Q15913995
***ERROR:白玉老虎 (電影), Q15913044
***ERROR:第6届中国电影华表奖, Q15912629
***ERROR:飛虎雄心2之傲氣比天高, Q15913645
***ERROR:金瓶梅 (1968年电影), The Notorious Concubines
***ERROR:荷里活小子 (電影), Life and Death of the Hollywood Kid
***ERROR:聽不到的說話 (電影), Q15910905
***ERROR:飲食男女：好遠又好近, Q15909880
***ERROR:龍飛鳳舞 (電影), Q15911289
***ERROR:BBS鄉民的正義前傳：必要之闇, Dark Code
***ERROR:萧红 (电影), Falling Flowers
***ERROR:2006年香港電影金紫荊獎, Q15910961
***ERROR:現場·戰場·夢工廠 Live in Live, Q15908678
***ERROR:詹天佑 (电影), Q15908764
***ERROR:閃電騎士V3, Q15909483
***ERROR:暴雨驕陽 (香港電影), Q15909889
***ERROR:燃燒吧！火鳥, Q15908346
***ERROR:異域2：孤軍, Q15908562
***ERROR:看海的日子 (電影), Q15908544
***ERROR:第9届中国电影华表奖, Q15907556
***ERROR:返老還童 (電影), Forever Young
***ERROR:瑪德2號, Q15909047
***ERROR:碟仙 (電影), Q15911423
***ERROR:第7届中国电影华表奖, Q15910953
***ERROR:蜜桃成熟時1997, Q15909779
***ERROR:阿修罗 (1990年电影), Q15909820
***ERROR:光之美少女 All Stars New Stage3 永遠的朋友, Q15911009
***ERROR:惊天动地 (2009年电影), Q15909550
***ERROR:背靠背，脸对脸, Q15907735
***ERROR:邓小平 (电影), Deng Xiaoping
***ERROR:小男人週記 II 錯在新宿, Brief Encounter in Shinjuku
***ERROR:證言 (電影), Q15918490
***ERROR:共犯 (電影), Blood and Ties
***ERROR:正義聯盟：開戰, Justice League: War
***ERROR:我的朋友，我的同學，我愛過的一切, That Girl in Pinafore
***ERROR:想擁抱你 -真實物語-, Dakishimetai: Shinjitsu no Monogatari
***ERROR:钟馗伏魔：雪妖魔灵, Zhong Kui: Snow Girl and the Dark Crystal
***ERROR:致命弯道6：终极审判, Wrong Turn 6
***ERROR:遠離塵囂：珍愛相隨, Far from the Madding Crowd
***ERROR:屯門色魔 (電影), Q15916948
***ERROR:红领巾 (2011年电影), Q15916898
***ERROR:是誰在造神?, The Program
***ERROR:回家的路 (電影), Way Back Home
***ERROR:Plan Man, The Plan Man
***ERROR:刺客任務：殺手47, Hitman: Agent 47
***ERROR:You Are My Life, You Are My Life
***ERROR:湯姆貓與傑利鼠：巨人大冒險, Tom and Jerry's Giant Adventure
***ERROR:钟馗嫁妹 (1994年电影), The Chinese Ghostbuster
***ERROR:遊戲規則 (1994年電影), Rules of the Game
***ERROR:七小福 (1986年電影), Q15917148
***ERROR:眠狂四郎無賴控 魔性之肌, Q15919968
***ERROR:對不起，我愛你, 對不起，我愛你
***ERROR:2011年電影列表, Q15894973
***ERROR:怪物 (2014年電影), Monster
***ERROR:2014年日本週末票房冠軍, Q16021696
***ERROR:當男人戀愛時 (電影), Man in Love
***ERROR:鬼入鏡5：詛咒, Paranormal Activity: The Marked Ones
***ERROR:海盜：奔向大海的山賊, The Pirates
***ERROR:博物馆奇妙夜3, Night at the Museum: Secret of the Tomb
***ERROR:兒子 (法語電影), Fiston
***ERROR:絶狼＜ZERO＞－BLACK BLOOD－, Zero: Black Blood
***ERROR:野·良犬, The Pye-Dog
***ERROR:劇場版 心跳！光之美少女 小愛要結婚了!!?, Q15103662
***ERROR:薩瓦納 (電影), Savannah
***ERROR:青春之歌 (1959年电影), Q15917938
***ERROR:狼图腾 (电影), Wolf Totem
***ERROR:彼得·潘, Pan
***ERROR:黃色 (2012年電影), Yellow
***ERROR:兩相好 (1962年電影), Q15920452
***ERROR:宇宙兄弟 (動畫), Q15896199
***ERROR:廢物 (電影), Q15920053
***ERROR:樂之路 (電影), Q15918232
***ERROR:親愛的 (2008年電影), Q15920319
***ERROR:紧急迫降 (2000年电影), Crash Landing
***ERROR:青春期 (2011年电影), Pubescence
***ERROR:不是冤家不聚頭 (1987年電影), Q15924750
***ERROR:月光下，我記得, Q15921773
***ERROR:阿呆 (電影), Q15923112
***ERROR:眠狂四郎無賴控 魔劍地獄, Q15922131
***ERROR:柯南vs基德 漆黑的狙擊者 3D, Q15923434
***ERROR:為你鍾情 (1985年電影), Q15923179
***ERROR:眠狂四郎無賴控第二集 圓月殺法, Q15922488
***ERROR:1996年香港電影金紫荊獎, Q15923622
***ERROR:笑林小子2：新乌龙院, Q15922609
***ERROR:韶山少年：毛泽东的故事, Q15921438
***ERROR:同桌的你 (电影), My Old Classmate
***ERROR:玉女添丁 (1968年電影), Q15927414
***ERROR:痴心的我 (電影), Q15925913
***ERROR:SOS：海上婦女, S.O.S Mulheres ao Mar
***ERROR:2014年香港一週票房冠軍, Q15925098
***ERROR:奔跑吧，自行車, Q15927701
***ERROR:2005年香港電影金紫荊獎, Q15924918
***ERROR:錯點鴛鴦 (電影), Q15927218
***ERROR:陸軍中野學校 雲一號指令, Q15927072
***ERROR:王牌 (電影), Who Is Undercover
***ERROR:百分百感覺2003, Q15927665
***ERROR:人間喜劇 (2001年電影), Q15926085
***ERROR:鐵血騎警II朋黨, Q15925271
***ERROR:靚足100分, Q15927524
***ERROR:西风烈 (2010年电影), Wind Blast
***ERROR:躲貓貓 (電視劇), Q15902724
***ERROR:2012来了, Q16077929
***ERROR:金橘 (电影), Tangerines
***ERROR:光輝歲月 (電影), 7 Assassins
***ERROR:痞子英雄首部曲：全面開戰, Black & White Episode I: The Dawn of Assault
***ERROR:窃听风云3, Overheard 3
***ERROR:稻草人 (電影), Strawman
***ERROR:逗陣ㄟ, Get Together
***ERROR:冰雪11天, The Next 11 Days
***ERROR:朝内81号, The House That Never Dies
***ERROR:賭聖2：街頭賭聖, The Saint of Gamblers
***ERROR:四大名捕II, The Four II
***ERROR:大稻埕 (電影), Twa-Tiu-Tiann
***ERROR:犀利人妻最終回：幸福男·不難, '' The Fierce Wife Final Episode ''
***ERROR:翻滾吧！阿信, Jump Ashin!
***ERROR:奪魂鋸8, Jigsaw
***ERROR:潘金莲 (1964年电影), Q15904877
***ERROR:燃燒吧！歐吉桑, Q15904793
***ERROR:省港旗兵4, Q15902193
***ERROR:鐵獅玉玲瓏 (電影), Q15903558
***ERROR:阿爸 (電影), Q15905391
***ERROR:譚美 (電影), Tammy
***ERROR:2010年電影, Q15898891
***ERROR:钱学森 (电影), Hsue-shen Tsien
***ERROR:第12届中国电影华表奖, Q15904430
***ERROR:第56屆亞太影展, Q15903104
***ERROR:筑梦2008, Q15904064
***ERROR:墨攻 (電影), A Battle of Wits
***ERROR:第10届中国电影华表奖, Q15906192
***ERROR:第11届中国电影华表奖, Q15905390
***ERROR:第15届中国电影华表奖, Q15903015
***ERROR:縣道184之東, Q16077823
***ERROR:獸電戰隊強龍者 VS Go Busters 恐龍大決戰！ 再見永遠的朋友啊, Zyuden Sentai Kyoryuger vs. Go-Busters: The Great Dinosaur Battle! Farewell Our Eternal Friends
***ERROR:终结者：创世纪, Terminator Genisys
***ERROR:喜愛夜蒲3, Lan Kwai Fong 3
***ERROR:穿越101, Traversal 101
***ERROR:親愛的 我想告訴你, The Regret
***ERROR:5月天諾亞方舟, Q15898349
***ERROR:機動戰士Z GUNDAM劇場版, Q15896563
***ERROR:第13届中国电影华表奖, Q15903868
***ERROR:第14届中国电影华表奖, Q15903852
***ERROR:自梳 (電影), Q15906979
***ERROR:蝴蝶夢-梁山伯與祝英台, Q15903580
***ERROR:變身 (電影), Q15899550
***ERROR:阿信 (電影), Q15902721
***ERROR:2014年香港週末票房冠軍, Q16078835
***ERROR:粉红女郎·爱人快跑, Q16078321
***ERROR:2013年华语电影传媒大奖, Q15903301
***ERROR:卖花姑娘 (电影), Q15905941
***ERROR:3橘之戀, Q15936155
***ERROR:愛上9號球, Q15933872
***ERROR:2001年香港電影金紫荊獎, Q15932680
***ERROR:空中花園 (電影), Q15932242
***ERROR:飄 (紀錄片), Gone with the Wind
***ERROR:陸軍中野學校 開戰前夜, Q15932301
***ERROR:錦繡前程 (1994年電影), Q15934883
***ERROR:红珊瑚 (电影), Q15935776
***ERROR:兄弟 (1986年電影), Brotherhood
***ERROR:醉餓遊戲 (2014年電影), The Hungover Games
***ERROR:2002年香港電影金紫荊獎, Q15930509
***ERROR:星际迷航3, Q15929448
***ERROR:花木兰 (豫剧), Q15929065
***ERROR:陸軍中野學校 密命, Q15929128
***ERROR:陸軍中野學校 龍三號指令, Q15928761
***ERROR:真愛100天, 100 Days
***ERROR:重案黐孖GUN, Heat Team
***ERROR:303 (紀錄片), Q15930661
***ERROR:柯南vs基德 鯊魚和珠寶, Q15929755
***ERROR:玉女添丁 (2001年電影), Q15929718
***ERROR:百分百感覺2, Q15931492
***ERROR:禁色 (電影), Q15928990
***ERROR:緣份有Take 2, Q15930749
***ERROR:雨過天晴 (電影), Q15915185
***ERROR:Live In Copenhagen, Q15939795
***ERROR:孔雀王朝 (電影), Q15938486
***ERROR:新村1949, Q15938682
***ERROR:心寒 (電影), Shiver
***ERROR:楼 (电影), The House
***ERROR:馬哥波羅 (電影), Q15915365
***ERROR:最后的战争 (电影), Outcast
***ERROR:向日葵 (韓國電影), Sunflower
***ERROR:哥本哈根 (2014年電影), Copenhagen
***ERROR:平成騎士對昭和騎士 假面騎士大戰feat.超級戰隊, Heisei Riders vs. Shōwa Riders: Kamen Rider Taisen feat. Super Sentai
***ERROR:金雞SSS, Golden Chicken 3
***ERROR:33：重生奇蹟, The 33
***ERROR:青春 (韓國電影), Plum Blossom
***ERROR:國定殺戮日：無法無天, The Purge: Anarchy
***ERROR:金田一少年之事件簿 (電影), Shanghai Mermaid Legend Murder Case
***ERROR:復仇者聯盟機密任務：黑寡婦與制裁者, Avengers Confidential: Black Widow & Punisher
***ERROR:天降之物Final 永遠的我的鳥籠, Sora no Otoshimono Final: Eternal My Master
***ERROR:2004年香港電影金紫荊獎, Q15949178
***ERROR:喵呜是谁叫的？, Q15939736
***ERROR:牛鬼蛇神 (电影), Q15915059
***ERROR:王老五 (电影), Q15915250
***ERROR:第4回日本電影金像獎, Q15942031
***ERROR:紅孩兒：決戰火焰山, Q15946027
***ERROR:艾草 (公視人生劇展), Q15915379
***ERROR:蝴蝶盃 (1965年電影), Q15914629
***ERROR:非常大总统 (电影), Q15956080
***ERROR:I型起源, I Origins
***ERROR:高舉·愛, Love Lifting
***ERROR:英雄·喋血, 72 Heroes
***ERROR:小蝙蝠俠：開戰時刻, Batkid
***ERROR:歸來的獸電戰隊強龍者 100 Years After, Q15725774
***ERROR:地心冒險3：飛向月球, Q15938089
***ERROR:我和他的99天, Q15916296
***ERROR:湯瑪士小火車電影版 藍山礦場的祕密, Q15915501
***ERROR:燈草和尚 (電影), Q15914024
***ERROR:眼淚 (電影), Q15914314
***ERROR:金瓶梅 (1955年电影), Q15914855
***ERROR:青蛙王子 (電影), Q15914746
***ERROR:董存瑞 (电影), Q15916650
***ERROR:蛋糕 (電影), Cake
***ERROR:"十三歲少女(Girl Thirteen/열세살,  수아)"
***ERROR:2015大明星小跟班, Entourage
***ERROR:舞力全開5 3D, Step Up All In
***ERROR:王者爭霸：荷魯斯之眼, Gods of Egypt
***ERROR:宮女 (2007年電影), Shadows in the Palace
***ERROR:Another, Q16138213
***ERROR:打雀英雄傳 (1981年電影), Q15915577
***ERROR:1997年香港電影金紫荊獎, Q16321622
***ERROR:卡蘿 (電影), Carol
***ERROR:廷巴克图 (电影), Timbuktu
***ERROR:梅西的詛咒 (2014年電影), Mercy
***ERROR:外星人 (2014年電影), Extraterrestrial
***ERROR:王子 (電影), The Prince
***ERROR:1998年香港電影金紫荊獎, Q16321623
***ERROR:2014年英國週末票房冠軍列表, Q16321656
***ERROR:第1届波士顿在线影评人协会奖, Q16321612
***ERROR:卡濟姆·喀拉貝基爾, The Homesman
***ERROR:慶祝!我們的愛, Viva! Love
***ERROR:7步成屍, Contracted
***ERROR:非常4女婿, Qu'est-ce qu'on a fait au Bon Dieu?
***ERROR:吉科爾 (1982年電影), Gikor
***ERROR:豪情3D, Naked Ambition 2
***ERROR:金盞花大酒店2, The Second Best Exotic Marigold Hotel
***ERROR:林中小屋 (2014年电影), The Cabin in the Mountains
***ERROR:往十里 (電影), Q16190680
***ERROR:桑巴 (2014年電影), Samba
***ERROR:家族 (2004年電影), A Family
***ERROR:Truck(卡車), The Truck
***ERROR:飛上去，企鵝, Fly Penguin
***ERROR:寻找刘三姐 (电影), A Singing Fairy
***ERROR:HK 瘋狂假面, Hentai Kamen
***ERROR:偷車賊 (電影), Stealing Cars
***ERROR:FAIRY TAIL, Q16510277
***ERROR:莫哈維沙漠 (電影), Mojave
***ERROR:2007年香港電影金紫荊獎, Q16321638
***ERROR:四 (2012年電影), Four
***ERROR:吉科爾 (1934年電影), Gikor
***ERROR:90分鐘, 90 Minutes
***ERROR:1999年香港電影金紫荊獎, Q16321624
***ERROR:2003年香港電影金紫荊獎, Q16321637
***ERROR:2013年法國一周票房冠軍列表, Q16321650
***ERROR:D車頭, The D Train
***ERROR:俠女：劍之記憶, Memories of the Sword
***ERROR:失憶𠝹女王, "Why Me
***ERROR:畸形 (電影), The Anomaly
***ERROR:解密風暴 (2015年電影), The Clearstream Affair
***ERROR:Mr. Idol愛回歸, Mr. Idol
***ERROR:詹姆士 (電影), Jamesy Boy
***ERROR:遊 (電影), Voyage
***ERROR:竞雄女侠·秋瑾, Qiu Jin
***ERROR:羅密歐與茱麗葉 (2013年百老匯戲劇), Romeo and Juliet
***ERROR:电脑奇侠REBOOT, Kikaider Reboot
***ERROR:伊豆舞孃 (1954年電影), Izu no odoriko
***ERROR:喧嘩與騷動 (電影), The Sound and the Fury
***ERROR:夜关门：欲望之花, Door Tonight
***ERROR:再爱我一次·逆爱, Love Me Again：Inverse love
***ERROR:愛情的條件 (1979年電影), Love's Condition
***ERROR:"红侠, "
***ERROR:完美音调2, Pitch Perfect 2
***ERROR:Help!, Q16688399
***ERROR:Woman (1968年電影), Woman
***ERROR:骄傲 (电影), Pride
***ERROR:上车，走吧, Q16690245
***ERROR:仁穆大妃 (電影), Queen In-mok
***ERROR:沃倫·比蒂未確定專案, Rules Don't Apply
***ERROR:驚奇4超人, Fantastic Four
***ERROR:2030年之水, 2030
***ERROR:Space Ofera 阿卡魯達, Q17228887
***ERROR:星光少女 群星閃耀 星光☆十強, Q17230137
***ERROR:笔仙惊魂3, Death Is Here 3
***ERROR:分歧者2：叛亂者, The Divergent Series: Insurgent
***ERROR:羅馬浴場2, Thermae Romae II
***ERROR:王朝的女人·杨贵妃, Yang Guifei
***ERROR:即刻救援3, Taken 3
***ERROR:空之境界 第二章 杀人考察（前）, The Garden of Sinners: A Study in Murder – Part 1
***ERROR:溫特的故事：泳不放棄2, Dolphin Tale 2
***ERROR:無名人~某天才科學家的五天生活, Genome Hazard
***ERROR:老千：神之手, Tazza 2
***ERROR:凝視動物的100種方式, Bestiaire
***ERROR:I am Ichihashi～直到被逮捕, I Am Ichihashi: Journal of a Murderer
***ERROR:反恐999, Triple 9
***ERROR:百货战警2, Paul Blart: Mall Cop 2
***ERROR:青鳥 (2013年電影), Bluebird
***ERROR:共犯 (2014年電影), Partners in Crime
***ERROR:親密 (2012年電影), Q17231549
***ERROR:R100 (電影), R100
***ERROR:Delete愛人, Delete My Love
***ERROR:摧毀 (電影), Raze
***ERROR:匿名 (電影), Manuscripts Don't Burn
***ERROR:犯罪活動 (電影), Criminal Activities
***ERROR:康丁法拉斯 (電影), Cantinflas
***ERROR:冏男四賤客2, The Inbetweeners 2
***ERROR:哈拉丁 (電影), Harodim
***ERROR:X战警：天启, X-Men: Apocalypse
***ERROR:有你，生命最完整, The Best of Me
***ERROR:Z風暴, Z Storm
***ERROR:彗星來的那一夜-, Coherence
***ERROR:海陸悍將4, The Marine 4: Moving Target
***ERROR:與神對話 (電影), Words with Gods
***ERROR:劇場版 假面騎士鎧武 足球大決戰！黃金果實爭奪杯！, Kamen Rider Gaim: Great Soccer Battle! Golden Fruits Cup!
***ERROR:殺人之前，復仇之後, To Kill a Man
***ERROR:莫希怪物：电影, Moshi Monsters: The Movie
***ERROR:分手100次, Break Up 100
***ERROR:相棒 -劇場版III- 巨大密室！特命系 絕命孤島, Q17190778
***ERROR:叫魂 (電影), Demonic
***ERROR:記得...香蕉成熟時II初戀情人, Q18118237
***ERROR:報告班長7, "Yes
***ERROR:寻找薇薇安·迈尔, Finding Vivian Maier
***ERROR:恐怖在線 (電影), Twilight Online
***ERROR:象不象？, Q17500706
***ERROR:真的開Dry了, Man Up
***ERROR:許三觀 (電影), Chronicle of a Blood Merchant
***ERROR:設計 (電影), The Plan
***ERROR:杀破狼2, SPL II
***ERROR:鍋蓋頭2, Jarhead 2: Field of Fire
***ERROR:行動代號：孫中山, Meeting Dr.Sun
***ERROR:哥吉拉：怪獸之王, Godzilla: King of the Monsters
***ERROR:無限春光27, In the Room
***ERROR:不可能的任務：失控國度, Mission: Impossible – Rogue Nation
***ERROR:史丹佛監獄實驗 (2015年電影), The Stanford Prison Experiment
***ERROR:活路：妒忌私家偵探社, Live@Love
***ERROR:京城學校：消失的少女們, The Silenced
***ERROR:快樂悲傷幾年月(1986年版), Q17218168
***ERROR:隧道3D, The Tunnel
***ERROR:中國製造 (電影), Made in China
***ERROR:DMZ 非武裝地帶, DMZ
***ERROR:謝謝你，在世界角落中找到我, In This Corner of the World
***ERROR:烈車戰隊特急者 THE MOVIE 銀河路線SOS, Ressha Sentai ToQger the Movie: Galaxy Line S.O.S.
***ERROR:江南1970, Gangnam Blues
***ERROR:单身男女2, Don't Go Breaking My Heart 2
***ERROR:赛尔号大电影4：圣魔之战, Seer 4
***ERROR:臥虎藏龍2, "Crouching Tiger
***ERROR:玩命快遞：肆意橫行, The Transporter: Refueled
***ERROR:Return (電影), Q17225402
***ERROR:我是貓 (電影), Q17216291
***ERROR:魯邦三世：次元大介的墓標, Q17214581
***ERROR:魔境夢遊：時光怪客, Alice Through the Looking Glass
***ERROR:先知 (2014年電影), The Prophet
***ERROR:杰拉姆2, Q17223411
***ERROR:女武神行動：史陶芬堡刺殺希特勒之密謀, Q17461540
***ERROR:託生君系列「春風物語, Q17437730
***ERROR:化妝，火葬, Revivre
***ERROR:七龍珠Z 復活的F, Dragon Ball Z: Resurrection 'F'
***ERROR:陰宅2, Amityville: The Awakening
***ERROR:復出演唱！, Monty Python Live (Mostly)
***ERROR:CART, Cart
***ERROR:早日康復！, Get Well Soon
***ERROR:泰迪熊2, Ted 2
***ERROR:獵巫行動：大滅絕, The Last Witch Hunter
***ERROR:再見金錢，前往貧困村, Kamurobamura-e
***ERROR:歌舞伎町24小時愛情摩鐵, Kabukicho Love Hotel
***ERROR:正義聯盟：亞特蘭提斯的王位, Justice League: Throne of Atlantis
***ERROR:小鎮疑雲 (電影), By Way of Helena
***ERROR:恐怖のバイオ人間 最終教師, Ultimate Teacher
***ERROR:足男哪有這麼gay, Kicking Out Shoshana
***ERROR:超高速！參勤交代, Samurai Hustle
***ERROR:重返20岁, "Once Again
***ERROR:一年級大個子·二年級小個子, Q17221485
***ERROR:劇場版動畫 忍者亂太郎 忍術學園全員出動之卷！, Q17214034
***ERROR:賭徒 (2013電影), The Gambler
***ERROR:味園UNIVERSE, La La La at Rock Bottom
***ERROR:舞技Lady, Lady Maiko
***ERROR:帕索里尼 (電影), Pasolini
***ERROR:神笔马良 (电影), The Magical Brush
***ERROR:第5毀滅, The 5th Wave
***ERROR:陰兒房第3章：從靈開始, Insidious: Chapter 3
***ERROR:神的禮物 (電影), Godsend
***ERROR:12金鴨, 12 Golden Ducks
***ERROR:Pokemon the movie XY 光輪的超魔神 胡巴, Pokémon the Movie: Hoopa and the Clash of Ages
***ERROR:移動迷宮2：焦土試煉, The Maze Runner: Scorch Trials
***ERROR:關鍵救援：巴士657, Bus 657
***ERROR:2014年华语电影传媒大奖, Q18226275
***ERROR:2014年巴西週末票房冠軍列表, Q18375260
***ERROR:填充幸福光之美少女！人偶國的芭蕾舞者, Q18338868
***ERROR:平安日365天幸福的呼吸, Q18338680
***ERROR:最爛學生？, Q18384181
***ERROR:衝上雲霄 (電影), Triumph in the Skies
***ERROR:我記得 (2015年電影), Remember
***ERROR:2013年巴西週末票房冠軍列表, Q18375261
***ERROR:巨人 (韓國電影), Set Me Free
***ERROR:危情 (1920年電影), Dangerous Love
***ERROR:鬼入鏡5：鬼次元, Paranormal Activity: The Ghost Dimension
***ERROR:動物餅乾 (電影), Animal Crackers
***ERROR:龍兄唬弟2, Ride Along 2
***ERROR:再會吧！青春小鳥, Kuchibiru ni uta o
***ERROR:我的野蛮女友2, My Sassy Girl 2
***ERROR:少女 (電影), Steel Cold Winter
***ERROR:600英里, 600 Miles
***ERROR:AKB48 光榮時刻, Documentary of AKB48: The Time Has Come
***ERROR:201413, Forever Love
***ERROR:窒命地 (2015年電影), Colonia
***ERROR:慶州 (電影), Gyeongju
***ERROR:惡夜殺機 (電影), Exposed
***ERROR:新年 (1989年電影), New Year's Day
***ERROR:Ragini, Ragini
***ERROR:大囍臨門/temp, The Wonderful Wedding
***ERROR:魔力麦克 XXL, Magic Mike XXL
***ERROR:鐵獅玉玲瓏2, Lion Dancing 2
***ERROR:全面攻佔2：倫敦救援, London Has Fallen
***ERROR:庫爾曼江·達特卡, Queen of the Mountains
***ERROR:西野幸彥的戀愛與冒險-, Nishino Yukihiko no Koi to Bōken
***ERROR:科洛弗檔案2, 10 Cloverfield Lane
***ERROR:出神入化2, Now You See Me 2
***ERROR:谍·莲花, Lotus Code
***ERROR:谷家大鑊過聖誕‬, Love the Coopers
***ERROR:B棟8樓, Q17500006
***ERROR:ONE PIECE “3D2Y” 跨越艾斯之死 魯夫與夥伴的誓言, Q18217801
***ERROR:球隊 (紀錄片), Q18521581
***ERROR:H4 (電影), H4
***ERROR:秦时明月3D电影龙腾万里, The Legend of Qin
***ERROR:我是谁：没有绝对安全的系统, Who Am I – No System is Safe
***ERROR:假面騎士×假面騎士 Drive & 鎧武 MOVIE大戰 Full Throttle, Kamen Rider × Kamen Rider Drive & Gaim: Movie War Full Throttle
***ERROR:Sher Dil, Sher Dil
***ERROR:小時代：靈魂盡頭, Tiny Times 4
***ERROR:極速秒殺2, Mechanic: Resurrection
***ERROR:我的搬家物語 仙人掌大襲撃, Crayon Shin-Chan: My Moving Story! Cactus Large Attack!
***ERROR:賭城風雲2, From Vegas to Macau II
***ERROR:怪谈 (2015年电影), Tales of Mystery
***ERROR:危險心靈 (電影), Enter the Dangerous Mind
***ERROR:阿Sir之動物的起源, Triumph of the Vertebrates
***ERROR:宝贝，对不起, "Baby
***ERROR:美国队长3, Captain America: Civil War
***ERROR:伟大的征程：从亚美尼亚到中国, Andin. Armenian Journey Chronicles
***ERROR:少年 (電影), Teenage
***ERROR:我的愛，別渡過那條河, "My Love
***ERROR:蝙蝠俠VS羅賓, Batman vs. Robin
***ERROR:追拿吉普賽！, Aferim!
***ERROR:45年, 45 Years
***ERROR:Humanoids from the Deep (1996年美國電影), Q18455535
***ERROR:史帝夫賈伯斯 (電影), Steve Jobs
***ERROR:巴士底日 (電影), Bastille Day
***ERROR:會計師 (2016年電影), The Accountant
***ERROR:春 (電影), Late Spring
***ERROR:0.5mm, 0.5 mm
***ERROR:匆匆那年 (電影), Fleet of Time
***ERROR:名偵探柯南：業火的向日葵, Detective Conan: Sunflowers of Inferno
***ERROR:708090之深圳恋歌, 708090
***ERROR:五伙伴历险记4, Famous Five 4
***ERROR:摩尔庄园大电影3：魔幻列车大冒险, Legend of the Moles – The Magic Train Adventure
***ERROR:夜孔雀·如果没有遇见你, Le Paon de Nuit
***ERROR:好想大聲說出心底的話。, The Anthem of the Heart
***ERROR:狩獵場 (電影), The Hunting Ground
***ERROR:吉星高照2015, Lucky Star 2015
***ERROR:鎧武外傳 假面騎士斬月/假面騎士巴隆, Gaim Gaiden
***ERROR:新兵正传III:蛙人传, Ah Boys to Men 3: Frogmen
***ERROR:帝國毀滅：關鍵13分鐘, 13 Minutes
***ERROR:計程車 (電影), Taxi
***ERROR:007惡魔四伏, Spectre
***ERROR:Again 第28年的甲子園, Again
***ERROR:小野寺之弟、小野寺之姊, "Onodera no Otōto
***ERROR:狩獵者：凜冬之戰, The Huntsman: Winter's War
***ERROR:烈車戰隊特急者 VS 強龍者 THE MOVIE, Ressha Sentai ToQger vs. Kyoryuger: The Movie
***ERROR:上班女郎 (電影), Casa Amor: Exclusive for Ladies
***ERROR:魔蠍大帝4：王權爭霸, The Scorpion King 4: Quest for Power
***ERROR:撥開迷霧：山達基教與信仰囚籠, "Going Clear: Scientology
***ERROR:探戈，戰地，威士忌, Whiskey Tango Foxtrot
***ERROR:奔跑吧！兄弟, Running Man
***ERROR:青春期4, Q18669191
***ERROR:2015年台北週末票房冠軍, Q18651081
***ERROR:13小時, 13 Hours
***ERROR:雪路(電視劇), Snowy Road
***ERROR:十月初五的月光 (電影), Return of the Cuckoo
***ERROR:聖誕妖怪：坎卜斯, Krampus
***ERROR:分歧者3：赤誠者 I, The Divergent Series: Allegiant
***ERROR:凱薩萬歲！, "Hail
***ERROR:12次列车, The twelfth train
***ERROR:朝鮮名偵探：消失的奴隸之女, Detective K: Secret of the Lost Island
***ERROR:星際大戰外傳：俠盜一號, Rogue One
***ERROR:2014年德國週末票房冠軍列表, Q18651074
***ERROR:雛妓 (2015年電影), Sara
***ERROR:神鬼認證：傑森包恩, Jason Bourne
***ERROR:37次想你, Forget All Remember
***ERROR:超級英雄大戰GP 假面騎士3號, Super Hero Taisen GP: Kamen Rider 3
***ERROR:蝙蝠俠無限：動物天性, Batman Unlimited: Animal Instincts
***ERROR:名模大間諜2, Zoolander 2
***ERROR:2013年德國週末票房冠軍列表, Q18651049
***ERROR:2014年俄羅斯週末票房冠軍列表, Q18651069
***ERROR:守夜Seventh, Q18652510
***ERROR:女巫 (2015年電影), The Witch
***ERROR:2013年俄羅斯週末票房冠軍列表, Q18651048
***ERROR:喝得酩酊大醉的輝煌死：國家諷刺的故事, Drunk Stoned Brilliant Dead
***ERROR:阿里格爾 (電影), Aligarh
***ERROR:晚秋 (1982年電影), Late Autumn
***ERROR:告白實行委員會 ～戀愛系列～, Zutto Mae Kara Suki Deshita
***ERROR:社交恐懼症 (電影), Socialphobia
***ERROR:約翰·多諾萬的死與生, The Death and Life of John F. Donovan
***ERROR:圓桌武士：亞瑟王, King Arthur: Legend of the Sword
***ERROR:萊西大冒險 (1963年電影), Lassie's Great Adventure
***ERROR:爸爸去哪儿2, "Where Are We Going
***ERROR:牙狼＜GARO＞－GOLDSTORM－翔, Garo: Gold Storm Sho
***ERROR:春，雪, "Spring
***ERROR:独立日：卷土重来, Independence Day: Resurgence
***ERROR:猩球崛起：最終決戰, War for the Planet of the Apes
***ERROR:劇場版 假面騎士Drive Suprise Future, Kamen Rider Drive: Surprise Future
***ERROR:我要做Model, Q19854868
***ERROR:2015年北京国际电影节, Q19849574
***ERROR:2015年香港一週票房冠軍, Q19849906
***ERROR:中国电影导演协会2011年度表彰, Q19851718
***ERROR:初戀 (電影), First Love
***ERROR:Veteran, Veteran
***ERROR:忍者龜：破影而出, Teenage Mutant Ninja Turtles: Out of the Shadows
***ERROR:緣〜The Bride of Izumo〜, Enishi ~The Bride of Izumo~
***ERROR:稻草人和球拍 〜亞季與珠子的暑假〜, Scarecrow and Racket
***ERROR:2015年臺灣週末電影票房冠軍, Q19852055
***ERROR:2015年香港週末票房冠軍, Q19849908
***ERROR:中国电影导演协会2014年度表彰, Q19851721
***ERROR:中国电影导演协会2010年度表彰, Q19855331
***ERROR:忘記悲傷的方法 Documentary of 乃木坂46, Q20039458
***ERROR:伊甸園 (2014年電影), Eden
***ERROR:400日, 400 Days
***ERROR:絕地7騎士, The Magnificent Seven
***ERROR:入侵者 (2016年電影), Shut In
***ERROR:中国电影导演协会2012年度表彰, Q19851719
***ERROR:史明·革命進行式, Q19849931
***ERROR:奇人密碼－古羅布之謎, Q19849933
***ERROR:賭聖3之無名小子, Q19854444
***ERROR:Second Love (1983年日本電影), Q20040933
***ERROR:伊凡雷帝 (電影), Ivan the Terrible
***ERROR:守护者：苏联超级英雄, Guardians
***ERROR:銀河守護隊2, Guardians of the Galaxy Vol. 2
***ERROR:樂高電影：正義聯盟大戰末日軍團, Lego DC Comics Super Heroes: Justice League: Attack of the Legion of Doom
***ERROR:蝙蝠俠無限：萬聖節浩劫, Batman Unlimited: Monster Mayhem
***ERROR:葉問3：師徒情, Ip Man 3
***ERROR:狙擊精英（電影）, Sniper
***ERROR:男孩 (2015年電影), The Boy
***ERROR:中国电影导演协会2013年度表彰, Q19851720
***ERROR:超能力研究部的3人, Q20041424
***ERROR:慢性病 (電影), Chronic
***ERROR:沉默的制裁 (2015年電影), Absolution
***ERROR:13小時：班加西的秘密士兵, 13 Hours: The Secret Soldiers of Benghazi
***ERROR:愛是你所需？, Love Is All You Need?
***ERROR:無限 (電影), Infini
***ERROR:OPEN！ OPEN！, Q20062388
***ERROR:魔鬼剋星：麻辣異攻隊, Ghostbusters
***ERROR:太陽，不遠, Q20062385
***ERROR:異形：聖約, Alien: Covenant
***ERROR:偵探洪吉童：消失的村莊, Phantom Detective
***ERROR:22K人力銀行, Get a Job
***ERROR:客人 (電影), The Piper
***ERROR:危險的相見禮 2, Enemies In-Law
***ERROR:玩命關頭8, The Fate of the Furious
***ERROR:Manoos, Manoos
***ERROR:馬拉拉：改變世界的力量, He Named Me Malala
***ERROR:滚蛋吧！肿瘤君, Go Away Mr. Tumor
***ERROR:死亡遊戲/死亡的遊戲, The Game of Death
***ERROR:對不起，我愛你，謝謝你, Q20444564
***ERROR:羅曼史 (2015年電影), Romance
***ERROR:La tierra roja, La tierra roja
***ERROR:深網 (電影), Deep Web
***ERROR:妮嘉(電影), Neerja Bhanot
***ERROR:攻殼機動隊 新劇場版, Ghost in the Shell: The New Movie
***ERROR:新·大雄的日本誕生, Doraemon: Nobita and the Birth of Japan 2016
***ERROR:科學怪人 (2015年電影), Frankenstein
***ERROR:神探Power之問米追凶, Q20687719
***ERROR:星際爭霸戰：浩瀚無垠, Star Trek Beyond
***ERROR:丝路，重新开始的旅程, Q20062792
***ERROR:九條命 (2016年電影, Nine Lives
***ERROR:Eyes, Eyes
***ERROR:正義聯盟：神與魔, Justice League: Gods and Monsters
***ERROR:活摘 (紀錄片), Human Harvest
***ERROR:Lucid Dream, Lucid Dream
***ERROR:Kaili Blues, Kaili Blues
***ERROR:一年之初 (2016年電影), The Do-Over
***ERROR:武力2, Force 2
***ERROR:人类清除计划3：大选年, The Purge: Election Year
***ERROR:終極鬥士4, Boyka: Undisputed
***ERROR:惡鄰纏身2, Neighbors 2
***ERROR:二+二 (2017年電影), Two+Two
***ERROR:戰爭機器 (2016年電影), War Machine
***ERROR:憤怒 (電影), Indignation
***ERROR:偵探：開端, The Accidental Detective
***ERROR:阿罩霧風雲II-落子, Attabu 2
***ERROR:Fate/stay night Heaven's Feel, Fate/stay night: Heaven's Feel
***ERROR:保姆 (2016年電影), The Babysitter
***ERROR:假面騎士×假面騎士 Ghost & Drive 超MOVIE大戰 Genesis, Kamen Rider × Kamen Rider Ghost & Drive: Super Movie War Genesis
***ERROR:捍衛任務2, John Wick: Chapter 2
***ERROR:B咖流氓, The Wannabe
***ERROR:萊莉的初次約會？, Riley's First Date?
***ERROR:僵局 (2015年電影), Gridlocked
***ERROR:世紀末 (電影), A Century's End
***ERROR:HiGH&LOW, HiGH&LOW
***ERROR:賭城風雲III, From Vegas to Macau III
***ERROR:喜馬拉雅 (2015年電影), The Himalayas
***ERROR:星際特工瓦雷諾：千星之城, Valérian and the City of a Thousand Planets
***ERROR:列車上的女孩 (2016年電影), The Girl on the Train
***ERROR:凛冬烈火：乌克兰为自由而战, Winter on Fire: Ukraine's Fight for Freedom
***ERROR:瑞士軍人 (電影), Swiss Army Man
***ERROR:媽媽，我愛您, Q20688296
***ERROR:幸福百分百 (電影), Mother's Day
***ERROR:醉·生夢死, Thanatos
***ERROR:回憶的餘燼 (電影), The Sense of an Ending
***ERROR:海鷗 (2016年電影), The Seagull
***ERROR:薩利機長：哈德遜奇蹟, Sully
***ERROR:壹獄壹世界：高登闊少踎監日記, Imprisoned: Survival Guide for Rich and Prodigal
***ERROR:近距離 (2015年電影), Close Range
***ERROR:SKE48 偶像的眼淚, Q21652322
***ERROR:午夜太陽 (2016年電影), Midnight Sun
***ERROR:丹尼爾 (2016年電影), Denial
***ERROR:蝙蝠俠：勢不兩立, Batman: Bad Blood
***ERROR:統治權 (電影), Imperium
***ERROR:妖怪手錶電影版：誕生的秘密喵！, Yo-Kai Watch: Tanjō no Himitsu da Nyan!
***ERROR:巴霍巴利王（下）：终结, Baahubali 2: The Conclusion
***ERROR:夜行人生 (電影), Live by Night
***ERROR:你的名字。, Your Name.
***ERROR:20世紀女性, 20th Century Women
***ERROR:神隱任務2, Jack Reacher: Never Go Back
***ERROR:金剛：骷髏島, Kong: Skull Island
***ERROR:電影版妖怪手錶：閻魔大王與五個故事喵！, Yo-Kai Watch: Enma Daiō to Itsutsu no Monogatari da Nyan!
***ERROR:銀翼殺手2, Blade Runner 2049
***ERROR:遇見街貓BOB, A Street Cat Named Bob
***ERROR:殿下，這是利息！, The Magnificent Nine
***ERROR:Robert Gupta: 音乐与医学, Robert Gupta: Between music and medicine
***ERROR:弗朗西斯·柯林斯：我们需要更好地药物——就是现在, Francis Collins: We need better drugs -- now
***ERROR:彼得•阿迪: 肥胖症危是否掩盖了更大的问题？, Peter Attia: Is the obesity crisis hiding a bigger problem?
***ERROR:黑塔 (2017年電影), The Dark Tower
***ERROR:金剛戰士 (2017年電影), Power Rangers
***ERROR:Nazi Megastructures, Nazi Megastructures
***ERROR:厲陰宅2, The Conjuring 2
***ERROR:再見了 危險刑警, Saraba abunaideka
***ERROR:LoveLive! 學園偶像電影, Love Live! The School Idol Movie
***ERROR:Pokemon the movie XY&Z 波爾凱尼恩與機巧的瑪吉瑪納, Pokémon the Movie: Volcanion and the Exquisite Magearna
***ERROR:對不起，拆散你, The Intervention
***ERROR:安德鲁▪所罗门: 爱，本无条件, "Andrew Solomon: Love
***ERROR:混蛋 (2017年電影), Bastards
***ERROR:愛麗絲：從仙境來的少年, Q21709987
***ERROR:怒 (電影), Anger
***ERROR:狩獵 (電影), Q21824921
***ERROR:18歲的盛夏告白, Q22000076
***ERROR:梅根·李維, Megan Leavey
***ERROR:15區, Range 15
***ERROR:決戰異世界：弒血之戰, Underworld: Blood Wars
***ERROR:桂花巷 (電影), Osmanthus Alley
***ERROR:碟仙：惡靈始源, Ouija: Origin of Evil
***ERROR:澀青 298-03, Probation Order
***ERROR:蠟筆小新：爆睡！在夢的世界大突撃, Crayon Shin-chan: Fast Asleep! Dreaming World Big Assault!
***ERROR:遊戲王 次元的黑暗面, Yu-Gi-Oh!: The Dark Side of Dimensions
***ERROR:前任2：备胎反击战, Ex-Files 2
***ERROR:便利貼 (電影), Sticky Notes
***ERROR:名偵探柯南：純黑的惡夢, Detective Conan: The Darkest Nightmare
***ERROR:億萬男孩俱樂部 (電影), Billionaire Boys Club
***ERROR:樂高電影正義聯盟：宇宙大衝突, Lego DC Comics Super Heroes: Justice League: Cosmic Clash
***ERROR:侏羅紀世界：殞落國度, Jurassic World: Fallen Kingdom‎
***ERROR:安娜貝爾2, Annabelle: Creation
***ERROR:太空奪旗 (2016年電影), Capture the Flag
***ERROR:ONE PIECE FILM GOLD, One Piece Film Gold
***ERROR:手裏劍戰隊忍忍者 VS 特急者 THE MOVIE 忍者 In Wonderland, Shuriken Sentai Ninninger vs. ToQger the Movie: Ninja in Wonderland
***ERROR:超人X大電影 我們的超人來了, Ultraman X: Here It Comes! Our Ultraman
***ERROR:Ben Goldacre：医生开药的盲点所在, Ben Goldacre: What doctors don't know about the drugs they prescribe
***ERROR:Miguel Nicolelis: 一只猴子用意念控制一个机器人，真的可以。, "Miguel Nicolelis: A monkey that controls a robot with its thoughts. No
***ERROR:艾德.盖瓦刚：一个关于线结和外科医生的故事, Ed Gavagan: A story about knots and surgeons
***ERROR:1980年代的爱情, Love in the 1980s
***ERROR:貓都叫不來。, Q21400332
***ERROR:紀念日 (電影), Anniversary
***ERROR:戰豬 (電影), War Pigs
***ERROR:我們接吻吧？, First Kiss
***ERROR:如何改變世界 (電影), How to Change the World
***ERROR:SNH48 少女的巴別塔, Q22100747
***ERROR:華Xiao英雄, Q22101471
***ERROR:Charles Limb：构建音乐感官, Charles Limb: Building the musical muscle
***ERROR:Eli Beer: 最快的救护车？摩托车！, Eli Beer: The fastest ambulance? A motorcycle
***ERROR:Ramanan Laxminarayan: 迫在眉睫的抗生素危机, Ramanan Laxminarayan: The coming crisis in antibiotics
***ERROR:比尔·多利：用电场治疗癌症, Bill Doyle: Treating cancer with electric fields
***ERROR:查丽蒂·提勒曼-迪克:双肺移植手术后的歌唱, Charity Tillemann-Dick: Singing after a double lung transplant
***ERROR:芭芭拉·纳特逊-霍罗威茨: 医生不了解的兽医知识, Barbara Natterson-Horowitz: What veterinarians know that physicians don't
***ERROR:阿特拉.安东尼讲述新器官的培育, Anthony Atala: Growing new organs
***ERROR:迪恩 卡门：发明背后的故事, Dean Kamen: The emotion behind invention
***ERROR:黛布拉·贾维斯: 我战胜了癌症，但那并不代表什么, "Debra Jarvis: Yes
***ERROR:约弗·麦登：超声波手术－无创愈合, Yoav Medan: Ultrasound surgery -- healing without cuts
***ERROR:Asher Hasan：从巴基斯坦飞来的和平鸽, Asher Hasan: My message of peace from Pakistan
***ERROR:VS Ramachandran：一探神经元 何以筑文明, Vilayanur Ramachandran: The neurons that shaped civilization
***ERROR:抽搐症候群 (電影), The Fits
***ERROR:A.J.雅各布斯：为什么健康的生活方式几乎把我害死, AJ Jacobs: How healthy living nearly killed me
***ERROR:Eric Topol：未来医疗的无线化, Eric Topol: The wireless future of medicine
***ERROR:Kitra Cahana: 我那身体瘫痪、灵魂自由翱翔的父亲, "Kitra Cahana: My father
***ERROR:丹尼 赫力斯：用蛋白质组学解读癌症, Danny Hillis: Understanding cancer through proteomics
***ERROR:加里•斯拉金: 像治疗传染病那样处理暴力事件, Gary Slutkin: Let's treat violence like a contagious disease
***ERROR:凯里·施瓦泽: 生命并不因死亡终止, Kelli Swazey: Life that doesn't end with death
***ERROR:阿曼达·班内特: 我们需要一个关于死亡的英雄叙事, Amanda Bennett: We need a heroic narrative for death
***ERROR:米克·科内特: 米克·科内特：一个“肥胖”的城镇怎样“瘦身”了一百万磅, Mick Cornett: How an obese town lost a million pounds
***ERROR:罗贝卡·欧尼：如果我们的健康保证系统让我们保持健康会怎么样？, Rebecca Onie: What if our healthcare system kept us healthy?
***ERROR:马克 亚伯拉罕: 笑并思考-搞笑诺贝尔奖, "Marc Abrahams: A science award that makes you laugh
***ERROR:Pranav Mistry：第六感技术的惊异潜力, Pranav Mistry: The thrilling potential of SixthSense technology
***ERROR:安吉洛·韦尔默朗: 怎样不用去到太空，就能去太空, "Angelo Vermeulen: How to go to space
***ERROR:夏菲•马瑟(Shaffi Mather)：反腐新招, Shaffi Mather: A new way to fight corruption
***ERROR:猜火車2, T2 Trainspotting
***ERROR:麥可·巴比利, Little Men
***ERROR:死亡筆記本：決戰新世界, Death Note
***ERROR:奎氏兄弟 (電影), Quay
***ERROR:二加二 (2011年電影), Two & Two
***ERROR:聖誕壞公公2, Bad Santa 2
***ERROR:Alexis Ohanian: 怎样在社会媒体上溅起水花, Alexis Ohanian: How to make a splash in social media
***ERROR:Bill Davenhall：健康本于环境, Bill Davenhall: Your health depends on where you live
***ERROR:Diane Kelly: 我们过去不知道的阴茎解剖结构, Diane Kelly: What we didn't know about penis anatomy
***ERROR:Jay Walker 关于世界英语热, Jay Walker: The world's English mania
***ERROR:Kartick Satyanarayan:拯救“舞蹈”熊, "Kartick Satyanarayan: How we rescued the ""dancing"" bears"""
***ERROR:埃里克 迪什曼:让医保脱离主体, Eric Dishman: Take health care off the mainframe
***ERROR:盖尔•里德: 古巴——培养全世界的医生 | 盖尔·里德 | TEDMED2014, Gail Reed: Where to train the world's doctors? Cuba.
***ERROR:杰米 海伍德：我弟弟激发出的好点子, Jamie Heywood: The big idea my brother inspired
***ERROR:罗西 • 金: 自闭症如何让我寻到自我, Rosie King: How autism freed me to be myself
***ERROR:蜘蛛人：英雄回歸, Spider-Man: Homecoming
***ERROR:Planetarian～星之人～, Planetarian: Hoshi no Hito
***ERROR:新書·忍者, Q22101098
***ERROR:福澤諭吉 (電影), Q22124114
***ERROR:第52屆大鐘奬, Q22100950
***ERROR:限制級戰警3, xXx: Return of Xander Cage
***ERROR:E.O. Wilson:  给年轻科学家的忠告, E.O. Wilson: Advice to young scientists
***ERROR:Jay Walker的想象力图书馆, Jay Walker: My library of human imagination
***ERROR:Kiran Bir Sethi ---- 让小孩学会承担, "Kiran Sethi: Kids
***ERROR:布鲁斯. 菲勒：爸爸军团, Bruce Feiler: The council of dads
***ERROR:希拉·尼伦伯格：用假体眼睛治疗失明, Sheila Nirenberg: A prosthetic eye to treat blindness
***ERROR:罗穆卢斯·惠特克:潜在水中的威胁, Romulus Whitaker: The real danger lurking in the water
***ERROR:Eeic Mead: 神奇的安慰剂（安慰剂的魔力）, Eric Mead: The magic of the placebo
***ERROR:Jeff IIiff: 一定要睡个好觉——有一个重要的原因！, Jeff Iliff: One more reason to get a good night’s sleep
***ERROR:Ken Kamler：珠穆朗玛峰上的医学奇迹, Ken Kamler: Medical miracle on Everest
***ERROR:Quyen Nguyen: 荧光手术, Quyen Nguyen: Color-coded surgery
***ERROR:伊万.欧兰斯基：是否我们过分医疗化了？, Ivan Oransky: Are we over-medicalized?
***ERROR:戴安娜·奈德:与世界上最危险的水母的极限共泳, Diana Nyad: Extreme swimming with the world's most dangerous jellyfish
***ERROR:查尔斯 安得森（Charles Anderson）发现了飞越大洋的蜻蜓, Charles Anderson: Dragonflies that fly across oceans
***ERROR:艾米•慕林斯：逆境带来机遇, Aimee Mullins: The opportunity of adversity
***ERROR:托马斯. 高兹：改改这难懂的医学数据, Thomas Goetz: It's time to redesign medical data
***ERROR:莲娜∙文: 你的医生不愿透露什么？, Leana Wen: What your doctor won’t disclose
***ERROR:8級警報, Code 8
***ERROR:劇場版 Go！Princess 光之美少女 Go！Go！！豪華三部曲！！！, Go! Princess Precure the Movie: Go! Go!! Splendid Triple Feature!!!
***ERROR:王者之剑 最终幻想XV, Kingsglaive: Final Fantasy XV
***ERROR:愛情來的時候2, A Time Of Love II
***ERROR:金牌特務2, Kingsman: The Golden Circle
***ERROR:亚李、爸爸两个大盗, Q22101269
***ERROR:克莉丝汀(2016), Christine
***ERROR:星光少男 KING OF PRISM, Q21403348
***ERROR:殺戮都市GANTZ：O, Gantz: O
***ERROR:尋找完美第5度, In Search of Perfect Consonance
***ERROR:第一夫人 (電影), Jackie
***ERROR:头号朋友7, Q22774035
***ERROR:彩虹小馬：小馬國女孩－永恆自由傳奇, My Little Pony: Equestria Girls – Legend of Everfree
***ERROR:女裁縫 （短片）, The Seamstress
***ERROR:格雷的五十道陰影III：自由 (電影), Fifty Shades Freed
***ERROR:Alwar Balasubramaniam:物质存在与缺失之艺术, Alwar Balasubramaniam: Art of substance and absence
***ERROR:Ananda Shankar Jayant 用舞蹈战胜癌症, Ananda Shankar Jayant: Fighting cancer with dance
***ERROR:Eve Ensler：拥抱你的内心少女, Eve Ensler: Embrace your inner girl
***ERROR:Harsh Bhogle:板球的兴起，印度的兴起, "Harsha Bhogle: The rise of cricket
***ERROR:Shukla Bose: 一次教一个孩子, Shukla Bose: Teaching one child at a time
***ERROR:森德希尔 穆拉伊特丹: 社会问题的最后一英里, Sendhil Mullainathan: Solving social problems with a nudge
***ERROR:谢加·凯普尔: 我们都只是讲给自己的故事, Shekhar Kapur: We are the stories we tell ourselves
***ERROR:復仇者聯盟3：無限之戰, Avengers: Infinity War
***ERROR:復仇者聯盟4, Untitled Avengers Movie
***ERROR:乒乓 （短片）, Ping Pong Coach （Short Film）
***ERROR:幸運星 (短片), Starry Eyes
***ERROR:開飯啦！, Let's Eat!
***ERROR:Sunitha Krishnan 谈反对性奴隶的抗争, Sunitha Krishnan: The fight against sex slavery
***ERROR:帕旺辛哈 大脑如何学习辨识物体, Pawan Sinha: How brains learn to see
***ERROR:阿努帕姆•密斯拉：收获自然之水的古老智慧, Anupam Mishra: The ancient ingenuity of water harvesting
***ERROR:沙希·塔鲁尔(Shashi Tharoor): 为什么国家应该采取“软”实力, Shashi Tharoor: Why nations should pursue soft power
***ERROR:托尼·厄德曼, Toni Erdmann
***ERROR:聖獄：耶路撒冷, JeruZalem
***ERROR:交易的藝術 (電影), Donald Trump's The Art of the Deal: The Movie
***ERROR:德雷克·西弗斯：古怪还是不同？, "Derek Sivers: Weird
***ERROR:简·陈:拯救生命的温暖怀抱, Jane Chen: A warm embrace that saves lives
***ERROR:瑞恩罗勃：拍摄那些背后的故事, Ryan Lobo: Photographing the hidden story
***ERROR:2016年香港一週票房冠軍, Q22078632
***ERROR:終點站 (2015年電影), Terminus
***ERROR:水瓶座 (電影), Aquarius
***ERROR:格雷的五十道陰影II：束縛 (電影), Fifty Shades Darker
***ERROR:2016年香港週末票房冠軍, Q22078633
***ERROR:跳出星光樂園 大家的目標！偶像☆大賽, Q22773837
***ERROR:消失的愛人 (香港電影), The Secret
***ERROR:R.A.Mashelkar:超低成本的突破设计, R.A. Mashelkar: Breakthrough designs for ultra-low-cost products
***ERROR:图拉丝内贾 让维拉（Thulasiraj Ravilla）：世界品质的低造价的眼护理, Thulasiraj Ravilla: How low-cost eye care can be world-class
***ERROR:瑞文·阿格沃尔(Ravin Agraway)：走进十位年轻的印度艺术家, Ravin Agrawal: 10 young Indian artists to watch
***ERROR:移動迷宮：死亡解藥, Maze Runner: The Death Cure
***ERROR:惡靈古堡：血仇, Resident Evil: Vendetta
***ERROR:雷神索爾3：諸神黃昏, Thor: Ragnarok
***ERROR:Aditi Shankardass: 关于学习障碍的思考, Aditi Shankardass: A second opinion on developmental disorders
***ERROR:Anil Gupta：看不到的印度草根发明, Anil Gupta: India's hidden hotbeds of invention
***ERROR:Kavita Ramdas: 拥抱传统却不同凡响的女人, "Kavita Ramdas: Radical women
***ERROR:Lalitesh Katragadda: 制作地图，占胜灾难，发达经济, "Lalitesh Katragadda: Making maps to fight disaster
***ERROR:Mallika Sarabhai玛利卡·萨拉布艾：舞蹈改变世界, Mallika Sarabhai: Dance to change the world
***ERROR:印度著名学者Devdutt Pattanaik: 让人迷惑的神话－－东方与西方的误解之源, Devdutt Pattanaik: East vs. West -- the myths that mystify
***ERROR:大宝法王卡玛巴:心灵科技, His Holiness the Karmapa: The technology of the heart
***ERROR:貞子vs伽椰子, Sadako vs. Kayako
***ERROR:IGirl 夢情人, iGirl
***ERROR:祖慧老師和她的夢中情人 （短片）, Her Dream Lovers
***ERROR:完美假妻168, Lock ME Up Tie Him Down
***ERROR:我的Mr. Right, My Mr.right
***ERROR:鴨王2, The Gigolo 2
***ERROR:重返20岁, 20 Once Again
***ERROR:歌喉讚3, Pitch Perfect 3
***ERROR:WE ARE X：X JAPAN重生之路, We Are X
***ERROR:刀劍神域劇場版 -序列爭戰-, Sword Art Online The Movie: Ordinal Scale
***ERROR:歡樂滿人間2, Mary Poppins Returns
***ERROR:宇宙戰艦大和號2202 愛的戰士們, Space Battleship Yamato 2202: Warriors of Love
***ERROR:藥笑24小時, Laugh 24 Hrs
***ERROR:他媽²的藏寶圖, Q22099855
***ERROR:星光樂園 星光之旅, Q22098593
***ERROR:光之美少女 All Stars 大家歌唱吧♪奇跡的魔法！, Q22100148
***ERROR:表姐，妳好嘢！續集, Her Fatal Ways II
***ERROR:密探 (電影), The Age of Shadows
***ERROR:Drive SAGA, Q24868651
***ERROR:國家代表2, Q24857000
***ERROR:三人行 (電影), Three
***ERROR:假面騎士1號, Kamen Rider 1
***ERROR:表姐，妳好嘢！3之大人駕到, Her Fatal Ways III
***ERROR:The King, The King
***ERROR:男與女 (2016年電影), A Man and A Woman
***ERROR:厄夜叢林：布萊爾女巫, Blair Witch
***ERROR:One Line, One Line
***ERROR:騙子 (電影), The Swindlers
***ERROR:100年, 100 Years
***ERROR:大尾鱸鰻2, Q22099599
***ERROR:窮人。榴槤。麻藥。偷渡客, Q22099116
***ERROR:鋼之鍊金術師 (真人電影), Fullmetal Alchemist
***ERROR:22個男人, 22nd Catch
***ERROR:奇迹：追逐彩虹, The Wonder 3D
***ERROR:所以，和黑粉結婚了, So I Married An Anti-fan
***ERROR:变形金刚5：最后的骑士, Transformers: The Last Knight
***ERROR:劇場版 假面騎士Ghost 100個眼魂與Ghost命運的瞬間, Kamen Rider Ghost: The 100 Eyecons and Ghost's Fated Moment
***ERROR:寒戰2, Cold War 2
***ERROR:I'm here, Q22098495
***ERROR:Black Gold, Black Gold
***ERROR:第16届华表奖, Q24837520
***ERROR:Master (電影), Master
***ERROR:蝴蝶 (2007年電影), Soul of A Demon
***ERROR:母親！, mother!
***ERROR:拆弹专家 (电影), Shock Wave
***ERROR:汉斯·罗斯林：近十年来的好消息？, Hans Rosling: The good news of the decade? We're winning the war against child mortality
***ERROR:汉斯·罗素林：东方崛起, Hans Rosling: Asia's rise -- how and when
***ERROR:失控·幽靈飛車, Out of Control
***ERROR:牠 (電影), It
***ERROR:西德尼·霍爾, Sidney Hall
***ERROR:汉斯·罗斯林: 宗教与新生儿, Hans Rosling: Religions and babies
***ERROR:大卫 布莱恩：我如何做到水下屏气17分钟, David Blaine: How I held my breath for 17 minutes
***ERROR:52 Hz I Love You, "52Hz
***ERROR:和你的第100次戀愛, The 100th Love with You
***ERROR:疯狂原始人2, The Croods 2
***ERROR:辛巴達 飛天公主與神祕島, Sinbad: Sora Tobu Hime to Himitsu no Shima
***ERROR:起源：首爾車站, Seoul Station
***ERROR:惡棍英雄：死侍2, Deadpool 2
***ERROR:亞美尼亞大地震 (電影), Earthquake
***ERROR:青春1000日, The Pure and the Evil
***ERROR:西游记·女儿国, The Monkey King 3
***ERROR:捉妖记2, Monster Hunt 2
***ERROR:第19届上海国际电影节, 2016 Shanghai International Film Festival
***ERROR:追兇20年, Nude Fear
***ERROR:古山子，大東輿地圖, Q22972791
***ERROR:衝啊！Sabuibo Mask, Q24870623
***ERROR:生化人X, Cyborg X
***ERROR:234說愛你, Another Woman
***ERROR:Real, Real
***ERROR:維諾 (電影), Weiner
***ERROR:再見，在也不見, Distance
***ERROR:PG戀愛指引, PG Love
***ERROR:Miracle Debikuro 君的戀愛和魔法, Q24875647
***ERROR:中国电影导演协会2015年度表彰, Q24835388
***ERROR:報告班長4拂曉出擊, Q24832630
***ERROR:精裝追女仔2004, Q24835173
***ERROR:The Prison, The Prison
***ERROR:單身漢 (電影), The Bachelors
***ERROR:超級英雄女孩：年度英雄, DC Super Hero Girls: Hero of the Year
***ERROR:電影 妖怪手錶 飛天鯨魚和雙重世界的大冒險喵！, Yo-kai Watch: Soratobu Kujira to Double no Sekai no Daibōken da Nyan!
***ERROR:上帝粒子 (電影), God Particle
***ERROR:糯米歐與茱麗葉2：糯爾摩斯, Gnomeo & Juliet: Sherlock Gnomes
***ERROR:劇場版 動物戰隊獸王者 心跳不已 馬戲團恐慌！, Doubutsu Sentai Zyuohger the Movie: The Exciting Circus Panic!
***ERROR:蝙蝠侠无极限：机甲大战变种异煞, Batman Unlimited: Mech vs. Mutants
***ERROR:3月的狮子, March Comes in like a Lion
***ERROR:海報師：阮大勇的插畫藝術, Q28417560
***ERROR:與神同行1, With God - Part 1
***ERROR:"告訴他們, 我乘白鶴去了"
***ERROR:黑暗正義聯盟 (電影), Justice League Dark
***ERROR:複製人 (電影), Replicas
***ERROR:紅衣小女孩2, The Tag-Along 2
***ERROR:假面騎士×超級戰隊 超 超級英雄大戰, Kamen Rider × Super Sentai: Ultra Super Hero Taisen
***ERROR:白蟻-慾望謎網, White Ant
***ERROR:危險的相見禮2, Q28416454
***ERROR:戰狼2, Wolf Warrior 2
***ERROR:網 (韓國電影), The Net
***ERROR:潘朵拉 (2016年電影), Pandora
***ERROR:貪狼 (電影), Paradox
***ERROR:伴手禮 (2016年電影), Souvenir
***ERROR:2017年香港週末票房冠軍, Q28868418
***ERROR:Terminal (電影), Terminal
***ERROR:VIP, VIP
***ERROR:伯德夫人 (電影), Lady Bird
***ERROR:萬萬沒想到：西遊篇, Surprise
***ERROR:去吧！啦啦兵團, Q28689198
***ERROR:BIGBANG錄像作品列表, Big Bang videography
***ERROR:名偵探柯南：唐紅的戀歌, Detective Conan: Crimson Love Letter
***ERROR:夏天19岁的肖像, Edge of Innocence
***ERROR:假面騎士平成Generations Dr.Pac-Man對EX-AID&Ghost with 傳說騎士, Kamen Rider Heisei Generations: Dr. Pac-Man vs. Ex-Aid & Ghost with Legend Rider
***ERROR:春夢 (電影), A Quiet Dream
***ERROR:士魂魔道 大龍卷, Whirlwind
***ERROR:回來吧，釜山港之愛, Q27951909
***ERROR:不能戳的秘密2：國家機器, Q28416209
***ERROR:藝術家: 重生, Q28700628
***ERROR:2017年香港一週票房冠軍, Q28868419
***ERROR:S風暴, S Storm
***ERROR:環太平洋2, Pacific Rim: Maelstrom
***ERROR:精靈寶可夢劇場版：就決定是你了！, Pokémon the Movie: I Choose You!
***ERROR:空尖彈 (電影), The Hollow Point
***ERROR:劇場版 動物戰隊獸王者 VS 忍忍者 來自未來的訊息 from 超級戰隊, Doubutsu Sentai Zyuohger vs. Ninninger the Movie
***ERROR:死亡競速2050, Death Race 2050
***ERROR:SPACE SQUAD, Space Squad
***ERROR:陰兒房第4章：鎖命亡靈, Insidious: Chapter 4
***ERROR:初戀無限Touch, Q30942946
***ERROR:我和我的T媽媽, Q30949884
***ERROR:角頭2：王者再起, Q30941101
***ERROR:魚乾女又怎樣：羅馬假期, Q30942390
***ERROR:劇場版 假面騎士EX-AID True·Ending, Q30948182
***ERROR:看見台灣II, Q30949682
***ERROR:第36個故事, Q30950801
***ERROR:老師，你會不會回來？, Q30941560
***ERROR:報告老師！怪怪怪怪物！, Mon Mon Mon Monsters
***ERROR:那一年，我17, Our Seventeen
***ERROR:平行世界 (2017年電影), Q29882239
***ERROR:第22年的告白：我是殺人犯, Confession of Murder
***ERROR:三十ㄦ立, Q28409014
***ERROR:羅賓漢 (2018年電影), Robin Hood
***ERROR:海墘新路, You Mean the World to Me
***ERROR:28岁未成年, Suddenly Seventeen
***ERROR:电影 山田孝之3D, Q29825885
***ERROR:安娜，我的愛, "Ana
***ERROR:光之美少女 Dream Stars!, Pretty Cure Dream Stars!
***ERROR:不願面對的真相2, An Inconvenient Sequel: Truth to Power
***ERROR:不汗黨：地下秩序, The Merciless
***ERROR:超級英雄女孩：星際遊戲, DC Super Hero Girls: Intergalactic Games
***ERROR:喜欢·你, This Is Not What I Expected
***ERROR:星際叛將：歐西里斯之子, Science Fiction Volume One: The Osiris Child
***ERROR:120拍的節奏, 120 battements par minute
***ERROR:不可能的任務6, Mission: Impossible 6
***ERROR:家有兩個爸x2, Daddy's Home 2
***ERROR:绣春刀II：修罗战场, Brotherhood of Blades 2
***ERROR:佛地魔：傳人的起源, Voldemort: Origins of the Heir
***ERROR:Fate/kaleid liner 魔法少女☆伊莉雅 雪下的誓言, Fate/kaleid liner Prisma Illya: Oath Under Snow
***ERROR:生命揸fit人, Q28408605
***ERROR:卻西爾海灘 (電影), On Chesil Beach
***ERROR:骨妹 (電影), Sisterhood
***ERROR:原諒他77次, 77 Heartbreaks
***ERROR:Sign Gene, Sign Gene
***ERROR:毒。誡, Dealer/Healer
***ERROR:I Can Speak, I Can Speak
***ERROR:小男人週記3之吾家有喜, The Yuppie Fantasia 3
***ERROR:尖叫旅社3, Hotel Transylvania 3
***ERROR:死侍：好心沒好報, No Good Deed
***ERROR:雙 Pair of Love, Q28409311
***ERROR:虛空 (電影), The Void
***ERROR:無人機 (電影), Drone
***ERROR:1987 (電影), 1987
***ERROR:路 (韓國電影), The Way
***ERROR:一天 (電影), A Day
***ERROR:终结者3：机器的崛起, Terminator 3: Rise of the Machines
***ERROR:走過麥田 (電影), Coming Through the Rye
***ERROR:關原之戰 (電影), Sekigahara
***ERROR:X戰警：新變種人, New Mutants
***ERROR:戀人絮語 (2017年電影), Let the Sunshine In
***ERROR:嫌疑人X的献身 (2017年电影), The Devotion of Suspect X
***ERROR:29+1, 29+1
***ERROR:南漢山城 (電影), Namhansanseong Fortress
***ERROR:極致追擊：龍鳳劫, S.M.A.R.T. Chase
***ERROR:特務J, Q28408948
***ERROR:口交 (電影), Blow Job
***ERROR:星河戰隊5, Starship Troopers: Traitor of Mars
***ERROR:告白實行委員會 ～戀愛系列～, Kokuhaku Jikkō Iinkai ~Ren'ai Series~
***ERROR:麥兜·飯寶奇兵, Q28413302
***ERROR:大黃蜂 (電影), Bumblebee (film)
***ERROR:航空母艦 (紀錄片), Jet Carrier
***ERROR:七龍珠唷！孫悟空與夥伴們歸來了!!, Dragon Ball: Yo! Son Goku and His Friends Return!!
***ERROR:蚱蜢 (动画短片), Grasshoppers
***ERROR:Tropico, Tropico
***ERROR:哆啦A夢七小子GOAL!GOAL!GOAL!!, Goal! Goal! Goal!!
***ERROR:Genius Party 上海大龍, Genius Party
***ERROR:2112年哆啦A夢的誕生, 2112: The Birth of Doraemon
***ERROR:女人－為了美國，為了世界, "Women – for America
***ERROR:小鎮 (1995年電影), Cocoon
***ERROR:那不僅是你，穆瑞！, It's Not Just You
***ERROR:炎神戰隊轟音者 BUNBUN!BANBAN!劇場BANG!!, Engine Sentai Go-onger: Boom Boom! Bang Bang! GekijōBang!!
***ERROR:Arve Rezzle─機器化的妖精們─, Aruvu Rezuru: Kikaijikake no Yōseitachi
***ERROR:以色列大屠杀纪念馆：保存历史 保证未来, Yad Vashem: Preserving the Past to Ensure the Future
***ERROR:野孩子 (短片), Feral
***ERROR:氦 (短片), Helium
***ERROR:小马快跑！, Get a Horse!
***ERROR:只是朋友？, Just Friends?
***ERROR:祖布祖布斯！, The ChubbChubbs!
***ERROR:玩具總動員：派對恐龍, Partysaurus Rex
***ERROR:2081 (電影), 2081
***ERROR:男孩遇見男孩 (電影), Boy Meets Boy
***ERROR:目擊者 (1999年電影), Eyewitness
***ERROR:黃色 (2006年短片), Yellow
***ERROR:會計員 (2001年電影), The Accountant
***ERROR:Verax, Verax
***ERROR:X戰警：黑暗鳳凰, X-Men: Dark Phoenix
***ERROR:2036：複製人時代, 2036: Nexus Dawn
***ERROR:4x4 (1965年電影), 4x4
***ERROR:机器人9号, 9
***ERROR:卡特探員 (電影), Agent Carter
***ERROR:跆拳機械人V, Robot Taekwon V
***ERROR:小红帽（2005年柯瑞爱德华执导童话故事片）, Hoodwinked!
***ERROR:亚瑟·圣诞, Arthur Christmas
***ERROR:火影忍者疾風傳劇場版 火意志的繼承者, Naruto Shippuden the Movie: The Will of Fire
***ERROR:火影忍者疾風傳劇場版 牽絆, Naruto Shippuden the Movie: Bonds
***ERROR:阿拉丁:賈方復仇記, The Return of Jafar
***ERROR:仙履奇緣2：美夢成真, Cinderella II: Dreams Come True
***ERROR:風中奇緣2：倫敦之旅, Pocahontas II: Journey to a New World
***ERROR:47号物品, Item 47
***ERROR:哆啦A夢25週年紀念日, Q10921846
***ERROR:女超人 (電影), Supergirl
***ERROR:ONE PIECE 打倒！海賊強薩克！, Q1048795
***ERROR:花鼠明星俱樂部2, Alvin and the Chipmunks: The Squeakquel
***ERROR:102斑點狗, 102 Dalmatians
***ERROR:龙兄鼠弟 (电影), Twins
***ERROR:魔鬼剋星2, Ghostbusters II
***ERROR:加菲貓 (電影), Garfield: The Movie
***ERROR:加菲猫：双猫记, Garfield: A Tail of Two Kitties
***ERROR:大魔域2, The NeverEnding Story II: The Next Chapter
***ERROR:美女與野獸：貝兒的心願, Beauty and the Beast: The Enchanted Christmas
***ERROR:Barbie 之十二芭蕾舞公主, Barbie in the 12 Dancing Princesses
***ERROR:火影忍者劇場版 忍者之路, Road to Ninja: Naruto the Movie
***ERROR:變身國王2：高剛外傳, Kronk's New Groove
***ERROR:熊的傳說2, Brother Bear 2
***ERROR:星際寶貝2：史迪奇有問題, Lilo & Stitch 2: Stitch Has a Glitch
***ERROR:玩具總動員：遺忘的時光, Toy Story That Time Forgot
***ERROR:法蘭克·馬丁·亞雷恩, Asterix & Obelix Take On Caesar
***ERROR:哈利波特：阿茲卡班的逃犯, Harry Potter and the Prisoner of Azkaban
***ERROR:中國，中國, Q17168713
***ERROR:碧血長天 (1962年電影), The Longest Day
***ERROR:デルパワーX 爆発みらくる元気！！, Delpower X Bakuhatsu Miracle Genki!
***ERROR:超人/謝贊！：黑亞當歸來, Superman/Shazam!: The Return of Black Adam
***ERROR:火影忍者劇場版：大激突！夢幻的地底遺跡, Naruto the Movie: Legend of the Stone of Gelel
***ERROR:食人鱼3D, Piranha 3D
***ERROR:機械巨神 地球靜止之日, Giant Robo
***ERROR:一個天才、兩個朋友和一個傻子, "A Genius
***ERROR:神偷奶爸2, Despicable Me 2
***ERROR:小美人魚3：回到當初, The Little Mermaid: Ariel's Beginning
***ERROR:火影忍者劇場版 血獄, Naruto the Movie: Blood Prison
***ERROR:魯邦三世 GREEN vs RED, Green Vs. Red
***ERROR:快乐的大脚2, Happy Feet Two
***ERROR:花木蘭2, Mulan II
***ERROR:精灵鼠小弟3, Stuart Little 3: Call of the Wild
***ERROR:超人：世界末日, Superman: Doomsday
***ERROR:仙履奇緣3：時間魔法, Cinderella III: A Twist in Time
***ERROR:三劍客 (迪士尼電影), "Mickey
***ERROR:魯邦三世：去死吧！諾查丹瑪斯的地獄, Farewell to Nostradamus
***ERROR:迷你樂一通：我如何度過暑假, Tiny Toon Adventures: How I Spent My Vacation
***ERROR:河中女孩：宽恕的代价, A Girl in the River: The Price of Forgiveness
***ERROR:萬事OK, Everything Will Be Okay
***ERROR:華麗荒土：月球漫步, Magnificent Desolation: Walking on the Moon 3D
***ERROR:大電影 (2000年電影), The Big Picture
***ERROR:銀河帝國的滅亡·外傳 蒼狼傳說, Q615730
***ERROR:魯邦三世：被盜的魯邦 ～模仿者是盛夏的蝴蝶～, Q3840841
***ERROR:魯邦三世：霧之謎, Q3840832
***ERROR:神偷奶爸3, Despicable Me 3
***ERROR:天鵝公主：神祕的魔法王國, The Swan Princess: The Mystery of the Enchanted Kingdom
***ERROR:銀魂劇場版 新譯紅櫻篇, Gintama: The Movie
***ERROR:魯邦三世 (1969年OVA), Lupin III - Pilot Film
***ERROR:太空堡垒：暗影编年, Robotech: The Shadow Chronicles
***ERROR:劇場版 魔法少女小圓, Puella Magi Madoka Magica: The Movie
***ERROR:哆啦美與阿拉拉·少年山賊團, "Wow
***ERROR:Nyan Cat, Nyan Cat
***ERROR:狐狸與獵狗2, The Fox and the Hound 2
***ERROR:狮子王3：Hakuna Matata, The Lion King 1½
***ERROR:小姐与流浪汉2：狗儿逃家记, Lady and the Tramp II: Scamp's Adventure
***ERROR:"Wake Up,  Girls!"
***ERROR:蟹堡王周年慶-你知道海綿寶寶其實不是第一人選嗎, Rudolph the Red-Nosed Reindeer and the Island of Misfit Toys
***ERROR:On Your Mark, On Your Mark
***ERROR:Strawberry Fields Forever, Strawberry Fields Forever
***ERROR:泰山2, Tarzan II
***ERROR:皇家阿爾伯特音樂廳演唱會 (愛黛兒影片), Live at the Royal Albert Hall
***ERROR:巴黎圣母院 (1956年电影), The Hunchback of Notre Dame
***ERROR:阿納希特 (2014年電影), Q21157863
***ERROR:二十二 (2017年电影), Q37149707
***ERROR:3D野蠻人羅納爾, Ronal the Barbarian
***ERROR:蝴蝶夫人 (1919年電影), Harakiri
***ERROR:交響詩篇艾蕾卡7 口袋中的彩虹, Q3734613
***ERROR:魯邦三世 the Last Job, Q5969254
***ERROR:魯邦三世 東方見聞錄 〜Another Page〜, Q3942809
***ERROR:魯邦三世血之刻印～永遠的Mermaid～, Q3942794
***ERROR:彩虹螢火蟲 ～永遠的暑假～, Niji-Iro Hotaru: Eien no Natsu Yasumi
***ERROR:イーハトーブ幻想 〜KENjIの春, Spring and Chaos
***ERROR:魯邦三世：七日狂想曲, Lupin III: Seven Days Rhapsody
***ERROR:冰原歷險記4：板塊漂移, Ice Age: Continental Drift
***ERROR:火影忍者疾風傳劇場版 失落之塔, Naruto Shippuden the Movie: The Lost Tower
***ERROR:不死殭屍—恐慄交響曲, Nosferatu
***ERROR:狮子王2：辛巴的荣耀, The Lion King II: Simba's Pride
***ERROR:蝴蝶夫人 (1915年電影), Madame Butterfly
***ERROR:正義聯盟：閃電俠之逆轉, Justice League: The Flashpoint Paradox
***ERROR:鲁邦三世 风魔一族的阴谋, The Plot of the Fuma Clan
***ERROR:K-ON!, K-On! The Movie
***ERROR:瘋狂哥爾夫II, Caddyshack II
***ERROR:精灵鼠小弟2, Stuart Little 2
***ERROR:打獵季節3, Open Season 3
***ERROR:日出 (電影), Sunrise: A Song of Two Humans
***ERROR:101忠狗續集：倫敦大冒險, 101 Dalmatians II: Patch's London Adventure
***ERROR:蓝精灵3, Smurfs: The Lost Village
***ERROR:絕地奶霸2, Big Momma's House 2
***ERROR:魯邦三世 天使的策略 ～夢的碎片是殺人的香味～, Q3840840
***ERROR:魯邦三世：1美元戰爭, Q3840829
***ERROR:魯邦三世：sweet lost night ～魔法神燈是噩夢的預感～, Q3840834
***ERROR:绿灯侠：首次飞行, Green Lantern: First Flight
***ERROR:七姊妹 (1915年電影), The Seven Sisters
***ERROR:魯邦三世：活下來的魔術師, Return of the Magician
***ERROR:Fate/Prototype, Q11200032
***ERROR:火影忍者剧场版 The Last, Naruto Shippuden 7: The last Movie
***ERROR:海底总动员2, Finding Dory
***ERROR:格雷的五十道陰影 (電影), Fifty Shades of Grey
***ERROR:"TOUR 2008""Wonderful & Beautiful""", TOUR 2008“Wonderful & Beautiful”
***ERROR:小美人魚2：重返大海, The Little Mermaid II: Return to the Sea
***ERROR:悲慘世界 (1998年電影), Les Misérables
***ERROR:Living for Love, Living for Love
***ERROR:線上遊戲的老婆不可能是女生？, Netoge no Yome wa Onna no Ko Janai to Omotta?
***ERROR:光之美少女 All Stars 春之嘉年華♪, Eiga Pretty Cure All Stars: Haru no Carnival
***ERROR:狂犬病 (1958年電影), Rabies
***ERROR:十诫 (1923年电影), The Ten Commandments
***ERROR:死亡海域 (2009年電影), Q1148756
***ERROR:同級生 (中村明日美子漫畫), Q19691705
***ERROR:最后安全！, Safety Last!
***ERROR:十月：震撼世界的十天, October: Ten Days That Shook the World
***ERROR:絕命列車 (2002年電影), Seconds to Spare
***ERROR:墮胎 (電影), If These Walls Could Talk
***ERROR:聖誕禮物 (迪士尼), The Ultimate Christmas Present
***ERROR:哥斯达·柏林世家, The Saga of Gosta Berling
***ERROR:芝加哥 (1927年電影), Chicago
***ERROR:男人和女人 (1925年), Men and Women
***ERROR:綠色恐怖 (1919年電影), The Green Terror
***ERROR:結成10週年、主流出道5週年紀念！Perfume LIVE@東京巨蛋「1 2 3 4 5 6 7 8 9 10 11」, Q11606694
***ERROR:10.5 啟示錄, 10.5: Apocalypse
***ERROR:马戏团 (电影), The Circus
***ERROR:惡靈鬼屋2 (2005年電影), House of the Dead 2
***ERROR:母亲 (1926年电影), Mother
***ERROR:女巫：歷代的巫術, Häxan
***ERROR:SUPER LOVERS, Super Lovers
***ERROR:唐璜 (1926年電影), Don Juan
***ERROR:樂高電影：正義聯盟大戰反正義聯盟, Lego DC Comics Super Heroes: Justice League vs. Bizarro League
***ERROR:Il dono di Nicholas／Nicholas' Gift, Nicholas' Gift
***ERROR:闯堂兔2：疯狂马戏团, Brave Rabbit 2 Crazy Circus
***ERROR:天才妙老爹 ～甦醒的龍龍與忠狗～, Tensai Bakavon: Yomigaeru Flanders no Inu
***ERROR:慕留人 火影忍者劇場版, Boruto: Naruto the Movie
***ERROR:Excuse Me, Excuse Me
***ERROR:Woman (1918年電影), Woman
***ERROR:Buono! Live 2011 winter ～Re;Buono!～, Q10846638
***ERROR:歌舞青春2, High School Musical 2
***ERROR:新生 (1915年電影), Regeneration
***ERROR:萬惡之根源？, The Root of All Evil?
***ERROR:異世奇人 (電影), Doctor Who
***ERROR:聖誕快樂:馬達加斯加, Merry Madagascar
***ERROR:24：救赎, 24: Redemption
***ERROR:魔法雙星：魔力再現, Twitches Too
***ERROR:女巫一族3, Halloweentown High
***ERROR:施陶芬貝格–真正的故事, Q2334548
***ERROR:驚嚇沸點 (1997年電影), Intensity
***ERROR:布兰妮：星踪可考, Britney: For the Record
***ERROR:数码宝贝X进化, Digital Monster X-Evolution
***ERROR:冰原歷險記3：恐龍現身, Ice Age: Dawn of the Dinosaurs
***ERROR:核爆列車 (1999年電影), Atomic Train
***ERROR:Elvis (短劇), Elvis
***ERROR:亂馬½, Ranma ½
***ERROR:聖殿春秋 (迷你劇), The Pillars of the Earth
***ERROR:紐倫堡審判 (2000年電影), Nuremberg
***ERROR:女爵恩仇錄2︰復仇之路, The Revenge of the Whore
***ERROR:魔笛 (電影), The Magic Flute
***ERROR:The Challenge (2003年電影), The Challenge
***ERROR:吸血鬼3000, Dracula 3000
***ERROR:哈比人 (1977年動畫), Hobbit
***ERROR:女巫一族2, Halloweentown II: Kalabar's Revenge
***ERROR:勇闖天關：別去想它, The Haunting Hour: Don't Think About It
***ERROR:冰雪女王 (2002年電影), Snow Queen
***ERROR:喬治·華萊士 (電影), George Wallace
***ERROR:16歲的願望, 16 Wishes
***ERROR:蕾絲 (1984年迷你影集), Lace
***ERROR:九霄驚魂767, Falling from the Sky: Flight 174
***ERROR:Aikatsu！偶像活動！, Aikatsu!
***ERROR:飛哥與小佛電影版：超時空之謎, Phineas and Ferb The Movie: Across the 2nd Dimension
***ERROR:宇宙戰艦大和號 新的旅程, Yamato: The New Voyage
***ERROR:戰爭 (2007年電視劇), The War
***ERROR:附身 (2000年電影), Possessed
***ERROR:Elvis (1979年電影), Elvis
***ERROR:三劍客 (2013年電影), The Three Musketeers
***ERROR:福爾摩斯奇案經典：絲纏死結, Sherlock Holmes and the Case of the Silk Stocking
***ERROR:鍋匠 裁縫 士兵 間諜 (電視劇), Tinker Tailor Soldier Spy
***ERROR:DJ甜心, Radio Rebel
***ERROR:尼克·弗瑞：神盾局特工, Nick Fury: Agent of S.H.I.E.L.D.
***ERROR:神鬼認證 (1988年電影), The Bourne Identity
***ERROR:面對面 (電影), Face to Face
***ERROR:默示錄 (2000年電影), Apocalypse Revelation
***ERROR:龙与地下城2：龙王的愤怒, Dungeons & Dragons: Wrath of the Dragon God
***ERROR:狂蟒之灾3, Anaconda 3: Offspring
***ERROR:斯巴達克斯 (短劇), Spartacus
***ERROR:七龍珠Z 復活的融合!!悟空和達爾, Dragon Ball Z: Fusion Reborn
***ERROR:越狱特别篇：最后一越, Prison Break: The Final Break
***ERROR:Mayday (電視電影), Mayday
***ERROR:尼古拉斯·尼克爾貝歷險記 (2001年電影), The Life and Adventures of Nicholas Nickleby
***ERROR:燃燒的季節 (1994年電影), The Burning Season
***ERROR:大力士：勇闖女人國, Hercules and the Amazon Women
***ERROR:七龍珠 Z 向絕望反抗！！殘存的超戰士 悟飯與特南克斯, Dragon Ball Z: The History of Trunks
***ERROR:鲁邦三世VS名侦探柯南, Lupin the 3rd vs Detective Conan
***ERROR:聖母瑪利亞 (電影), "Mary
***ERROR:神鬼奇兵2, Operation Delta Force
***ERROR:驚世巨裂 (2009年電影), Megafault
***ERROR:史陶芬堡 (電影), Stauffenberg
***ERROR:三角 (連續劇), The Triangle
***ERROR:史嘉麗 (電視劇), Scarlett
***ERROR:勸導 (2007年電影), Persuasion
***ERROR:Shark Attack (1999年美國電視電影), Shark Attack
***ERROR:齊瓦哥醫生 (迷你劇), Doctor Zhivago
***ERROR:查泰萊夫人 (電視電影), Lady Chatterley
***ERROR:梅林、聖劍、亞瑟王, Merlin
***ERROR:史酷比4：湖怪的詛咒, Scooby-Doo! Curse of the Lake Monster
***ERROR:花豹少女隊：勇闖西班牙, The Cheetah Girls 2
***ERROR:魔豆傳奇 (電視電影), Jack and the Beanstalk: The Real Story
***ERROR:亨利八世 (電視劇), Henry VIII
***ERROR:時間裂縫 (短劇), The Langoliers
***ERROR:狂蟒之灾4, Anacondas: Trail of Blood
***ERROR:1998纵横四海, Once a Thief
***ERROR:驚爆轟天雷 (1991年電影), Wedlock
***ERROR:史前巨鱷 2, Lake Placid 2
***ERROR:神奇寶貝 幻影神奇寶貝的主謀者, Pokémon: The Mastermind of Mirage Pokémon
***ERROR:深海危機 (電影), Danger Beneath the Sea
***ERROR:盲點 (1993年電影), Blind Spot
***ERROR:大力士：地獄歷險, Hercules in the Underworld
***ERROR:大力士：致命對決, Hercules in the Maze of the Minotaur
***ERROR:法國紀錄片：啟示錄之希特拉, Apocalypse: The Rise of Hitler
***ERROR:永不放棄 (電影), Door to Door
***ERROR:X世代, Generation X
***ERROR:伊麗莎白一世 (迷你劇), Elizabeth I
***ERROR:太空堡壘卡拉狄加：利刃, Battlestar Galactica: Razor
***ERROR:九霄驚魂 (1990年電影), Miracle Landing
***ERROR:小公子 (1980年電影), Little Lord Fauntleroy
***ERROR:魯邦三世 魯邦暗殺指令, Q1440601
***ERROR:魯邦三世：追尋哈里瑪歐的財寶！！, Q1437012
***ERROR:魯邦三世：EPISODE:0 初次交鋒, Q1437019
***ERROR:是誰在嚇我？, Don't Look Under the Bed
***ERROR:女武神行動 (電視電影), Q1532423
***ERROR:JJ祕密日記, Read It and Weep
***ERROR:G-Saviour, G-Saviour
***ERROR:北極光 (1997年電影), Northern Lights
***ERROR:魔法少年 (電影), Now You See It...
***ERROR:安妮 (1999年電影), Annie
***ERROR:The Storm (2009年電影), The Storm
***ERROR:魯邦三世：燃燒吧斬鐵劍, Lupin the Third: Dragon of Doom
***ERROR:異種4, Species – The Awakening
***ERROR:麻辣女孩電影版：超級任務, Kim Possible Movie: So the Drama
***ERROR:戰爭與和平 (2007年迷你影集), War and Peace
***ERROR:阿爾卑斯山的少女 (迷你劇), Heidi
***ERROR:The One, The One
***ERROR:太空堡垒卡拉狄加：计划, Battlestar Galactica: The Plan
***ERROR:特警新人類2:機動任務, Jackie Chan Presents: Metal Mayhem
***ERROR:仙女座 (2006年電影), A for Andromeda
***ERROR:少年魔法師特別版:雙面艾莉絲, The Wizards Return: Alex vs. Alex
***ERROR:Epoch (2001年電影), Epoch
***ERROR:遊戲變身 (電影), Level Up
***ERROR:尼羅河上的慘案 (電視劇), Death on the Nile
***ERROR:神奇寶貝劇場版：騎拉帝納與冰空的花束 潔咪, Pokémon: Giratina and the Sky Warrior
***ERROR:狙擊精英2, Sniper 2
***ERROR:贖罪 (湊佳苗), Shokuzai
***ERROR:德古拉 (2006年電影), Dracula
***ERROR:魯邦三世 海明威手稿之謎, Q3130163
***ERROR:Return to Green Acres (1990年電視影集), Return to Green Acres
***ERROR:攻壳机动队 S.A.C. Solid State Society, Ghost in the Shell: Stand Alone Complex: Solid State Society
***ERROR:我的超驚悚甜蜜16歲2, My Super Psycho Sweet 16: Part 2
***ERROR:SABU, Sabu
***ERROR:1990年迷你電視電影版, The Phantom of the Opera
***ERROR:雅各 (電視電影), Jacob
***ERROR:不懼風暴 (2009年電影), Into the Storm
***ERROR:冈格尔的复仇2, Q1537144
***ERROR:女巫一族4：魔法之鑰, Return to Halloweentown
***ERROR:希特勒：惡魔的崛起, Hitler: The Rise of Evil
***ERROR:決堤之時：四幕安魂曲, When the Levees Broke
***ERROR:魯邦三世：俄羅斯之戀, Q3088282
***ERROR:魯邦三世：瓦爾薩P38, Q3149640
***ERROR:茱蒂·嘉蘭的人生：我與我的影子, Life with Judy Garland: Me and My Shadows
***ERROR:狗年 (電影), A Dog Year
***ERROR:里约大冒险2, Rio 2
***ERROR:驯龙高手2, How to Train Your Dragon 2
***ERROR:史陶芬堡–反希特勒的密謀, The Plot to Kill Hitler
***ERROR:決戰2025, Futuresport
***ERROR:魯邦三世 炎之記憶 〜TOKYO CRISIS〜, Q3530523
***ERROR:爸爸 (1991年電影), Daddy
***ERROR:警察家族3, Family of Cops 3
***ERROR:魔女嘉莉 (2002年電影), Carrie
***ERROR:塊肉餘生記 (1999年電影), David Copperfield
***ERROR:星銀島 (1990年電影), Treasure Island
***ERROR:花豹少女隊：勇闖好萊塢, The Cheetah Girls: One World
***ERROR:冰原歷險記：笑星撞地球, Ice Age: Collision Course
***ERROR:金髮女郎 (1984年電影), Aurora
***ERROR:數碼暴龍大冒險tri., Digimon Adventure tri.
***ERROR:鐵娘子柴契爾夫人：最後執政, Margaret
***ERROR:《杜魯門》, Truman
***ERROR:拳王泰森 (1995年電影), Tyson
***ERROR:星际奥德赛 (文献纪录片), Space Odyssey
***ERROR:遺忘 (電視電影), Forgotten
***ERROR:圣女丽塔·达·卡西亚, Saint Rita
***ERROR:幽靈船：神出鬼沒, Lost Voyage
***ERROR:功夫熊猫3, Kung Fu Panda 3
***ERROR:STAND BY ME 哆啦A夢, Stand by Me Doraemon
***ERROR:屍開殺戒 塵歸塵, Pumpkinhead: Ashes to Ashes
***ERROR:鬼馬小精靈-相見歡, Casper Meets Wendy
***ERROR:玩具總動員4, Toy Story 4
***ERROR:10號誕生！假面騎士全員集合！！, Birth of the 10th! Kamen Riders All Together!!
***ERROR:摩爾·弗蘭德斯 (電視劇), The Fortunes and Misfortunes of Moll Flanders
***ERROR:哥本哈根 (2002年電影), Copenhagen
***ERROR:長大成人 (電視電影), Grown-Ups
***ERROR:宇宙：时空之旅, Cosmos: A Spacetime Odyssey
***ERROR:地球2100, Earth 2100
***ERROR:尖叫旅社2, Hotel Transylvania 2
***ERROR:吹夢巨人 (1989年電影), The BFG
***ERROR:灰姑娘 (1997年電影), Cinderella
***ERROR:扮嘢小魔星3：終極任務, Leroy & Stitch
***ERROR:公民X, Citizen X
***ERROR:安德森維爾 (電影), Andersonville
***ERROR:我看見媽媽親吻聖誕老人 (電影), I Saw Mommy Kissing Santa Claus
***ERROR:殺人執照 (1984年電影), License to Kill
***ERROR:情書 (1999年電影), Love Letters
***ERROR:大亨小傳 (2000年電影), The Great Gatsby
***ERROR:911反恐客機, The Flight That Fought Back
***ERROR:巴黎，我爱你, "Paris
***ERROR:理查二世 (电影), Richard II
***ERROR:Cars 3：閃電再起, Cars 3
***ERROR:動物農莊 (1999年電影), Animal Farm
***ERROR:亚特兰蒂斯：世界的终结，传奇的诞生, Atlantis
***ERROR:白鯨記 (2011年迷你劇), Moby Dick
***ERROR:攻殼機動隊 (2017年電影), Ghost in the Shell
***ERROR:殺手 (2006年電影), Slayer
***ERROR:哈姆雷特 (2009年電影), Hamlet
***ERROR:誓言 (2008年電影), A Gunfighter's Pledge
***ERROR:無敵破壞王2, Ralph Breaks the Internet: Wreck-It Ralph 2
***ERROR:亨利四世 (電影), "Henry IV
***ERROR:殖民地 (1996年電影), The Colony
***ERROR:菩薩蠻 (電影), Aria
***ERROR:正義聯盟 I, Justice League
***ERROR:森林王子 (2018年電影), Jungle Book: Origins
***ERROR:DOOR TO DOOR, Door to Door
***ERROR:黑影家族 (2004年), Dark Shadows
***ERROR:我恐怖的16歲花季3, My Super Psycho Sweet 16: Part 3
***ERROR:安娜·妮可的故事, The Anna Nicole Story
***ERROR:琳賽·蘿涵的印度之旅, Lindsay Lohan's Indian Journey
***ERROR:變形金剛:狩魔之戰, Transformers Prime Beast Hunters: Predacons Rising
***ERROR:犯罪现场：悬赏, Tatort - Kopfgeld
***ERROR:聖經：公元後的故事, A.D.: The Bible Continues
***ERROR:彩虹小馬：小馬國女孩－友誼競賽, My Little Pony: Equestria Girls – Friendship Games
***ERROR:名偵探柯南 柯南與海老藏 歌舞伎十八番之謎, Q22128146
***ERROR:移情別戀 (電影), Something's Got to Give
***ERROR:風飛鯊3, Sharknado 3: Oh Hell No!
***ERROR:瑪麗蓮·夢露的祕密人生, The Secret Life of Marilyn Monroe
***ERROR:法國紀錄片：啟示錄之史太林, "Apocalypse
***ERROR:新世紀福爾摩斯：地獄新娘, The Abominable Bride
***ERROR:風飛鯊4, Sharknado: The 4th Awakens
***ERROR:廣島 昭和20年8月6日, Hiroshima Showa 20 nen 8 Gatsu Muika
***ERROR:胡士托 (電影), Woodstock
***ERROR:馬內的繆思：印象女神莫莉索, Berthe Morisot
***ERROR:平行宇宙 (2015年電影), Parallels
***ERROR:風飛鯊2, Sharknado 2: The Second One
***ERROR:名侦探柯南 江户川柯南失踪事件 〜史上最糟糕的两天〜, The Disappearance of Conan Edogawa: The Worst Two Days in History
***ERROR:亨利五世 (電影), Henry V
***ERROR:The Life (2004年電影), The Life
***ERROR:卡佛·杜恩 (電視劇), Lorna Doone
***ERROR:The Trojan Horse (2008年迷你電視影集), The Trojan Horse
***ERROR:英雄们：当国家需要你的时候, Heroes
***ERROR:戰狼 (電影), War Wolves
***ERROR:魯邦三世 princess of the breeze ～隱藏的空中都市～, Q15461836
***ERROR:三月 (2013年電影), The March
***ERROR:青春海灘電影版2, Teen Beach 2
***ERROR:魔力APP, Zapped
***ERROR:大火 (短劇), The Great Fire
***ERROR:風中的花瓣 (電影), Petals on the Wind
***ERROR:7日地獄, 7 Days in Hell
***ERROR:世界大對戰 (2010年短片), Pixels
***ERROR:尋寶 (吉卜力動畫), Q3980253
***ERROR:霧之火～散落在樺太真岡郵政局的九個少女們～, Kiri no Hi
***ERROR:鐵娘子柴契爾夫人：崛起, The Long Walk to Finchley
***ERROR:玩具總動員：驚魂夜, Toy Story of Terror!
***ERROR:The Man Behind the Mask, The Man Behind the Mask
***ERROR:许愿池 (电影), One Man Band
***ERROR:怪獸與牠們的產地2, Fantastic Beasts and Where to Find Them 2
***ERROR:美國隊長 (連續劇), Captain America
***ERROR:冰雪奇缘：生日惊喜, Frozen Fever
***ERROR:星光繼承者2, Descendants 2
***ERROR:超人特攻隊2, The Incredibles 2
***ERROR:最後的獨角獸 (電影), The Last Unicorn
***ERROR:夏洛特的网2：韦伯历险记, Charlotte's Web 2: Wilbur's Great Adventure
***ERROR:麥克邁：超能壞蛋, Megamind
***ERROR:速度与激情2, 2 Fast 2 Furious
***ERROR:松鼠、堅果和時間機器, No Time for Nuts
***ERROR:Big Buck Bunny, Big Buck Bunny
***ERROR:刑房 (電影), Grindhouse
***ERROR:龜兔賽跑 (1935年動畫), The Tortoise and the Hare
***ERROR:定军山 (1905年电影), The Battle of Dingjunshan
***ERROR:超人 (動畫短片), Superman
***ERROR:玩火的女孩 (電影), The Girl Who Played with Fire
***ERROR:黑鷹 (短片), Blackhawk
***ERROR:泰坦A.E., Titan A.E.
***ERROR:熊貓家族 下雨天的馬戲團之卷, Panda Kopanda Rainy Day Circus
***ERROR:ONE PIECE 3D 追逐草帽大冒險, One Piece 3D: Mugiwara Chase
***ERROR:鸟！鸟！鸟！, For the Birds
***ERROR:9顶假发的女孩, The Girl with Nine Wigs
***ERROR:說得好，小貓咪！, "Touché
***ERROR:瞞天過海2：長驅直入, Ocean's Twelve
***ERROR:How Times Do Change, How Times Do Change
***ERROR:Red的梦, Red's Dream
***ERROR:驚心食人族3, Jeepers Creepers 3
***ERROR:刺客教條2：餘燼, Assassin's Creed: Embers
***ERROR:瓦特希普高原 (電影), Watership Down
***ERROR:玩具總動員3, Toy Story 3
***ERROR:冰川时代2, Ice Age: The Meltdown
***ERROR:魯邦三世 DEAD OR ALIVE, Lupin III: Dead or Alive
***ERROR:Barbie之真假公主, Barbie as the Princess and the Pauper
***ERROR:功夫熊貓2, Kung Fu Panda 2
***ERROR:MEMORIES, Memories
***ERROR:玩具總動員2, Toy Story 2
***ERROR:汽車總動員2, Cars 2
***ERROR:史瑞克快樂4神仙, Shrek Forever After
***ERROR:森林王子2, The Jungle Book 2
***ERROR:史瑞克2, Shrek 2
***ERROR:打獵季節2, Open Season 2
***ERROR:馬達加斯加3：歐洲大圍捕, Madagascar 3: Europe's Most Wanted
***ERROR:恐龍物語: 回到未來, We're Back! A Dinosaur's Story
***ERROR:ONE PIECE THE MOVIE 喬巴身世之謎：冬季綻放、奇跡的櫻花, Q1048722
***ERROR:加菲貓3D, Garfield's Pet Force
***ERROR:星球51號》Planet 51, Planet 51
***ERROR:孤兒流浪記 (電影), The Orphan Brother
***ERROR:劇場版美少女戰士S, Sailor Moon S: The Movie
***ERROR:奇妙仙子：失落的寶藏, Tinker Bell and the Lost Treasure
***ERROR:機動戰士GUNDAM 逆襲的夏亞, Mobile Suit Gundam: Char's Counterattack
***ERROR:加菲貓：玩轉大世界, Garfield Gets Real
***ERROR:汤姆猫与杰里鼠：大电影, Tom and Jerry: The Movie
***ERROR:Quest for Camelot, Quest for Camelot
***ERROR:真假公主－安娜塔西亞, Anastasia
***ERROR:太陽王子 霍爾斯的大冒險, Hols: Prince of the Sun
***ERROR:馬達加斯加2, Madagascar: Escape 2 Africa
***ERROR:龍珠Z 神與神, Dragon Ball Z: Battle of Gods
***ERROR:小鹿斑比2, Bambi II
***ERROR:生化危機：惡化, Resident Evil: Degeneration
***ERROR:但丁的地狱之旅：动画史诗, Dante's Inferno: An Animated Epic
***ERROR:老鼠也移民2之西部歷險記, An American Tail: Fievel Goes West
***ERROR:POP IN Q, Pop in Q
***ERROR:飛機總動員：打火英雄, Planes: Fire & Rescue
***ERROR:彩虹小馬：小馬國女孩－彩虹搖滾, My Little Pony: Equestria Girls – Rainbow Rocks
***ERROR:蝙蝠俠：血濺亞克漢, Batman: Assault on Arkham
***ERROR:ちびっ子レミと名犬カピより 家なき子, Little Remi and Famous Dog Capi
***ERROR:銀魂劇場版 完結篇 永遠的萬事屋, Gintama: The Movie: The Final Chapter: Be Forever Yorozuya
***ERROR:新·大雄的大魔境, Doraemon: New Nobita's Great Demon—Peko and the Exploration Party of Five
***ERROR:龍之谷：破曉奇兵, Dragon Nest: Warriors' Dawn
***ERROR:打獵季節4, Open Season: Scared Silly
***ERROR:偶像大師 劇場版 前往光輝的另一端！, The Idolmaster Movie: Kagayaki no Mukōgawa e!
***ERROR:高盧英雄：諸神領域, Asterix: The Land of the Gods
***ERROR:史酷比：格鬥狂熱迷, Scooby-Doo! WrestleMania Mystery
***ERROR:钱学森图书馆 (上海交通大学), Qian Xuesen Library & Museum
***ERROR:哈羅德·華盛頓圖書館, Harold Washington Library
***ERROR:安娜·阿玛利亚公爵夫人图书馆, Duchess Anna Amalia Library
***ERROR:切斯特·比替图书馆, Chester Beatty Library
***ERROR:Raczyński庫, Raczyński Library
***ERROR:國會圖書館 (加拿大), Library of Parliament
***ERROR:喬治·布希總統圖書館, George Bush Presidential Library
***ERROR:J.亨利·梅爾紀念圖書館, J. Henry Meyer Memorial Library
***ERROR:佩里-卡斯塔涅达图书馆, Perry–Castañeda Library
***ERROR:玛丽·贝克·艾迪图书馆, Mary Baker Eddy Library
***ERROR:LibriVox, LibriVox
***ERROR:BiblioTech, BiblioTech
***ERROR:塞西爾H.格林圖書館, Cecil H. Green Library
***ERROR:CPAN, CPAN
***ERROR:Steam, Steam
***ERROR:Mozilla Add-ons, Mozilla Add-ons
***ERROR:CTAN, Comprehensive TeX Archive Network
***ERROR:伊諾克·普瑞特自由圖書館, Enoch Pratt Free Library
***ERROR:F-Droid, F-Droid
***ERROR:雅各布-威廉-格林中心, Jacob-und-Wilhelm-Grimm-Zentrum
***ERROR:PEAR, PHP Extension and Application Repository
***ERROR:Thomas Crane公共圖書館, Thomas Crane Public Library
***ERROR:林登·詹森總統圖書館暨博物館, Lyndon Baines Johnson Library and Museum
***ERROR:arXiv, arXiv
***ERROR:查理斯·帕克圖書館, Charles V. Park Library
***ERROR:約翰·萊蘭茲圖書館, John Rylands Library
***ERROR:JSTOR, JSTOR
***ERROR:馬丁·路德·金恩紀念圖書館, Martin Luther King Jr. Memorial Library
***ERROR:Gallica, Gallica
***ERROR:彩虹小馬：友情就是魔法, My Little Pony: Friendship Is Magic
***ERROR:Ben 10 外星英雄, Ben 10: Alien Force
***ERROR:外星入侵者ZIM, Invader Zim
***ERROR:年輕女巫Sabrina, "Sabrina
***ERROR:至Net奇兵, Code Lyoko
***ERROR:最棒的人生終結方式～Ending Planner～, Saiko no Jinsei
***ERROR:我的老大，我的英雄, My Boss My Hero
***ERROR:宇宙傳說尤利西斯31, Ulysses 31
***ERROR:傻大貓&崔弟的懸疑劇場, The Sylvester & Tweety Mysteries
***ERROR:创：崛起, Tron: Uprising
***ERROR:14歲媽媽, 14-sai no Haha
***ERROR:Love Shuffle, Love Shuffle
***ERROR:地獄少女 (電視劇), Q3808274
***ERROR:降世神通：最後的氣宗, Avatar: The Last Airbender
***ERROR:降世神通：珂拉傳說, The Legend of Korra
***ERROR:艾倫 (電視劇), Ellen
***ERROR:Mother, Mother
***ERROR:星際大戰：複製人之戰, Star Wars: The Clone Wars
***ERROR:ATARU, Ataru
***ERROR:星際大戰：複製人之戰, Star Wars: Clone Wars
***ERROR:Men☆dol ～帥男偶像～, Q901505
***ERROR:穿透屋顶的High Kick, High Kick! (season 2)
***ERROR:First Kiss, First Kiss
***ERROR:サムライ・ハイスクール, Samurai High School
***ERROR:MADtv, MADtv
***ERROR:Orange Days, Orange Days
***ERROR:女帝 (漫畫), Q3810614
***ERROR:HERO, Hero
***ERROR:Stand UP!!, Stand Up!!
***ERROR:綠燈俠：動畫系列, Green Lantern: The Animated Series
***ERROR:123玩數學, Team Umizoomi
***ERROR:小司機Noddy, Make Way for Noddy
***ERROR:Ghost Friends, Q3761801
***ERROR:左眼偵探EYE, Q3785467
***ERROR:海灘男孩 (電視劇), Beach Boys
***ERROR:CHANGE, Change
***ERROR:Voice～來自亡者的聲音, Q903668
***ERROR:Ben 10 終極英雄, Ben 10: Ultimate Alien
***ERROR:Ben 10 全面進化, Ben 10: Omniverse television series
***ERROR:Highkick3短腿的反击, High Kick: Revenge of the Short Legged
***ERROR:超異能e-pad, Zeke's Pad
***ERROR:水著少年2, Water Boys 2
***ERROR:東京DOGS, Tokyo Dogs
***ERROR:魔法少女Juniper Lee, The Life and Times of Juniper Lee
***ERROR:水火108, Hero: 108
***ERROR:MR.BRAIN, Mr. Brain
***ERROR:PRICELESS～有才怪，這樣的東西～, Priceless
***ERROR:怪物くん完全新作スペシャル!!, Q603349
***ERROR:MONSTERS, Q614393
***ERROR:TIGER & BUNNY, Tiger & Bunny
***ERROR:復仇者：蓋世英雄, The Avengers: Earth's Mightiest Heroes
***ERROR:決堤之時：四幕安魂曲, When the Levees Broke
***ERROR:"Oh, My Dad!!"
***ERROR:戀愛大廈〜Rainbow Rose〜, Koisuru maison ~Rainbow Rose~
***ERROR:千鈞一髮 (電視影集), The Grid
***ERROR:變形金剛 Prime, Transformers: Prime
***ERROR:出生 (電視劇), Q11574391
***ERROR:敬啟、父親大人, "Haikei
***ERROR:ラスト♡シンデレラ, Last Cinderella
***ERROR:罪與罰 A Falsified Romance, Crime and Punishment: A Falsified Romance
***ERROR:七龍珠GT, Dragon Ball GT
***ERROR:謎 (電視劇), Q3926048
***ERROR:秘密 (2010年电视剧), Himitsu
***ERROR:西瓜 (電視劇), Suika
***ERROR:Oh!My Girl!!, Oh! My Girl!!
***ERROR:Diego (電視動畫), "Go
***ERROR:Beginners!, Q4393374
***ERROR:Woman (電視劇), Woman (Japanese TV Series)
***ERROR:史酷比，你在哪里！, Scooby Doo
***ERROR:團結的魔法 (2006年電視動畫), A Kind of Magic
***ERROR:Anego-アネゴ-, Q1041250
***ERROR:BOSS, BOSS
***ERROR:戰鬥 (電視劇), Q11331861
***ERROR:樂高旋風忍者：旋風術大師, Lego Ninjago: Masters of Spinjitzu
***ERROR:35歲的高中生, No Dropping Out: Back to School at 35
***ERROR:SUMMER NUDE, Summer Nude
***ERROR:MOUK 2環遊世界, Mouk
***ERROR:非凡的公主-希瑞, She-Ra: Princess of Power
***ERROR:Chobits, Chobits
***ERROR:不能結婚的男人 (日本電視劇), Kekkon Dekinai Otoko
***ERROR:戰ー少女伊庫賽利翁, Iczer Girl Iczelion
***ERROR:太陽の子エステバン (BS版), The Mysterious Cities of Gold
***ERROR:SCANDAL, SCANDAL
***ERROR:七人武士 J家的反叛, Shichinin no Samurai J ke no Hanran
***ERROR:霹靂貓（新版）, ThunderCats
***ERROR:Jump (情景喜劇), Jump
***ERROR:幸運7人組, Lucky Seven
***ERROR:MOZU, MOZU
***ERROR:Unfair, Unfair
***ERROR:Q10, Q10
***ERROR:八月十五節O.K., Q3743003
***ERROR:少年悍將！GO, Teen Titans Go!
***ERROR:嘿！布探員, Lucky Fred
***ERROR:至寵物屋 LITTLEST PET SHOP, Littlest Pet Shop
***ERROR:三劍客 (2013年電影), The Three Musketeers
***ERROR:黑色決殺令 (電視動畫), Black Dynamite
***ERROR:雞皮疙瘩 (1995年電視影集), Goosebumps
***ERROR:動物園道64號, 64 Zoo Lane
***ERROR:ABC好好玩, WordWorld
***ERROR:星際大戰：反抗軍起義, Star Wars Rebels
***ERROR:七龍珠Z, Dragon Ball Z
***ERROR:羅馬人 (異世奇人), The Romans
***ERROR:Cyberchase, Cyberchase
***ERROR:馴龍高手 (電視系列), DreamWorks Dragons
***ERROR:迪士尼全明星賽2007, Disney Channel Games 2007
***ERROR:為何東堂院聖也16歲還交不到女友？, "Why can't Seiya Todoin
***ERROR:機械戰士REX, Generator Rex
***ERROR:蕾絲 (1984年迷你影集), Lace
***ERROR:Hungry！, Hungry!
***ERROR:鳥歌 電視劇, Birdsong
***ERROR:德伯家的苔絲 (電視劇), Tess of the D'Urbervilles
***ERROR:NG騎士檸檬汽水&40, NG Knight Lamune & 40
***ERROR:第24季的首集, Time and the Rani
***ERROR:復仇者聯盟：正義出擊, Marvel's Avengers Assemble
***ERROR:啊! 有怪獸, Aaahh!!! Real Monsters
***ERROR:Ōban Star-Racers, Ōban Star-Racers
***ERROR:昏迷 (電視劇), Coma
***ERROR:臨時演員 (電視劇), Extras
***ERROR:路易 (電視影集), Louie
***ERROR:變形金剛：頭領戰士, Transformers: The Headmasters
***ERROR:一千零一夜：阿拉丁和谢赫拉莎德, Q3828857
***ERROR:Smile, Smile
***ERROR:愚公移山 (纪录片), How Yukong Moved the Mountains
***ERROR:鋼鐵人：裝甲冒險, Iron Man: Armored Adventures
***ERROR:圣女丽塔·达·卡西亚, Saint Rita
***ERROR:毛富利-世界上最后一只树袋熊, Q830542
***ERROR:Mad (電視劇), Mad
***ERROR:丹佛，最后的恐龙, "Denver
***ERROR:萬事占卜處 歡迎來到陰陽屋, Welcome to Fortune Telling Onmyo Shop
***ERROR:對不起青春！, Gomen ne Seishun!
***ERROR:DAN VS., Dan Vs.
***ERROR:囚徒 (短劇), The Prisoner
***ERROR:Louie (電視動畫), Louie
***ERROR:The Storm (2009年電影), The Storm
***ERROR:歇洛克·福尔摩斯（2013）, Sherlock Holmes
***ERROR:北國風雲 (1990年電視影集), Northern Exposure
***ERROR:Project575, Project 575
***ERROR:怪獸大戰外星人 (電視影集), Monsters vs. Aliens
***ERROR:小巴士TAYO, Tayo The Little Bus
***ERROR:WWE Main Event, WWE Main Event
***ERROR:功夫Wasabi, Kickin' It
***ERROR:超能量戰士Max, Max Steel
***ERROR:神偷 (電視短劇), Thief
***ERROR:鐵金剛少女Z, Robot Girls Z
***ERROR:遠大前程 (1981年), Great Expectations
***ERROR:1000种死法, 1000 Ways to Die
***ERROR:99年的愛, Japanese Americans
***ERROR:LAST HOPE, LAST HOPE
***ERROR:WWE Legends' House, WWE Legends' House
***ERROR:WWE Superstars, WWE Superstars
***ERROR:DC國度短片, DC Nation Shorts
***ERROR:葛倫·馬丁DDS, "Glenn Martin
***ERROR:聖戰士·Force, Voltron Force
***ERROR:無人生還 (電視劇), And Then There Were None
***ERROR:霧都孤兒 (2007年迷你劇), Oliver Twist
***ERROR:RWBY, RWBY
***ERROR:年輕人 (影集), The Young Ones
***ERROR:NXT Wrestling, WWE NXT
***ERROR:新雌雄大盜：生與死, Bonnie and Clyde: Dead and Alive
***ERROR:Dora與朋友們之城市扎記, Dora and Friends: Into the City!
***ERROR:WWE Friday Night SmackDown!, WWE SmackDown
***ERROR:家 (劇集), The Waltons
***ERROR:白鯨記 (2011年迷你劇), Moby Dick
***ERROR:星艦奇航記：銀河前哨, Star Trek: Deep Space Nine
***ERROR:24, 24
***ERROR:音速小子-火力全開, Sonic Boom
***ERROR:90210, 90210
***ERROR:家族風雲 (2007年電視劇), Cane
***ERROR:變形金剛 Adventure, Transformers: Robots in Disguise
***ERROR:番茄醬 (動畫), Ketchup: Cats Who Cook
***ERROR:草莓甜心：草莓樂園, Strawberry Shortcake's Berry Bitty Adventures
***ERROR:越獄 (迷你劇), Prison Break
***ERROR:选帝侯大街56号, Ku’damm 56
***ERROR:宇宙刑事Sharivan, Space Sheriff Sharivan
***ERROR:星際大爭霸1980, Galactica 1980
***ERROR:國會大廈 (美國電視劇), Capitol
***ERROR:DisneyChannel全明星賽, Disney Channel Games
***ERROR:別抱我，我會怕！, Don't Hug Me I'm Scared
***ERROR:金山 (電影), Iron Road
***ERROR:H2O -FOOTPRINTS IN THE SAND-, H2O: Footprints in the Sand
***ERROR:聖戰士：傳說守護者, Voltron: Legendary Defender
***ERROR:奧利芙·基特里奇, Olive Kitteridge
***ERROR:查泰萊夫人 (電視電影), Lady Chatterley
***ERROR:浴血戰士：競技場之神, Spartacus: Gods of the Arena
***ERROR:一記耳光 (電視劇), The Slap
***ERROR:奇蹟 (電視劇), Wonderfalls
***ERROR:X檔案 (迷你劇), The X-Files (season 10)
***ERROR:FOX體育, Fox Sports
***ERROR:CROW'S BLOOD, Crow's Blood
***ERROR:辛普森：美國製造, O.J.: Made in America
***ERROR:白牙 (電視短劇), White Teeth
***ERROR:NBC晚间新闻, NBC Nightly News
***ERROR:極速TURBO (動畫影集), Turbo FAST
***ERROR:CSI犯罪現場, CSI: Crime Scene Investigation
***ERROR:火星競賽 (2007年電視影集), Race to Mars
***ERROR:尋根 (2016年迷你影集), Roots
***ERROR:你、我與世界末日, "You
***ERROR:雙面諜 (1984年電視影集), Cover Up
***ERROR:大火 (短劇), The Great Fire
***ERROR:特命戰隊Go Busters, Tokumei Sentai Go-Busters
***ERROR:回到金銀島 (電視劇), Return to Treasure Island
***ERROR:真實的人類 (美國電視劇), Humans
***ERROR:聖經：公元後的故事, A.D.: The Bible Continues
***ERROR:星際異攻隊 (電視動畫), Guardians of the Galaxy
***ERROR:JAKQ電擊隊, J.A.K.Q. Dengekitai
***ERROR:救急戰隊GOGOV, Kyuukyuu Sentai GoGoFive
***ERROR:The Trojan Horse (2008年迷你電視影集), The Trojan Horse
***ERROR:4400, The 4400
***ERROR:戰爭與回憶 (電視劇), War and Remembrance
***ERROR:IRIS 2, Iris Ⅱ
***ERROR:最伟大的100名英国人, 100 Greatest Britons
***ERROR:星艦奇航記：重返地球, Star Trek: Voyager
***ERROR:T·J·胡克, T. J. Hooker
***ERROR:天地無用！, Tenchi Muyo!
***ERROR:學校2013, School 2013
***ERROR:Seiren, Seiren
***ERROR:The Queen (2009年電視影集), The Queen
***ERROR:爸爸 (電視劇), Papa
***ERROR:兔子，等着瞧！, "Nu
***ERROR:Perry Mason (電視劇), Perry Mason
***ERROR:Happy Together, Happy Together
***ERROR:愛·回家, Come Home Love
***ERROR:眼鏡蛇11：警報, Alarm für Cobra 11 – Die Autobahnpolizei
***ERROR:泰坦 (美國電視劇), Titans
***ERROR:Ali G個人秀, Da Ali G Show
***ERROR:假面騎士X, Kamen Rider X
***ERROR:星級酒店III, Hotel Babylon
***ERROR:時間裂縫 (短劇), The Langoliers
***ERROR:核爆列車 (1999年電影), Atomic Train
***ERROR:Elvis (短劇), Elvis
***ERROR:太空堡壘卡拉狄加：利刃, Battlestar Galactica: Razor
***ERROR:流行70, Fashion 70's
***ERROR:假面骑士KABUTO, Kamen Rider Kabuto
***ERROR:音樂Live秀, Total Request Live
***ERROR:聖誕節25日, 25 Days of Christmas
***ERROR:解開心結 (電視劇), Knots Landing
***ERROR:絕對陰謀 (2003年電視影集), State of Play
***ERROR:十字街頭 (劇集), Crossroads
***ERROR:阿爾卑斯山的少女 (迷你劇), Heidi
***ERROR:星際之門：宇宙, Stargate Universe
***ERROR:日落大道60号演播室, Studio 60 on the Sunset Strip
***ERROR:瑪麗·泰勒·摩爾秀, The Mary Tyler Moore Show
***ERROR:三角 (連續劇), The Triangle
***ERROR:瘦人 (電視劇), The Thin Man
***ERROR:我要高飛 (電視劇), Fame
***ERROR:魔豆傳奇 (電視電影), Jack and the Beanstalk: The Real Story
***ERROR:"RICH MAN ,  POOR WOMAN"
***ERROR:幪面超人DECADE, Kamen Rider Decade
***ERROR:假面騎士OOO, Kamen Rider OOO
***ERROR:10.5 啟示錄, 10.5: Apocalypse
***ERROR:太空堡壘卡拉狄加：血與鉻, Battlestar Galactica: Blood & Chrome
***ERROR:星際之門：SG-1, Stargate SG-1
***ERROR:聖殿春秋 (迷你劇), The Pillars of the Earth
***ERROR:歇洛克·福尔摩斯 (1984年电视剧), Sherlock Holmes
***ERROR:Dick Clark新年搖滾夜, Dick Clark's New Year's Rockin' Eve
***ERROR:實習醫生 (電視劇), Grey's Anatomy
***ERROR:朋友，我們的傳說, "Friend
***ERROR:ひとりでできるもん！, Q11276344
***ERROR:大奧 〜誕生【有功·家光篇】, Ōoku: Tanjō - Arikoto · Iemitsu-hen
***ERROR:裘斯·荷蘭晚間秀, Later... with Jools Holland
***ERROR:沙丘之子 (電視短劇), Frank Herbert's Children of Dune
***ERROR:「法」妻, The Good Wife
***ERROR:梅林、聖劍、亞瑟王, Merlin
***ERROR:善德女王 (韓國電視劇), Queen Seondeok
***ERROR:贖罪 (湊佳苗), Shokuzai
***ERROR:勝利之光 (電視劇), Friday Night Lights
***ERROR:紙牌屋 (英國電視劇), House of Cards
***ERROR:70年代秀, That '70s Show
***ERROR:希特勒：惡魔的崛起, Hitler: The Rise of Evil
***ERROR:X档案, The X-Files
***ERROR:20/20 (节目), 20/20
***ERROR:Running Man, Running Man
***ERROR:理性與感性 (2008年電視短劇), Sense and Sensibility
***ERROR:泰特斯·格蘭, Gormenghast trilogy
***ERROR:CSI犯罪現場：紐約, CSI: NY
***ERROR:23号公寓的坏女孩, Don't Trust the B---- in Apartment 23
***ERROR:海军罪案调查处：洛杉矶, NCIS: Los Angeles
***ERROR:CSI犯罪現場：邁阿密, CSI: Miami
***ERROR:星際之門：亞特蘭蒂斯, Stargate Atlantis
***ERROR:法律與秩序：洛杉磯, Law & Order: LA
***ERROR:無敵浩克 (1977年電視劇), The Incredible Hulk
***ERROR:大戰隊風鏡V, Dai Sentai Goggle-V
***ERROR:鍋匠 裁縫 士兵 間諜 (電視劇), Tinker Tailor Soldier Spy
***ERROR:結婚...孩子, Married... with Children
***ERROR:非常人贩 (电视剧), Transporter: The Series
***ERROR:伊麗莎白一世 (迷你劇), Elizabeth I
***ERROR:波吉亞（2011年法國電視劇）, Borgia
***ERROR:變身怪醫 (電視劇), Jekyll
***ERROR:Furchester大酒店, The Furchester Hotel
***ERROR:The Professionals (1978年電視影集), The Professionals
***ERROR:我們仍未知道那天所看見的花的名字。, Anohana: The Flower We Saw That Day
***ERROR:反恐特勤組 (電視影集), The Unit
***ERROR:MTV名人巢, MTV Cribs
***ERROR:CNN國際新聞網絡, CNN International
***ERROR:WWE Raw, WWE Raw
***ERROR:強納斯兄弟LA, Jonas L.A.
***ERROR:約翰·亞當斯傳, John Adams
***ERROR:H.I.T, H.I.T
***ERROR:李祘 (電視劇), "Lee San
***ERROR:雙面嬌娃 (1985年美國影集), Moonlighting
***ERROR:少年英雄：艾倫史東, Aaron Stone
***ERROR:戰爭與和平 (2007年迷你影集), War and Peace
***ERROR:冰雪女王 (2002年電影), Snow Queen
***ERROR:雅典娜：战争女神, Athena: Goddess of War
***ERROR:柏林、柏林, "Berlin
***ERROR:史嘉麗 (電視劇), Scarlett
***ERROR:好時光、壞時光, "Gute Zeiten
***ERROR:奥普拉·温弗里秀, The Oprah Winfrey Show
***ERROR:加油！桑妮, Sonny with a Chance
***ERROR:首爾 1945, Seoul 1945
***ERROR:新城 (影集), Boomtown
***ERROR:高校風雲 (電視劇), Boston Public
***ERROR:槍 (迷你劇), Guns
***ERROR:甘迺迪家族 (2011年電視影集), The Kennedys
***ERROR:下一站，幸福, Autumn's Concerto
***ERROR:星艦奇航記：銀河飛龍, Star Trek: The Next Generation
***ERROR:蒙提·派森的飛行馬戲團, Monty Python's Flying Circus
***ERROR:V星入侵, V
***ERROR:法律与秩序：特殊受害者, Law & Order: Special Victims Unit
***ERROR:夢想起飛Dream High, Dream High
***ERROR:GTO, GTO
***ERROR:服部半藏 影之軍團, Shadow Warriors
***ERROR:世界大戰 (1988年電視影集), War of the Worlds
***ERROR:時空旅人 (電視劇), Journeyman
***ERROR:杰洛德·麦可蹦蹦, Gerald McBoing-Boing
***ERROR:杰瑞·斯布林格秀, The Jerry Springer Show
***ERROR:60分鐘, 60 Minutes
***ERROR:夏普 (電視劇), Sharpe
***ERROR:古代王者 恐龍王, Dinosaur King
***ERROR:露易絲與克拉克：超人的新冒險, Lois & Clark: The New Adventures of Superman
***ERROR:All In 真愛賭注, All In
***ERROR:On Air, On Air
***ERROR:美國龍：傑克龍, American Dragon: Jake Long
***ERROR:Dream, Dream
***ERROR:藍色小精靈 (電視動畫), The Smurfs
***ERROR:Miss Ripley, Miss Ripley
***ERROR:噗通噗通… 他和她的心跳聲, Padam Padam... The Sound of His and Her Heartbeats
***ERROR:ABC世界新聞, ABC World News
***ERROR:CBS晚間新聞, CBS Evening News
***ERROR:超人特攻隊 (電視劇), Misfits of Science
***ERROR:內衣皇后 (1997年電視影集), Veronica's Closet
***ERROR:SWAT特警队, S.W.A.T.
***ERROR:特蕾西·厄尔曼秀, The Tracey Ullman Show
***ERROR:IT狂人, The IT Crowd
***ERROR:Attention Please, Attention Please
***ERROR:女人香 (韓國電視劇), Scent of a Woman
***ERROR:拜託了，機長, Take Care of Us
***ERROR:漢城別曲-正, Seoul's Sad Song
***ERROR:神之雫, Drops of God
***ERROR:D咖邪惡聯盟, League of Super Evil
***ERROR:生死關頭 (劇集), Emergency!
***ERROR:K-ON！輕音部, K-On!
***ERROR:咖啡王子1號店, The 1st Shop of Coffee Prince
***ERROR:能聽見我的心嗎？, Can You Hear My Heart
***ERROR:Matkaoppaat, Matkaoppaat
***ERROR:聯邦調查局 The F.B.I., The F.B.I.
***ERROR:Sign, Sign
***ERROR:黛安娜·安格倫, Close to Home
***ERROR:新娘18歲, Sweet 18
***ERROR:Big, Big
***ERROR:挑戰！Super Model Korea 2, Korea's Next Top Model
***ERROR:Ed (2000年電視影集), Ed
***ERROR:SUPER STAR K, Superstar K
***ERROR:小城風雲 (1992年電視影集), Picket Fences
***ERROR:無敵情報員 (英國影集), Danger Man
***ERROR:馬場風雲 (2011年電視劇), Luck
***ERROR:天羅地網 (電視劇), The Untouchables
***ERROR:The King 2 Hearts, The King 2 Hearts
***ERROR:夢想起飛Dream High2, Dream High 2
***ERROR:CSI式, CSI
***ERROR:不可阻挡的High Kick, High Kick!
***ERROR:魔鬼剋星 (電視動畫), The Real Ghostbusters
***ERROR:惡夜追緝令 (電視劇), In the Heat of the Night
***ERROR:Doctors, Doctors
***ERROR:Being Ian, Being Ian
***ERROR:除暴安良 (電視劇), The Sweeney
***ERROR:Stand By, Standby
***ERROR:1%的可能性, 1% of Anything
***ERROR:49天, 49 Days
***ERROR:The Musical, The Musical
***ERROR:少女時代 Hello Baby, Girls' Generation's Hello Baby
***ERROR:Top of the Pops, Top of the Pops
***ERROR:韓半島 (電視劇), Korean Peninsula
***ERROR:驚異傳奇 (美國電視劇), Amazing Stories
***ERROR:教練 (電視劇), Coach
***ERROR:外星界限 (1995年電視劇), The Outer Limits
***ERROR:R. L.斯坦的令人難忘的一小時, R.L. Stine's The Haunting Hour
***ERROR:X音素, The X Factor
***ERROR:沒關係，爸爸的女兒, "It's Okay
***ERROR:兩個男人，一個女人, Two Guys and a Girl
***ERROR:再见，老婆, Goodbye Dear Wife
***ERROR:單身男子 (美國電視劇), The Single Guy
***ERROR:柯南·奧布萊恩今夜秀, Late Night with Conan O'Brien
***ERROR:追擊者 THE CHASER, The Chaser
***ERROR:Midas, Midas
***ERROR:獨行俠 (1949年美國影集), The Lone Ranger
***ERROR:七海遊俠 (電視劇), The Saint
***ERROR:彼得·岡, Peter Gunn
***ERROR:Road No. 1, Road No. 1
***ERROR:笑吧！東海, Smile Again
***ERROR:請回答1997, Reply 1997
***ERROR:醫生們 (電視劇), The Doctors
***ERROR:大丈夫 (美國電視劇), Man Up!
***ERROR:Oh! My Lady, Oh! My Lady
***ERROR:太空高達V, Space Gundam V
***ERROR:J·J·伊旺斯, Good Times
***ERROR:叔比狗，你在哪里！, "Scooby-Doo
***ERROR:旋轉吧！芭蕾女孩, Bunheads
***ERROR:逃亡者Plan.B, The Fugitive: Plan B
***ERROR:Coffee House, Coffee House
***ERROR:家族誕生2, Family Outing 2
***ERROR:假面騎士BLACK, Kamen Rider Black
***ERROR:O記實錄, The Criminal Investigator
***ERROR:美麗的日子 (電視劇), Beautiful Days
***ERROR:吹夢巨人 (1989年電影), The BFG
***ERROR:閉嘴！花美男樂團, Shut Up Flower Boy Band
***ERROR:O記實錄II, The Criminal Investigator II
***ERROR:超人：动画系列, Superman: The Animated Series
***ERROR:WWE ECW, ECW
***ERROR:Brain, Brain
***ERROR:Giant, Giant
***ERROR:I do I do, "I Do
***ERROR:OH!必勝奉順英, Oh Feel Young
***ERROR:Style, Style
***ERROR:惡作劇之吻 (韓國電視劇), Playful Kiss
***ERROR:人間失格 (電視劇), Q511920
***ERROR:蘇洛 (1990年電影), Zorro
***ERROR:百變金剛：重機械系列 (影集), Beast Machines
***ERROR:醜女貝蒂 (1999年哥倫比亞版), "Yo soy Betty
***ERROR:珍，愛時尚, Jane by Design
***ERROR:藍色霹靂號 (電視影集), Blue Thunder
***ERROR:May Queen, May Queen
***ERROR:皮鞭 (電視劇), Rawhide
***ERROR:浪漫滿屋 TAKE 2, Full House Take 2
***ERROR:Elisa在哪？ (美國電視劇), ¿Dónde Está Elisa?
***ERROR:神奇樹屋 (2004年電視影集), The Magic Tree
***ERROR:Royal Family, Royal Family
***ERROR:百獸戰隊 (2002年電視劇), Power Rangers Wild Force
***ERROR:法證先鋒III, Forensic Heroes III
***ERROR:吉米·坎摩尔直播秀, Jimmy Kimmel Live!
***ERROR:Life, Life
***ERROR:对不起，我爱你, "I'm Sorry
***ERROR:潮人·編, Stylista
***ERROR:远古入侵：新世界, Primeval: New World
***ERROR:步步驚心 (英國電視劇), Hammer House of Horror
***ERROR:甜蜜妙家庭 (電視劇), 7th Heaven
***ERROR:Pasta, Pasta
***ERROR:神探KOJAK, Kojak
***ERROR:Higher Ground (2000年電視影集), Higher Ground
***ERROR:安潔拉·安娜康妲 (1999年電影動畫), Angela Anaconda
***ERROR:巴斯光年（電視動畫）, Buzz Lightyear of Star Command
***ERROR:鬧青春！, So Random!
***ERROR:Mia的奇幻歷險, Mia and Me
***ERROR:假面骑士Sky, Kamen Rider
***ERROR:謝贊!, Shazam!
***ERROR:星際之門：永恆, Stargate Infinity
***ERROR:OH! Mikey, The Fuccons
***ERROR:律政風雲：犯罪傾向, Law & Order: Criminal Intent
***ERROR:DARKER THAN BLACK -流星之雙子-, Darker than Black: Ryūsei no Gemini
***ERROR:謊言遊戲 (美國電視劇), The Lying Game
***ERROR:Family, Family
***ERROR:金牌律師 (美國電視劇), Justice
***ERROR:謎」失, Vanished
***ERROR:怪物車庫 (電視節目), Monster Garage
***ERROR:金屬進化：重金屬音樂發展史, Metal Evolution
***ERROR:IRIS, Iris
***ERROR:奪寶女英豪 (電視影集版), Relic Hunter
***ERROR:超級蜘蛛人 (1999年美國動畫), Spider-Man Unlimited
***ERROR:Mortified (2006年電視影集), Mortified
***ERROR:十三號星期五 (電視劇), Friday the 13th: The Series
***ERROR:說你愛我 (美國電視劇), Tell Me You Love Me
***ERROR:衝擊效應 (電視劇), Crash
***ERROR:大衛·查普爾秀, Chappelle's Show
***ERROR:飛越情海 (電視劇), Melrose Place
***ERROR:X戰警（連續劇）, X-Men
***ERROR:假面騎士Wizard, Kamen Rider Wizard
***ERROR:經典唱片：黑色安息日之「偏執狂」, Classic Albums
***ERROR:吉姆漢森的說書人：希臘神話, The Storyteller
***ERROR:你好，凯兰, "Ni Hao
***ERROR:變形金剛：微型傳說, Transformers: Armada
***ERROR:MTV崩潰邊緣, Boiling Points
***ERROR:LIAR GAME, Liar Game
***ERROR:初生之犢 (1972年美國影集), The Rookies
***ERROR:新魯濱遜漂流記 (電視劇), Crusoe
***ERROR:老婆！給我飯, What's for Dinner?
***ERROR:Seven Days (1998年電視影集), Seven Days
***ERROR:綜合醫院 (美國電視劇), General Hospital
***ERROR:魔法戰隊 (2013年電視劇), Power Rangers Megaforce
***ERROR:假面騎士Super 1, Kamen Rider Super-1
***ERROR:吉米·法倫深夜脫口秀, Late Night with Jimmy Fallon
***ERROR:遊戲變身 (電視劇), Level Up
***ERROR:Power Rangers Samurai (美版侍戰隊真劍者), Power Rangers Samurai
***ERROR:QI, QI
***ERROR:心跳 (英國電視劇), Heartbeat
***ERROR:Conan O'Brien今夜秀, The Tonight Show
***ERROR:PSYCHO-PASS, Psycho-Pass
***ERROR:深夜秀 (NBC), Late Night
***ERROR:莎拉·席爾蔓秀, The Sarah Silverman Program
***ERROR:富貴浮雲 (美國電視劇), The Riches
***ERROR:快樂蜂(動畫), The Hive
***ERROR:愛你，別哭, "I Love You
***ERROR:太空：1999, Space: 1999
***ERROR:飢渴 (電視劇), The Hunger
***ERROR:舞·青春, Britannia High
***ERROR:禿鷲 (電視劇), Hagetaka: Road to Rebirth
***ERROR:齊瓦哥醫生 (迷你劇), Doctor Zhivago
***ERROR:德古拉 (电视剧), Dracula
***ERROR:假面騎士Fourze, Kamen Rider Fourze
***ERROR:條子911, Reno 911!
***ERROR:迷離境界 (1985年電視劇), The Twilight Zone
***ERROR:傲慢與偏見 (電視短劇), Pride and Prejudice
***ERROR:空間之旅 (1995年電視影集), Spellbinder
***ERROR:痞客二人組 (影集), Flight of the Conchords
***ERROR:不准哭，小原, Carry On! Hara-chan!
***ERROR:歡樂頌 (電視), The Sing-Off
***ERROR:荒涼山莊 (2005年影集), Bleak House
***ERROR:羅德斯島戰記-英雄騎士傳-, Q2135803
***ERROR:LAX (電視影集), LAX
***ERROR:Blue SWAT, Blue SWAT
***ERROR:K9 (電視劇), K-9
***ERROR:金字塔 (美國遊戲節目), Pyramid
***ERROR:傑西·溫圖拉的陰謀論, Conspiracy Theory with Jesse Ventura
***ERROR:警察故事 (電視劇), Crime Story
***ERROR:真相追擊 (英國電視劇), The Awful Truth
***ERROR:歸來吧，科特, Welcome Back
***ERROR:Dennis, Dennis
***ERROR:特警Winspector, Special Rescue Police Winspector
***ERROR:羅馬帝國 (2005年電視劇), Empire
***ERROR:宇宙：个人游记, Cosmos: A Personal Voyage
***ERROR:神奇Pet Pet Pet, Wonder Pets
***ERROR:犯罪心理：嫌犯动机, Criminal Minds: Suspect Behavior
***ERROR:詹姆斯·甘恩的PG色情, James Gunn's PG Porn
***ERROR:野獸 (2009年電視劇), The Beast
***ERROR:The Chase, The Chase
***ERROR:金鋼狼與X戰警, Wolverine and the X-Men
***ERROR:瑞秋·雷秀, Rachael Ray
***ERROR:幪面超人KIVA, Kamen Rider Kiva
***ERROR:金剛戰士RPM, Power Rangers RPM
***ERROR:戈登·拉姆齊的美食脫口秀, The F Word
***ERROR:蓝月亮 (星球), Aurelia and Blue Moon
***ERROR:Big Wolf On Campus／Le loup garou du campus, Big Wolf on Campus
***ERROR:IS 上帝的惡作劇, IS
***ERROR:逃出魔幻紀 (電視動畫), Jumanji
***ERROR:哈克 (電視劇), Hack
***ERROR:殺人蜂 (耐德的中學校園生存手冊角色), Ned's Declassified School Survival Guide
***ERROR:丹·克蒂斯, Dark Shadows
***ERROR:感應少年EIJI, Psychometrer Eiji
***ERROR:芭黎絲·希爾頓，我的新難民局, Paris Hilton's My New BFF
***ERROR:Kids' WB華納動畫天地, Kids' WB
***ERROR:傻瓜，中國的暹羅貓, "Sagwa
***ERROR:CYBER CITY OEDO 808 獸之屬性, Cyber City Oedo 808
***ERROR:假面騎士555, Kamen Rider 555
***ERROR:這就是英格蘭'86, This Is England '86
***ERROR:龍爭虎鬥 (2006年電視劇), Brotherhood
***ERROR:傑克·本尼秀, The Jack Benny Program
***ERROR:重甲B-Fighter, Juukou B-Fighter
***ERROR:Uki寶寶, Uki
***ERROR:奧德賽 (電視劇), The Odyssey
***ERROR:火星鼠騎士 (2006年電視動畫), Biker Mice from Mars
***ERROR:Flight 29 Down, Flight 29 Down
***ERROR:Taken Out, Taken Out
***ERROR:CBS學校特別休息時間, CBS Schoolbreak Special
***ERROR:假面騎士BLACK RX, Kamen Rider Black RX
***ERROR:假面騎士Stronger, Kamen Rider Stronger
***ERROR:假面騎士V3, Kamen Rider V3
***ERROR:Jo (2013年電視影集), Jo
***ERROR:蜘蛛俠＿卡通, Spider-Man
***ERROR:老大哥 (美國節目), Big Brother
***ERROR:假面騎士AMAZON, Kamen Rider Amazon
***ERROR:戈登·拉姆齊的廚房噩夢, Ramsay's Kitchen Nightmares
***ERROR:CBS今晨, CBS This Morning
***ERROR:おまかせ！プルーデンスおばさん, Q1210803
***ERROR:隱形人 (1958年英國影集), The Invisible Man
***ERROR:墮落天使 (電視劇), Fallen Angels
***ERROR:凯瑟琳·塔特秀, The Catherine Tate Show
***ERROR:假面騎士W, Kamen Rider W
***ERROR:重案1-8-7, Detroit 1-8-7
***ERROR:愛痕 (電視劇), Love Bites
***ERROR:吉娜·戴維斯秀, The Geena Davis Show
***ERROR:七級公務員 (電視劇), 7th Grade Civil Servant
***ERROR:羅賓漢 (1955年美國電視劇), The Adventures of Robin Hood
***ERROR:宇宙刑事Gavan, Space Sheriff Gavan
***ERROR:戰鬥狂熱 J, Battle Fever J
***ERROR:神行太保 (劇集), Adventures of Superman
***ERROR:That's Life (2000年電視影集), That's Life
***ERROR:空飛ぶロッキー君, The Rocky and Bullwinkle Show
***ERROR:狄格西：下一代, Degrassi: The Next Generation
***ERROR:觀點 (美國節目), The View
***ERROR:NHK大河劇, Taiga drama
***ERROR:無敵金剛 (電視劇), The Six Million Dollar Man
***ERROR:永恆傳奇 THE ANIMATION, Tales of Eternia: The Animation
***ERROR:BBC早餐, BBC Breakfast
***ERROR:富贵浮云 (迷你剧), Aristocrats
***ERROR:MTV 新聞, MTV News
***ERROR:Hello Kitty愛漫遊, The Adventures of Hello Kitty & Friends
***ERROR:摩爾·弗蘭德斯 (電視劇), The Fortunes and Misfortunes of Moll Flanders
***ERROR:Louie (電視動畫), Escola pra Cachorro
***ERROR:急速狂奔 (2007年電視劇), Drive
***ERROR:一生兩次 (電視劇), Twice in a Lifetime
***ERROR:聯盟 (電視劇), The League
***ERROR:皇家 (電視劇), The Royal
***ERROR:X家族, The X's
***ERROR:他 & 她, Him & Her
***ERROR:衝吧，內華達, "Push
***ERROR:米奇·斯皮蘭版邁克·哈默, Mickey Spillane's Mike Hammer
***ERROR:The Brothers (1972年), The Brothers
***ERROR:前線 (美國電視節目), Frontline
***ERROR:爆龍戰隊 (2004年電視劇), Power Rangers Dino Thunder
***ERROR:活色生香 (1990年電視劇), In Living Color
***ERROR:Elisa在哪？, ¿Dónde está Elisa?
***ERROR:21世紀性愛指南, A Girl's Guide to 21st Century Sex
***ERROR:需要浪漫2012, I Need Romance 2012
***ERROR:100號刑事法庭, 100 Centre Street
***ERROR:疑蹤 (電視劇), Missing
***ERROR:特警4587, Wiseguy
***ERROR:回到你身邊 (電視劇), Back to You
***ERROR:The Immortal (2000年電視影集), The Immortal
***ERROR:機動戰士GUNDAM 0080：口袋裡的戰爭, Mobile Suit Gundam 0080: War in the Pocket
***ERROR:特搜機器人Janperson, Tokusou Robo Janperson
***ERROR:Chance！～她成功的理由～, Chance! : The Reason She Is Successful
***ERROR:傑瑞米·凱爾秀, The Jeremy Kyle Show
***ERROR:青春糖伴 (電視劇), Sugar Rush
***ERROR:兒童醫院 (電視劇), Childrens Hospital
***ERROR:总而言之., Bref
***ERROR:心療中-in the Room-, Shinryōchū - in the Room -
***ERROR:ProSieben童話時間, Die ProSieben Märchenstunde
***ERROR:做得好 做得妙, "Good Job
***ERROR:佐、鄧肯、傑克與珍, "Zoe
***ERROR:未來閃影 (1995年電視劇), Flash Forward
***ERROR:特救指令Solbrain, Super Rescue Solbrain
***ERROR:Love Story, Q3586022
***ERROR:网疗记 (电视剧), Web Therapy
***ERROR:戈登·拉姆齊：尋找英國最好的餐廳, Ramsay's Best Restaurant
***ERROR:6ﾟ接觸, Six Degrees
***ERROR:4仔愛搞作, The Buried Life
***ERROR:Newsround, Newsround
***ERROR:千面女郎 (1990年美國影集), Carol & Company
***ERROR:うる星やつら (アニメ) 1981, Urusei Yatsura
***ERROR:提問時間 (電視節目), Question Time
***ERROR:百萬富翁 (澳洲), Who Wants to Be a Millionaire?
***ERROR:宇宙刑事Shaider, Space Sheriff Shaider
***ERROR:傑·雷諾今夜秀, The Tonight Show with Jay Leno
***ERROR:Cartoon KAT-TUN, Cartoon KAT-TUN
***ERROR:海盜 (1959年美國影集), Tales of the Vikings
***ERROR:班·史提勒秀, The Ben Stiller Show
***ERROR:ABC課後特別時間, ABC Afterschool Special
***ERROR:張玉貞，為愛而生, "Jang Ok-jung
***ERROR:滿足 (澳大利亞電視劇), Satisfaction
***ERROR:小王子 (2010年電視動畫), The Little Prince
***ERROR:男人四十 (電視劇), Men of a Certain Age
***ERROR:紅帽 (電視影集), Red Cap
***ERROR:這就是英格蘭'88, This Is England '88
***ERROR:墨菲定律 (電視劇), Murphy's Law
***ERROR:我要做廚神 澳洲版, MasterChef Australia
***ERROR:你比五年級生聰明嗎？, Are You Smarter than a 5th Grader?
***ERROR:傑·雷諾秀, The Jay Leno Show
***ERROR:B-Fighter Kabuto, B-Fighter Kabuto
***ERROR:新星 (紀錄片), Nova
***ERROR:山區 (電視劇), The Mountain
***ERROR:名著 (電視劇), Masterpiece
***ERROR:超級英雄 (電視影集), The Middleman
***ERROR:2011快乐女声, 2011 Super Girl
***ERROR:FM (電視影集), FM
***ERROR:局外人 (電視劇), The Outsiders
***ERROR:Biography, Biography
***ERROR:驚悚401號房, Room 401
***ERROR:超时空要塞II：再爱一次, Macross II
***ERROR:ITV六點半新聞, ITV News at 6:30
***ERROR:1 VS. 100 (美國綜藝), 1 vs. 100
***ERROR:特搜Exceedraft, Special Rescue Exceedraft
***ERROR:100個體育運動最偉大的時刻, 100 Greatest
***ERROR:The Voice Australia (澳洲好聲音), The Voice
***ERROR:溫蒂·威廉斯秀, The Wendy Williams Show
***ERROR:百變Boo!, Boo!
***ERROR:那年冬天，起風了, "That Winter
***ERROR:蛇蠍美人 (電視劇), Femme Fatales
***ERROR:阿比和阿弟的冒險 (電視劇), Bill & Ted's Excellent Adventures
***ERROR:Houston Knights (1987年電視影集), Houston Knights
***ERROR:101杯具淘汰法, 101 Ways to Leave a Game Show
***ERROR:430穿梭機, 430 Space Shuttle
***ERROR:Birdie Buddy, Birdie Buddy
***ERROR:私家電影 (1999年美國動畫), Home Movies
***ERROR:勾搭 (電視劇), Pulling
***ERROR:傲慢與偏見 (1980), Pride and Prejudice
***ERROR:阿爾奇·邦克之地, Archie Bunker's Place
***ERROR:Untouchable, Untouchable
***ERROR:地獄廚房 (英國電視節目), Hell's Kitchen
***ERROR:这里的黎明静悄悄 (2005年电视剧), Q4053884
***ERROR:第六感 (1972年美國影集), The Sixth Sense
***ERROR:19個孩子不嫌多, 19 Kids and Counting
***ERROR:危險的女人 (1991年電視劇), Dangerous Women
***ERROR:以一敵百 (中國大陸), 1 vs. 100
***ERROR:The Heights (1992年電視影集), The Heights
***ERROR:新版佩里·梅森, The New Adventures of Perry Mason
***ERROR:帕瓦特·奥特曼, Ultraman: The Ultimate Hero
***ERROR:話神-支配心靈者, Hwasin: Controller of the Heart
***ERROR:神探莫爾思 (電視劇), Inspector Morse (TV series)
***ERROR:Genocyber 虛界之魔獸, Genocyber
***ERROR:尋秦記 (電視劇), A Step into the Past
***ERROR:Alphablocks, Alphablocks
***ERROR:九层糕 (电视剧), Beautiful Connection
***ERROR:金枝慾孽（貳）, Beauty at War
***ERROR:DC國度, DC Nation
***ERROR:鐵漢督察 (第2季), DCI Banks
***ERROR:Between the Lines (電視劇), Between the Lines
***ERROR:係咪小兒科 (中國大陸), Are You Smarter Than a 5th Grader?
***ERROR:愛上女主播 (菲律賓電視劇), All About Eve
***ERROR:大漠谣 (电视剧), Sound of the Desert
***ERROR:水浒传 (2011年电视剧), All Men Are Brothers
***ERROR:密西西比 (影集), The Mississippi
***ERROR:So long !, So long !
***ERROR:ABC週六電影夜, ABC Saturday Movie of the Week
***ERROR:書劍恩仇錄 (1984年電視劇), Book and Sword Chronicles
***ERROR:Vera (影集), Vera
***ERROR:我要高飛 (真人秀), Fame
***ERROR:絕對達令 (電視劇), Absolute Boyfriend
***ERROR:Abby & Brittany, Abby & Brittany
***ERROR:宇宙：时空之旅, Cosmos: A Spacetime Odyssey
***ERROR:大风歌 (电视剧), Da Feng Ge
***ERROR:迴轉幹探 (美國電視劇), Life on Mars
***ERROR:老爸老妈的浪漫史 (俄罗斯电视剧), Q4208862
***ERROR:ABC News, ABC News
***ERROR:落難財神 (電視劇), Big Lake
***ERROR:戰場 (電視影集), Battlefield
***ERROR:美樂。加油, Love Keeps Going
***ERROR:Code Geass反叛的魯路修, Code Geass
***ERROR:90天，相愛的時間, "90 Days
***ERROR:半生緣 (電視劇), Affair of Half a Lifetime
***ERROR:倒數計時 (澳洲電視節目), Countdown
***ERROR:戴蒙 (電視劇), Damon
***ERROR:籃球明星的妻子：洛杉磯版, Basketball Wives LA
***ERROR:老大哥 (挪威), Big Brother Norway
***ERROR:書劍恩仇錄 (2002年電視劇), "Book and Sword
***ERROR:DRAMAtical Murder/temp, DRAMAtical Murder
***ERROR:Destinos, Destinos
***ERROR:新生宿舍 (電視劇), Freshman Dorm
***ERROR:跟著傑夫·科溫去野外, Going Wild With Jeff Corwin
***ERROR:Astro小太阳, Astro Xiao Tai Yang
***ERROR:護士 (1981年電視劇), Nurse
***ERROR:BBC六點新聞, BBC News at Six
***ERROR:BBC十點新聞, BBC News at Ten
***ERROR:新不了情 (2008年電視劇), "C'est La Vie
***ERROR:เอาหรือไม่เอา/Deal or No Deal, Deal or No Deal
***ERROR:阿Sir之奇妙大自然, David Attenborough's Natural Curiosities
***ERROR:Hello Baby, Hello Baby
***ERROR:緊急 - 10號病房, Emergency – Ward 10
***ERROR:旋風管家 (電視劇), Hayate the Combat Butler
***ERROR:怒火街頭2, Ghetto Justice II
***ERROR:封神榜 (2001年電視劇), Gods of Honour
***ERROR:露營 (電視劇), Camp
***ERROR:布朗神父 (2013年影集), Father Brown
***ERROR:談談情·練練武, Fight for Love
***ERROR:传说 (2010年电视剧), Ancient Legends
***ERROR:時空戰記RAYFORCE, SF X Fantasy Rayforce
***ERROR:9局下半2出局, Two Outs in the Ninth Inning
***ERROR:正祖暗殺之謎－8天, "Eight Days
***ERROR:Extra (美國電視節目), Extra
***ERROR:DERO密室遊戲大脫逃, Exit
***ERROR:美人鱼 (电视剧), Dyesebel
***ERROR:警徽天职2, C.L.I.F. 2
***ERROR:极速前进：冲刺！中国, The Amazing Race: China Rush
***ERROR:神啊！请多给我一点时间, Kamisama Mou Sukoshi Dake
***ERROR:堅拿道 (電視劇), Canal Road
***ERROR:蒲松齡 (電視劇), Ghost Writer
***ERROR:BBC Look East, BBC Look East
***ERROR:BBC一點新聞, BBC News at One
***ERROR:FOX橄欖球學院戰, Fox College Football
***ERROR:戈登·拉姆齊背後的酒吧, Gordon Behind Bars
***ERROR:Elvis (1990年電視劇), Elvis
***ERROR:軀體 (電視劇), Bodies
***ERROR:車神傳說 (韓國電視劇), Asphalt Man
***ERROR:宇宙騎士BLADE II, Tekkaman Blade II
***ERROR:CBS週日新聞晨刊, CBS News Sunday Morning
***ERROR:My Little Pony Tales, My Little Pony Tales
***ERROR:西遊記（貳）, Journey to the West II
***ERROR:金妍兒的Kiss & Cry, Kim Yu-na's Kiss & Cry
***ERROR:PBS新聞一小時, PBS NewsHour
***ERROR:Пан или пропал/Pan ili propal, Pan ili Propal
***ERROR:賭城浪子 (1991年電影), Palace Guard
***ERROR:西遊記 (無綫電視劇), Journey to the West
***ERROR:湯姆·凱恩, Out of Jimmy's Head
***ERROR:秦始皇 (2001年电视剧), Qin Shi Huang
***ERROR:Play Girl (1969年電視劇), Playgirl
***ERROR:東宮西宮TV, East Wing West Wing TV
***ERROR:我在墾丁*天氣晴, Wayward Kenting
***ERROR:陸小鳳 (1976年電視劇), Luk Siu-fung
***ERROR:人类：我们的故事, Mankind: The Story of All of Us
***ERROR:马可·波罗, Marco Polo
***ERROR:西遊記 (2011年電視劇), Journey to the West
***ERROR:Luna (電視影集), Luna
***ERROR:鑽探牌照 (紀錄片), Licence to Drill
***ERROR:连城诀 (中国电视剧), Lian Cheng Jue
***ERROR:拳王 (電視劇), Gloves Come Off
***ERROR:HBO世界冠軍拳擊, HBO World Championship Boxing
***ERROR:鄭在炯&李孝利 You And I, Jung Jae-hyung & Lee Hyo-ri's You and I
***ERROR:倒數 (遊戲節目), Countdown (game show)
***ERROR:雪花 (韓國電視劇), Snow Flower
***ERROR:玻璃假面 (韓國電視劇), Glass Mask
***ERROR:Nine：九回时间旅行, Nine: Nine Time Travels
***ERROR:明珠絕色：初生之犢, Planet Earth Live
***ERROR:Gloria, Gloria
***ERROR:西遊記 (2010年電視劇), Journey to the West
***ERROR:卧薪尝胆 (电视剧), The Great Revival
***ERROR:奉子成婚 (电视剧), Parental Guidance
***ERROR:ITV十點半新聞, ITV News at 10.30
***ERROR:小孩不笨2, I Not Stupid Too
***ERROR:雲之上Ⅱ, Nuer Mek 2
***ERROR:老天爺啊！給我愛, Dear Heaven
***ERROR:電影明星 (電視劇), Movie Stars
***ERROR:73號, No. 73
***ERROR:絕非天使 (電視劇), No Angels
***ERROR:大唐游侠传 (电视剧), Paladins in Troubled Times
***ERROR:潘恩與泰勒：魔術大比拼, Penn & Teller: Fool Us
***ERROR:教育電視 (香港), Educational Television
***ERROR:ITV午餐時間新聞, ITV News at 1:30
***ERROR:Legal High, Legal High
***ERROR:小餅乾 (電視影集), Little Crackers
***ERROR:情書 (電視劇), Love Letter
***ERROR:順其自然 (電視劇), "Que Sera
***ERROR:想象 (纪录片系列), Imagine
***ERROR:披薩 (電視劇), Pizza
***ERROR:老千 (電視劇), Tazza (TV series)
***ERROR:乔家大院 (电视剧), Qiao's Grand Courtyard
***ERROR:亨特利-布林克利報導, Huntley-Brinkley Report
***ERROR:螺母和螺栓 (電視劇), Nuts and Bolts
***ERROR:流氓醫生 (韓國電視劇), Dr. Kkang
***ERROR:愛情萬萬歲 (韓國電視劇), Hooray for Love (TV series)
***ERROR:Rob夢幻工廠, Rob Dyrdek's Fantasy Factory
***ERROR:叛逃 (電視劇), Ruse of Engagement
***ERROR:談判專家 (電視劇), Take My Word For It
***ERROR:700俱樂部, The 700 Club
***ERROR:封神榜 (2006年电视剧), The Legend and the Hero
***ERROR:律師樓 (真人秀), The Law Firm
***ERROR:蘇乞兒 (電視劇), The Legend of Master So
***ERROR:美味人生 (韓國電視劇), Tasty Life
***ERROR:東京，太陽雨, Tokyo Sun Shower
***ERROR:TFBOYS, TFI Friday
***ERROR:倚天屠龍記 (1984年電視劇), The Heaven Sword and Dragon Saber
***ERROR:酷航K-POP獵星行動, K-Pop Star Hunt
***ERROR:MTV都市頻道, BET Jams
***ERROR:陸小鳳之決戰前後 (2000年電視劇), Master Swordsman Lu Xiaofeng
***ERROR:絕對SuperStar (第一屆), Project SuperStar Season 1
***ERROR:強納森·羅斯秀, The Jonathan Ross Show
***ERROR:笑傲江湖 (2000年新加坡電視劇), The Legendary Swordsman
***ERROR:狂命KTV, Killer Karaoke
***ERROR:羅馬帝國 (電視影集), Roman's Empire
***ERROR:那些年，當二世祖追求時, Running Wilde
***ERROR:台湾1895, Taiwan 1895
***ERROR:書劍恩仇錄 (1976年電視劇), The Legend of the Book and the Sword
***ERROR:绝代双骄 (1999年电视剧), The Legendary Siblings
***ERROR:霍元甲 (1981年電視劇), The Legendary Fok
***ERROR:絕對SuperStar, Project Superstar
***ERROR:淘氣小威廉 (2010年電視劇), Just William
***ERROR:侠客行 (中国电视剧), Ode to Gallantry (2002 TV series)
***ERROR:一夜情 (美國電視劇), One Night Stand
***ERROR:龐然大物 (探索頻道), Really Big Things
***ERROR:倚天屠龍記 (1994年電視劇), The Heaven Sword and Dragon Saber
***ERROR:水浒 (电视剧), Shui Hu Zhuan
***ERROR:法網情仇 (1990年電視影集), Shannon's Deal
***ERROR:碧血劍 (1977年電視劇), Sword Stained with Royal Blood
***ERROR:On Call 36小時, The Hippocratic Crush
***ERROR:封神榜 (2009年电视剧), The Legend and the Hero 2
***ERROR:执子之手 (美国), Take Me Out
***ERROR:倚天屠龍記 (2003年電視劇), The Heaven Sword and Dragon Saber
***ERROR:上官婉儿 (电视剧), Shangguan Wan'er
***ERROR:史帝夫·哈維秀, Steve Harvey
***ERROR:极速前进：冲刺！中国2, The Amazing Race: China Rush 2
***ERROR:太平天國 (無綫電視劇), Twilight of a Nation
***ERROR:布萊恩·博伊塔諾要煮啥？, What Would Brian Boitano Make?
***ERROR:診所 (電視影集), The Clinic
***ERROR:奋斗 (2007年电视剧), Struggle
***ERROR:ვა-ბანკი/Va-Bank, Va-Bank
***ERROR:冷暖人間 (1968年美國電視劇), The Bold Ones
***ERROR:Kingdom of Plants 3D, Kingdom of Plants 3D
***ERROR:Weekly Idol, Weekly Idol
***ERROR:名人跳水 (美国真人秀), Splash
***ERROR:微笑，媽媽, "Smile
***ERROR:加油！歐巴桑, Miss Ajumma
***ERROR:Turn-On, Turn-On
***ERROR:NFL週四夜間開球, The NFL Today
***ERROR:KAIST (電視劇), Q6863629
***ERROR:天國的階梯 (菲律賓電視劇), Stairway to Heaven
***ERROR:Mentors (第4季), Mentors
***ERROR:雪山飛狐 (1991年電視劇), The Flying Fox of Snowy Mountain
***ERROR:糖果鎮 (電視劇), Sugartown
***ERROR:City Hall, The City Hall
***ERROR:《Stand By for Crime》, Stand By for Crime
***ERROR:誰知道咪咪航海記2, The Second Voyage of the Mimi
***ERROR:絕代雙驕 (1988年電視劇), Two Most Honorable Knights
***ERROR:神鵰俠侶 (1984年電視劇), The Return of the Condor Heroes
***ERROR:特殊投遞 (網路劇), Special Delivery
***ERROR:實踐 (1985年電視劇), The Practice
***ERROR:最美的时光 (电视剧), Best Time
***ERROR:オズ·キッズ, The Oz Kids
***ERROR:法蘭克·斯基納秀, The Frank Skinner Show
***ERROR:神话 (电视剧), The Myth
***ERROR:最後的男人 (澳大利亞電視劇), Last Man Standing
***ERROR:薰衣草 (電視劇), Lavender
***ERROR:一閃一閃亮晶晶 (韓國電視劇), Twinkle Twinkle
***ERROR:九尾狐：狐狸小妹傳, Grudge: The Revolt of Gumiho
***ERROR:快活谷 (電視劇), Q11072384
***ERROR:戀戀情深 (電視劇), Q11074369
***ERROR:幸福時光 (電視劇), Q11061499
***ERROR:心路GPS, Reality Check
***ERROR:德川慶喜 (大河劇), Tokugawa Yoshinobu
***ERROR:幸运52, Lucky 52
***ERROR:張保仔 (電視劇), Bandits from Hong Kong
***ERROR:後宮甄嬛傳 (電視劇), The Legend of Zhen Huan
***ERROR:愛，有你來作伴, Q11073912
***ERROR:愛與驕陽II, Q11073883
***ERROR:愛在陽光下 (電視劇), Love In The Sunshine
***ERROR:山RXAY, Q11043837
***ERROR:我在 因為你的愛, Q11074788
***ERROR:情陷夜中環2, Central Affairs 2
***ERROR:Wonderful Mama, Wonderful Mama
***ERROR:何處是我家 (電視劇), Q10886405
***ERROR:好願年哖, Q10942926
***ERROR:北條時宗 (大河劇), Hōjō Tokimune
***ERROR:家春秋 (電視劇), '''The Ba Jin's Trilogy'''
***ERROR:封神榜 (1990年电视剧), The Investiture of the Gods
***ERROR:小白龍 (電視劇), The White Dragon Lad
***ERROR:勝者為王 (1991年電視劇), Q10901408
***ERROR:千江有水千江月 (電視劇), Q10904938
***ERROR:對對糊 (電視劇), Q10957582
***ERROR:少年四大名捕 (中国电视剧), The Four
***ERROR:卡羅爾·杜瓦爾節目, The Carol Duvall Show
***ERROR:怪俠一枝梅 (2010年電視劇), The Vigilantes in Masks
***ERROR:锦绣中华 (纪录片), Wild China
***ERROR:娘家 (電視劇), Mom's House
***ERROR:為何不是你?, Why Don't You?
***ERROR:女医·明妃传, The Imperial Doctress
***ERROR:今生無悔 (無綫電視劇), The Breaking Point
***ERROR:書劍恩仇錄 (1992年電視劇), The Book and the Sword
***ERROR:伴我飛翔 (大愛劇場), Q10885704
***ERROR:八仙過海 (電視劇), Q10891951
***ERROR:勝者為王III王者之戰, Q10901406
***ERROR:南海十三郎 (電視劇), Q10908448
***ERROR:家好月圓 (大愛劇場), Q10950833
***ERROR:妈祖 (电视剧), Mazu
***ERROR:神鵰俠侶 (1995年電視劇), The Condor Heroes 95
***ERROR:红楼梦 (2010年电视剧), The Dream of Red Mansions
***ERROR:迪克·卡維特秀, The Dick Cavett Show
***ERROR:出位餐廳II, World's Weirdest Restaurants
***ERROR:武则天 (1995年电视剧), Wu Zetian
***ERROR:對台詞 (美國電視節目), Whose Line Is It Anyway?
***ERROR:勝者為王II天下無敵, Q10901407
***ERROR:白夜3.98, White Nights 3.98
***ERROR:宝莲灯 (2005年电视剧), Lotus Lantern
***ERROR:To Heart, To heart: koishite shinitai
***ERROR:絕代雙驕 (1979年電視劇), The Twins
***ERROR:至尊神探 (1961年動畫), The Dick Tracy Show
***ERROR:越王勾践 (电视剧), The Rebirth of a King
***ERROR:太平記 (大河劇), Taiheiki
***ERROR:書劍恩仇錄 (1987年電視劇), The Legend of the Book and the Sword
***ERROR:四大名捕 (亞洲電視劇集), The Undercover Agents
***ERROR:壹周·立波秀, Mr. Zhou Live Show
***ERROR:壹號皇庭II, The File of Justice II
***ERROR:天命：朝鮮版逃亡者故事, The Fugitive of Joseon
***ERROR:ST 警視廳科學特搜班, ST Keishichō Kagaku Tokusōhan
***ERROR:談話 (美國節目), The Talk
***ERROR:天涯歌女 (大愛劇場), Q10940377
***ERROR:失恋33天, Q10941934
***ERROR:成人禮 (電視劇), Q11196597
***ERROR:手足情深 (電視劇), Q11246785
***ERROR:國際刑警 (1997年電視劇), Interpol
***ERROR:大提琴與點38, '''The Cop's Affairs'''
***ERROR:REPLAY & DESTROY, REPLAY & DESTROY
***ERROR:爸爸！我們去哪裡？, Dad! Where Are We Going?
***ERROR:The Greatest (電視劇), The Greatest
***ERROR:把愛找回來 (大愛劇場), Q11076412
***ERROR:擺渡（中）, Q11078766
***ERROR:dinner, dinner
***ERROR:搬運你的人生！, Anata no Jinsei Ohakobishimasu!
***ERROR:男子漢 (1960年美國影集), The Tall Man
***ERROR:太極張三豐 (電視劇), Q10941581
***ERROR:戲王之王 (電視劇), Q11075220
***ERROR:春風化雨 (電視劇), Q11088892
***ERROR:G之嵐！, Q11222007
***ERROR:有你真好 (電視劇), Q11092056
***ERROR:至尊红颜 (2003年电视剧), Zhizun Hongyan
***ERROR:越南之聲 (第一季), The Voice of Vietnam
***ERROR:超人/蝙蝠俠歷險記, The Superman/Batman Adventures
***ERROR:Mistake!, Mistake!
***ERROR:回家的路 (電視劇), Q10925477
***ERROR:團圓飯 (電視劇), Q10927585
***ERROR:大地之子 (電視劇), Q10934377
***ERROR:天地有情 (電視劇), Q10939243
***ERROR:我的母親 (電視劇), Q11074938
***ERROR:First Love (2002年電視劇), Q11200190
***ERROR:MTV不插電演唱會, MTV Unplugged
***ERROR:辛亥革命 (电视剧), Xinhai Geming
***ERROR:啼笑因緣 (1987年電視劇), Laugh in the Sleeve
***ERROR:极速前进：冲刺！中国3, The Amazing Race: China Rush 3
***ERROR:SP~ 警視廳警護課, SP 〜 Keishichō keigo-ka
***ERROR:TAKE FIVE～我们能盗取爱吗～, TAKE FIVE
***ERROR:保鑣 (韓國電視劇), Bodyguard (TV series)
***ERROR:呼叫223, Q10921229
***ERROR:四重奏 (電視劇), Q10925393
***ERROR:回家 (大愛劇場), Q10925475
***ERROR:夜明珠 (電視劇), Q10933246
***ERROR:天長地久 (1997年電視劇), Q10940785
***ERROR:日出 (2001年電視劇), Q11086069
***ERROR:刑事吉永誠一・淚之事件簿, Keiji yoshinaga seiichi namida no jiken-bo
***ERROR:時間ですよ平成元年, Jikan desu yo
***ERROR:Free！, Free!
***ERROR:猜謎發現綜藝 ItteQ!, Q11298545
***ERROR:精打細算星期一！！, Q11264595
***ERROR:邂逅 (電視劇), Q11279675
***ERROR:Sunday！Scramble, Q11305755
***ERROR:メ～テレ夏祭り BOMBER-E, Q11343321
***ERROR:初體驗 (電視劇), Q11396433
***ERROR:浴火凤凰 (2006年电视剧), Phoenix from the Ashes
***ERROR:真實逃脫遊戲TV, Real Escape Game TV
***ERROR:女取調官2ー東京～佐賀・玄界灘　同時殺人の謎ー, Onna Torishirabekan
***ERROR:Our Girl, Our Girl
***ERROR:和Kiyoshi的今夜, Q11265065
***ERROR:週六新聞檔案 CUBE, Q11423561
***ERROR:武藏MUSASHI, Musashi
***ERROR:二見鍾情 (電視劇), Q11491961
***ERROR:天才!!公司, Q11442608
***ERROR:The名曲選播節目, The Hit Parade
***ERROR:救人☆陣八, O Tasuke-ya ☆ Jinpachi
***ERROR:外科醫 鳩村周五郎, Gekai Shūgorō Hatomura
***ERROR:押忍！！褌部！, Osu! ! Fundoshibu!
***ERROR:奪命6小時, Q11188183
***ERROR:殭屍道長II, Q11125304
***ERROR:法內情2002, Q11143363
***ERROR:LONG Q!高地, Q11350792
***ERROR:愛上你的眼睛！, Kimi no Hitomi ni Koishiteru!
***ERROR:橫濱見聞傳星星☆吉恩, Yokohama Kenbun-den Star ☆ Jean
***ERROR:浮生若夢 (電視劇), Q11149452
***ERROR:10克拉, Q11185155
***ERROR:20歳的結婚, Q11187218
***ERROR:7萬人偵探新渡戶, Q11188295
***ERROR:テレつく！, Q11319454
***ERROR:平安夜 (電視節目), Q11299309
***ERROR:愛的真諦 (電視劇), Q11293072
***ERROR:奇蹟的動物園〜旭山動物園物語〜, Q11444905
***ERROR:活佛济公 (2010年电视剧), The Legend of Crazy Monk
***ERROR:Reverse～警視廳搜查一課Team Z, Reverse - Tokyo Metropolitan Police Department investigation one Division team Z~
***ERROR:在這個世上的俺/我, Konoyo de Ore/ Boku dake
***ERROR:事件 (電視劇), Jiken (TV Series)
***ERROR:必殺仕事人2013, Hissatsu shigotonin 2013
***ERROR:水戶黃門 (第39-43部), Mito Komon (Part 39-43)
***ERROR:愛的迴旋曲 (日本電視劇), Q11269783
***ERROR:歡喜有緣-後山土地公, Q11123198
***ERROR:流金歲月 (台灣電視劇), Q11147971
***ERROR:清晨起來..., Q11275799
***ERROR:武田信玄 (大河劇), Takeda Shingen
***ERROR:小牛的愛(Cinta Remaja), Q12479158
***ERROR:賽金花 (亞視電視劇), Legend of Ms. Choi Kam Fa
***ERROR:18禁不禁, The Teen Age
***ERROR:97變色龍, The Year of Chameleon
***ERROR:On Call 36小時II, The Hippocratic Crush II
***ERROR:东游记 (1998年电视剧), Legend of the Eight Immortals
***ERROR:中環英雄 (電視劇), Central Sandwichman
***ERROR:這就是英格蘭'90, This Is England '90
***ERROR:I.Q.成熟時, Q10850973
***ERROR:雲海玉弓緣 (亞洲電視劇集), Jade Bow Connection
***ERROR:Hi! 上班女郎, Hi! Working Girl
***ERROR:九品芝麻官 (電視劇), Justice Junior
***ERROR:任弼时 (电视剧), Ren Bishi
***ERROR:白色巨塔 (1978年電視劇), Shiroi Kyotō
***ERROR:蒼井優×４つの噓　カムフラージュ, Camouflage
***ERROR:三個偵探 (電視劇), The New Avengers
***ERROR:第56回NHK紅白歌合戰, 56th NHK Kōhaku Uta Gassen
***ERROR:血型類別 女人結婚的方法, Ketsuekigata Betsu On'na ga Kkekkon suru Hōhō♪
***ERROR:鬼平外傳 正月四日之客, Onihei Gaiden Shōgatsu Yokka no Kyaku
***ERROR:馬鈴薯星2013QR3, Potato Star 2013QR3
***ERROR:陆小凤传奇 (电视电影), The Legend of Lu Xiaofeng (2006 TV series)
***ERROR:飛虎 (電視劇), Tiger Cubs
***ERROR:陳真 (電視劇), The Fist
***ERROR:8號巴士站站情, No.8 Bus
***ERROR:JOKER 不被原諒的搜查官, Joker: Yurusarezaru Sousakan
***ERROR:宮中殘酷史－花的戰爭, Cruel Palace: War of Flowers
***ERROR:白虎隊〜不敗的人們, Byakkotai
***ERROR:勇往直前 (日本電視劇), Hashiranka!
***ERROR:警視廳預防犯罪課 真崎英嗣, Keishichō saihan bōshi-ka Masaki Eiji
***ERROR:STAR MAN 這顆星上的戀愛, STAR MAN Kono Hoshi no Koi
***ERROR:信約：動盪的年代, The Journey: Tumultuous Times
***ERROR:霍東閣 (電視劇), Q10565910
***ERROR:點解阿sir係隻鬼, Q10567341
***ERROR:4姊妹偵探團, Q10846116
***ERROR:Getaway, Getaway
***ERROR:The Virus, The Virus
***ERROR:TUNNELS的託大家的福, Hole in the Wall
***ERROR:Spoons, Spoons
***ERROR:Coming Soon!!, Coming Soon!!
***ERROR:H2 (電視劇), H2: Kimi to Ita Hibi
***ERROR:第二樂章 (2013年電視劇), Dainigakushō
***ERROR:隋唐演義 (2013年電視劇), Heroes in Sui and Tang Dynasties
***ERROR:班長〜警視廳安積班〜, Hanchō 〜 Keishichō Asakahan 〜
***ERROR:結婚同窗會 〜SEASIDE LOVE〜, Kekkon Dōsōkai 〜 SEASIDE LOVE 〜
***ERROR:紅鱂魚, Aka medaka
***ERROR:警視・深町征爾, Keishi Fukamachi Seiji
***ERROR:湯普遜 (電視節目), Thompson
***ERROR:寵物小寶貝II, Too Cute
***ERROR:一念之間 (台灣電視劇), Q10863932
***ERROR:人在做，天在看, Q10883478
***ERROR:Dollhouse 〜特命女性捜査班〜, Dollhouse
***ERROR:克拉麗莎 (電視劇), Clarissa
***ERROR:素描 (電視劇), Dessin
***ERROR:UFO猎人, UFO Hunters
***ERROR:TANK-TOP FIGHTER, TANK-TOP FIGHTER
***ERROR:What's up, What's Up
***ERROR:中国远征军 (2011年电视剧), Chinese Expeditionary Force
***ERROR:火怨・北方英雄 阿弖流為傳, Ka'en Kita no Eiyū Aterui Den
***ERROR:神谷玄次郎捕物控2, Kamiya Genjirou Torimonohikae
***ERROR:中国好声音 (第二季), The Voice of China (season 2)
***ERROR:美少女戰士Crystal, Sailor Moon Crystal
***ERROR:今夜秀 (傑克·帕爾), Tonight Starring Jack Paar
***ERROR:一閃一閃亮晶晶 (電視劇), Q10864101
***ERROR:來信禮儀！手機最後一幕, Q11583735
***ERROR:狼 (電視劇), Wolf
***ERROR:Dancing 9, Dancing 9
***ERROR:廚神當道 韓國版, MasterChef Korea
***ERROR:蘭陵王 (電視劇), Lan Ling Wang
***ERROR:WWE NXT, WWE NXT
***ERROR:末日餘生 (電視劇), The Leftovers
***ERROR:學校2, School 2
***ERROR:笑看人生 (美國電視劇), Cristela
***ERROR:极速前进：冲刺！中国1, The Amazing Race: China Rush 1
***ERROR:學校 (電視劇), School
***ERROR:Show Me The Money, Show me the money!
***ERROR:魔法兒童MASURI, Magic Kid Masuri
***ERROR:黑箱 (電視劇), Black Box
***ERROR:飛越舞動:英國篇, Got to Dance
***ERROR:籃球 (電視劇), Basketball
***ERROR:紅寶石戒指 (電視劇), Ruby Ring
***ERROR:秘密 (2013年電視劇), Secret (2013 TV series)
***ERROR:維他命 (綜藝節目), Vitamin
***ERROR:深夜秀 (CBS TV), Late Show
***ERROR:101次求婚, 101st Proposal
***ERROR:美甲店Paris, Q14942310
***ERROR:Total Divas, Total Divas
***ERROR:大內群英2, Q16071807
***ERROR:警戒線 (電視劇), Cordon
***ERROR:女王的教室 (韓國電視劇), The Queen's Classroom (2013 TV series)
***ERROR:Miss Pilot, Miss Pilot
***ERROR:新絕代雙驕 (電視劇), Xin Juedai Shuangjiao
***ERROR:危機逃出No.1., Crisis Escape No. 1
***ERROR:Super Star K 第一季, Superstar K1
***ERROR:韓國好聲音 第1季, The Voice of Korea (season 1)
***ERROR:奶昔！, Milkshake!
***ERROR:WWE Countdown, WWE Countdown
***ERROR:Jessica & Krystal, Jessica & Krystal
***ERROR:沒關係，是愛情啊, "It's Okay
***ERROR:愛 情, Q12599632
***ERROR:奔跑吧!, Mackerel Run
***ERROR:The Partner 〜給摯愛的百年朋友〜, The Partner
***ERROR:你是那个幸运儿吗？, Are You the One?
***ERROR:奇皇后 (電視劇), Empress Ki
***ERROR:Wrestlemania Rewind, Wrestlemania Rewind
***ERROR:CSI犯罪現場：網路犯罪, CSI: Cyber
***ERROR:鋼琴別戀 (2001年韓國劇集), Piano
***ERROR:雪山飛狐 (1999年電視劇), The Flying Fox of Snowy Mountain
***ERROR:Healing Camp, "Healing Camp
***ERROR:熱愛 (2013年電視劇), Passionate Love
***ERROR:韓國好聲音 (The Voice of Korea), The Voice of Korea
***ERROR:清潭洞111, Cheongdam-dong 111
***ERROR:喜歡·一個人, Pleasantly Surprised
***ERROR:EXO's SHOWTIME, Exo's Showtime
***ERROR:荷爾蒙(泰劇), Hormones: The Series
***ERROR:黑名单 (2013年电视剧), The Blacklist
***ERROR:韓國小姐 (電視劇), Miss Korea
***ERROR:禁忌 (電視短劇), Taboo
***ERROR:水手 (電視約會節目), Shipmates
***ERROR:戀愛操作團：大鼻子情聖, Dating Agency: Cyrano
***ERROR:你好，Francesca, Hello Franceska
***ERROR:Сделка или не/Sdelka ili ne, Sdelka ili ne
***ERROR:外乡人 (2014年美国电视剧), Outlander
***ERROR:異能 (電視劇), Power
***ERROR:哇！陳怡君, Youth Power
***ERROR:Who Are You, Who Are You?
***ERROR:法網危情 (CBS), Reckless
***ERROR:49, 49
***ERROR:情景劇Pen Tor, Pen Tor
***ERROR:Vice, Vice (TV series)
***ERROR:嫁給我吧 (美國電視劇), Marry Me
***ERROR:夜魔俠 (電視劇), Daredevil
***ERROR:Amazing f(x), Amazing f(x)
***ERROR:WWE Beyond The Ring, WWE Beyond The Ring
***ERROR:ITV十點新聞, ITV News at Ten
***ERROR:學校4, School 4
***ERROR:我 (電視劇), Q16182955
***ERROR:戰爭與和平 (2016年電視劇), War and Peace
***ERROR:Medcezir, Medcezir
***ERROR:塞斯·梅耶斯深夜秀, Late Night with Seth Meyers
***ERROR:機器戰士Tobot, Tobot
***ERROR:Night Shift, Night Shift
***ERROR:未来青年 (2013年电视剧), The Tomorrow People
***ERROR:Three Days, Three Days
***ERROR:Monstar, Monstar
***ERROR:欲戴王冠，必承其重－繼承者們, The Heirs
***ERROR:鄭道傳 (電視劇), Jeong Do-jeon (TV series)
***ERROR:推拿 (電視劇), See Without Looking
***ERROR:變形金剛：合體大作戰, Q13579388
***ERROR:烏托邦 (美國真人秀), Utopia
***ERROR:Medical Top Team, Medical Top Team
***ERROR:双天至尊Ⅱ, The Unbeatables II
***ERROR:葉問 (電視劇), Ip Man (TV series)
***ERROR:Lost Days, Lost Days
***ERROR:醜聞：極具衝擊性與不道德的事件, Scandal: A Shocking and Wrongful Incident
***ERROR:A to Z, A to Z
***ERROR:鹿鼎記 (2014年電視劇), The Deer and the Cauldron (2014 TV series)
***ERROR:臨時空缺 (迷你劇), The Casual Vacancy
***ERROR:明星夫婦：聖誕節特輯, All Star Mr & Mrs
***ERROR:小鎮疑雲 (美國電視劇), Gracepoint
***ERROR:Two Weeks, Two Weeks
***ERROR:MY BOY (韓劇), Ma Boy
***ERROR:摩訶婆羅 (2013年電視劇), Mahabharat
***ERROR:24反恐任務：再活一天, 24: Live Another Day
***ERROR:DARK SYSTEM 戀愛王位爭霸戰, DARK SYSTEM
***ERROR:惡夜追殺令：電視劇, From Dusk till Dawn: The Series
***ERROR:神的禮物－14天, God's Gift: 14 Days
***ERROR:隨意！卡通, Random! Cartoons
***ERROR:信徒 (电视剧), Believe
***ERROR:武神 (韓國電視劇), God of War
***ERROR:人质 (电视剧), Hostages
***ERROR:双天至尊Ⅲ, The Unbeatables III
***ERROR:西伯利亞 (電視劇), Siberia (TV series)
***ERROR:需要浪漫3, I Need Romance 3
***ERROR:詠-真情回味, Q17026057
***ERROR:Trot戀人, Trot Lovers
***ERROR:揼眼釘．贏躉樓, The Apartment - Design Your Destiny
***ERROR:狼廳 (迷你劇), Wolf Hall
***ERROR:鸛的搖籃〜六年間從棄嬰保護艙得救92條生命的未來〜, Kōnotori no Yurikago
***ERROR:卧底老板 (美国电视节目), Undercover Boss
***ERROR:聽見，愛, Q15901964
***ERROR:靠岸 (大愛劇場), Q15903308
***ERROR:Frenemy ~ 家鼠之街 ~, Frenemy
***ERROR:曼哈頓計劃 (電視劇), Manhattan
***ERROR:過家家 (電視劇), Playing House (TV series)
***ERROR:七寶 (動畫), The 7D
***ERROR:源氏物語 ~ 八百屋阿七異聞, Asakiyumemishi
***ERROR:敬啟 色川先生, Haikei Irokawa Sensei
***ERROR:中国好声音 (第三季), The Voice of China (season 3)
***ERROR:肥貓正傳II, Q15906255
***ERROR:對呀，永別了, Q17192064
***ERROR:Crime Scene 犯罪現場, Crime Scene
***ERROR:薛平貴與王寶釧 (電視劇), Love Amongst War
***ERROR:艾米·舒默的內心世界, Inside Amy Schumer
***ERROR:Hard nuts！, Hard nuts!
***ERROR:碧之海 ~LONG SUMMER~, Ao no Umi 〜 LONG SUMMER~
***ERROR:超人傑洛Fight, Ultra Zero Fight
***ERROR:變色龍 (電視劇), Chameleon
***ERROR:V之炎, Q17209178
***ERROR:Reset, Reset
***ERROR:忠誠 (電視劇), Allegiance
***ERROR:縱橫四海 (電視劇), Flaming Brothers
***ERROR:兩天一夜 (中國版), 2 Days & 1 Night
***ERROR:單身公寓 (電視劇), The Odd Couple
***ERROR:9号秘事, Inside No. 9
***ERROR:奪寶奇Show︰澳大利亞, The Amazing Race Australia
***ERROR:賴瑞·威摩爾每夜秀, The Nightly Show with Larry Wilmore
***ERROR:L et M 我愛你的理由，另一故事, L et M
***ERROR:新聞劇 為了生存〜留在戰場的消息〜, Hōdō dorama ikiro 〜 senjō ni nokoshita dengon 〜
***ERROR:晝顏 ～平日午後3點的戀人們～, Hirugao
***ERROR:流氓·律師, Q15904641
***ERROR:豪門 (電視劇), Q15904058
***ERROR:苏东坡 (2012年电视剧), Su Dongpo
***ERROR:回歸 (2015年電視影集), The Returned
***ERROR:古剑奇谭 (电视剧), Swords of Legends
***ERROR:香港GoGoGo, Hong Kong Go Go Go
***ERROR:30分鐘的愛, 30 Bu dake no Ai
***ERROR:生命 〜給天國的媽媽〜, Inochi 〜 tengoku no mama e 〜
***ERROR:歐巴律師 -京都兩女律師-, Obaben - Kyōto futari no on'na bengoshi -
***ERROR:鬼平犯科帳特別篇 泥鰌和助始末, Oniheihankachō special ~dojyounowasukeshimatsu
***ERROR:鬼平犯科帳特別篇 看更之線, Oniheihankachō Special Miharinoito
***ERROR:三劍客 (電視劇), The Three Musketeers
***ERROR:萬家燈火 (電視劇), Light of Million Hopes
***ERROR:海军罪案调查处：新奥尔良, NCIS: New Orleans
***ERROR:Go'en Hunter, 姻緣獵人
***ERROR:甜蜜陷阱 (電視劇), Honey Trap (TV Drama)
***ERROR:異律・里村珠實之事件簿, Isoben Satomura Tamami no Jikenbo
***ERROR:搜查指揮官 水城沙耶, Sōsa Shikikan Mizuki Saya
***ERROR:法官！肚子餓啦！, Saibanchō! Onaka Akimashita!
***ERROR:天劍絕刀 (電視劇), Q15915216
***ERROR:末日+5, Doom+5
***ERROR:未婚妻 (电视剧), Fiancee
***ERROR:難兄難弟 (亞視電視劇), The Real Pals
***ERROR:水瓶宮 (電視劇), Aquarius
***ERROR:Girls Talk薔薇組, Girls Talk Baragumi
***ERROR:Y・O・U山彥音樂同好會, Y・O・U
***ERROR:超絕☆絕叫樂園, Chōzetsu ☆ Zekkyō Land
***ERROR:德國83年, Deutschland 83
***ERROR:笑看人生 (大愛劇場), Q15911559
***ERROR:飄零燕 (電視劇), Q15909166
***ERROR:世にも奇妙な物語 '13 秋の特別編, Q17227745
***ERROR:男人的資格2, Qualifications of Men
***ERROR:銀狐 (電視劇), The Silver Tycoon
***ERROR:雪花神劍 (亞視劇集), The Snow is Red
***ERROR:事件救命醫〜IMAT的奇蹟〜, Jiken Kyūmei-i 〜 IMAT no Kiseki 〜
***ERROR:POWER GAME〜權力遊戲〜, POWER GAME
***ERROR:各務原啊 擁抱大使！, Kagamihara yo taishi o dake!
***ERROR:父之花，在春天綻放了〜岐阜長良川拍馬屁的故事〜, "Chichi no hana
***ERROR:衝擊豪雷剛！！, Shōgeki Gouraigan! !
***ERROR:Healer, Healer (2014 TV series)
***ERROR:Frost醫生, Dr. Frost
***ERROR:Specialist, Specialist
***ERROR:Cosplay英雄, Heroes of Cosplay
***ERROR:大空港2013, Daikūkō 2013
***ERROR:警視廳・搜查一課長, Keishichō Sōsaikkachō
***ERROR:長谷川町子物語〜海螺小姐誕生之日〜, Hasegawa Machiko Monogatari
***ERROR:黑貓，有時花店, "Kuro neko
***ERROR:微时代之恋·初恋篇, Q15914001
***ERROR:清末四大奇案 (電視劇), Q15916638
***ERROR:美麗傳說2星願, Q15913370
***ERROR:馬場風雲 (電視劇), Race-Course Fever
***ERROR:家庭醫生・神村愛, Ai Kamimura The Home Doctor
***ERROR:保護官 熱血保護司・村雨晃司事件簿, Hogokan
***ERROR:金田一耕助VS明智小五郎, Kindaichi Kōsuke VS Akechi Kogorō
***ERROR:Unpretty Rapstar, Unpretty Rapstar
***ERROR:性、毒品與搖滾樂, Sex&Drugs&Rock&Roll
***ERROR:請回答1994, Reply 1994
***ERROR:世界奇妙物语 2013年 春季特别篇, Q15909214
***ERROR:花田囍事 (電視劇), Q15915157
***ERROR:WILD·HEROS, Q19007997
***ERROR:MISSION ENGLISH, MISSION ENGLISH
***ERROR:喜歡！小花梨, Daisuki! Karin-chan
***ERROR:怪奇大作戰 神秘檔案, Kaikidaisakusen Mystery File
***ERROR:還珠格格 (2011年電視劇), New Princess Pearl
***ERROR:Tycoon Talk, Tycoon Talk
***ERROR:Mr. Back, Mr. Back
***ERROR:LOVE理論, LOVE Theory
***ERROR:巨輪2, Brother's Keeper II
***ERROR:窗外有蘭天 (電視劇), Q15925432
***ERROR:大腦性感的時代－問題的男人, Hot Brain: Problematic Men
***ERROR:致，最親愛的第三者, To the Dearest Intruder
***ERROR:22K夢想高飛, Aim High
***ERROR:心跳 (2012年電視劇), Heartbeat
***ERROR:女人30情定水舞間, Fabulous 30
***ERROR:Super Daddy 烈, Super Daddy Yeol
***ERROR:我係Tuna Fi, I Am Tuna Fi
***ERROR:金針花 (電視劇), Q15950418
***ERROR:MiMi, Mimi
***ERROR:親親，親人, Q19854478
***ERROR:假面騎士Drive, Kamen Rider Drive
***ERROR:一起吃飯吧2, Let's Eat 2
***ERROR:失蹤的黑色M, Missing Noir M
***ERROR:EU超時任務, Over Run Over
***ERROR:中国好声音 (第四季), The Voice of China (season 4)
***ERROR:弒者誅心 (第3季), Those Who Kill
***ERROR:牽手 (1999年電視劇), Q15918339
***ERROR:第二人生 (電視劇), Second Life
***ERROR:Hotel King, Hotel King
***ERROR:人在江湖 (電視劇), Blowing in the Wind
***ERROR:心願 (大愛劇場), The Wish of My Heart
***ERROR:曹操 (电视剧), Cao Cao (TV series)
***ERROR:縱橫天下 (電視劇), To Where He Belongs
***ERROR:隋唐英雄 (2014年电视剧), Heroes of Sui and Tang Dynasties 3 & 4
***ERROR:吉姆·克諾普夫, Jim Button and Luke the Engine Driver
***ERROR:博物館之謎II, Museum Secrets
***ERROR:爱你的时间，7000天, The Time We Were Not in Love
***ERROR:活佛济公3, Q15897407
***ERROR:藍月亮 (電視劇), The Harvest Moon
***ERROR:Signal, Signal
***ERROR:12年後的重逢：山蒜醬湯, Wild Chives and Soy Bean Soup: 12 Years Reunion
***ERROR:永遠的好朋友 (2015年電視劇), Best Friends Whenever
***ERROR:緣 (電視劇), Q15929043
***ERROR:背影 (電視劇), Q15930027
***ERROR:賭神秘笈'93, Q15933271
***ERROR:逆光 (大愛劇場), Q15934508
***ERROR:濟公傳奇 (2001年電視劇), Zen Master
***ERROR:Triangle (電視劇), Triangle (Korean Drama)
***ERROR:High School: Love On, Hi! School: Love On
***ERROR:上流社會 (電視劇), High Society
***ERROR:併發症 (電視劇), Complications
***ERROR:地獄天使 (美國電視劇), Angel from Hell
***ERROR:哈啦夏令營：入營第一天, Wet Hot American Summer: First Day of Camp
***ERROR:終極玩家 (2015年電視劇), The Player
***ERROR:法醫分析室 電子標靶, Hanzai kagaku bunsekishitsu denshi no hyōteki
***ERROR:最強的法廷 法官櫻子與10人的判決, Saikyō no Hōtei Saibankan Sakurako to 10-ri no Hyōketsu
***ERROR:濟公 (1986年電視劇), Ji Gong
***ERROR:仙鶴神針 (1992年電視劇), "Mythical Crane
***ERROR:特殊案件專案組TEN, Special Affairs Team TEN
***ERROR:LINK, LINK
***ERROR:美麗人生 (大愛電視劇), Q15932204
***ERROR:我戀愛了。, Q20044160
***ERROR:凡爾賽 (電視劇), Versailles
***ERROR:百人百曲 走到最後, "100 People
***ERROR:海德、哲基尔与我, Jekyll and Me
***ERROR:SPY, SPY (2015 TV series)
***ERROR:同床異夢，沒關係沒關係, "Same Bed
***ERROR:阿爸 (電視劇), Q15928708
***ERROR:真相 (亞洲電視劇集), The Truth
***ERROR:Assembly, Assembly
***ERROR:Big Man, Big Man (TV series)
***ERROR:伙頭智多星 (電視劇), Magic Chef
***ERROR:快打旋風：暗殺拳, Street Fighter: Assassin's Fist
***ERROR:Kill Me Heal Me, Kill Me Heal Me
***ERROR:數碼暴龍大冒險tri., Digimon Adventure tri.
***ERROR:吃：食物的故事, Eat: The Story of Food
***ERROR:永遠的我們 sea side blue, Eien no Bokura sea side blue
***ERROR:願 (大愛劇場), Q15933257
***ERROR:未來總動員 (電視劇), 12 Monkeys
***ERROR:尖峰時刻 (電視劇), Rush Hour
***ERROR:家庭教師解決了！, Kateikyōshi ga Hodoku!
***ERROR:Who Are You－學校2015, Who Are You: School 2015
***ERROR:Goodbye Mr. Black, Goodbye Mr. Black
***ERROR:他来了，请闭眼, Close Your Eyes and Close To Me
***ERROR:因為是、第一次, Because It's The First Time
***ERROR:Oh My Venus, Oh My Venus
***ERROR:Two Yoo Project - Sugar Man, Two Yoo Project: Sugar Man
***ERROR:Transit Girls, Transit Girls
***ERROR:Riders：抓住明日, Riders: Catch Tomorrow
***ERROR:HIT製造機, Hitmaker
***ERROR:請回答1988, Reply 1988
***ERROR:DC的明日傳奇, Legends of Tomorrow
***ERROR:AKB恐怖之夜 腎上腺素之夜, AKB Horror Night - Night of Adrenaline
***ERROR:琉神Mabuyer 5, lyusin mabuyā 5
***ERROR:杰西卡·琼斯, Jessica Jones
***ERROR:Blood, Blood
***ERROR:极速前进中国版1, The Amazing Race
***ERROR:詹姆斯·柯登深夜秀, The Late Late Show with James Corden
***ERROR:Miss Mammamia, Miss Mamma Mia
***ERROR:HiGH&LOW, HiGH&LOW
***ERROR:武藏忍法傳 忍者烈風, Musashi ninpō-den Ninja Reppū
***ERROR:小富豪瑞奇 (電視劇), Richie Rich
***ERROR:NG大神探, Inspector Gadget
***ERROR:代筆作家 (電視劇), Ghost Writer
***ERROR:IQ博士, Dr. Slump
***ERROR:斯蒂芬·科尔伯特晚间秀, The Late Show with Stephen Colbert
***ERROR:Baby Kara, Kara Project
***ERROR:500問答, 500 Questions
***ERROR:Oh 我的鬼神君, Oh My Ghostess
***ERROR:泡泡糖 (電視劇), Bubble Gum
***ERROR:新西遊記 (綜藝節目), New Journey to the West
***ERROR:JK是雪女, JK is Yukime
***ERROR:D-Day, D-Day
***ERROR:Heart to Heart, Heart to Heart
***ERROR:LAST (電視劇), Last
***ERROR:Teddy Go!, Q21087989
***ERROR:錐子 (電視劇), Awl
***ERROR:揼眼釘．贏躉樓, The Apartment Style Edition
***ERROR:密碼 (美國遊戲節目), Password
***ERROR:世界奇妙物語 25週年春季特別篇〜人氣漫畫家競賽篇〜, Q20062716
***ERROR:羅斯伍德（Rosewood）, Rosewood
***ERROR:志在四方II, The Dream Makers II
***ERROR:Punch (電視劇), Punch
***ERROR:64, 64
***ERROR:在夏末，我戀愛了。, "Natsunoowari ni
***ERROR:警部補・杉山真太郎〜吉祥寺署事件檔案, Keibuho sugiyama shintarō 〜 Kichijōji-sho jiken fairu
***ERROR:明太子夫婦2, Mentai Piriri 2
***ERROR:表參道高校合唱部！, Omotesandō kōkō gasshōbu!
***ERROR:Safe House (2015年電視影集), Safe House
***ERROR:復仇法廷 (2015年電視劇), Revenge Court (2015 TV Series)
***ERROR:最強的兩人〜京都府警特別搜查班〜, Saikyō no Futari
***ERROR:步行7分鐘, Toho 7 Bu
***ERROR:看到鬼的刑事處容2, The Criminal Cheoyong Who Sees Ghosts 2
***ERROR:必殺仕事人2015, Hissatsu shigoto hito 2015
***ERROR:辛辣抖M男子, Gekikara Do M Danshi
***ERROR:上癮 (網路劇), Addiction (drama)
***ERROR:馬賽 (電視劇), Marseille
***ERROR:王室 (電視劇), The Royals
***ERROR:天使與魔鬼 - 未解決事件的匿名談判課 -, Denshitoakuma - mikaiketsujiken tokumei kōshō-ka -
***ERROR:20歲和1隻狗, Hatachi to Itsupiki
***ERROR:禁區之女〜調查記者鐵〜, Dekin no On'na : Jiken Kisha Kurogane
***ERROR:城中姐妹花2之子夜情人, Q22773780
***ERROR:W, W
***ERROR:38師機動隊, 38 Task Force
***ERROR:Cook家代表, Cook Representative
***ERROR:家姐、細佬、飛髮鋪, Q22774206
***ERROR:The Delivery Man, The Delivery Man
***ERROR:Hello!異鄉人, Hello! Stranger
***ERROR:刑警7人, Keiji 7 Nin
***ERROR:嫌疑犯是8名人氣藝人, The Suspect Are 8 Popular Entertainers
***ERROR:我們無法被求婚的101個理由, we are not proposal because there is 101 reasons
***ERROR:馬路須加學園0 木更津亂鬥篇, Majisuka Gakuen 0 Kisaradzu Rantō-hen
***ERROR:Netflix出品：新生代狠角色, Netflix Presents: The Characters
***ERROR:後見之明 (電視劇), Hindsight
***ERROR:Heart心心相印, Q19751891
***ERROR:The Lover, The Lover
***ERROR:极速前进以色列版4, "HaMerotz LaMillion
***ERROR:拜託了，媽媽, All About My Mom
***ERROR:警視廳特調查對策室 迷宮調查之女, Keishichō tokusō taisaku-shitsu meikyū sōsa no on'na
***ERROR:這本推理小說真厲害！來自暢銷書作家的挑戰書, This mystery is Great! Challenge from the Best-selling Author
***ERROR:星際爭霸戰：發現號, Star Trek: Discovery
***ERROR:Animals (電視節目), Animals
***ERROR:醫龍-Team Medical Dragon- (電視劇), Team Medical Dragon
***ERROR:Monster (電視劇), Monster
***ERROR:Mrs. Cop, Mrs. Cop
***ERROR:秘密武器 她, Her Secret Weapon
***ERROR:HEAT (電視劇), HEAT (TV Series)
***ERROR:My Little Baby, My Little Baby
***ERROR:404次元, Dimension 404
***ERROR:生意之神 - 客主2015, The God of Trade: Gaekju 2015
***ERROR:波士頓EMS, Boston EMS
***ERROR:怪盜偵探 山猫, Kaitō Tantei Yamaneko
***ERROR:工作Mom育兒Daddy, Working Mom Parenting Daddy
***ERROR:中國新歌聲 (第一季), Sing! China (season 1)
***ERROR:歌曲之爭—勝負, Singing Battle – Victory
***ERROR:莉希·波頓傳記, The Lizzie Borden Chronicles
***ERROR:邊境 (2016年電視劇), Frontier
***ERROR:DC超級英雄女孩, DC Super Hero Girls
***ERROR:馬須路加學園4, Majisuka Gakuen 4
***ERROR:我的30定律, Thirty Something
***ERROR:麥道夫 (迷你劇), Madoff (miniseries)
***ERROR:44歲的啦啦隊長！！, 44-year-old Cheerleader !!
***ERROR:Oh My 金雨, My Fair Lady
***ERROR:Chicken Race, Chicken Race
***ERROR:紅色交叉〜女人們的紅紙〜, Red Cross
***ERROR:槍彈辯駁3 －The End of 希望峰學園－, Danganronpa 3: The End of Kibōgamine Gakuen
***ERROR:再一次 Happy Ending, One More Happy Ending
***ERROR:哆啦A夢成為母親〜大山羨代物語〜, "Doraemon
***ERROR:電視劇UR「搬家目的地是住房小區」, Drama UR `Hikkoshi-saki wa danchi ni narimashite'
***ERROR:撲通撲通LOVE, Splash Splash Love
***ERROR:Doctor弗兰肯斯坦, Beautiful Mind
***ERROR:馬路須加學園5, Q20819259
***ERROR:內衣白領風雲 (戲劇), Atelier
***ERROR:黑洞頻率 (電視劇), Frequency
***ERROR:Narcos, Narcos
***ERROR:河谷鎮 (電視劇), Riverdale
***ERROR:Baby Sitter, Baby Sitter
***ERROR:漢娜·艾勒古德, Better Things
***ERROR:StartUp, StartUp
***ERROR:Voice, Voice
***ERROR:Mother Game~ 她們的階級 ~, Mother Game
***ERROR:Rugged！, Rugged!
***ERROR:吻我吧，住家男, Sealed With A Kiss (TV series)
***ERROR:好小！豬口山君, Chīsai! Chokoyama-kun
***ERROR:She (日本電視劇), Q19772310
***ERROR:Sin 七大罪, Seven Mortal Sins
***ERROR:方舟 (電視劇), The Ark
***ERROR:卢克·凯奇, Luke Cage
***ERROR:軍官·情人, Bitter Sweet
***ERROR:瓦特希普高原 (電視短劇), Watership Down
***ERROR:Bokura Playboys jukunen tantei-sha, 我們是花花公子 熟年偵探社
***ERROR:假面騎士Ghost, Kamen Rider Ghost
***ERROR:Madame Antoine, Madame Antoine
***ERROR:師任堂，the Herstory, "Saimdang
***ERROR:Remember－兒子的戰爭, Remember: War of the Son
***ERROR:跑吧！小百合, Hashire! Sayurichan
***ERROR:步步驚心：麗, Moon Lovers: Scarlet Heart Ryeo
***ERROR:花郎：The Beginning, Hwarang: The Beginning
***ERROR:Fantastic Duo, Fantastic Duo
***ERROR:100日的妻子, Marriage Contract
***ERROR:布朗克斯：街頭少年音樂夢, The Get Down
***ERROR:Mrs. Cop 2, Mrs. Cop 2
***ERROR:指定倖存者 (電視劇), Designated Survivor
***ERROR:24：遺產, 24: Legacy
***ERROR:大法師 (電視劇), The Exorcist/El Exorcista
***ERROR:Dear My Friends, Dear My Friends
***ERROR:愛·回家之八時入席, Come Home Love: Dinner at 8
***ERROR:Unpretty Rapstar 3, Unpretty Rapstar 3
***ERROR:所羅門的偽證 (韓國電視劇), Solomon's Perjury (TV series)
***ERROR:絶狼〈ZERO〉-Dragon Blood-, Zero: Dragon Blood
***ERROR:爸B有話兒, Daddy Dearest
***ERROR:穿越時空 (2016年電視劇), Timeless
***ERROR:再見，我珍貴的人, "Please Come Back
***ERROR:真探 (新加坡电视剧), The Truth Seekers
***ERROR:百戰天龍 (2016年電視劇), MacGyver
***ERROR:假面騎士Amazons, Kamen Rider Amazons
***ERROR:正妹CEO, Girlboss
***ERROR:放棄我，抓緊我, Stay with Me
***ERROR:核爆70年特別劇紅磚, Hibaku 70-nen tokushū dorama akarenga
***ERROR:The Grand Tour, The Grand Tour
***ERROR:超自然9人組, Occultic;Nine
***ERROR:定罪 (電視劇), Conviction
***ERROR:人質 (2016年電視劇), Captive
***ERROR:Hanazuki: Full of Treasures, Hanazuki: Full of Treasures
***ERROR:PRODUCE 101, Produce 101 season 1
***ERROR:Love Song (電視劇), Love Song
***ERROR:Page Turner, Page Turner
***ERROR:十年…你還好嗎？, If Only I Could
***ERROR:維多利亞·達比舒亞 (電視節目), Victoria Derbyshire
***ERROR:我 不是無法結婚，是不婚, "Watashi kekkon dekinai n janakute
***ERROR:警徽天職4, C.L.I.F. 4
***ERROR:The Good Wife, The Good Wife (2016 TV series)
***ERROR:To Be Continued, To Be Continued
***ERROR:食破天驚 (電視劇), Cloudy with a Chance of Meatballs: The Series
***ERROR:Six, Six
***ERROR:迷離劫 (2017年電視劇), Twin Peaks
***ERROR:白種元的3大天王, Baek Jong-won's Three Great Emperors
***ERROR:CODE - 秘密的房间, Code: Secret Room
***ERROR:大英雄天團 (電視動畫), Big Hero 6 (TV series)
***ERROR:無能為力 (電視劇), Powerless
***ERROR:Wanted, Wanted
***ERROR:HOPE ～期待值零的新進員工～, HOPE
***ERROR:女城主 直虎, Onna jōshu Naotora
***ERROR:村莊：阿雉阿拉的祕密, The Village: Achiara's Secret
***ERROR:SP 八劒貴志, SP Yatsurugi Takashi
***ERROR:我的廚房我做主 (美國節目), My Kitchen Rules
***ERROR:忌野清志郎 電晶體收音機, Kiyoshiro Imawano Transistor Radio
***ERROR:K-pop Star 6, K-pop Star 6
***ERROR:Missing9, Missing 9
***ERROR:你也可以是天使2, You Can Be An Angel 2
***ERROR:黑閃電 (電視劇), Black Lightning
***ERROR:The Alienis, The Alienist
***ERROR:本棚食堂2, Q22130383
***ERROR:以愛之名 (電視劇), Famous in Love
***ERROR:乔治·洛佩兹秀, George Lopez
***ERROR:OUR HOUSE, Our House
***ERROR:副校長 (電視劇), Vice Principals
***ERROR:中国好歌曲 (第三季), Sing My Song (season 3)
***ERROR:轟天炮 (電視劇), Lethal Weapon
***ERROR:极速前进中国版3, The Amazing Race China 3
***ERROR:行星地球2, Planet Earth II
***ERROR:Thunderbolt Fantasy 東離劍遊紀, Thunderbolt Fantasy
***ERROR:K2 (電視劇), The K2
***ERROR:X特工, Agent X
***ERROR:世界奇妙物語25週年秋～傑作復活編, Q22129573
***ERROR:鋼之鍊金術師 FULLMETAL ALCHEMIST動畫集數列表, Fullmetal Alchemist: Brotherhood
***ERROR:即刻救援 (電視劇), Taken
***ERROR:AKB愛之夜 戀愛工廠, AKB Love Night Koi Kōjō
***ERROR:早子老師，要結婚是真的嗎？, "Hayako sensei
***ERROR:歡迎SHOW, Welcome Show
***ERROR:愛情來了 (電視劇), Here Comes Love
***ERROR:她愛上了我的謊 (韓國電視劇), The Liar and His Lover
***ERROR:賓士先生 (電視劇), Mr. Mercedes
***ERROR:CLANNAD, Clannad
***ERROR:大家HAPPY, Q22100944
***ERROR:NANA, Nana osaki
***ERROR:辣手槍(電視劇), Shooter
***ERROR:FAIRY TAIL, Fairy Tail
***ERROR:女子高中生 & 重戰車, Girls und Panzer
***ERROR:明星招領－音樂工作室, Lost & Found Music Studios
***ERROR:亂馬½, Ranma ½
***ERROR:後宮如懿傳 (電視劇), Ruyi's Royal Love in the Palace
***ERROR:马赫GoGoGo, Speed Racer
***ERROR:巴別250, Babel 250
***ERROR:莎拉史坦：墓里的珠宝, Q23714156
***ERROR:戲子 (電視劇), Entertainer
***ERROR:又，吳海英, Another Oh Hae-young
***ERROR:Duel, Duel
***ERROR:虛度光陰 (電視劇), Wasted (TV series)
***ERROR:Star Show 360, Star Show 360
***ERROR:悄悄話 (電視劇), Whisper (TV series)
***ERROR:問題兒童都來自異世界？, Mondai-Ji-tachi ga Isekai Kara Kuru Sō Desu yo?
***ERROR:Poli波力, Robocar Poli
***ERROR:TIGER×DRAGON！, Toradora!
***ERROR:萝球社！, Ro-Kyu-Bu!
***ERROR:Ben 10 再顯神威, Ben 10
***ERROR:九州·海上牧云记, Tribes and Empires: Storm of Prophecy
***ERROR:404不存在的國落, 404 Countries Not Found
***ERROR:爸爸，我來伺候你, "Father
***ERROR:DOG DAYS, Dog Days
***ERROR:蝙蝠俠與羅賓 (短片), Batman and Robin
***ERROR:河伯的新娘 2017, Bride of the Water God 2017
***ERROR:星期三下午3點30分, Wednesday 3:30 PM
***ERROR:其中1個是妹妹！, "Kono Naka ni Hitori
***ERROR:B傳說！戰鬥彈珠人, Battle B-Daman
***ERROR:姐姐們的Slam Dunk, Unnies
***ERROR:CØDE:BREAKER 法外制裁者, Code:Breaker
***ERROR:飛機雲～罪與戀～, Q24873651
***ERROR:×××HOLiC, XxxHolic
***ERROR:Fractale, Fractale
***ERROR:R.O.D, Read or Die
***ERROR:笨蛋，測驗，召喚獸, Baka and Test
***ERROR:Entourage Korea, Entourage
***ERROR:游戏王GX, Yu-Gi-Oh! GX
***ERROR:超时空要塞Frontier, Macross Frontier
***ERROR:Man to Man, Man to Man
***ERROR:火花 (2016年電視劇), Hibana (Spark)
***ERROR:Hit The Stage, Hit The Stage
***ERROR:這樣算是殭屍嗎？, Is This a Zombie?
***ERROR:Sacred Seven, Sacred Seven
***ERROR:要聽爸爸的話！, "Listen to Me
***ERROR:小魔女DoReMi, Ojamajo Doremi
***ERROR:無頭騎士異聞錄 DuRaRaRa!!, Durarara!!
***ERROR:頭文字D, Initial D
***ERROR:排球少年！！, Haikyū!!
***ERROR:假面騎士EX-AID, Kamen Rider Ex-Aid
***ERROR:Flower Crew, Flower Crew
***ERROR:氪星 (電視劇), Krypton
***ERROR:Fantastic (電視劇), Fantastic
***ERROR:銀河鐵道999, Galaxy Express 999
***ERROR:魔法少女？Naria☆Girls, Naria Girls
***ERROR:Girl Spirit, Girl Spirit
***ERROR:ANGELIC LAYER 天使領域, Angelic Layer
***ERROR:偷拐搶騙 (電視劇), Snatch
***ERROR:哈拉大髮師 (電視劇), Barbershop
***ERROR:操作 (電視劇), Falsify (TV series)
***ERROR:游戏王5D's, Yu-Gi-Oh! 5D's
***ERROR:DokiDoki！光之美少女, Dokidoki! PreCure
***ERROR:MAZE☆爆熱時空, Maze
***ERROR:機動隊X4, Mech-X4
***ERROR:無敵王Trizenon, Invincible King Tri-Zenon
***ERROR:HUNTER×HUNTER, Hunter × Hunter
***ERROR:雷鳥2086, Thunderbirds 2086
***ERROR:X, X
***ERROR:Argon (電視劇), Argon
***ERROR:MEZZO之密探任務, Mezzo DSA
***ERROR:Rock Fujiyama, Rock Fujiyama
***ERROR:SOUL EATER, Soul Eater
***ERROR:TARI TARI, Tari Tari
***ERROR:光速蒙面俠21, Eyeshield 21
***ERROR:數碼寶貝03馴獸師之王, Digimon Tamers
***ERROR:SD鋼彈FORCE, Superior Defender Gundam Force
***ERROR:新機動戰記GUNDAM W, Mobile Suit Gundam Wing
***ERROR:君主－假面的主人, The Emperor: Owner of the Mask
***ERROR:Kingdom, Kingdom
***ERROR:H2, H2
***ERROR:早安，世界, "Good Morning
***ERROR:哆啦A夢 (1973年電視動畫), Doraemon
***ERROR:愛上ㄆㄤˋ滋味, Q30116979
***ERROR:偶像大師.KR, The Idolmaster KR
***ERROR:機動戰士GUNDAM 00, Mobile Suit Gundam 00
***ERROR:TSUBASA翼, Tsubasa: Reservoir Chronicle
***ERROR:機動戰士GUNDAM SEED, Mobile Suit Gundam SEED
***ERROR:陸奧圓明流外傳 修羅之刻, Shura no Toki
***ERROR:R.O.D -THE TV-, R.O.D the TV
***ERROR:Angel Beats!, Angel Beats!
***ERROR:Battle Spirits 少年突破馬神, Battle Spirits: Shounen Toppa Bashin
***ERROR:みさきクロニクル ～ダイバージェンス・イヴ～, Divergence Eve
***ERROR:无敌钢人泰坦3, Invincible Steel Man Daitarn 3
***ERROR:音樂劇 ケロケロちゃいむ, Kero Kero Chime
***ERROR:魯邦三世 -名為峰不二子的女人-, Lupin III: The Woman Called Fujiko Mine
***ERROR:咲-Saki-, Saki
***ERROR:DARKER THAN BLACK, Darker than Black
***ERROR:錦繡年華 (1960年美國影集), The Tab Hunter Show
***ERROR:數碼寶貝大冒險02, Digimon Adventure 02
***ERROR:鬼神童子ZENKI, Zenki
***ERROR:ロボディーズ 風雲篇, RoboDz Kazagumo Hen
***ERROR:獻上女神的祝福！, Mamoru-kun ni Megami no Shukufuku o!
***ERROR:アンドロイド・アナ MAICO 2010, Maico 2010
***ERROR:法蘭德斯之犬 (1992年TMS娛樂的動畫), My Patrasche
***ERROR:遊戲王ZEXAL, Yu-Gi-Oh! Zexal
***ERROR:侵略！花枝娘, Squid Girl
***ERROR:勇者鬥惡龍 達伊的大冒險, Dragon Quest: Dai no Daibōken
***ERROR:東京地震8.0, Tokyo Magnitude 8.0
***ERROR:機動武鬥傳G GUNDAM, Mobile Fighter G Gundam
***ERROR:牙 -KIBA-, Kiba
***ERROR:變形金剛：Car Robot, Transformers: Robots in Disguise
***ERROR:宇宙エース - 1965, Space Ace
***ERROR:臣士魔法劇場 死神☆天使, Omishi Magical Theater: Risky Safety
***ERROR:故鄉重現 古昔日本傳聞, Folktales from Japan
***ERROR:戀愛天使安琪莉可 ～心覺醒之時～, Koi suru Tenshi Angelique
***ERROR:神奇寶貝鑽石&珍珠, Q556918
***ERROR:中華一番！, Chūka Ichiban!
***ERROR:RIDEBACK, Rideback
***ERROR:夏日風暴！, Natsu no Arashi!
***ERROR:明日的与一！, Samurai Harem: Asu no Yoichi
***ERROR:真實之淚 true tears, true tears
***ERROR:The Ultraman, The Ultraman
***ERROR:哆啦A夢 (1979年電視動畫), Doraemon
***ERROR:無敵機器人 托萊達G7, Invincible King Trider G7
***ERROR:東京ESP, Tokyo ESP
***ERROR:蜜桃17, Haruka Seventeen
***ERROR:江～公主們的戰國～, Gō: Hime-tachi no Sengoku
***ERROR:超級機器人大戰OG -Divine Wars-, Super Robot Wars Original Generation: Divine Wars
***ERROR:最近，妹妹的樣子有點怪？, "Saikin
***ERROR:Tokyo Control 東京航空交通管制部, Tokyo Control
***ERROR:爆走兄弟Let's & Go!!, Bakusō Kyōdai Let's & Go!!
***ERROR:王牌投手 振臂高揮, Big Windup!
***ERROR:Aikatsu！偶像活動！, Aikatsu!
***ERROR:BAMBOO BLADE, Bamboo Blade
***ERROR:白色榮光2 紅將軍的凱旋, General Rouge no Gaisen
***ERROR:Last money ～愛的價值～, Last Money: Ai no Nedan
***ERROR:MONSTER, Monster
***ERROR:水戶黃門 (Panasonic 電視劇場), Mito Kōmon
***ERROR:怪盜St. Tail, Saint Tail
***ERROR:巴比倫2世, Babel II
***ERROR:金属对决 战斗陀螺, Beyblade: Metal Fusion
***ERROR:古代少女Dogoo, The Ancient Dogoo Girl
***ERROR:飛天小女警Z, Powerpuff Girls Z
***ERROR:はじめ人間ゴン, First Human Giatrus
***ERROR:猜謎！六角II, Quiz! Hexagon II
***ERROR:Marginal Prince —月桂樹的王子們—, Marginal Prince
***ERROR:家庭教師HITMAN REBORN!, Reborn!
***ERROR:機械巨神 地球靜止之日, Giant Robo
***ERROR:海之少女！, Amanchu!
***ERROR:ONE PIECE, One Piece
***ERROR:BLEACH 境·界, Bleach
***ERROR:Generator Gawl ～白鳥之歌～, Generator Gawl
***ERROR:鐵甲小寶 (動畫), Robotan
***ERROR:BASARA, Basara
***ERROR:爆漫王。, Bakuman
***ERROR:B型H系, B Gata H Kei Yamada’s First Time
***ERROR:BASQUASH!, Basquash!
***ERROR:外交官 黑田康作, Diplomat Kosaku Kuroda
***ERROR:無敵3x1, Getter Robo Go
***ERROR:破邪巨星G彈劾凰, Great Dangaioh
***ERROR:Eldran系列, Eldran series
***ERROR:百變金剛Neo, Beast Wars Neo
***ERROR:超電動機械人 鐵人28號FX, Chō Dendō Robo Tetsujin 28-go FX
***ERROR:愛麗絲SOS, Alice SOS
***ERROR:大個子 (千葉徹彌的漫畫), Notari Matsutarō
***ERROR:絶対正義ラブフェロモン, Akahori Gedou Hour Rabuge
***ERROR:老婆18歲, Okusama wa 18-sai
***ERROR:星光少女 極光之夢, Q902228
***ERROR:冒險JAPAN! 関ジャニ∞MAP, Bōken Japan! Kanjani8 Map
***ERROR:Sketch book～素描簿～, Sketchbook
***ERROR:人形少女16歲!!, Sumire 16 sai!!
***ERROR:无敌超人赞波3, Invincible Super Man Zambot 3
***ERROR:DNA², DNA²
***ERROR:幸福的三丁目 (電視動畫), Sunset on Third Street
***ERROR:快杰Z, Kaiketsu Zubat
***ERROR:BLACK BLOOD BROTHERS, Black Blood Brothers
***ERROR:威爾貝魯物語：威爾貝魯的姐妹, Sisters of Wellber
***ERROR:奇蹟少女KOBATO., Kobato.
***ERROR:草莓100%, Strawberry 100%
***ERROR:夜叉 (電視劇), Yasha
***ERROR:復蘇的天空 救援之翼, Yomigaeru Sora – Rescue Wings
***ERROR:心跳回憶II, Seraphim Call
***ERROR:Baby Steps ~網球優等生~, Baby Steps
***ERROR:ChargeMan研！, Chargeman Ken!
***ERROR:黑貓 (日本漫畫), Black Cat
***ERROR:天保異聞 妖奇士, Ghost Slayers Ayashi
***ERROR:極限體能王SASUKE, Sasuke
***ERROR:AKB0048, AKB0048
***ERROR:Fate/stay night, Fate/stay night
***ERROR:.hack//SIGN, .hack//Sign
***ERROR:ライチ DE 光クラブ, Lychee Light Club
***ERROR:大正野球娘。, Taishō Baseball Girls
***ERROR:07-GHOST, 07-Ghost
***ERROR:鐵人28, Tetsujin 28-go
***ERROR:爆TECH!爆丸, Baku Tech! Bakugan
***ERROR:如果只有孩子…, Uchi no Ko ni Kagitte...
***ERROR:女神异闻录 ～三位一体之魂～, Persona : Trinity Soul
***ERROR:閃電十一人GO, Inazuma Eleven GO
***ERROR:愛與誠 (漫畫), Ai to Makoto
***ERROR:我家3姊妹, Uchi no Sanshimai
***ERROR:機動戰士：鋼彈桑, Mobile Suit Gundam-san
***ERROR:性感指令外傳 好厲害啊！！勝先生, Sexy Commando Gaiden: Sugoi yo!! Masaru-san
***ERROR:帥呆了！, Mecha-Mecha Iketeru!
***ERROR:Battle Spirits 集換紙牌遊戲, Battle Spirits Trading Card Game
***ERROR:Aiura, Aiura
***ERROR:明星誕生！, Star Tanjō!
***ERROR:生物彗星WoO, Bio Planet WoO
***ERROR:119打火英雄, Tomica Hero: Rescue Fire
***ERROR:BTOOOM!, Btooom!
***ERROR:超次元戰記 戰機少女, Hyperdimension Neptunia
***ERROR:手機搜查官7, K-tai Investigator 7
***ERROR:BOM BOM弹珠人太空战士, Bomberman Jetters
***ERROR:停止！！雲雀, Stop!! Hibari-kun!
***ERROR:SKE48的魔法廣播, SKE48 no Magical Radio
***ERROR:還有第11人！, Jūichinin mo iru!
***ERROR:吹波糖危機2040, Bubblegum Crisis Tokyo 2040
***ERROR:GA 藝術科美術設計班, GA Geijutsuka Art Design Class
***ERROR:魁！！男塾, Sakigake!! Otokojuku
***ERROR:メジャー（MAJOR）, Major 6
***ERROR:Close-up現代, Close-up Gendai Plus
***ERROR:さくらももこ劇場コジコジ, Coji-Coji
***ERROR:DT戰士, DT Eightron
***ERROR:爆球Hit! 轟烈彈珠人, Crash B-Daman
***ERROR:舞-HiME, My-HiME
***ERROR:UFO战士阿波罗, UFO Warrior Dai Apolon
***ERROR:戰國BASARA, Devil Kings
***ERROR:Duck Chick探險隊, Calimero
***ERROR:蒙面俠蘇洛傳 (日本動畫), Kaiketsu Zorro
***ERROR:鍵姫物語 永久愛麗絲輪舞曲, Kagihime Monogatari Eikyū Alice Rondo
***ERROR:哆啦A夢 (2005年電視動畫), Doraemon
***ERROR:Gdgd妖精s, Gdgd Fairies
***ERROR:GEAR戰士電童, Gear Fighter Dendoh
***ERROR:变身！公主偶像, Lilpri
***ERROR:如果高校棒球女子經理讀了彼得·杜拉克, Moshidora
***ERROR:FRESH光之美少女！, Fresh Pretty Cure!
***ERROR:人家一點都不喜歡啦！, "I Don't Like You at All
***ERROR:風中少女 金髮珍妮, Jeanie with the Light Brown Hair
***ERROR:D之嵐！, D no Arashi
***ERROR:CLAMP學園偵探團, Clamp School Detectives
***ERROR:新·安琪莉可, Neo Angelique
***ERROR:30歲的健康教育, 30-sai no Hoken Taiiku
***ERROR:遊戲王－怪獸之決鬥, Yu-Gi-Oh! Duel Monsters
***ERROR:BLEACH, Bleach
***ERROR:RDG 瀕危物種少女, RDG Red Data Girl
***ERROR:褞袍超人, Doteraman
***ERROR:CANAAN, Canaan
***ERROR:ZETMAN, Zetman
***ERROR:CLUSTER EDGE, Cluster Edge
***ERROR:News Watch 9, News Watch 9
***ERROR:索斯機械獸V, Zoids: Genesis
***ERROR:學生會長是女僕！, Maid Sama!
***ERROR:美食獵人TORIKO, Toriko
***ERROR:サルゲッチュ 〜オンエアー〜, Saru Get You -On Air-
***ERROR:黑塚 -KUROZUKA-, Kurozuka
***ERROR:セイント・ビースト～聖獣降臨編～, Saint Beast
***ERROR:命运/萬花筒内衬 魔法少女☆伊莉雅, Fate/kaleid liner Prisma Illya
***ERROR:去吧！稻中乒團, Ping-Pong Club
***ERROR:鮑勃·巴克, Bob Barker
***ERROR:旁邊的兒童 我的火腿組, Hatara Kizzu Maihamu Gumi
***ERROR:Դիլ կամ Նո Դիլ/Dil kam No Dil, Dil kam No Dil
***ERROR:節哀唷♥二之宮同學, Goshūshō-sama Ninomiya-kun
***ERROR:009-1, 009-1
***ERROR:K, K
***ERROR:GANGSTA., Gangsta.
***ERROR:ドッカン！ロボ天どん, Dokkan! Robotendon
***ERROR:池袋西口公園 (小說), Ikebukuro West Gate Park
***ERROR:Suite 光之美少女♪, Suite PreCure
***ERROR:BLOOD LAD 血意少年, Blood Lad
***ERROR:大铁人17, Daitetsujin 17
***ERROR:猛龍特警隊（1975年）, G-Men '75
***ERROR:鎖鎖美小姐@不好好努力, Sasami-san@Ganbaranai
***ERROR:アニメ週刊DX！みいファぷー, Anime Shūkan DX! Mi-Pha-Pu
***ERROR:Venus Versus Virus, Venus Versus Virus
***ERROR:DownTown的喜感, Downtown no Gottsu Ee Kanji
***ERROR:81diver, 81diver
***ERROR:VS騎士檸檬汽水&40炎, VS Knight Lamune & 40 Fire
***ERROR:SKET DANCE, Sket Dance انیمه
***ERROR:鐵人28號, Tetsujin 28-go
***ERROR:這樣不是偶像!?, Konna no Idol Janain!?
***ERROR:Heartcatch 光之美少女！, HeartCatch PreCure!
***ERROR:魔劍姬！, Maken-ki!
***ERROR:School!!, School
***ERROR:宇宙人形17, Figure 17
***ERROR:格鬥美神 武龍, Fighting Beauty Wulong
***ERROR:牙狼＜GARO＞～魔戒閃騎～, Garo: Makai Senki
***ERROR:炸彈人 彈珠人爆外傳V, Bomberman B-Daman Bakugaiden Victory
***ERROR:去吧！神人, Ike! Godman
***ERROR:战国☆天堂 -极-, Sengoku Paradise
***ERROR:怪醫美女RAY, Ray the Animation
***ERROR:Da!Da!Da!, UFO Baby
***ERROR:COUNT DOWN TV, Count Down TV
***ERROR:Sh15uya, Shibuya Fifteen
***ERROR:超級機械人大戰OG -The Inspector-, Super Robot Wars Original Generation: The Inspector
***ERROR:冒險！伊庫薩3, Iczer Reborn
***ERROR:FLAG, Flag
***ERROR:Soul Eater Not!, Soul Eater Not!
***ERROR:睛天PIG PIG, "Fair
***ERROR:舞-乙HiME, My-Otome
***ERROR:巨神GORG, Giant Gorg
***ERROR:はっぴぃセブン～ざ・テレビまんが～, Happy Seven
***ERROR:去吧！綠人, Ike! Greenman
***ERROR:戀愛Neet～忘記了的戀愛開始方法, Renai Neet: Wasureta Koi no Hajimekata
***ERROR:Yes! 光之美少女5, Yes! PreCure 5
***ERROR:パラッパラッパー/PaRappa the Rapper, PaRappa the Rapper
***ERROR:戰鬥陀螺 鋼鐵奇兵 ZERO G, Beyblade: Shogun Steel
***ERROR:G-onらいだーす♥, G-On Riders
***ERROR:科學小飛俠II, Gatchaman II
***ERROR:心靈偵探 八雲, Psychic Detective Yakumo
***ERROR:空·之·音, Sound of the Sky
***ERROR:打工吧！魔王大人, The Devil Is a Part-Timer!
***ERROR:NHK红白歌合战, Kōhaku Uta Gassen
***ERROR:SMAP×SMAP, SMAP×SMAP
***ERROR:鬼来电 (电视剧), One Missed Call
***ERROR:歌舞伎華之戀 (日本電視劇), Pin to Kona
***ERROR:美雪、美雪, Miyuki
***ERROR:IS〈Infinite Stratos〉, IS (Infinite Stratos)
***ERROR:大x超人, Big X
***ERROR:Smile 光之美少女！, Smile PreCure!
***ERROR:Yo! 我係馬騮精, Monkey Magic
***ERROR:機動戰士GUNDAM SEED DESTINY, Mobile Suit Gundam SEED Destiny
***ERROR:LOVE♥LOVE?, Love Love?
***ERROR:クプ〜!!まめゴマ!, Mamegoma
***ERROR:FNS歌謠祭, FNS Music Festival
***ERROR:聖鬥士星矢Ω, Saint Seiya Omega
***ERROR:星光少女 Dear My Future, Q3911299
***ERROR:林肯總統 (TBS電視節目), Lincoln
***ERROR:殭屍哪有那麼萌？, Sankarea
***ERROR:魔界王子 devils and realist, Makai Ōji: Devils and Realist
***ERROR:摔角之星 阿茲特克皇帝, Pro-Wres no Hoshi Aztecaser
***ERROR:BASILISK甲賀忍法帖, Basilisk
***ERROR:BAD BOYS 搞怪少年, Bad Boys
***ERROR:関パニ, Kanpani
***ERROR:牙狼＜GARO＞～照亮黑暗的人～, Garo: Yami o Terasu Mono
***ERROR:F-Zero系列, F-Zero
***ERROR:早安STAR, Oha Suta
***ERROR:KIDDY GiRL-AND, Kiddy Girl-and
***ERROR:前進吧！登山少女, Encouragement of Climb
***ERROR:百花繚亂 SAMURAI GIRLS, Hyakka Ryōran Samurai Girls
***ERROR:HEROMAN, Heroman
***ERROR:西遊記 (1978年電視劇), Monkey
***ERROR:MOONLIGHT MILE 1stシーズン -Lift off-, Moonlight Mile
***ERROR:光之美少女Splash Star, Futari wa Pretty Cure Splash Star
***ERROR:勝負師伝説 哲也, Legendary Gambler Tetsuya
***ERROR:開漫－啦！, Mangirl!
***ERROR:萌學★5, Moegaku
***ERROR:銀裝騎攻ORDIAN, Platinumhugen Ordian
***ERROR:Vividred Operation, Vividred Operation
***ERROR:SOIL ソイル, Soil
***ERROR:康乃馨 (電視劇), Carnation
***ERROR:爆球連發！！超級彈珠人, Super B-Daman
***ERROR:小蜜蜂 (重製版), The Adventures of Hutch the Honeybee
***ERROR:OZMA戰紀, Ozuma
***ERROR:紅三四郎 - 1969, Judo Boy
***ERROR:NOIR, Noir
***ERROR:中二病也要談戀愛！, "Love
***ERROR:靈異E接觸, Level E
***ERROR:宇宙戰艦大和號2, Space Battleship Yamato II
***ERROR:魁！！天兵高校, Cromartie High School
***ERROR:Sola, Sola
***ERROR:C, [C]
***ERROR:數碼寶貝04無限地帶, Digimon Frontier
***ERROR:Campione 弒神者！, Campione!
***ERROR:東京暴族2, Tokyo Tribes
***ERROR:8 Man, 8 Man
***ERROR:Fate/Zero, Fate/Zero
***ERROR:源氏物語千年紀 Genji, Genji Monogatari Sennenki
***ERROR:Sweet Answer, Suiensaa
***ERROR:The Soul Taker 〜魂狩〜, The SoulTaker
***ERROR:音速小子X, Sonic X
***ERROR:6/17秀逗美眉, Nanaka 6/17
***ERROR:創聖機械天使EVOL, Aquarion Evol
***ERROR:動畫三銃士　アラミスの冒険, The Three Musketeers
***ERROR:星際寶貝：神奇大冒險, Stitch!
***ERROR:蜜之味～A Taste Of Honey～, Mitsu no Aji: A Taste of Honey
***ERROR:聖戰士DUNBINE, Aura Battler Dunbine
***ERROR:無糖 (漫畫), Sugarless
***ERROR:OH！スーパーミルクチャン, Super Milk Chan
***ERROR:新選組！, Shinsengumi!
***ERROR:爱迪·奥特曼, Ultraman 80
***ERROR:電波女&青春男, Denpa Onna to Seishun Otoko
***ERROR:機動戰士GUNDAM, Mobile Suit Gundam
***ERROR:Double-j, Double-J
***ERROR:青春CUP, Chu-Bra!!
***ERROR:宇宙戰艦大和號III, Space Battleship Yamato III
***ERROR:HEY!HEY!HEY!MUSIC CHAMP, Hey! Hey! Hey! Music Champ
***ERROR:萌萌侵略者 OUTBREAK COMPANY, Outbreak Company
***ERROR:GUNDAM G之复国运动, Gundam Reconguista in G
***ERROR:白銀的意志 ARGEVOLLEN, Shirogane no Ishi Argevollen
***ERROR:愛·天地無用！, Ai Tenchi Muyo!
***ERROR:Hello! Morning, Hello! Morning
***ERROR:フォルツァ！ひでまる, Forza! Hidemaru
***ERROR:TRINITY SEVEN 魔道書7使者, Trinity Seven
***ERROR:噗嗶啵～來自未來～, Pupipō!
***ERROR:我被綁架到貴族女校當「庶民樣本」, "Ore ga Ojousama Gakkou ni ""Shomin Sample"" Toshite Rachirareta Ken"
***ERROR:神奇寶貝XY, list of Pokémon: XY episodes
***ERROR:神鵰俠侶 (動畫), The Legend of Condor Hero
***ERROR:PARALLEL TROUBLE ADVENTURE　デュアル!ぱられルンルン物語SPECIAL, Dual! Parallel Trouble Adventure
***ERROR:盖塔机器人G, Getter Robo G
***ERROR:Z/X IGNITION ゼクスイグニッション, Z/X
***ERROR:激戰！彈珠人, B-Daman Crossfire
***ERROR:迪亞茲警察 異鄉警察, Diaz Police Ihō Keisatsu
***ERROR:學戰都市Asterisk, Gakusen Toshi Asterisk 1
***ERROR:鲁邦三世VS名侦探柯南 THE MOVIE, Lupin the 3rd vs. Detective Conan: The Movie
***ERROR:选择感染者WIXOSS, Selector Infected WIXOSS
***ERROR:歡迎加入NHK！, Welcome to the N.H.K.
***ERROR:就算是哥哥，有愛就沒問題了，對吧, Oniichan dakedo Ai sae Areba Kankeinai yo ne!
***ERROR:特例措施團體斯特拉女子學院高等科C3部, "Stella Women’s Academy
***ERROR:俺物語！！, My Love Story!!
***ERROR:Fantasista Doll, Fantasista Doll
***ERROR:RAIL WARS! -日本國有鐵道公安隊-, Rail Wars!
***ERROR:Weiβ Survive R, Weiß Survive
***ERROR:蜜糖女孩＊大作戰, Sugar Soldier
***ERROR:對魔導學園35試驗小隊, Tai-Madō Gakuen 35 Shiken Shōtai
***ERROR:"Wake Up,  Girls!"
***ERROR:便·當, Ben-To
***ERROR:神奇寶貝 THE ORIGIN, Pokémon Origins
***ERROR:Haromoni@, Haromoni@
***ERROR:麻辣教師GTO, Great Teacher Onizuka
***ERROR:前進！電波少年, Susunu! Denpa Shōnen
***ERROR:世界まる見え！テレビ特捜部, Q11362232
***ERROR:奇蹟體驗!難以相信的故事, Unbelievable
***ERROR:Again！！, Again!!
***ERROR:我，要成為雙馬尾, "Ore
***ERROR:新・隠密剣士, The Samurai
***ERROR:變身特派員IV, Tokumei Kakarichō Tadano Hitoshi
***ERROR:AIBO, AIBO
***ERROR:GOSICK, Gosick
***ERROR:日本！我來了, Why Did You Come to Japan?
***ERROR:UN-GO, Un-Go
***ERROR:索斯機械獸III, Zoids: New Century
***ERROR:Battle Spirits 霸王, Battle Spirits - Heroes
***ERROR:光明之心 ～幸福的麵包～, Shining Hearts: Shiawase no Pan
***ERROR:Yorosen!, Yorosen!
***ERROR:假面Noise, Fukumenkei Noise
***ERROR:ViVid Strike!, ViVid Strike!
***ERROR:不可思議星球的☆雙胞胎公主 Gyu！, Q11255027
***ERROR:F-Zero 法爾康傳說, F-Zero: GP Legend
***ERROR:RD 潛腦調查室, Real Drive
***ERROR:勇利!!! on ICE, Yuri on Ice
***ERROR:山田君與7人魔女, Yamada-kun and the Seven Witches
***ERROR:Pupa, Pupa (manga)
***ERROR:爆音少女！！, Bakuon!!
***ERROR:絕命制裁X, Triage X
***ERROR:閒聊007, Q11269086
***ERROR:R.O.D -READ OR DIE-, Read or Die
***ERROR:未來都市NO.6, No. 6
***ERROR:Keroro軍曹, Sgt. Frog
***ERROR:索斯機械獸IV, Zoids: Fuzors
***ERROR:Servant x Service, Servant x Service
***ERROR:Dimension W －第四次元－, Dimension W
***ERROR:東京喰種, Tokyo Ghoul
***ERROR:可愛的Muco, Lovely Muco
***ERROR:請問您今天要來點兔子嗎？, Is the Order a Rabbit?
***ERROR:銀狐 (漫畫), Gingitsune
***ERROR:LoveLive! Sunshine!!, Love Live! Sunshine!!
***ERROR:超元氣3姊妹, Mitsudomoe
***ERROR:超级银河大怪兽格斗 NEVER ENDING ODYSSEY, Ultra Galaxy Mega Monster Battle: Never Ending Odyssey
***ERROR:NHK7點新聞, NHK News 7
***ERROR:小莤, Akane-chan
***ERROR:朝5晚9, 5-ji Kara 9-ji Made: Watashi ni Koi Shita Obōsan
***ERROR:春&夏事件簿, Haruchika
***ERROR:軍人少女！, Miritari!
***ERROR:LOVELESS, Loveless
***ERROR:ID-0, ID-0
***ERROR:地球保衛戰 dark fantasy, Ultra Q: Dark Fantasy
***ERROR:GON -ゴン-, Gon
***ERROR:DD北斗之拳, DD Fist of the North Star
***ERROR:三坪房間的侵略者！？, Rokujyoma no Shinryakusha!?
***ERROR:直球表題Robot Anime, Straight Title Robot Anime
***ERROR:I'm Home, I'm Home
***ERROR:Resident～五人實習醫生, Resident – 5-nin no Kenshui
***ERROR:我的妹妹哪有這麼可愛！, Ore no Imōto ga Konna ni Kawaii Wake ga Nai
***ERROR:高機動交響曲GPO, Gunparade March
***ERROR:勇午 ～交渉人～, Yugo
***ERROR:C³ -魔幻三次方-, C³
***ERROR:Dragon Crisis!, Dragon Crisis!
***ERROR:MM一族, MM!
***ERROR:光速大冒險PIPOPA, Net Ghost PiPoPa
***ERROR:REC, Rec
***ERROR:WIZARD BARRISTERS～弁魔士賽希爾, Wizard Barristers: Benmashi Cecil
***ERROR:Happiness Charge 光之美少女, HappinessCharge PreCure!
***ERROR:神样DOLLS, Kamisama Dolls
***ERROR:再造人卡辛 Sins, Casshern Sins
***ERROR:宇宙騎士BLADE, Tekkaman Blade
***ERROR:干物妹！小埋, Himōto! Umaru-chan
***ERROR:AKB48 SHOW!, AKB48 Show!
***ERROR:HAMATORA ─超能偵探社─, Hamatora
***ERROR:眼鏡部！, Meganebu!
***ERROR:Baccano!, Baccano!
***ERROR:初恋限定。, First Love Limited
***ERROR:GO！純情水泳社！, Kenkō Zenrakei Suieibu Umishō
***ERROR:AKBINGO!, AKBingo!
***ERROR:怪盜Joker, Mysterious Joker
***ERROR:血型小將ABO, RealCrazyMan's Blood Types Comic
***ERROR:SP, SP
***ERROR:GUNDAM創戰者, Gundam Build Fighters
***ERROR:PEACE MAKER鐵, Peacemaker Kurogane
***ERROR:你好 七葉, Haitai Nanafa
***ERROR:機動戰士V GUNDAM, Mobile Suit Victory Gundam
***ERROR:ONE OUTS, One Outs
***ERROR:STAR DRIVER 閃亮的塔科特, Star Driver: Kagayaki no Takuto
***ERROR:加油！吉塔斯, "Ganbare
***ERROR:關西傑尼斯8的傑尼斯學習, Kanjani8 no Janiben
***ERROR:Super Seisyun Brothers -超青春姐弟s-, Super Seisyun Brothers
***ERROR:LOVE STAGE!!, Love Stage!!
***ERROR:東京暴族TOKYO TRIBE, Tokyo Tribe
***ERROR:偵探！Knight Scoop, Knight Scoop
***ERROR:Gatchaman Crowds, Gatchaman Crowds
***ERROR:單色小姐 -The Animation-, Miss Monochrome
***ERROR:世界征服 謀略之星, World Conquest Zvezda Plot
***ERROR:秀吉 (大河劇), Hideyoshi
***ERROR:洛克人EXE, MegaMan NT Warrior
***ERROR:Piece (漫畫), Piece - Kanojo no Kioku
***ERROR:槍械少女！！, Upotte!!
***ERROR:瑪莉亞†狂熱, Maria Holic
***ERROR:變形金剛：超能連結, Transformers: Energon
***ERROR:大小姐×執事！, Ladies versus Butlers!
***ERROR:獸戰士 Gulkeeva, Wild Knights Gulkeeva
***ERROR:獸醫先生，是事件, Is There a Vet in the House?
***ERROR:奏響吧！上低音號～歡迎加入北宇治高中管樂團～, Sound! Euphonium
***ERROR:守護甜心！, Shugo Chara!
***ERROR:GOLD, Gold (TV series)
***ERROR:魔裝學園H×H, Hybrid x Heart Magias Academy Ataraxia
***ERROR:BLOODY MONDAY, Bloody Monday
***ERROR:Mj万能号, Mighty Jack
***ERROR:MARUMO的規定, Marumo no Okite
***ERROR:悲慘世界 少女珂賽特, Les Misérables: Shōjo Cosette
***ERROR:仙魔大戰2000, Bikkuriman 2000
***ERROR:攻殼機動隊 ARISE, Ghost in the Shell: Arise
***ERROR:Hello 阿班, Ohayō! Spank
***ERROR:偶像大師 XENOGLOSSIA, Idolmaster: Xenoglossia
***ERROR:青花 (漫畫), Sweet Blue Flowers
***ERROR:小森拒不了！, Komori-san wa Kotowarenai!
***ERROR:少年好萊塢 -HOLLY STAGE FOR 49-, Shōnen Hollywood
***ERROR:Active Raid－機動強襲室第八係－, Active Raid
***ERROR:Another, Another
***ERROR:天使心 (北條司), Angel Heart
***ERROR:鎮醫人珍寶！！, Town Doctor Jumbo!!
***ERROR:S·A特優生, S · A: Special A
***ERROR:戰鬥飛輪：機械陀螺, BeyWheelz
***ERROR:超人力霸王銀河S, Ultraman Ginga S
***ERROR:一币通关小子～我们的电玩史～, No Continue Kid: Bokura no Game Shi
***ERROR:未來卡片 戰鬥夥伴, Future Card Buddyfight
***ERROR:戰鬥飛輪：新的戰鬥, BeyWarriors: BeyRaiderz
***ERROR:ALDNOAH.ZERO, Aldnoah.Zero
***ERROR:ReLIFE, ReLIFE
***ERROR:斬·赤紅之瞳！, Akame ga Kill!
***ERROR:天雷爭霸:復仇者聯盟, Marvel Disk Wars: The Avengers
***ERROR:Lady 寶石寵物, Lady Jewelpet
***ERROR:超爆裂異次元卡片大戰 Gigant Shooter 司, Chō-Bakuretsu I-Jigen Menko Battle Gigant Shooter Tsukasa
***ERROR:CROSSANGE 天使與龍的輪舞, Cross Ange
***ERROR:街頭霸王ⅡV, Street Fighter II V
***ERROR:魔法老師 (動畫), Negima!?
***ERROR:摸索吧！部活剧, Tesagure! Bukatsu-mono
***ERROR:NOGIBINGO!2, NogiBingo!
***ERROR:ISUCA依絲卡, Isuca
***ERROR:Di Gi Charat, Di Gi Charat
***ERROR:KAIKANフレーズ, Sensual Phrase
***ERROR:宇宙防衛隊PJ, Once Upon a Time... Space
***ERROR:彗星·路西法, Comet Lucifer
***ERROR:偵探小隊KZ事件簿, Tantei Team KZ Jiken Note
***ERROR:Switch Girl!!～變身指令～, Switch Girl!!
***ERROR:神靈狩/GHOST HOUND, Ghost Hound
***ERROR:冒險遊記Pluster World, Pluster World
***ERROR:Captain Earth, Captain Earth
***ERROR:恶作剧之吻～Love in TOKYO, Mischievous Kiss: Love in Tokyo
***ERROR:牙狼＜GARO＞～魔戒之花～, Garo: Makai no Hana
***ERROR:青春×機關槍, Aoharu x Kikanjū
***ERROR:The Rolling Girls, The Rolling Girls
***ERROR:To Heart, To Heart
***ERROR:大家集合！Falcom 學園, Minna Atsumare! Falcom Gakuen
***ERROR:勇者王ガオガイガーFINAL GRAND GLORIOUS GATHERING, The King of Braves GaoGaiGar Final
***ERROR:遊戲王ARC-V, Yu-Gi-Oh! Arc-V
***ERROR:GLASSLIP, Glasslip
***ERROR:JoJo的奇妙冒险, JoJo's Bizarre Adventure
***ERROR:機動戰士鋼彈 鐵血的孤兒, Mobile Suit Gundam: Iron-Blooded Orphans
***ERROR:PROJECT IM@S, The Idolmaster
***ERROR:動畫鍛鍊！EX, Ani Tore! EX
***ERROR:樫の木モック - 1972, Mokku of the Oak Tree
***ERROR:大草原上的小天使 灌叢嬰猴, The Bush Baby
***ERROR:魔法使 光之美少女！, Maho Girls PreCure!
***ERROR:3年B組金八先生, Kinpachi-sensei
***ERROR:Rio RainbowGate!, Rio: Rainbow Gate!
***ERROR:舰队Collection, Kantai Collection
***ERROR:絶狼＜ZERO＞－BLACK BLOOD－, Zero: Black Blood
***ERROR:我老婆是學生會長！, Okusama ga Seitokaichō!
***ERROR:Dr.倫太郎, Dr.Rintarō
***ERROR:Classroom☆Crisis, Classroom Crisis
***ERROR:為美好的世界獻上祝福！, Kono Subarashii Sekai ni Shukufuku wo!
***ERROR:SKIP BEAT！華麗的挑戰, Skip Beat!
***ERROR:THE LAST COP, The Last Cop (2015 TV series)
***ERROR:魔法少女什麼的已經夠了啦。, Mahō Shōjo Nante Mō Ii Desu Kara.
***ERROR:ザ・サード～蒼い瞳の少女～, The Third
***ERROR:星際漫遊YAYAYA, YAT Anshin! Uchū Ryokō
***ERROR:News Check11, News Check 11
***ERROR:爆旋陀螺 Burst, Beyblade: Burst
***ERROR:最強銀河 究極ZERO Battle Spirits, Battle Spirits: Saikyou Ginga Ultimate Zero
***ERROR:Million Doll, Million Doll
***ERROR:戰區88, Area 88
***ERROR:Bitter Blood, Bitter Blood
***ERROR:SMOKING GUN～決定的證據～, Smoking Gun
***ERROR:おろしたてミュージカル 練馬大根ブラザーズ, Nerima Daikon Brothers
***ERROR:M3〜其為黑鋼〜, M3: Sono Kuroki Hagane
***ERROR:PuRiPaRa, PriPara
***ERROR:劇場版 鷹之爪8 ～吉田君的X檔案～, Eagle Talon
***ERROR:紅 (小說), Kure-nai
***ERROR:Aquarion Logos, Aquarion Logos
***ERROR:脫黑～不再當黑社會～, Yamegoku: Yakuza Yamete Itadakimasu
***ERROR:Concrete Revolutio～超人幻想～, Concrete Revolutio
***ERROR:Punch Line, Punchline
***ERROR:那就是聲優！, Seiyu's Life!
***ERROR:VENUS PROJECT －CLIMAX－, Venus Project
***ERROR:超人力霸王X, Ultraman X
***ERROR:初森BEMARS, Hatsumori Bemāzu
***ERROR:羅密歐×茱麗葉, Romeo × Juliet
***ERROR:深海霸王99, Submarine Super 99
***ERROR:Charlotte, Charlotte
***ERROR:美男高校地球防衛部LOVE！, Cute High Earth Defense Club Love!
***ERROR:亂步奇譚 拉普拉斯的遊戲, Ranpo Kitan: Game of Laplace
***ERROR:龍馬 (漫畫), O~i! Ryoma
***ERROR:寶石寵物 魔法變身, Jewelpet: Magical Change
***ERROR:37.5℃的眼淚, 37.5°C no Namida
***ERROR:妖狐×僕SS, Inu x Boku SS
***ERROR:SHOW BY ROCK!! しょ〜と!!, Show By Rock!!
***ERROR:牙狼〈GARO〉 -炎之刻印-, Garo -Honō no Kokuin-
***ERROR:Go！Princess 光之美少女, Go! Princess Precure
***ERROR:我的妹妹是「大阪大媽」, "Boku no Imōto wa ""Ōsaka Okan"""
***ERROR:狂野歷險 Twilight Venom, Wild Arms: Twilight Venom
***ERROR:變形金剛：銀河之力, Transformers: Cybertron
***ERROR:詩∽片, Uta Kata
***ERROR:心魔大審判2, Skyhigh
***ERROR:駭客//根源, .hack//Roots
***ERROR:地球少女Arjuna, Earth Maiden Arjuna
***ERROR:謎樣女友X, Mysterious Girlfriend X
***ERROR:人造人基凱達 THE ANIMATION, Android Kikaider
***ERROR:機動新世紀GUNDAM X, After War Gundam X
***ERROR:1磅的福音, One-Pound Gospel
***ERROR:ARMS神臂, Project ARMS
***ERROR:恐龍家族 (1991年電視影集), Dinosaurs
***ERROR:小英雄 (1957年美國影集), Leave It to Beaver
***ERROR:.hack//黃昏的腕輪傳說, .hack//Legend of the Twilight
***ERROR:戰國少女～桃色異傳～, Sengoku Otome: Momoiro Paradox
***ERROR:HUNGRY HEART 野驁射手, Hungry Heart: Wild Striker
***ERROR:惡魔高校D×D, High School DxD
***ERROR:海馬 (動畫), Kaiba
***ERROR:Kiss×sis, Kissxsis
***ERROR:盗贼王JING, Jing: King of Bandits
***ERROR:超時空要塞7, Macross 7
***ERROR:SHIROBAKO, Shirobako
***ERROR:URAKARA, Urakara
***ERROR:小婦人物語 南與喬老師, Little Women II: Jo's Boys
***ERROR:忍風 KAMUI外傳, Kamui the Ninja
***ERROR:最终幻想：无限, Final Fantasy: Unlimited
***ERROR:真魔神 衝擊！Z篇, Shin Mazinger Shougeki! Z Hen
***ERROR:父子情深 父子親情, Don Chuck Monogatari
***ERROR:機動戰士Z GUNDAM, Mobile Suit Zeta Gundam
***ERROR:阿爾卑斯物語 我的安妮特, Story of the Alps: My Annette
***ERROR:詹伯a, Jumborg Ace
***ERROR:銀河機攻隊 莊嚴皇子, Majestic Prince
***ERROR:機動戰士GUNDAM AGE, Mobile Suit Gundam AGE
***ERROR:パピヨンローゼ New Season, Papillon Rose
***ERROR:Battle Spirits Sword Eyes, Battle Spirits: Sword Eyes
***ERROR:T宝的悲惨日常, Wooser's Hand-to-Mouth Life
***ERROR:宇宙戰艦大和號2199, Star Blazers 2199
***ERROR:わが青春のアルカディア 無限軌道SSX 1982, Arcadia of My Youth: Endless Orbit SSX
***ERROR:MÄR 魔法世界, MÄR
***ERROR:少女妖怪 石榴, Otome Yōkai Zakuro
***ERROR:明星保鑣99天, Boku to Star no 99 Nichi
***ERROR:ビックリマン ロココ&マリア奇跡, Bikkuriman
***ERROR:∀GUNDAM, Turn A Gundam
***ERROR:Blossom (1990年電視影集), Blossom
***ERROR:GS美神極樂大作戰, Ghost Sweeper Mikami
***ERROR:家族魯賓遜漂流記 不可思議之島的芙蘿拉, The Swiss Family Robinson: Flone of the Mysterious Island
***ERROR:森林王子 少年毛克利, Jungle Book Shōnen Mowgli
***ERROR:Z超人, Zenderman
***ERROR:新まいっちんぐマチコ先生, Miss Machiko
***ERROR:你好 安妮 ～Before Green Gables, Kon'nichiwa Anne: Before Green Gables
***ERROR:DownTown之不是給小孩的工作!!, Downtown no Gaki Tsukai ya Arahende!!
***ERROR:MUSASHI -GUN道-, Musashi Gundoh
***ERROR:魔法使Tai!, Magic User's Club
***ERROR:森田一義時間 笑一笑又何妨！, Waratte Iitomo!
***ERROR:Canvas2, Canvas 2: Niji Iro no Sketch
***ERROR:奏光之Strain, Strain: Strategic Armored Infantry
***ERROR:ちいさなおばけアッチ·コッチ·ソッチ, "Little Ghosts
***ERROR:MUSIC STATION, Music Station
***ERROR:機動戰士GUNDAM ZZ, Mobile Suit Gundam ZZ
***ERROR:炸彈人 彈珠人爆外傳, Bomberman B-Daman Bakugaiden
***ERROR:心跳回憶 Only Love, Tokimeki Memorial Only Love
***ERROR:SIMOUN, Simoun
***ERROR:変［HEN］, Hen
***ERROR:斯帕克斯 (電視劇), Sparks
***ERROR:賴瑞桑·德斯秀, The Larry Sanders Show
***ERROR:光明之淚X風, Shining Tears X Wind
***ERROR:TOKKO 特公, Tokko
***ERROR:戰勇。, Senyu
***ERROR:黃昏乙女×失憶幽靈, Dusk Maiden of Amnesia
***ERROR:甜心戰士 THE LIVE, Cutie Honey: The Live
***ERROR:GJ部, GJ-bu
***ERROR:光劍星傳EX, Star Ocean EX
***ERROR:R-15, R-15
***ERROR:奇幻魔法Melody, Onegai My Melody
***ERROR:空罐少女！, Akikan!
***ERROR:超重神GRAVION, Gravion
***ERROR:阿嘉莎·克莉絲蒂 名偵探白羅與瑪波, Agatha Christie's Great Detectives Poirot and Marple
***ERROR:魔法少女奈葉ViVid, Magical Girl Lyrical Nanoha ViVid
***ERROR:牙狼GARO, Garo
***ERROR:Ani*Kuri15, Ani*Kuri15
***ERROR:天使不設防！, I'm Gonna Be An Angel!
***ERROR:アタッカーYOU！, Attacker You!
***ERROR:GAD GUARD, Gad Guard
***ERROR:美少女死神 還我H之魂！, "So
***ERROR:革命機Valvrave, Valvrave the Liberator
***ERROR:天才黃金腦～神之謎, Phi Brain: Puzzle of God
***ERROR:BLOOD-C, Blood-C
***ERROR:IXION SAGA DT, Ixion Saga DT
***ERROR:魔法少女奈葉StrikerS, Magical Girl Lyrical Nanoha Strikers
***ERROR:BRAVE10, Brave 10
***ERROR:银之匙 Silver Spoon, Silver Spoon
***ERROR:千歲Get You!!, Chitose Get You!!
***ERROR:變形金剛Ｖ, Transformers: Victory
***ERROR:赛文X·奥特曼, Ultraseven X
***ERROR:怪 ayakashi, Ayakashi: Samurai Horror Tales
***ERROR:零秒出手 (漫畫), Buzzer Beater
***ERROR:星空防衛隊4, Stratos 4
***ERROR:戰姬絕唱SYMPHOGEAR, Senki Zesshō Symphogear
***ERROR:甜心战士F, Cutie Honey Flash
***ERROR:巴狼1号, Barom One
***ERROR:CODE-E, Code-E
***ERROR:變形金剛：超神 Master Force, Transformers: Super-God Masterforce
***ERROR:八犬傳－東方八犬異聞－, Hakkenden: Eight Dogs of the East
***ERROR:高斯·奥特曼, Ultraman Cosmos
***ERROR:ザ・ディール／The Deal, The Deal
***ERROR:當不成勇者的我，只好認真找工作了。, "I Couldn’t Become a Hero
